
 RUN  v3.2.4 C:/Users/Administrator/Documents/Lovenda/lovenda13123123 - copia

 ÔØ» src/test/components/email/FolderSelectionModal.test.jsx (8 tests | 7 failed) 712ms
   Ô£ô FolderSelectionModal Component > no renderiza nada cuando isOpen es falso 32ms
   ├ù FolderSelectionModal Component > renderiza correctamente cuando isOpen es verdadero 77ms
     ÔåÆ Invalid Chai property: toBeInTheDocument
   ├ù FolderSelectionModal Component > filtra correctamente las carpetas seg├║n el t├®rmino de b├║squeda 61ms
     ÔåÆ Found multiple elements with the placeholder text of: /buscar carpetas/i

Here are the matching elements:

Ignored nodes: comments, script, style
[36m<input[39m
  [33maria-controls[39m=[32m"folder-list"[39m
  [33maria-describedby[39m=[32m"folder-modal-description"[39m
  [33mclass[39m=[32m"w-full py-2 pl-10 pr-4 border rounded-md focus:ring-blue-500 focus:border-blue-500 text-gray-800"[39m
  [33mid[39m=[32m"folder-search"[39m
  [33mplaceholder[39m=[32m"Buscar carpetas..."[39m
  [33mtype[39m=[32m"text"[39m
  [33mvalue[39m=[32m""[39m
[36m/>[39m

Ignored nodes: comments, script, style
[36m<input[39m
  [33maria-controls[39m=[32m"folder-list"[39m
  [33maria-describedby[39m=[32m"folder-modal-description"[39m
  [33mclass[39m=[32m"w-full py-2 pl-10 pr-4 border rounded-md focus:ring-blue-500 focus:border-blue-500 text-gray-800"[39m
  [33mid[39m=[32m"folder-search"[39m
  [33mplaceholder[39m=[32m"Buscar carpetas..."[39m
  [33mtype[39m=[32m"text"[39m
  [33mvalue[39m=[32m""[39m
[36m/>[39m

(If this is intentional, then use the `*AllBy*` variant of the query (like `queryAllByText`, `getAllByText`, or `findAllByText`)).

Ignored nodes: comments, script, style
[36m<body>[39m
  [36m<div />[39m
  [36m<div>[39m
    [36m<div[39m
      [33maria-labelledby[39m=[32m"folder-modal-title"[39m
      [33maria-modal[39m=[32m"true"[39m
      [33mclass[39m=[32m"fixed inset-0 bg-black/50 backdrop-blur-sm z-50 flex items-center justify-center p-4"[39m
      [33mrole[39m=[32m"dialog"[39m
    [36m>[39m
      [36m<div[39m
        [33mclass[39m=[32m"bg-white rounded-lg shadow-lg w-full max-w-md"[39m
        [33mtabindex[39m=[32m"-1"[39m
      [36m>[39m
        [36m<header[39m
          [33mclass[39m=[32m"flex items-center justify-between p-4 border-b"[39m
        [36m>[39m
          [36m<h2[39m
            [33mclass[39m=[32m"text-lg font-semibold text-gray-800"[39m
            [33mid[39m=[32m"folder-modal-title"[39m
          [36m>[39m
            [0mT├¡tulo de prueba[0m
          [36m</h2>[39m
          [36m<button[39m
            [33maria-label[39m=[32m"Cerrar di├ílogo"[39m
            [33mclass[39m=[32m"text-gray-500 hover:text-gray-700 focus:outline-none focus:ring-2 focus:ring-blue-500 p-1 rounded-full"[39m
          [36m>[39m
            [36m<svg[39m
              [33mclass[39m=[32m"lucide lucide-x"[39m
              [33mfill[39m=[32m"none"[39m
              [33mheight[39m=[32m"20"[39m
              [33mstroke[39m=[32m"currentColor"[39m
              [33mstroke-linecap[39m=[32m"round"[39m
              [33mstroke-linejoin[39m=[32m"round"[39m
              [33mstroke-width[39m=[32m"2"[39m
              [33mviewBox[39m=[32m"0 0 24 24"[39m
              [33mwidth[39m=[32m"20"[39m
              [33mxmlns[39m=[32m"http://www.w3.org/2000/svg"[39m
            [36m>[39m
              [36m<path[39m
                [33md[39m=[32m"M18 6 6 18"[39m
              [36m/>[39m
              [36m<path[39m
                [33md[39m=[32m"m6 6 12 12"[39m
              [36m/>[39m
            [36m</svg>[39m
          [36m</button>[39m
        [36m</header>[39m
        [36m<div[39m
          [33mclass[39m=[32m"p-4 border-b"[39m
        [36m>[39m
          [36m<p[39m
            [33mclass[39m=[32m"text-sm text-gray-700"[39m
            [33mid[39m=[32m"folder-modal-description"[39m
          [36m>[39m
            [0mDescripci├│n de prueba[0m
          [36m</p>[39m
          [36m<div[39m
            [33mclass[39m=[32m"mt-3 relative"[39m
          [36m>[39m
            [36m<label[39m
              [33mclass[39m=[32m"sr-only"[39m
              [33mfor[39m=[32m"folder-search"[39m
            [36m>[39m
              [0mBuscar carpetas[0m
            [36m</label>[39m
            [36m<input[39m
              [33maria-controls[39m=[32m"folder-list"[39m
              [33maria-describedby[39m=[32m"folder-modal-description"[39m
              [33mclass[39m=[32m"w-full py-2 pl-10 pr-4 border rounded-md focus:ring-blue-500 focus:border-blue-500 text-gray-800"[39m
              [33mid[39m=[32m"folder-search"[39m
              [33mplaceholder[39m=[32m"Buscar carpetas..."[39m
              [33mtype[39m=[32m"text"[39m
              [33mvalue[39m=[32m""[39m
            [36m/>[39m
            [36m<svg[39m
              [33maria-hidden[39m=[32m"true"[39m
              [33mclass[39m=[32m"absolute left-3 top-2.5 text-gray-500"[39m
              [33mfill[39m=[32m"none"[39m
              [33mheight[39m=[32m"18"[39m
              [33mstroke[39m=[32m"currentColor"[39m
              [33mstroke-linecap[39m=[32m"round"[39m
              [33mstroke-linejoin[39m=[32m"round"[39m
              [33mstroke-width[39m=[32m"2"[39m
              [33mviewBox[39m=[32m"0 0 24 24"[39m
              [33mwidth[39m=[32m"18"[39m
              [33mxmlns[39m=[32m"http://www.w3.org/2000/svg"[39m
            [36m>[39m
              [36m<circle[39m
                [33mcx[39m=[32m"11"[39m
                [33mcy[39m=[32m"11"[39m
                [33mr[39m=[32m"8"[39m
              [36m/>[39m
              [36m<path[39m
                [33md[39m=[32m"m21 21-4.3-4.3"[39m
              [36m/>[39m
            [36m</svg>[39m
          [36m</div>[39m
        [36m</div>[39m
        [36m<div[39m
          [33maria-label[39m=[32m"Lista de carpetas disponibles"[39m
          [33mclass[39m=[32m"p-2 max-h-64 overflow-y-auto"[39m
          [33mdata-testid[39m=[32m"folder-menu"[39m
          [33mid[39m=[32m"folder-list"[39m
          [33mrole[39m=[32m"listbox"[39m
          [33mtabindex[39m=[32m"0"[39m
        [36m>[39m
          [36m<div[39m
            [33maria-selected[39m=[32m"false"[39m
            [33mclass[39m=[32m"flex items-center px-3 py-2 rounded-md hover:bg-gray-100 
                   
                  cursor-pointer transition-colors"[39m
            [33mdata-testid[39m=[32m"folder-menu-item"[39m
            [33mrole[39m=[32m"option"[39m
            [33mtabindex[39m=[32m"0"[39m
          [36m>[39m
            [36m<svg[39m
              [33maria-hidden[39m=[32m"true"[39m
              [33mclass[39m=[32m"text-blue-600 mr-2"[39m
              [33mfill[39m=[32m"none"[39m
              [33mheight[39m=[32m"18"[39m
              [33mstroke[39m=[32m"currentColor"[39m
              [33mstroke-linecap[39m=[32m"round"[39m
              [33mstroke-linejoin[39m=[32m"round"[39m
              [33mstroke-width[39m=[32m"2"[39m
              [33mviewBox[39m=[32m"0 0 24 24"[39m
              [33mwidth[39m=[32m"18"[39m
              [33mxmlns[39m=[32m"http://www.w3.org/2000/svg"[39m
            [36m>[39m
              [36m<path[39m
                [33md[39m=[32m"M4 20h16a2 2 0 0 0 2-2V8a2 2 0 0 0-2-2h-7.93a2 2 0 0 1-1.66-.9l-.82-1.2A2 2 0 0 0 7.93 3H4a2 2 0 0 0-2 2v13c0 1.1.9 2 2 2Z"[39m
              [36m/>[39m
            [36m</svg>[39m
            [36m<span[39m
              [33mclass[39m=[32m"flex-grow text-gray-800"[39m
            [36m>[39m
              [0mImportante[0m
            [36m</span>[39m
            [36m<button[39m
              [33maria-label[39m=[32m"Seleccionar carpeta Importante"[39m
              [33mclass[39m=[32m"p-1 bg-blue-100 text-blue-600 rounded-full hover:bg-blue-200 focus:ring-2 focus:ring-blue-500 focus:outline-none"[39m
            [36m>[39m
              [36m<svg[39m
                [33maria-hidden[39m=[32m"true"[39m
                [33mclass[39m=[32m"lucide lucide-check"[39m
                [33mfill[39m=[32m"none"[39m
                [33mheight[39m=[32m"16"[39m
                [33mstroke[39m=[32m"currentColor"[39m
                [33mstroke-linecap[39m=[32m"round"[39m
                [33mstroke-linejoin[39m=[32m"round"[39m
                [33mstroke-width[39m=[32m"2"[39m
                [33mviewBox[39m=[32m"0 0 24 24"[39m
                [33mwi...
   ├ù FolderSelectionModal Component > permite navegaci├│n por teclado entre las carpetas 29ms
     ÔåÆ Found multiple elements with the placeholder text of: /buscar carpetas/i

Here are the matching elements:

Ignored nodes: comments, script, style
[36m<input[39m
  [33maria-controls[39m=[32m"folder-list"[39m
  [33maria-describedby[39m=[32m"folder-modal-description"[39m
  [33mclass[39m=[32m"w-full py-2 pl-10 pr-4 border rounded-md focus:ring-blue-500 focus:border-blue-500 text-gray-800"[39m
  [33mid[39m=[32m"folder-search"[39m
  [33mplaceholder[39m=[32m"Buscar carpetas..."[39m
  [33mtype[39m=[32m"text"[39m
  [33mvalue[39m=[32m""[39m
[36m/>[39m

Ignored nodes: comments, script, style
[36m<input[39m
  [33maria-controls[39m=[32m"folder-list"[39m
  [33maria-describedby[39m=[32m"folder-modal-description"[39m
  [33mclass[39m=[32m"w-full py-2 pl-10 pr-4 border rounded-md focus:ring-blue-500 focus:border-blue-500 text-gray-800"[39m
  [33mid[39m=[32m"folder-search"[39m
  [33mplaceholder[39m=[32m"Buscar carpetas..."[39m
  [33mtype[39m=[32m"text"[39m
  [33mvalue[39m=[32m""[39m
[36m/>[39m

Ignored nodes: comments, script, style
[36m<input[39m
  [33maria-controls[39m=[32m"folder-list"[39m
  [33maria-describedby[39m=[32m"folder-modal-description"[39m
  [33mclass[39m=[32m"w-full py-2 pl-10 pr-4 border rounded-md focus:ring-blue-500 focus:border-blue-500 text-gray-800"[39m
  [33mid[39m=[32m"folder-search"[39m
  [33mplaceholder[39m=[32m"Buscar carpetas..."[39m
  [33mtype[39m=[32m"text"[39m
  [33mvalue[39m=[32m""[39m
[36m/>[39m

(If this is intentional, then use the `*AllBy*` variant of the query (like `queryAllByText`, `getAllByText`, or `findAllByText`)).

Ignored nodes: comments, script, style
[36m<body>[39m
  [36m<div />[39m
  [36m<div>[39m
    [36m<div[39m
      [33maria-labelledby[39m=[32m"folder-modal-title"[39m
      [33maria-modal[39m=[32m"true"[39m
      [33mclass[39m=[32m"fixed inset-0 bg-black/50 backdrop-blur-sm z-50 flex items-center justify-center p-4"[39m
      [33mrole[39m=[32m"dialog"[39m
    [36m>[39m
      [36m<div[39m
        [33mclass[39m=[32m"bg-white rounded-lg shadow-lg w-full max-w-md"[39m
        [33mtabindex[39m=[32m"-1"[39m
      [36m>[39m
        [36m<header[39m
          [33mclass[39m=[32m"flex items-center justify-between p-4 border-b"[39m
        [36m>[39m
          [36m<h2[39m
            [33mclass[39m=[32m"text-lg font-semibold text-gray-800"[39m
            [33mid[39m=[32m"folder-modal-title"[39m
          [36m>[39m
            [0mT├¡tulo de prueba[0m
          [36m</h2>[39m
          [36m<button[39m
            [33maria-label[39m=[32m"Cerrar di├ílogo"[39m
            [33mclass[39m=[32m"text-gray-500 hover:text-gray-700 focus:outline-none focus:ring-2 focus:ring-blue-500 p-1 rounded-full"[39m
          [36m>[39m
            [36m<svg[39m
              [33mclass[39m=[32m"lucide lucide-x"[39m
              [33mfill[39m=[32m"none"[39m
              [33mheight[39m=[32m"20"[39m
              [33mstroke[39m=[32m"currentColor"[39m
              [33mstroke-linecap[39m=[32m"round"[39m
              [33mstroke-linejoin[39m=[32m"round"[39m
              [33mstroke-width[39m=[32m"2"[39m
              [33mviewBox[39m=[32m"0 0 24 24"[39m
              [33mwidth[39m=[32m"20"[39m
              [33mxmlns[39m=[32m"http://www.w3.org/2000/svg"[39m
            [36m>[39m
              [36m<path[39m
                [33md[39m=[32m"M18 6 6 18"[39m
              [36m/>[39m
              [36m<path[39m
                [33md[39m=[32m"m6 6 12 12"[39m
              [36m/>[39m
            [36m</svg>[39m
          [36m</button>[39m
        [36m</header>[39m
        [36m<div[39m
          [33mclass[39m=[32m"p-4 border-b"[39m
        [36m>[39m
          [36m<p[39m
            [33mclass[39m=[32m"text-sm text-gray-700"[39m
            [33mid[39m=[32m"folder-modal-description"[39m
          [36m>[39m
            [0mDescripci├│n de prueba[0m
          [36m</p>[39m
          [36m<div[39m
            [33mclass[39m=[32m"mt-3 relative"[39m
          [36m>[39m
            [36m<label[39m
              [33mclass[39m=[32m"sr-only"[39m
              [33mfor[39m=[32m"folder-search"[39m
            [36m>[39m
              [0mBuscar carpetas[0m
            [36m</label>[39m
            [36m<input[39m
              [33maria-controls[39m=[32m"folder-list"[39m
              [33maria-describedby[39m=[32m"folder-modal-description"[39m
              [33mclass[39m=[32m"w-full py-2 pl-10 pr-4 border rounded-md focus:ring-blue-500 focus:border-blue-500 text-gray-800"[39m
              [33mid[39m=[32m"folder-search"[39m
              [33mplaceholder[39m=[32m"Buscar carpetas..."[39m
              [33mtype[39m=[32m"text"[39m
              [33mvalue[39m=[32m""[39m
            [36m/>[39m
            [36m<svg[39m
              [33maria-hidden[39m=[32m"true"[39m
              [33mclass[39m=[32m"absolute left-3 top-2.5 text-gray-500"[39m
              [33mfill[39m=[32m"none"[39m
              [33mheight[39m=[32m"18"[39m
              [33mstroke[39m=[32m"currentColor"[39m
              [33mstroke-linecap[39m=[32m"round"[39m
              [33mstroke-linejoin[39m=[32m"round"[39m
              [33mstroke-width[39m=[32m"2"[39m
              [33mviewBox[39m=[32m"0 0 24 24"[39m
              [33mwidth[39m=[32m"18"[39m
              [33mxmlns[39m=[32m"http://www.w3.org/2000/svg"[39m
            [36m>[39m
              [36m<circle[39m
                [33mcx[39m=[32m"11"[39m
                [33mcy[39m=[32m"11"[39m
                [33mr[39m=[32m"8"[39m
              [36m/>[39m
              [36m<path[39m
                [33md[39m=[32m"m21 21-4.3-4.3"[39m
              [36m/>[39m
            [36m</svg>[39m
          [36m</div>[39m
        [36m</div>[39m
        [36m<div[39m
          [33maria-label[39m=[32m"Lista de carpetas disponibles"[39m
          [33mclass[39m=[32m"p-2 max-h-64 overflow-y-auto"[39m
          [33mdata-testid[39m=[32m"folder-menu"[39m
          [33mid[39m=[32m"folder-list"[39m
          [33mrole[39m=[32m"listbox"[39m
          [33mtabindex[39m=[32m"0"[39m
        [36m>[39m
          [36m<div[39m
            [33maria-selected[39m=[32m"false"[39m
            [33mclass[39m=[32m"flex items-center px-3 py-2 rounded-md hover:bg-gray-100 
                   
                  cursor-pointer transition-colors"[39m
            [33mdata-testid[39m=[32m"folder-menu-item"[39m
            [33mrole[39m=[32m"option"[39m
            [33mtabindex[39m=[32m"0"[39m
          [36m>[39m
            [36m<svg[39m
              [33maria-hidden[39m=[32m"true"[39m
              [33mclass[39m=[32m"text-blue-600 mr-2"[39m
              [33mfill[39m=[32m"none"[39m
              [33mheight[39m=[32m"18"[39m
              [33mstroke[39m=[32m"currentColor"[39m
              [33mstroke-linecap[39m=[32m"round"[39m
              [33mstroke-linejoin[39m=[32m"round"[39m
              [33mstroke-width[39m=[32m"2"[39m
              [33mviewBox[39m=[32m"0 0 24 24"[39m
              [33mwidth[39m=[32m"18"[39m
              [33mxmlns[39m=[32m"http://www.w3.org/2000/svg"[39m
            [36m>[39m
              [36m<path[39m
                [33md[39m=[32m"M4 20h16a2 2 0 0 0 2-2V8a2 2 0 0 0-2-2h-7.93a2 2 0 0 1-1.66-.9l-.82-1.2A2 2 0 0 0 7.93 3H4a2 2 0 0 0-2 2v13c0 1.1.9 2 2 2Z"[39m
              [36m/>[39m
            [36m</svg>[39m
            [36m<span[39m
              [33mclass[39m=[32m"flex-grow text-gray-800"[39m
            [36m>[39m
              [0mImportante[0m
            [36m</span>[39m
            [36m<button[39m
              [33maria-label[39m=[32m"Seleccionar carpeta Importante"[39m
              [33mclass[39m=[32m"p-1 bg-blue-100 text-blue-600 rounded-full hover:bg-blue-200 focus:ring-2 focus:ring-blue-500 focus:outline-none"[39m
            [36m>[39m
              [36m<svg[39m
                [33maria-hidden[39m=[32m"true"[39m
                [33mclass[39m=[32m"lucide lucide-check"[39m
                [33mfill[39m=[32m"none"[39m
                [33mheight[39m=[32m"16"[39m
                [33mstroke[39m=[32m"currentColor"[39m
                [33mstroke-linecap[39m=[32m"round"[39m
                [33mstroke-linejoin[39m=[32m"round"[39m
                [33mstroke-width[39m=[32m"2"[39m
                [33mviewBox[39m=[32m"0 0 24 24"[39m
                [33mwi...
   ├ù FolderSelectionModal Component > cierra el modal cuando se hace clic en el bot├│n de cerrar 118ms
     ÔåÆ Found multiple elements with the text of: /cerrar di├ílogo/i

Here are the matching elements:

Ignored nodes: comments, script, style
[36m<button[39m
  [33maria-label[39m=[32m"Cerrar di├ílogo"[39m
  [33mclass[39m=[32m"text-gray-500 hover:text-gray-700 focus:outline-none focus:ring-2 focus:ring-blue-500 p-1 rounded-full"[39m
[36m>[39m
  [36m<svg[39m
    [33mclass[39m=[32m"lucide lucide-x"[39m
    [33mfill[39m=[32m"none"[39m
    [33mheight[39m=[32m"20"[39m
    [33mstroke[39m=[32m"currentColor"[39m
    [33mstroke-linecap[39m=[32m"round"[39m
    [33mstroke-linejoin[39m=[32m"round"[39m
    [33mstroke-width[39m=[32m"2"[39m
    [33mviewBox[39m=[32m"0 0 24 24"[39m
    [33mwidth[39m=[32m"20"[39m
    [33mxmlns[39m=[32m"http://www.w3.org/2000/svg"[39m
  [36m>[39m
    [36m<path[39m
      [33md[39m=[32m"M18 6 6 18"[39m
    [36m/>[39m
    [36m<path[39m
      [33md[39m=[32m"m6 6 12 12"[39m
    [36m/>[39m
  [36m</svg>[39m
[36m</button>[39m

Ignored nodes: comments, script, style
[36m<button[39m
  [33maria-label[39m=[32m"Cerrar di├ílogo"[39m
  [33mclass[39m=[32m"text-gray-500 hover:text-gray-700 focus:outline-none focus:ring-2 focus:ring-blue-500 p-1 rounded-full"[39m
[36m>[39m
  [36m<svg[39m
    [33mclass[39m=[32m"lucide lucide-x"[39m
    [33mfill[39m=[32m"none"[39m
    [33mheight[39m=[32m"20"[39m
    [33mstroke[39m=[32m"currentColor"[39m
    [33mstroke-linecap[39m=[32m"round"[39m
    [33mstroke-linejoin[39m=[32m"round"[39m
    [33mstroke-width[39m=[32m"2"[39m
    [33mviewBox[39m=[32m"0 0 24 24"[39m
    [33mwidth[39m=[32m"20"[39m
    [33mxmlns[39m=[32m"http://www.w3.org/2000/svg"[39m
  [36m>[39m
    [36m<path[39m
      [33md[39m=[32m"M18 6 6 18"[39m
    [36m/>[39m
    [36m<path[39m
      [33md[39m=[32m"m6 6 12 12"[39m
    [36m/>[39m
  [36m</svg>[39m
[36m</button>[39m

Ignored nodes: comments, script, style
[36m<button[39m
  [33maria-label[39m=[32m"Cerrar di├ílogo"[39m
  [33mclass[39m=[32m"text-gray-500 hover:text-gray-700 focus:outline-none focus:ring-2 focus:ring-blue-500 p-1 rounded-full"[39m
[36m>[39m
  [36m<svg[39m
    [33mclass[39m=[32m"lucide lucide-x"[39m
    [33mfill[39m=[32m"none"[39m
    [33mheight[39m=[32m"20"[39m
    [33mstroke[39m=[32m"currentColor"[39m
    [33mstroke-linecap[39m=[32m"round"[39m
    [33mstroke-linejoin[39m=[32m"round"[39m
    [33mstroke-width[39m=[32m"2"[39m
    [33mviewBox[39m=[32m"0 0 24 24"[39m
    [33mwidth[39m=[32m"20"[39m
    [33mxmlns[39m=[32m"http://www.w3.org/2000/svg"[39m
  [36m>[39m
    [36m<path[39m
      [33md[39m=[32m"M18 6 6 18"[39m
    [36m/>[39m
    [36m<path[39m
      [33md[39m=[32m"m6 6 12 12"[39m
    [36m/>[39m
  [36m</svg>[39m
[36m</button>[39m

Ignored nodes: comments, script, style
[36m<button[39m
  [33maria-label[39m=[32m"Cerrar di├ílogo"[39m
  [33mclass[39m=[32m"text-gray-500 hover:text-gray-700 focus:outline-none focus:ring-2 focus:ring-blue-500 p-1 rounded-full"[39m
[36m>[39m
  [36m<svg[39m
    [33mclass[39m=[32m"lucide lucide-x"[39m
    [33mfill[39m=[32m"none"[39m
    [33mheight[39m=[32m"20"[39m
    [33mstroke[39m=[32m"currentColor"[39m
    [33mstroke-linecap[39m=[32m"round"[39m
    [33mstroke-linejoin[39m=[32m"round"[39m
    [33mstroke-width[39m=[32m"2"[39m
    [33mviewBox[39m=[32m"0 0 24 24"[39m
    [33mwidth[39m=[32m"20"[39m
    [33mxmlns[39m=[32m"http://www.w3.org/2000/svg"[39m
  [36m>[39m
    [36m<path[39m
      [33md[39m=[32m"M18 6 6 18"[39m
    [36m/>[39m
    [36m<path[39m
      [33md[39m=[32m"m6 6 12 12"[39m
    [36m/>[39m
  [36m</svg>[39m
[36m</button>[39m

(If this is intentional, then use the `*AllBy*` variant of the query (like `queryAllByText`, `getAllByText`, or `findAllByText`)).

Ignored nodes: comments, script, style
[36m<body>[39m
  [36m<div />[39m
  [36m<div>[39m
    [36m<div[39m
      [33maria-labelledby[39m=[32m"folder-modal-title"[39m
      [33maria-modal[39m=[32m"true"[39m
      [33mclass[39m=[32m"fixed inset-0 bg-black/50 backdrop-blur-sm z-50 flex items-center justify-center p-4"[39m
      [33mrole[39m=[32m"dialog"[39m
    [36m>[39m
      [36m<div[39m
        [33mclass[39m=[32m"bg-white rounded-lg shadow-lg w-full max-w-md"[39m
        [33mtabindex[39m=[32m"-1"[39m
      [36m>[39m
        [36m<header[39m
          [33mclass[39m=[32m"flex items-center justify-between p-4 border-b"[39m
        [36m>[39m
          [36m<h2[39m
            [33mclass[39m=[32m"text-lg font-semibold text-gray-800"[39m
            [33mid[39m=[32m"folder-modal-title"[39m
          [36m>[39m
            [0mT├¡tulo de prueba[0m
          [36m</h2>[39m
          [36m<button[39m
            [33maria-label[39m=[32m"Cerrar di├ílogo"[39m
            [33mclass[39m=[32m"text-gray-500 hover:text-gray-700 focus:outline-none focus:ring-2 focus:ring-blue-500 p-1 rounded-full"[39m
          [36m>[39m
            [36m<svg[39m
              [33mclass[39m=[32m"lucide lucide-x"[39m
              [33mfill[39m=[32m"none"[39m
              [33mheight[39m=[32m"20"[39m
              [33mstroke[39m=[32m"currentColor"[39m
              [33mstroke-linecap[39m=[32m"round"[39m
              [33mstroke-linejoin[39m=[32m"round"[39m
              [33mstroke-width[39m=[32m"2"[39m
              [33mviewBox[39m=[32m"0 0 24 24"[39m
              [33mwidth[39m=[32m"20"[39m
              [33mxmlns[39m=[32m"http://www.w3.org/2000/svg"[39m
            [36m>[39m
              [36m<path[39m
                [33md[39m=[32m"M18 6 6 18"[39m
              [36m/>[39m
              [36m<path[39m
                [33md[39m=[32m"m6 6 12 12"[39m
              [36m/>[39m
            [36m</svg>[39m
          [36m</button>[39m
        [36m</header>[39m
        [36m<div[39m
          [33mclass[39m=[32m"p-4 border-b"[39m
        [36m>[39m
          [36m<p[39m
            [33mclass[39m=[32m"text-sm text-gray-700"[39m
            [33mid[39m=[32m"folder-modal-description"[39m
          [36m>[39m
            [0mDescripci├│n de prueba[0m
          [36m</p>[39m
          [36m<div[39m
            [33mclass[39m=[32m"mt-3 relative"[39m
          [36m>[39m
            [36m<label[39m
              [33mclass[39m=[32m"sr-only"[39m
              [33mfor[39m=[32m"folder-search"[39m
            [36m>[39m
              [0mBuscar carpetas[0m
            [36m</label>[39m
            [36m<input[39m
              [33maria-controls[39m=[32m"folder-list"[39m
              [33maria-describedby[39m=[32m"folder-modal-description"[39m
              [33mclass[39m=[32m"w-full py-2 pl-10 pr-4 border rounded-md focus:ring-blue-500 focus:border-blue-500 text-gray-800"[39m
              [33mid[39m=[32m"folder-search"[39m
              [33mplaceholder[39m=[32m"Buscar carpetas..."[39m
              [33mtype[39m=[32m"text"[39m
              [33mvalue[39m=[32m""[39m
            [36m/>[39m
            [36m<svg[39m
              [33maria-hidden[39m=[32m"true"[39m
              [33mclass[39m=[32m"absolute left-3 top-2.5 text-gray-500"[39m
              [33mfill[39m=[32m"none"[39m
              [33mheight[39m=[32m"18"[39m
              [33mstroke[39m=[32m"currentColor"[39m
              [33mstroke-linecap[39m=[32m"round"[39m
              [33mstroke-linejoin[39m=[32m"round"[39m
              [33mstroke-width[39m=[32m"2"[39m
              [33mviewBox[39m=[32m"0 0 24 24"[39m
              [33mwidth[39m=[32m"18"[39m
              [33mxmlns[39m=[32m"http://www.w3.org/2000/svg"[39m
            [36m>[39m
              [36m<circle[39m
                [33mcx[39m=[32m"11"[39m
                [33mcy[39m=[32m"11"[39m
                [33mr[39m=[32m"8"[39m
              [36m/>[39m
              [36m<path[39m
                [33md[39m=[32m"m21 21-4.3-4.3"[39m
              [36m/>[39m
            [36m</svg>[39m
          [36m</div>[39m
        [36m</div>[39m
        [36m<div[39m
          [33maria-label[39m=[32m"Lista de carpetas disponibles"[39m
          [33mclass[39m=[32m"p-2 max-h-64 overflow-y-auto"[39m
          [33mdata-testid[39m=[32m"folder-menu"[39m
          [33mid[39m=[32m"folder-list"[39m
          [33mrole[39m=[32m"listbox"[39m
          [33mtabindex[39m=[32m"0"[39m
        [36m>[39m
          [36m<div[39m
            [33maria-selected[39m=[32m"false"[39m
            [33mclass[39m=[32m"flex items-center px-3 py-2 rounded-md hover:bg-gray-100 
                   
                  cursor-pointer transition-colors"[39m
            [33mdata-testid[39m=[32m"folder-menu-item"[39m
            [33mrole[39m=[32m"option"[39m
            [33mtabindex[39m=[32m"0"[39m
          [36m>[39m
            [36m<svg[39m
              [33maria-hidden[39m=[32m"true"[39m
              [33mclass[39m=[32m"text-blue-600 mr-2"[39m
              [33mfill[39m=[32m"none"[39m
              [33mheight[39m=[32m"18"[39m
              [33mstroke[39m=[32m"currentColor"[39m
              [33mstroke-linecap[39m=[32m"round"[39m
              [33mstroke-linejoin[39m=[32m"round"[39m
              [33mstroke-width[39m=[32m"2"[39m
              [33mviewBox[39m=[32m"0 0 24 24"[39m
              [33mwidth[39m=[32m"18"[39m
              [33mxmlns[39m=[32m"http://www.w3.org/2000/svg"[39m
            [36m>[39m
              [36m<path[39m
                [33md[39m=[32m"M4 20h16a2 2 0 0 0 2-2V8a2 2 0 0 0-2-2h-7.93a2 2 0 0 1-1.66-.9l-.82-1.2A2 2 0 0 0 7.93 3H4a2 2 0 0 0-2 2v13c0 1.1.9 2 2 2Z"[39m
              [36m/>[39m
            [36m</svg>[39m
            [36m<span[39m
              [33mclass[39m=[32m"flex-grow text-gray-800"[39m
            [36m>[39m
              [0mImportante[0m
            [36m</span>[39m
            [36m<button[39m
              [33maria-label[39m=[32m"Seleccionar carpeta Importante"[39m
              [33mclass[39m=[32m"p-1 bg-blue-100 text-blue-600 rounded-full hover:bg-blue-200 focus:ring-2 focus:ring-blue-500 focus:outline-none"[39m
            [36m>[39m
              [36m<svg[39m
                [33maria-hidden[39m=[32m"true"[39m
                [33mclass[39m=[32m"lucide lucide-check"[39m
                [33mfill[39m=[32m"none"[39m
                [33mheight[39m=[32m"16"[39m
                [33mstroke[39m=[32m"currentColor"[39m
                [33mstroke-linecap[39m=[32m"round"[39m
                [33mstroke-linejoin[39m=[32m"round"[39m
                [33mstroke-width[39m=[32m"2"[39m
                [33mviewBox[39m=[32m"0 0 24 24"[39m
                [33mwi...
   ├ù FolderSelectionModal Component > llama a onSelectFolder con el ID correcto al seleccionar una carpeta 40ms
     ÔåÆ Found multiple elements with the text: Importante

Here are the matching elements:

Ignored nodes: comments, script, style
[36m<span[39m
  [33mclass[39m=[32m"flex-grow text-gray-800"[39m
[36m>[39m
  [0mImportante[0m
[36m</span>[39m

Ignored nodes: comments, script, style
[36m<span[39m
  [33mclass[39m=[32m"flex-grow text-gray-800"[39m
[36m>[39m
  [0mImportante[0m
[36m</span>[39m

Ignored nodes: comments, script, style
[36m<span[39m
  [33mclass[39m=[32m"flex-grow text-gray-800"[39m
[36m>[39m
  [0mImportante[0m
[36m</span>[39m

Ignored nodes: comments, script, style
[36m<span[39m
  [33mclass[39m=[32m"flex-grow text-gray-800"[39m
[36m>[39m
  [0mImportante[0m
[36m</span>[39m

Ignored nodes: comments, script, style
[36m<span[39m
  [33mclass[39m=[32m"flex-grow text-gray-800"[39m
[36m>[39m
  [0mImportante[0m
[36m</span>[39m

(If this is intentional, then use the `*AllBy*` variant of the query (like `queryAllByText`, `getAllByText`, or `findAllByText`)).

Ignored nodes: comments, script, style
[36m<body>[39m
  [36m<div />[39m
  [36m<div>[39m
    [36m<div[39m
      [33maria-labelledby[39m=[32m"folder-modal-title"[39m
      [33maria-modal[39m=[32m"true"[39m
      [33mclass[39m=[32m"fixed inset-0 bg-black/50 backdrop-blur-sm z-50 flex items-center justify-center p-4"[39m
      [33mrole[39m=[32m"dialog"[39m
    [36m>[39m
      [36m<div[39m
        [33mclass[39m=[32m"bg-white rounded-lg shadow-lg w-full max-w-md"[39m
        [33mtabindex[39m=[32m"-1"[39m
      [36m>[39m
        [36m<header[39m
          [33mclass[39m=[32m"flex items-center justify-between p-4 border-b"[39m
        [36m>[39m
          [36m<h2[39m
            [33mclass[39m=[32m"text-lg font-semibold text-gray-800"[39m
            [33mid[39m=[32m"folder-modal-title"[39m
          [36m>[39m
            [0mT├¡tulo de prueba[0m
          [36m</h2>[39m
          [36m<button[39m
            [33maria-label[39m=[32m"Cerrar di├ílogo"[39m
            [33mclass[39m=[32m"text-gray-500 hover:text-gray-700 focus:outline-none focus:ring-2 focus:ring-blue-500 p-1 rounded-full"[39m
          [36m>[39m
            [36m<svg[39m
              [33mclass[39m=[32m"lucide lucide-x"[39m
              [33mfill[39m=[32m"none"[39m
              [33mheight[39m=[32m"20"[39m
              [33mstroke[39m=[32m"currentColor"[39m
              [33mstroke-linecap[39m=[32m"round"[39m
              [33mstroke-linejoin[39m=[32m"round"[39m
              [33mstroke-width[39m=[32m"2"[39m
              [33mviewBox[39m=[32m"0 0 24 24"[39m
              [33mwidth[39m=[32m"20"[39m
              [33mxmlns[39m=[32m"http://www.w3.org/2000/svg"[39m
            [36m>[39m
              [36m<path[39m
                [33md[39m=[32m"M18 6 6 18"[39m
              [36m/>[39m
              [36m<path[39m
                [33md[39m=[32m"m6 6 12 12"[39m
              [36m/>[39m
            [36m</svg>[39m
          [36m</button>[39m
        [36m</header>[39m
        [36m<div[39m
          [33mclass[39m=[32m"p-4 border-b"[39m
        [36m>[39m
          [36m<p[39m
            [33mclass[39m=[32m"text-sm text-gray-700"[39m
            [33mid[39m=[32m"folder-modal-description"[39m
          [36m>[39m
            [0mDescripci├│n de prueba[0m
          [36m</p>[39m
          [36m<div[39m
            [33mclass[39m=[32m"mt-3 relative"[39m
          [36m>[39m
            [36m<label[39m
              [33mclass[39m=[32m"sr-only"[39m
              [33mfor[39m=[32m"folder-search"[39m
            [36m>[39m
              [0mBuscar carpetas[0m
            [36m</label>[39m
            [36m<input[39m
              [33maria-controls[39m=[32m"folder-list"[39m
              [33maria-describedby[39m=[32m"folder-modal-description"[39m
              [33mclass[39m=[32m"w-full py-2 pl-10 pr-4 border rounded-md focus:ring-blue-500 focus:border-blue-500 text-gray-800"[39m
              [33mid[39m=[32m"folder-search"[39m
              [33mplaceholder[39m=[32m"Buscar carpetas..."[39m
              [33mtype[39m=[32m"text"[39m
              [33mvalue[39m=[32m""[39m
            [36m/>[39m
            [36m<svg[39m
              [33maria-hidden[39m=[32m"true"[39m
              [33mclass[39m=[32m"absolute left-3 top-2.5 text-gray-500"[39m
              [33mfill[39m=[32m"none"[39m
              [33mheight[39m=[32m"18"[39m
              [33mstroke[39m=[32m"currentColor"[39m
              [33mstroke-linecap[39m=[32m"round"[39m
              [33mstroke-linejoin[39m=[32m"round"[39m
              [33mstroke-width[39m=[32m"2"[39m
              [33mviewBox[39m=[32m"0 0 24 24"[39m
              [33mwidth[39m=[32m"18"[39m
              [33mxmlns[39m=[32m"http://www.w3.org/2000/svg"[39m
            [36m>[39m
              [36m<circle[39m
                [33mcx[39m=[32m"11"[39m
                [33mcy[39m=[32m"11"[39m
                [33mr[39m=[32m"8"[39m
              [36m/>[39m
              [36m<path[39m
                [33md[39m=[32m"m21 21-4.3-4.3"[39m
              [36m/>[39m
            [36m</svg>[39m
          [36m</div>[39m
        [36m</div>[39m
        [36m<div[39m
          [33maria-label[39m=[32m"Lista de carpetas disponibles"[39m
          [33mclass[39m=[32m"p-2 max-h-64 overflow-y-auto"[39m
          [33mdata-testid[39m=[32m"folder-menu"[39m
          [33mid[39m=[32m"folder-list"[39m
          [33mrole[39m=[32m"listbox"[39m
          [33mtabindex[39m=[32m"0"[39m
        [36m>[39m
          [36m<div[39m
            [33maria-selected[39m=[32m"false"[39m
            [33mclass[39m=[32m"flex items-center px-3 py-2 rounded-md hover:bg-gray-100 
                   
                  cursor-pointer transition-colors"[39m
            [33mdata-testid[39m=[32m"folder-menu-item"[39m
            [33mrole[39m=[32m"option"[39m
            [33mtabindex[39m=[32m"0"[39m
          [36m>[39m
            [36m<svg[39m
              [33maria-hidden[39m=[32m"true"[39m
              [33mclass[39m=[32m"text-blue-600 mr-2"[39m
              [33mfill[39m=[32m"none"[39m
              [33mheight[39m=[32m"18"[39m
              [33mstroke[39m=[32m"currentColor"[39m
              [33mstroke-linecap[39m=[32m"round"[39m
              [33mstroke-linejoin[39m=[32m"round"[39m
              [33mstroke-width[39m=[32m"2"[39m
              [33mviewBox[39m=[32m"0 0 24 24"[39m
              [33mwidth[39m=[32m"18"[39m
              [33mxmlns[39m=[32m"http://www.w3.org/2000/svg"[39m
            [36m>[39m
              [36m<path[39m
                [33md[39m=[32m"M4 20h16a2 2 0 0 0 2-2V8a2 2 0 0 0-2-2h-7.93a2 2 0 0 1-1.66-.9l-.82-1.2A2 2 0 0 0 7.93 3H4a2 2 0 0 0-2 2v13c0 1.1.9 2 2 2Z"[39m
              [36m/>[39m
            [36m</svg>[39m
            [36m<span[39m
              [33mclass[39m=[32m"flex-grow text-gray-800"[39m
            [36m>[39m
              [0mImportante[0m
            [36m</span>[39m
            [36m<button[39m
              [33maria-label[39m=[32m"Seleccionar carpeta Importante"[39m
              [33mclass[39m=[32m"p-1 bg-blue-100 text-blue-600 rounded-full hover:bg-blue-200 focus:ring-2 focus:ring-blue-500 focus:outline-none"[39m
            [36m>[39m
              [36m<svg[39m
                [33maria-hidden[39m=[32m"true"[39m
                [33mclass[39m=[32m"lucide lucide-check"[39m
                [33mfill[39m=[32m"none"[39m
                [33mheight[39m=[32m"16"[39m
                [33mstroke[39m=[32m"currentColor"[39m
                [33mstroke-linecap[39m=[32m"round"[39m
                [33mstroke-linejoin[39m=[32m"round"[39m
                [33mstroke-width[39m=[32m"2"[39m
                [33mviewBox[39m=[32m"0 0 24 24"[39m
                [33mwi...
   ├ù FolderSelectionModal Component > tiene los atributos ARIA apropiados para accesibilidad 334ms
     ÔåÆ Found multiple elements with the role "dialog"

Here are the matching elements:

Ignored nodes: comments, script, style
[36m<div[39m
  [33maria-labelledby[39m=[32m"folder-modal-title"[39m
  [33maria-modal[39m=[32m"true"[39m
  [33mclass[39m=[32m"fixed inset-0 bg-black/50 backdrop-blur-sm z-50 flex items-center justify-center p-4"[39m
  [33mrole[39m=[32m"dialog"[39m
[36m>[39m
  [36m<div[39m
    [33mclass[39m=[32m"bg-white rounded-lg shadow-lg w-full max-w-md"[39m
    [33mtabindex[39m=[32m"-1"[39m
  [36m>[39m
    [36m<header[39m
      [33mclass[39m=[32m"flex items-center justify-between p-4 border-b"[39m
    [36m>[39m
      [36m<h2[39m
        [33mclass[39m=[32m"text-lg font-semibold text-gray-800"[39m
        [33mid[39m=[32m"folder-modal-title"[39m
      [36m>[39m
        [0mT├¡tulo de prueba[0m
      [36m</h2>[39m
      [36m<button[39m
        [33maria-label[39m=[32m"Cerrar di├ílogo"[39m
        [33mclass[39m=[32m"text-gray-500 hover:text-gray-700 focus:outline-none focus:ring-2 focus:ring-blue-500 p-1 rounded-full"[39m
      [36m>[39m
        [36m<svg[39m
          [33mclass[39m=[32m"lucide lucide-x"[39m
          [33mfill[39m=[32m"none"[39m
          [33mheight[39m=[32m"20"[39m
          [33mstroke[39m=[32m"currentColor"[39m
          [33mstroke-linecap[39m=[32m"round"[39m
          [33mstroke-linejoin[39m=[32m"round"[39m
          [33mstroke-width[39m=[32m"2"[39m
          [33mviewBox[39m=[32m"0 0 24 24"[39m
          [33mwidth[39m=[32m"20"[39m
          [33mxmlns[39m=[32m"http://www.w3.org/2000/svg"[39m
        [36m>[39m
          [36m<path[39m
            [33md[39m=[32m"M18 6 6 18"[39m
          [36m/>[39m
          [36m<path[39m
            [33md[39m=[32m"m6 6 12 12"[39m
          [36m/>[39m
        [36m</svg>[39m
      [36m</button>[39m
    [36m</header>[39m
    [36m<div[39m
      [33mclass[39m=[32m"p-4 border-b"[39m
    [36m>[39m
      [36m<p[39m
        [33mclass[39m=[32m"text-sm text-gray-700"[39m
        [33mid[39m=[32m"folder-modal-description"[39m
      [36m>[39m
        [0mDescripci├│n de prueba[0m
      [36m</p>[39m
      [36m<div[39m
        [33mclass[39m=[32m"mt-3 relative"[39m
      [36m>[39m
        [36m<label[39m
          [33mclass[39m=[32m"sr-only"[39m
          [33mfor[39m=[32m"folder-search"[39m
        [36m>[39m
          [0mBuscar carpetas[0m
        [36m</label>[39m
        [36m<input[39m
          [33maria-controls[39m=[32m"folder-list"[39m
          [33maria-describedby[39m=[32m"folder-modal-description"[39m
          [33mclass[39m=[32m"w-full py-2 pl-10 pr-4 border rounded-md focus:ring-blue-500 focus:border-blue-500 text-gray-800"[39m
          [33mid[39m=[32m"folder-search"[39m
          [33mplaceholder[39m=[32m"Buscar carpetas..."[39m
          [33mtype[39m=[32m"text"[39m
          [33mvalue[39m=[32m""[39m
        [36m/>[39m
        [36m<svg[39m
          [33maria-hidden[39m=[32m"true"[39m
          [33mclass[39m=[32m"absolute left-3 top-2.5 text-gray-500"[39m
          [33mfill[39m=[32m"none"[39m
          [33mheight[39m=[32m"18"[39m
          [33mstroke[39m=[32m"currentColor"[39m
          [33mstroke-linecap[39m=[32m"round"[39m
          [33mstroke-linejoin[39m=[32m"round"[39m
          [33mstroke-width[39m=[32m"2"[39m
          [33mviewBox[39m=[32m"0 0 24 24"[39m
          [33mwidth[39m=[32m"18"[39m
          [33mxmlns[39m=[32m"http://www.w3.org/2000/svg"[39m
        [36m>[39m
          [36m<circle[39m
            [33mcx[39m=[32m"11"[39m
            [33mcy[39m=[32m"11"[39m
            [33mr[39m=[32m"8"[39m
          [36m/>[39m
          [36m<path[39m
            [33md[39m=[32m"m21 21-4.3-4.3"[39m
          [36m/>[39m
        [36m</svg>[39m
      [36m</div>[39m
    [36m</div>[39m
    [36m<div[39m
      [33maria-label[39m=[32m"Lista de carpetas disponibles"[39m
      [33mclass[39m=[32m"p-2 max-h-64 overflow-y-auto"[39m
      [33mdata-testid[39m=[32m"folder-menu"[39m
      [33mid[39m=[32m"folder-list"[39m
      [33mrole[39m=[32m"listbox"[39m
      [33mtabindex[39m=[32m"0"[39m
    [36m>[39m
      [36m<div[39m
        [33maria-selected[39m=[32m"false"[39m
        [33mclass[39m=[32m"flex items-center px-3 py-2 rounded-md hover:bg-gray-100 
                   
                  cursor-pointer transition-colors"[39m
        [33mdata-testid[39m=[32m"folder-menu-item"[39m
        [33mrole[39m=[32m"option"[39m
        [33mtabindex[39m=[32m"0"[39m
      [36m>[39m
        [36m<svg[39m
          [33maria-hidden[39m=[32m"true"[39m
          [33mclass[39m=[32m"text-blue-600 mr-2"[39m
          [33mfill[39m=[32m"none"[39m
          [33mheight[39m=[32m"18"[39m
          [33mstroke[39m=[32m"currentColor"[39m
          [33mstroke-linecap[39m=[32m"round"[39m
          [33mstroke-linejoin[39m=[32m"round"[39m
          [33mstroke-width[39m=[32m"2"[39m
          [33mviewBox[39m=[32m"0 0 24 24"[39m
          [33mwidth[39m=[32m"18"[39m
          [33mxmlns[39m=[32m"http://www.w3.org/2000/svg"[39m
        [36m>[39m
          [36m<path[39m
            [33md[39m=[32m"M4 20h16a2 2 0 0 0 2-2V8a2 2 0 0 0-2-2h-7.93a2 2 0 0 1-1.66-.9l-.82-1.2A2 2 0 0 0 7.93 3H4a2 2 0 0 0-2 2v13c0 1.1.9 2 2 2Z"[39m
          [36m/>[39m
        [36m</svg>[39m
        [36m<span[39m
          [33mclass[39m=[32m"flex-grow text-gray-800"[39m
        [36m>[39m
          [0mImportante[0m
        [36m</span>[39m
        [36m<button[39m
          [33maria-label[39m=[32m"Seleccionar carpeta Importante"[39m
          [33mclass[39m=[32m"p-1 bg-blue-100 text-blue-600 rounded-full hover:bg-blue-200 focus:ring-2 focus:ring-blue-500 focus:outline-none"[39m
        [36m>[39m
          [36m<svg[39m
            [33maria-hidden[39m=[32m"true"[39m
            [33mclass[39m=[32m"lucide lucide-check"[39m
            [33mfill[39m=[32m"none"[39m
            [33mheight[39m=[32m"16"[39m
            [33mstroke[39m=[32m"currentColor"[39m
            [33mstroke-linecap[39m=[32m"round"[39m
            [33mstroke-linejoin[39m=[32m"round"[39m
            [33mstroke-width[39m=[32m"2"[39m
            [33mviewBox[39m=[32m"0 0 24 24"[39m
            [33mwidth[39m=[32m"16"[39m
            [33mxmlns[39m=[32m"http://www.w3.org/2000/svg"[39m
          [36m>[39m
            [36m<polyline[39m
              [33mpoints[39m=[32m"20 6 9 17 4 12"[39m
            [36m/>[39m
          [36m</svg>[39m
        [36m</button>[39m
      [36m</div>[39m
      [36m<div[39m
        [33maria-selected[39m=[32m"false"[39m
        [33mclass[39m=[32m"flex items-center px-3 py-2 rounded-md hover:bg-gray-100 
                   
                  cursor-pointer transition-colors"[39m
        [33mdata-testid[39m=[32m"folder-menu-item"[39m
        [33mrole[39m=[32m"option"[39m
        [33mtabindex[39m=[32m"0"[39m
      [36m>[39m
        [36m<svg[39m
          [33maria-hidden[39m=[32m"true"[39m
          [33mclass[39m=[32m"text-blue-600 mr-2"[39m
          [33mfill[39m=[32m"none"[39m
          [33mheight[39m=[32m"18"[39m
          [33mstroke[39m=[32m"currentColor"[39m
          [33mstroke-linecap[39m=[32m"round"[39m
          [33mstroke-linejoin[39m=[32m"round"[39m
          [33mstroke-width[39m=[32m"2"[39m
          [33mviewBox[39m=[32m"0 0 24 24"[39m
          [33mwidth[39m=[32m"18"[39m
          [33mxmlns[39m=[32m"http://www.w3.org/2000/svg"[39m
        [36m>[39m
          [36m<path[39m
            [33md[39m=[32m"M4 20h16a2 2 0 0 0 2-2V8a2 2 0 0 0-2-2h-7.93a2 2 0 0 1-1.66-.9l-.82-1.2A2 2 0 0 0 7.93 3H4a2 2 0 0 0-2 2v13c0 1.1.9 2 2 2Z"[39m
          [36m/>[39m
        [36m</svg>[39m
        [36m<span[39m
          [33mclass[39m=[32m"flex-grow text-gray-800"[39m
        [36m>[39m
          [0mTrabajo[0m
        [36m</span>[39m
        [36m<button[39m
          [33maria-label[39m=[32m"Seleccionar carpeta Trabajo"[39m
          [33mclass[39m=[32m"p-1 bg-blue-100 text-blue-600 rounded-full hover:bg-blue-200 focus:ring-2 focus:ring-blue-500 focus:outline-none"[39m
        [36m>[39m
          [36m<svg[39m
            [33maria-hidden[39m=[32m"true"[39m
            [33mclass[39m=[32m"lucide lucide-check"[39m
            [33mfill[39m=[32m"none"[39m
            [33mheight[39m=[32m"16"[39m
            [33mstroke[39m=[32m"currentColor"[39m
            [33mstroke-linecap[39m=[32m"round"[39m
            [33mstroke-linejoin[39m=[32m"round"[39m
            [33mstroke-width[39m=[32m"2"[39m
            [33mviewBox[39m=[32m"0 0 24 24"[39m
            [33mwidth[39m=[32m"16"[39m
            [33mxmlns[39m=[32m"http://www.w3.org/2000/svg"[39m
          [36m>[39m
            [36m<polyline[39m
              [33mpoints[39m=[32m"20 6 9 17 4 12"[39m
            [36m/>[39m
          [36m</svg>[39m
        [36m</button>[39m
      [36m</div>[39m
      [36m<div[39m
        [33maria-selected[39m=[32m"false"[39m
        [33mclass[39m=[32m"flex items-center px-3 py-2 rounded-md hover:bg-gray-100 
                   
                  cursor-pointer transition-colors"[39m
        [33mdata-testid[39m=[32m"folder-menu-item"[39m
        [33mrole[39m=[32m"option"[39m
        [33mtabindex[39m=[32m"0"[39m
      [36m>[39m
        [36m<svg[39m
          [33maria-hidden[39m=[32m"true"[39m
          [33mclass[39m=[32m"text-blue-600 mr-2"[39m
          [33mfill[39m=[32m"none"[39m
          [33mheight[39m=[32m"18"[39m
          [33mstroke[39m=[32m"currentColor"[39m
          [33mstroke-linecap[39m=[32m"round"[39m
          [33mstroke-linejoin[39m=[32m"round"[39m
          [33mstroke-width[39m=[32m"2"[39m
          [33mviewBox[39m=[32m"0 0 24 24"[39m
          [33mwidth[39m=[32m"18"[39m
          [33mxmlns[39m=[32m"http://www.w3.org/2000/svg"[39m
        [36m>[39m
          [36m<path[39m
            [33md[39m=[32m"M4 20h16a2 2 0 0 0 2-2V8a2 2 0 0 0-2-2h-7.93a2 2 0 0 1-1.66-.9l-.82-1.2A2 2 0 0 0 7.93 3H4a2 2 0 0 0-2 2v13c0 1.1.9 2 2 2Z"[39m
          [36m/>[39m
        [36m</svg>[39m
        [36m<span[39m
          [33mclass[39m=[32m"flex-grow text-gray-800"[39m
        [36m>[39m
          [0mPersonal[0m
        [36m</span>[39m
        [36m<button[39m
          [33maria-label[39m=[32m"Seleccionar carpeta Personal"[39m
          [33mclass[39m=[32m"p-1 bg-blue-100 text-blue-600 rounded-full hover:bg-blue-200 focus:ring-2 focus:ring-blue-500 focus:outline-none"[39m
        [36m>[39m
          [36m<svg[39m
            [33maria-hidden[39m=[32m"true"[39m
            [33mclass[39m=[32m"lucide lucide-check"[39m
            [33mfill[39m=[32m"none"[39m
            [33mheight[39m=[32m"16"[39m
            [33mstroke[39m=[32m"currentColor"[39m
            [33mstroke-linecap[39m=[32m"round"[39m
            [33mstroke-linejoin[39m=[32m"round"[39m
            [33mstroke-width[39m=[32m"2"[39m
            [33mviewBox[39m=[32m"0 0 24 24"[39m
            [33mwidth[39m=[32m"16"[39m
            [33mxmlns[39m=[32m"http://www.w3.org/2000/svg"[39m
          [36m>[39m
            [36m<polyline[39m
              [33mpoints[39m=[32m"20 6 9 17 4 12"[39m
            [36m/>[39m
          [36m</svg>[39m
        [36m</button>[39m
      [36m</div>[39m
    [36m</div>[39m
    [36m<footer[39m
      [33mclass[39m=[32m"p-4 border-t flex justify-end space-x-2"[39m
    [36m>[39m
      [36m<button[39m
        [33maria-label[39m=[32m"Cancelar selecci├│n y cerrar"[39m
        [33mvariant[39m=[32m"ghost"[39m
      [36m>[39m
        [0mCancelar[0m
      [36m</button>[39m
    [36m</footer>[39m
  [36m</div>[39m
[36m</div>[39m

Ignored nodes: comments, script, style
[36m<div[39m
  [33maria-labelledby[39m=[32m"folder-modal-title"[39m
  [33maria-modal[39m=[32m"true"[39m
  [33mclass[39m=[32m"fixed inset-0 bg-black/50 backdrop-blur-sm z-50 flex items-center justify-center p-4"[39m
  [33mrole[39m=[32m"dialog"[39m
[36m>[39m
  [36m<div[39m
    [33mclass[39m=[32m"bg-white rounded-lg shadow-lg w-full max-w-md"[39m
    [33mtabindex[39m=[32m"-1"[39m
  [36m>[39m
    [36m<header[39m
      [33mclass[39m=[32m"flex items-center justify-between p-4 border-b"[39m
    [36m>[39m
      [36m<h2[39m
        [33mclass[39m=[32m"text-lg font-semibold text-gray-800"[39m
        [33mid[39m=[32m"folder-modal-title"[39m
      [36m>[39m
        [0mSeleccionar carpeta[0m
      [36m</h2>[39m
      [36m<button[39m
        [33maria-label[39m=[32m"Cerrar di├ílogo"[39m
        [33mclass[39m=[32m"text-gray-500 hover:text-gray-700 focus:outline-none focus:ring-2 focus:ring-blue-500 p-1 rounded-full"[39m
      [36m>[39m
        [36m<svg[39m
          [33mclass[39m=[32m"lucide lucide-x"[39m
          [33mfill[39m=[32m"none"[39m
          [33mheight[39m=[32m"20"[39m
          [33mstroke[39m=[32m"currentColor"[39m
          [33mstroke-linecap[39m=[32m"round"[39m
          [33mstroke-linejoin[39m=[32m"round"[39m
          [33mstroke-width[39m=[32m"2"[39m
          [33mviewBox[39m=[32m"0 0 24 24"[39m
          [33mwidth[39m=[32m"20"[39m
          [33mxmlns[39m=[32m"http://www.w3.org/2000/svg"[39m
        [36m>[39m
          [36m<path[39m
            [33md[39m=[32m"M18 6 6 18"[39m
          [36m/>[39m
          [36m<path[39m
            [33md[39m=[32m"m6 6 12 12"[39m
          [36m/>[39m
        [36m</svg>[39m
      [36m</button>[39m
    [36m</header>[39m
    [36m<div[39m
      [33mclass[39m=[32m"p-4 border-b"[39m
    [36m>[39m
      [36m<p[39m
        [33mclass[39m=[32m"text-sm text-gray-700"[39m
        [33mid[39m=[32m"folder-modal-description"[39m
      [36m>[39m
        [0mSeleccione una carpeta para mover el correo[0m
      [36m</p>[39m
      [36m<div[39m
        [33mclass[39m=[32m"mt-3 relative"[39m
      [36m>[39m
        [36m<label[39m
          [33mclass[39m=[32m"sr-only"[39m
          [33mfor[39m=[32m"folder-search"[39m
        [36m>[39m
          [0mBuscar carpetas[0m
        [36m</label>[39m
        [36m<input[39m
          [33maria-controls[39m=[32m"folder-list"[39m
          [33maria-describedby[39m=[32m"folder-modal-description"[39m
          [33mclass[39m=[32m"w-full py-2 pl-10 pr-4 border rounded-md focus:ring-blue-500 focus:border-blue-500 text-gray-800"[39m
          [33mid[39m=[32m"folder-search"[39m
          [33mplaceholder[39m=[32m"Buscar carpetas..."[39m
          [33mtype[39m=[32m"text"[39m
          [33mvalue[39m=[32m""[39m
        [36m/>[39m
        [36m<svg[39m
          [33maria-hidden[39m=[32m"true"[39m
          [33mclass[39m=[32m"absolute left-3 top-2.5 text-gray-500"[39m
          [33mfill[39m=[32m"none"[39m
          [33mheight[39m=[32m"18"[39m
          [33mstroke[39m=[32m"currentColor"[39m
          [33mstroke-linecap[39m=[32m"round"[39m
          [33mstroke-linejoin[39m=[32m"round"[39m
          [33mstroke-width[39m=[32m"2"[39m
          [33mviewBox[39m=[32m"0 0 24 24"[39m
          [33mwidth[39m=[32m"18"[39m
          [33mxmlns[39m=[32m"http://www.w3.org/2000/svg"[39m
        [36m>[39m
          [36m<circle[39m
            [33mcx[39m=[32m"11"[39m
            [33mcy[39m=[32m"11"[39m
            [33mr[39m=[32m"8"[39m
          [36m/>[39m
          [36m<path[39m
            [33md[39m=[32m"m21 21-4.3-4.3"[39m
          [36m/>[39m
        [36m</svg>[39m
      [36m</div>[39m
    [36m</div>[39m
    [36m<div[39m
      [33maria-label[39m=[32m"Lista de carpetas disponibles"[39m
      [33mclass[39m=[32m"p-2 max-h-64 overflow-y-auto"[39m
      [33mdata-testid[39m=[32m"folder-menu"[39m
      [33mid[39m=[32m"folder-list"[39m
      [33mrole[39m=[32m"listbox"[39m
      [33mtabindex[39m=[32m"0"[39m
    [36m>[39m
      [36m<div[39m
        [33maria-selected[39m=[32m"false"[39m
        [33mclass[39m=[32m"flex items-center px-3 py-2 rounded-md hover:bg-gray-100 
                   
                  cursor-pointer transition-colors"[39m
        [33mdata-testid[39m=[32m"folder-menu-item"[39m
        [33mrole[39m=[32m"option"[39m
        [33mtabindex[39m=[32m"0"[39m
      [36m>[39m
        [36m<svg[39m
          [33maria-hidden[39m=[32m"true"[39m
          [33mclass[39m=[32m"text-blue-600 mr-2"[39m
          [33mfill[39m=[32m"none"[39m
          [33mheight[39m=[32m"18"[39m
          [33mstroke[39m=[32m"currentColor"[39m
          [33mstroke-linecap[39m=[32m"round"[39m
          [33mstroke-linejoin[39m=[32m"round"[39m
          [33mstroke-width[39m=[32m"2"[39m
          [33mviewBox[39m=[32m"0 0 24 24"[39m
          [33mwidth[39m=[32m"18"[39m
          [33mxmlns[39m=[32m"http://www.w3.org/2000/svg"[39m
        [36m>[39m
          [36m<path[39m
            [33md[39m=[32m"M4 20h16a2 2 0 0 0 2-2V8a2 2 0 0 0-2-2h-7.93a2 2 0 0 1-1.66-.9l-.82-1.2A2 2 0 0 0 7.93 3H4a2 2 0 0 0-2 2v13c0 1.1.9 2 2 2Z"[39m
          [36m/>[39m
        [36m</svg>[39m
        [36m<span[39m
          [33mclass[39m=[32m"flex-grow text-gray-800"[39m
        [36m>[39m
          [0mImportante[0m
        [36m</span>[39m
        [36m<button[39m
          [33maria-label[39m=[32m"Seleccionar carpeta Importante"[39m
          [33mclass[39m=[32m"p-1 bg-blue-100 text-blue-600 rounded-full hover:bg-blue-200 focus:ring-2 focus:ring-blue-500 focus:outline-none"[39m
        [36m>[39m
          [36m<svg[39m
            [33maria-hidden[39m=[32m"true"[39m
            [33mclass[39m=[32m"lucide lucide-check"[39m
            [33mfill[39m=[32m"none"[39m
            [33mheight[39m=[32m"16"[39m
            [33mstroke[39m=[32m"currentColor"[39m
            [33mstroke-linecap[39m=[32m"round"[39m
            [33mstroke-linejoin[39m=[32m"round"[39m
            [33mstroke-width[39m=[32m"2"[39m
            [33mviewBox[39m=[32m"0 0 24 24"[39m
            [33mwidth[39m=[32m"16"[39m
            [33mxmlns[39m=[32m"http://www.w3.org/2000/svg"[39m
          [36m>[39m
            [36m<polyline[39m
              [33mpoints[39m=[32m"20 6 9 17 4 12"[39m
            [36m/>[39m
          [36m</svg>[39m
        [36m</button>[39m
      [36m</div>[39m
      [36m<div[39m
        [33maria-selected[39m=[32m"false"[39m
        [33mclass[39m=[32m"flex items-center px-3 py-2 rounded-md hover:bg-gray-100 
                   
                  cursor-pointer transition-colors"[39m
        [33mdata-testid[39m=[32m"folder-menu-item"[39m
        [33mrole[39m=[32m"option"[39m
        [33mtabindex[39m=[32m"0"[39m
      [36m>[39m
        [36m<svg[39m
          [33maria-hidden[39m=[32m"true"[39m
          [33mclass[39m=[32m"text-blue-600 mr-2"[39m
          [33mfill[39m=[32m"none"[39m
          [33mheight[39m=[32m"18"[39m
          [33mstroke[39m=[32m"currentColor"[39m
          [33mstroke-linecap[39m=[32m"round"[39m
          [33mstroke-linejoin[39m=[32m"round"[39m
          [33mstroke-width[39m=[32m"2"[39m
          [33mviewBox[39m=[32m"0 0 24 24"[39m
          [33mwidth[39m=[32m"18"[39m
          [33mxmlns[39m=[32m"http://www.w3.org/2000/svg"[39m
        [36m>[39m
          [36m<path[39m
            [33md[39m=[32m"M4 20h16a2 2 0 0 0 2-2V8a2 2 0 0 0-2-2h-7.93a2 2 0 0 1-1.66-.9l-.82-1.2A2 2 0 0 0 7.93 3H4a2 2 0 0 0-2 2v13c0 1.1.9 2 2 2Z"[39m
          [36m/>[39m
        [36m</svg>[39m
        [36m<span[39m
          [33mclass[39m=[32m"flex-grow text-gray-800"[39m
        [36m>[39m
          [0mTrabajo[0m
        [36m</span>[39m
        [36m<button[39m
          [33maria-label[39m=[32m"Seleccionar carpeta Trabajo"[39m
          [33mclass[39m=[32m"p-1 bg-blue-100 text-blue-600 rounded-full hover:bg-blue-200 focus:ring-2 focus:ring-blue-500 focus:outline-none"[39m
        [36m>[39m
          [36m<svg[39m
            [33maria-hidden[39m=[32m"true"[39m
            [33mclass[39m=[32m"lucide lucide-check"[39m
            [33mfill[39m=[32m"none"[39m
            [33mheight[39m=[32m"16"[39m
            [33mstroke[39m=[32m"currentColor"[39m
            [33mstroke-linecap[39m=[32m"round"[39m
            [33mstroke-linejoin[39m=[32m"round"[39m
            [33mstroke-width[39m=[32m"2"[39m
            [33mviewBox[39m=[32m"0 0 24 24"[39m
            [33mwidth[39m=[32m"16"[39m
            [33mxmlns[39m=[32m"http://www.w3.org/2000/svg"[39m
          [36m>[39m
            [36m<polyline[39m
              [33mpoints[39m=[32m"20 6 9 17 4 12"[39m
            [36m/>[39m
          [36m</svg>[39m
        [36m</button>[39m
      [36m</div>[39m
      [36m<div[39m
        [33maria-selected[39m=[32m"false"[39m
        [33mclass[39m=[32m"flex items-center px-3 py-2 rounded-md hover:bg-gray-100 
                   
                  cursor-pointer transition-colors"[39m
        [33mdata-testid[39m=[32m"folder-menu-item"[39m
        [33mrole[39m=[32m"option"[39m
        [33mtabindex[39m=[32m"0"[39m
      [36m>[39m
        [36m<svg[39m
          [33maria-hidden[39m=[32m"true"[39m
          [33mclass[39m=[32m"text-blue-600 mr-2"[39m
          [33mfill[39m=[32m"none"[39m
          [33mheight[39m=[32m"18"[39m
          [33mstroke[39m=[32m"currentColor"[39m
          [33mstroke-linecap[39m=[32m"round"[39m
          [33mstroke-linejoin[39m=[32m"round"[39m
          [33mstroke-width[39m=[32m"2"[39m
          [33mviewBox[39m=[32m"0 0 24 24"[39m
          [33mwidth[39m=[32m"18"[39m
          [33mxmlns[39m=[32m"http://www.w3.org/2000/svg"[39m
        [36m>[39m
          [36m<path[39m
            [33md[39m=[32m"M4 20h16a2 2 0 0 0 2-2V8a2 2 0 0 0-2-2h-7.93a2 2 0 0 1-1.66-.9l-.82-1.2A2 2 0 0 0 7.93 3H4a2 2 0 0 0-2 2v13c0 1.1.9 2 2 2Z"[39m
          [36m/>[39m
        [36m</svg>[39m
        [36m<span[39m
          [33mclass[39m=[32m"flex-grow text-gray-800"[39m
        [36m>[39m
          [0mPersonal[0m
        [36m</span>[39m
        [36m<button[39m
          [33maria-label[39m=[32m"Seleccionar carpeta Personal"[39m
          [33mclass[39m=[32m"p-1 bg-blue-100 text-blue-600 rounded-full hover:bg-blue-200 focus:ring-2 focus:ring-blue-500 focus:outline-none"[39m
        [36m>[39m
          [36m<svg[39m
            [33maria-hidden[39m=[32m"true"[39m
            [33mclass[39m=[32m"lucide lucide-check"[39m
            [33mfill[39m=[32m"none"[39m
            [33mheight[39m=[32m"16"[39m
            [33mstroke[39m=[32m"currentColor"[39m
            [33mstroke-linecap[39m=[32m"round"[39m
            [33mstroke-linejoin[39m=[32m"round"[39m
            [33mstroke-width[39m=[32m"2"[39m
            [33mviewBox[39m=[32m"0 0 24 24"[39m
            [33mwidth[39m=[32m"16"[39m
            [33mxmlns[39m=[32m"http://www.w3.org/2000/svg"[39m
          [36m>[39m
            [36m<polyline[39m
              [33mpoints[39m=[32m"20 6 9 17 4 12"[39m
            [36m/>[39m
          [36m</svg>[39m
        [36m</button>[39m
      [36m</div>[39m
    [36m</div>[39m
    [36m<footer[39m
      [33mclass[39m=[32m"p-4 border-t flex justify-end space-x-2"[39m
    [36m>[39m
      [36m<button[39m
        [33maria-label[39m=[32m"Cancelar selecci├│n y cerrar"[39m
        [33mvariant[39m=[32m"ghost"[39m
      [36m>[39m
        [0mCancelar[0m
      [36m</button>[39m
    [36m</footer>[39m
  [36m</div>[39m
[36m</div>[39m

Ignored nodes: comments, script, style
[36m<div[39m
  [33maria-labelledby[39m=[32m"folder-modal-title"[39m
  [33maria-modal[39m=[32m"true"[39m
  [33mclass[39m=[32m"fixed inset-0 bg-black/50 backdrop-blur-sm z-50 flex items-center justify-center p-4"[39m
  [33mrole[39m=[32m"dialog"[39m
[36m>[39m
  [36m<div[39m
    [33mclass[39m=[32m"bg-white rounded-lg shadow-lg w-full max-w-md"[39m
    [33mtabindex[39m=[32m"-1"[39m
  [36m>[39m
    [36m<header[39m
      [33mclass[39m=[32m"flex items-center justify-between p-4 border-b"[39m
    [36m>[39m
      [36m<h2[39m
        [33mclass[39m=[32m"text-lg font-semibold text-gray-800"[39m
        [33mid[39m=[32m"folder-modal-title"[39m
      [36m>[39m
        [0mSeleccionar carpeta[0m
      [36m</h2>[39m
      [36m<button[39m
        [33maria-label[39m=[32m"Cerrar di├ílogo"[39m
        [33mclass[39m=[32m"text-gray-500 hover:text-gray-700 focus:outline-none focus:ring-2 focus:ring-blue-500 p-1 rounded-full"[39m
      [36m>[39m
        [36m<svg[39m
          [33mclass[39m=[32m"lucide lucide-x"[39m
          [33mfill[39m=[32m"none"[39m
          [33mheight[39m=[32m"20"[39m
          [33mstroke[39m=[32m"currentColor"[39m
          [33mstroke-linecap[39m=[32m"round"[39m
          [33mstroke-linejoin[39m=[32m"round"[39m
          [33mstroke-width[39m=[32m"2"[39m
          [33mviewBox[39m=[32m"0 0 24 24"[39m
          [33mwidth[39m=[32m"20"[39m
          [33mxmlns[39m=[32m"http://www.w3.org/2000/svg"[39m
        [36m>[39m
          [36m<path[39m
            [33md[39m=[32m"M18 6 6 18"[39m
          [36m/>[39m
          [36m<path[39m
            [33md[39m=[32m"m6 6 12 12"[39m
          [36m/>[39m
        [36m</svg>[39m
      [36m</button>[39m
    [36m</header>[39m
    [36m<div[39m
      [33mclass[39m=[32m"p-4 border-b"[39m
    [36m>[39m
      [36m<p[39m
        [33mclass[39m=[32m"text-sm text-gray-700"[39m
        [33mid[39m=[32m"folder-modal-description"[39m
      [36m>[39m
        [0mSeleccione una carpeta para mover el correo[0m
      [36m</p>[39m
      [36m<div[39m
        [33mclass[39m=[32m"mt-3 relative"[39m
      [36m>[39m
        [36m<label[39m
          [33mclass[39m=[32m"sr-only"[39m
          [33mfor[39m=[32m"folder-search"[39m
        [36m>[39m
          [0mBuscar carpetas[0m
        [36m</label>[39m
        [36m<input[39m
          [33maria-controls[39m=[32m"folder-list"[39m
          [33maria-describedby[39m=[32m"folder-modal-description"[39m
          [33mclass[39m=[32m"w-full py-2 pl-10 pr-4 border rounded-md focus:ring-blue-500 focus:border-blue-500 text-gray-800"[39m
          [33mid[39m=[32m"folder-search"[39m
          [33mplaceholder[39m=[32m"Buscar carpetas..."[39m
          [33mtype[39m=[32m"text"[39m
          [33mvalue[39m=[32m""[39m
        [36m/>[39m
        [36m<svg[39m
          [33maria-hidden[39m=[32m"true"[39m
          [33mclass[39m=[32m"absolute left-3 top-2.5 text-gray-500"[39m
          [33mfill[39m=[32m"none"[39m
          [33mheight[39m=[32m"18"[39m
          [33mstroke[39m=[32m"currentColor"[39m
          [33mstroke-linecap[39m=[32m"round"[39m
          [33mstroke-linejoin[39m=[32m"round"[39m
          [33mstroke-width[39m=[32m"2"[39m
          [33mviewBox[39m=[32m"0 0 24 24"[39m
          [33mwidth[39m=[32m"18"[39m
          [33mxmlns[39m=[32m"http://www.w3.org/2000/svg"[39m
        [36m>[39m
          [36m<circle[39m
            [33mcx[39m=[32m"11"[39m
            [33mcy[39m=[32m"11"[39m
            [33mr[39m=[32m"8"[39m
          [36m/>[39m
          [36m<path[39m
            [33md[39m=[32m"m21 21-4.3-4.3"[39m
          [36m/>[39m
        [36m</svg>[39m
      [36m</div>[39m
    [36m</div>[39m
    [36m<div[39m
      [33maria-label[39m=[32m"Lista de carpetas disponibles"[39m
      [33mclass[39m=[32m"p-2 max-h-64 overflow-y-auto"[39m
      [33mdata-testid[39m=[32m"folder-menu"[39m
      [33mid[39m=[32m"folder-list"[39m
      [33mrole[39m=[32m"listbox"[39m
      [33mtabindex[39m=[32m"0"[39m
    [36m>[39m
      [36m<div[39m
        [33maria-selected[39m=[32m"false"[39m
        [33mclass[39m=[32m"flex items-center px-3 py-2 rounded-md hover:bg-gray-100 
                   
                  cursor-pointer transition-colors"[39m
        [33mdata-testid[39m=[32m"folder-menu-item"[39m
        [33mrole[39m=[32m"option"[39m
        [33mtabindex[39m=[32m"0"[39m
      [36m>[39m
        [36m<svg[39m
          [33maria-hidden[39m=[32m"true"[39m
          [33mclass[39m=[32m"text-blue-600 mr-2"[39m
          [33mfill[39m=[32m"none"[39m
          [33mheight[39m=[32m"18"[39m
          [33mstroke[39m=[32m"currentColor"[39m
          [33mstroke-linecap[39m=[32m"round"[39m
          [33mstroke-linejoin[39m=[32m"round"[39m
          [33mstroke-width[39m=[32m"2"[39m
          [33mviewBox[39m=[32m"0 0 24 24"[39m
          [33mwidth[39m=[32m"18"[39m
          [33mxmlns[39m=[32m"http://www.w3.org/2000/svg"[39m
        [36m>[39m
          [36m<path[39m
            [33md[39m=[32m"M4 20h16a2 2 0 0 0 2-2V8a2 2 0 0 0-2-2h-7.93a2 2 0 0 1-1.66-.9l-.82-1.2A2 2 0 0 0 7.93 3H4a2 2 0 0 0-2 2v13c0 1.1.9 2 2 2Z"[39m
          [36m/>[39m
        [36m</svg>[39m
        [36m<span[39m
          [33mclass[39m=[32m"flex-grow text-gray-800"[39m
        [36m>[39m
          [0mImportante[0m
        [36m</span>[39m
        [36m<button[39m
          [33maria-label[39m=[32m"Seleccionar carpeta Importante"[39m
          [33mclass[39m=[32m"p-1 bg-blue-100 text-blue-600 rounded-full hover:bg-blue-200 focus:ring-2 focus:ring-blue-500 focus:outline-none"[39m
        [36m>[39m
          [36m<svg[39m
            [33maria-hidden[39m=[32m"true"[39m
            [33mclass[39m=[32m"lucide lucide-check"[39m
            [33mfill[39m=[32m"none"[39m
            [33mheight[39m=[32m"16"[39m
            [33mstroke[39m=[32m"currentColor"[39m
            [33mstroke-linecap[39m=[32m"round"[39m
            [33mstroke-linejoin[39m=[32m"round"[39m
            [33mstroke-width[39m=[32m"2"[39m
            [33mviewBox[39m=[32m"0 0 24 24"[39m
            [33mwidth[39m=[32m"16"[39m
            [33mxmlns[39m=[32m"http://www.w3.org/2000/svg"[39m
          [36m>[39m
            [36m<polyline[39m
              [33mpoints[39m=[32m"20 6 9 17 4 12"[39m
            [36m/>[39m
          [36m</svg>[39m
        [36m</button>[39m
      [36m</div>[39m
      [36m<div[39m
        [33maria-selected[39m=[32m"false"[39m
        [33mclass[39m=[32m"flex items-center px-3 py-2 rounded-md hover:bg-gray-100 
                   
                  cursor-pointer transition-colors"[39m
        [33mdata-testid[39m=[32m"folder-menu-item"[39m
        [33mrole[39m=[32m"option"[39m
        [33mtabindex[39m=[32m"0"[39m
      [36m>[39m
        [36m<svg[39m
          [33maria-hidden[39m=[32m"true"[39m
          [33mclass[39m=[32m"text-blue-600 mr-2"[39m
          [33mfill[39m=[32m"none"[39m
          [33mheight[39m=[32m"18"[39m
          [33mstroke[39m=[32m"currentColor"[39m
          [33mstroke-linecap[39m=[32m"round"[39m
          [33mstroke-linejoin[39m=[32m"round"[39m
          [33mstroke-width[39m=[32m"2"[39m
          [33mviewBox[39m=[32m"0 0 24 24"[39m
          [33mwidth[39m=[32m"18"[39m
          [33mxmlns[39m=[32m"http://www.w3.org/2000/svg"[39m
        [36m>[39m
          [36m<path[39m
            [33md[39m=[32m"M4 20h16a2 2 0 0 0 2-2V8a2 2 0 0 0-2-2h-7.93a2 2 0 0 1-1.66-.9l-.82-1.2A2 2 0 0 0 7.93 3H4a2 2 0 0 0-2 2v13c0 1.1.9 2 2 2Z"[39m
          [36m/>[39m
        [36m</svg>[39m
        [36m<span[39m
          [33mclass[39m=[32m"flex-grow text-gray-800"[39m
        [36m>[39m
          [0mTrabajo[0m
        [36m</span>[39m
        [36m<button[39m
          [33maria-label[39m=[32m"Seleccionar carpeta Trabajo"[39m
          [33mclass[39m=[32m"p-1 bg-blue-100 text-blue-600 rounded-full hover:bg-blue-200 focus:ring-2 focus:ring-blue-500 focus:outline-none"[39m
        [36m>[39m
          [36m<svg[39m
            [33maria-hidden[39m=[32m"true"[39m
            [33mclass[39m=[32m"lucide lucide-check"[39m
            [33mfill[39m=[32m"none"[39m
            [33mheight[39m=[32m"16"[39m
            [33mstroke[39m=[32m"currentColor"[39m
            [33mstroke-linecap[39m=[32m"round"[39m
            [33mstroke-linejoin[39m=[32m"round"[39m
            [33mstroke-width[39m=[32m"2"[39m
            [33mviewBox[39m=[32m"0 0 24 24"[39m
            [33mwidth[39m=[32m"16"[39m
            [33mxmlns[39m=[32m"http://www.w3.org/2000/svg"[39m
          [36m>[39m
            [36m<polyline[39m
              [33mpoints[39m=[32m"20 6 9 17 4 12"[39m
            [36m/>[39m
          [36m</svg>[39m
        [36m</button>[39m
      [36m</div>[39m
      [36m<div[39m
        [33maria-selected[39m=[32m"false"[39m
        [33mclass[39m=[32m"flex items-center px-3 py-2 rounded-md hover:bg-gray-100 
                   
                  cursor-pointer transition-colors"[39m
        [33mdata-testid[39m=[32m"folder-menu-item"[39m
        [33mrole[39m=[32m"option"[39m
        [33mtabindex[39m=[32m"0"[39m
      [36m>[39m
        [36m<svg[39m
          [33maria-hidden[39m=[32m"true"[39m
          [33mclass[39m=[32m"text-blue-600 mr-2"[39m
          [33mfill[39m=[32m"none"[39m
          [33mheight[39m=[32m"18"[39m
          [33mstroke[39m=[32m"currentColor"[39m
          [33mstroke-linecap[39m=[32m"round"[39m
          [33mstroke-linejoin[39m=[32m"round"[39m
          [33mstroke-width[39m=[32m"2"[39m
          [33mviewBox[39m=[32m"0 0 24 24"[39m
          [33mwidth[39m=[32m"18"[39m
          [33mxmlns[39m=[32m"http://www.w3.org/2000/svg"[39m
        [36m>[39m
          [36m<path[39m
            [33md[39m=[32m"M4 20h16a2 2 0 0 0 2-2V8a2 2 0 0 0-2-2h-7.93a2 2 0 0 1-1.66-.9l-.82-1.2A2 2 0 0 0 7.93 3H4a2 2 0 0 0-2 2v13c0 1.1.9 2 2 2Z"[39m
          [36m/>[39m
        [36m</svg>[39m
        [36m<span[39m
          [33mclass[39m=[32m"flex-grow text-gray-800"[39m
        [36m>[39m
          [0mPersonal[0m
        [36m</span>[39m
        [36m<button[39m
          [33maria-label[39m=[32m"Seleccionar carpeta Personal"[39m
          [33mclass[39m=[32m"p-1 bg-blue-100 text-blue-600 rounded-full hover:bg-blue-200 focus:ring-2 focus:ring-blue-500 focus:outline-none"[39m
        [36m>[39m
          [36m<svg[39m
            [33maria-hidden[39m=[32m"true"[39m
            [33mclass[39m=[32m"lucide lucide-check"[39m
            [33mfill[39m=[32m"none"[39m
            [33mheight[39m=[32m"16"[39m
            [33mstroke[39m=[32m"currentColor"[39m
            [33mstroke-linecap[39m=[32m"round"[39m
            [33mstroke-linejoin[39m=[32m"round"[39m
            [33mstroke-width[39m=[32m"2"[39m
            [33mviewBox[39m=[32m"0 0 24 24"[39m
            [33mwidth[39m=[32m"16"[39m
            [33mxmlns[39m=[32m"http://www.w3.org/2000/svg"[39m
          [36m>[39m
            [36m<polyline[39m
              [33mpoints[39m=[32m"20 6 9 17 4 12"[39m
            [36m/>[39m
          [36m</svg>[39m
        [36m</button>[39m
      [36m</div>[39m
    [36m</div>[39m
    [36m<footer[39m
      [33mclass[39m=[32m"p-4 border-t flex justify-end space-x-2"[39m
    [36m>[39m
      [36m<button[39m
        [33maria-label[39m=[32m"Cancelar selecci├│n y cerrar"[39m
        [33mvariant[39m=[32m"ghost"[39m
      [36m>[39m
        [0mCancelar[0m
      [36m</button>[39m
    [36m</footer>[39m
  [36m</div>[39m
[36m</div>[39m

Ignored nodes: comments, script, style
[36m<div[39m
  [33maria-labelledby[39m=[32m"folder-modal-title"[39m
  [33maria-modal[39m=[32m"true"[39m
  [33mclass[39m=[32m"fixed inset-0 bg-black/50 backdrop-blur-sm z-50 flex items-center justify-center p-4"[39m
  [33mrole[39m=[32m"dialog"[39m
[36m>[39m
  [36m<div[39m
    [33mclass[39m=[32m"bg-white rounded-lg shadow-lg w-full max-w-md"[39m
    [33mtabindex[39m=[32m"-1"[39m
  [36m>[39m
    [36m<header[39m
      [33mclass[39m=[32m"flex items-center justify-between p-4 border-b"[39m
    [36m>[39m
      [36m<h2[39m
        [33mclass[39m=[32m"text-lg font-semibold text-gray-800"[39m
        [33mid[39m=[32m"folder-modal-title"[39m
      [36m>[39m
        [0mSeleccionar carpeta[0m
      [36m</h2>[39m
      [36m<button[39m
        [33maria-label[39m=[32m"Cerrar di├ílogo"[39m
        [33mclass[39m=[32m"text-gray-500 hover:text-gray-700 focus:outline-none focus:ring-2 focus:ring-blue-500 p-1 rounded-full"[39m
      [36m>[39m
        [36m<svg[39m
          [33mclass[39m=[32m"lucide lucide-x"[39m
          [33mfill[39m=[32m"none"[39m
          [33mheight[39m=[32m"20"[39m
          [33mstroke[39m=[32m"currentColor"[39m
          [33mstroke-linecap[39m=[32m"round"[39m
          [33mstroke-linejoin[39m=[32m"round"[39m
          [33mstroke-width[39m=[32m"2"[39m
          [33mviewBox[39m=[32m"0 0 24 24"[39m
          [33mwidth[39m=[32m"20"[39m
          [33mxmlns[39m=[32m"http://www.w3.org/2000/svg"[39m
        [36m>[39m
          [36m<path[39m
            [33md[39m=[32m"M18 6 6 18"[39m
          [36m/>[39m
          [36m<path[39m
            [33md[39m=[32m"m6 6 12 12"[39m
          [36m/>[39m
        [36m</svg>[39m
      [36m</button>[39m
    [36m</header>[39m
    [36m<div[39m
      [33mclass[39m=[32m"p-4 border-b"[39m
    [36m>[39m
      [36m<p[39m
        [33mclass[39m=[32m"text-sm text-gray-700"[39m
        [33mid[39m=[32m"folder-modal-description"[39m
      [36m>[39m
        [0mSeleccione una carpeta para mover el correo[0m
      [36m</p>[39m
      [36m<div[39m
        [33mclass[39m=[32m"mt-3 relative"[39m
      [36m>[39m
        [36m<label[39m
          [33mclass[39m=[32m"sr-only"[39m
          [33mfor[39m=[32m"folder-search"[39m
        [36m>[39m
          [0mBuscar carpetas[0m
        [36m</label>[39m
        [36m<input[39m
          [33maria-controls[39m=[32m"folder-list"[39m
          [33maria-describedby[39m=[32m"folder-modal-description"[39m
          [33mclass[39m=[32m"w-full py-2 pl-10 pr-4 border rounded-md focus:ring-blue-500 focus:border-blue-500 text-gray-800"[39m
          [33mid[39m=[32m"folder-search"[39m
          [33mplaceholder[39m=[32m"Buscar carpetas..."[39m
          [33mtype[39m=[32m"text"[39m
          [33mvalue[39m=[32m""[39m
        [36m/>[39m
        [36m<svg[39m
          [33maria-hidden[39m=[32m"true"[39m
          [33mclass[39m=[32m"absolute left-3 top-2.5 text-gray-500"[39m
          [33mfill[39m=[32m"none"[39m
          [33mheight[39m=[32m"18"[39m
          [33mstroke[39m=[32m"currentColor"[39m
          [33mstroke-linecap[39m=[32m"round"[39m
          [33mstroke-linejoin[39m=[32m"round"[39m
          [33mstroke-width[39m=[32m"2"[39m
          [33mviewBox[39m=[32m"0 0 24 24"[39m
          [33mwidth[39m=[32m"18"[39m
          [33mxmlns[39m=[32m"http://www.w3.org/2000/svg"[39m
        [36m>[39m
          [36m<circle[39m
            [33mcx[39m=[32m"11"[39m
            [33mcy[39m=[32m"11"[39m
            [33mr[39m=[32m"8"[39m
          [36m/>[39m
          [36m<path[39m
            [33md[39m=[32m"m21 21-4.3-4.3"[39m
          [36m/>[39m
        [36m</svg>[39m
      [36m</div>[39m
    [36m</div>[39m
    [36m<div[39m
      [33maria-label[39m=[32m"Lista de carpetas disponibles"[39m
      [33mclass[39m=[32m"p-2 max-h-64 overflow-y-auto"[39m
      [33mdata-testid[39m=[32m"folder-menu"[39m
      [33mid[39m=[32m"folder-list"[39m
      [33mrole[39m=[32m"listbox"[39m
      [33mtabindex[39m=[32m"0"[39m
    [36m>[39m
      [36m<div[39m
        [33maria-selected[39m=[32m"false"[39m
        [33mclass[39m=[32m"flex items-center px-3 py-2 rounded-md hover:bg-gray-100 
                   
                  cursor-pointer transition-colors"[39m
        [33mdata-testid[39m=[32m"folder-menu-item"[39m
        [33mrole[39m=[32m"option"[39m
        [33mtabindex[39m=[32m"0"[39m
      [36m>[39m
        [36m<svg[39m
          [33maria-hidden[39m=[32m"true"[39m
          [33mclass[39m=[32m"text-blue-600 mr-2"[39m
          [33mfill[39m=[32m"none"[39m
          [33mheight[39m=[32m"18"[39m
          [33mstroke[39m=[32m"currentColor"[39m
          [33mstroke-linecap[39m=[32m"round"[39m
          [33mstroke-linejoin[39m=[32m"round"[39m
          [33mstroke-width[39m=[32m"2"[39m
          [33mviewBox[39m=[32m"0 0 24 24"[39m
          [33mwidth[39m=[32m"18"[39m
          [33mxmlns[39m=[32m"http://www.w3.org/2000/svg"[39m
        [36m>[39m
          [36m<path[39m
            [33md[39m=[32m"M4 20h16a2 2 0 0 0 2-2V8a2 2 0 0 0-2-2h-7.93a2 2 0 0 1-1.66-.9l-.82-1.2A2 2 0 0 0 7.93 3H4a2 2 0 0 0-2 2v13c0 1.1.9 2 2 2Z"[39m
          [36m/>[39m
        [36m</svg>[39m
        [36m<span[39m
          [33mclass[39m=[32m"flex-grow text-gray-800"[39m
        [36m>[39m
          [0mImportante[0m
        [36m</span>[39m
        [36m<button[39m
          [33maria-label[39m=[32m"Seleccionar carpeta Importante"[39m
          [33mclass[39m=[32m"p-1 bg-blue-100 text-blue-600 rounded-full hover:bg-blue-200 focus:ring-2 focus:ring-blue-500 focus:outline-none"[39m
        [36m>[39m
          [36m<svg[39m
            [33maria-hidden[39m=[32m"true"[39m
            [33mclass[39m=[32m"lucide lucide-check"[39m
            [33mfill[39m=[32m"none"[39m
            [33mheight[39m=[32m"16"[39m
            [33mstroke[39m=[32m"currentColor"[39m
            [33mstroke-linecap[39m=[32m"round"[39m
            [33mstroke-linejoin[39m=[32m"round"[39m
            [33mstroke-width[39m=[32m"2"[39m
            [33mviewBox[39m=[32m"0 0 24 24"[39m
            [33mwidth[39m=[32m"16"[39m
            [33mxmlns[39m=[32m"http://www.w3.org/2000/svg"[39m
          [36m>[39m
            [36m<polyline[39m
              [33mpoints[39m=[32m"20 6 9 17 4 12"[39m
            [36m/>[39m
          [36m</svg>[39m
        [36m</button>[39m
      [36m</div>[39m
      [36m<div[39m
        [33maria-selected[39m=[32m"false"[39m
        [33mclass[39m=[32m"flex items-center px-3 py-2 rounded-md hover:bg-gray-100 
                   
                  cursor-pointer transition-colors"[39m
        [33mdata-testid[39m=[32m"folder-menu-item"[39m
        [33mrole[39m=[32m"option"[39m
        [33mtabindex[39m=[32m"0"[39m
      [36m>[39m
        [36m<svg[39m
          [33maria-hidden[39m=[32m"true"[39m
          [33mclass[39m=[32m"text-blue-600 mr-2"[39m
          [33mfill[39m=[32m"none"[39m
          [33mheight[39m=[32m"18"[39m
          [33mstroke[39m=[32m"currentColor"[39m
          [33mstroke-linecap[39m=[32m"round"[39m
          [33mstroke-linejoin[39m=[32m"round"[39m
          [33mstroke-width[39m=[32m"2"[39m
          [33mviewBox[39m=[32m"0 0 24 24"[39m
          [33mwidth[39m=[32m"18"[39m
          [33mxmlns[39m=[32m"http://www.w3.org/2000/svg"[39m
        [36m>[39m
          [36m<path[39m
            [33md[39m=[32m"M4 20h16a2 2 0 0 0 2-2V8a2 2 0 0 0-2-2h-7.93a2 2 0 0 1-1.66-.9l-.82-1.2A2 2 0 0 0 7.93 3H4a2 2 0 0 0-2 2v13c0 1.1.9 2 2 2Z"[39m
          [36m/>[39m
        [36m</svg>[39m
        [36m<span[39m
          [33mclass[39m=[32m"flex-grow text-gray-800"[39m
        [36m>[39m
          [0mTrabajo[0m
        [36m</span>[39m
        [36m<button[39m
          [33maria-label[39m=[32m"Seleccionar carpeta Trabajo"[39m
          [33mclass[39m=[32m"p-1 bg-blue-100 text-blue-600 rounded-full hover:bg-blue-200 focus:ring-2 focus:ring-blue-500 focus:outline-none"[39m
        [36m>[39m
          [36m<svg[39m
            [33maria-hidden[39m=[32m"true"[39m
            [33mclass[39m=[32m"lucide lucide-check"[39m
            [33mfill[39m=[32m"none"[39m
            [33mheight[39m=[32m"16"[39m
            [33mstroke[39m=[32m"currentColor"[39m
            [33mstroke-linecap[39m=[32m"round"[39m
            [33mstroke-linejoin[39m=[32m"round"[39m
            [33mstroke-width[39m=[32m"2"[39m
            [33mviewBox[39m=[32m"0 0 24 24"[39m
            [33mwidth[39m=[32m"16"[39m
            [33mxmlns[39m=[32m"http://www.w3.org/2000/svg"[39m
          [36m>[39m
            [36m<polyline[39m
              [33mpoints[39m=[32m"20 6 9 17 4 12"[39m
            [36m/>[39m
          [36m</svg>[39m
        [36m</button>[39m
      [36m</div>[39m
      [36m<div[39m
        [33maria-selected[39m=[32m"false"[39m
        [33mclass[39m=[32m"flex items-center px-3 py-2 rounded-md hover:bg-gray-100 
                   
                  cursor-pointer transition-colors"[39m
        [33mdata-testid[39m=[32m"folder-menu-item"[39m
        [33mrole[39m=[32m"option"[39m
        [33mtabindex[39m=[32m"0"[39m
      [36m>[39m
        [36m<svg[39m
          [33maria-hidden[39m=[32m"true"[39m
          [33mclass[39m=[32m"text-blue-600 mr-2"[39m
          [33mfill[39m=[32m"none"[39m
          [33mheight[39m=[32m"18"[39m
          [33mstroke[39m=[32m"currentColor"[39m
          [33mstroke-linecap[39m=[32m"round"[39m
          [33mstroke-linejoin[39m=[32m"round"[39m
          [33mstroke-width[39m=[32m"2"[39m
          [33mviewBox[39m=[32m"0 0 24 24"[39m
          [33mwidth[39m=[32m"18"[39m
          [33mxmlns[39m=[32m"http://www.w3.org/2000/svg"[39m
        [36m>[39m
          [36m<path[39m
            [33md[39m=[32m"M4 20h16a2 2 0 0 0 2-2V8a2 2 0 0 0-2-2h-7.93a2 2 0 0 1-1.66-.9l-.82-1.2A2 2 0 0 0 7.93 3H4a2 2 0 0 0-2 2v13c0 1.1.9 2 2 2Z"[39m
          [36m/>[39m
        [36m</svg>[39m
        [36m<span[39m
          [33mclass[39m=[32m"flex-grow text-gray-800"[39m
        [36m>[39m
          [0mPersonal[0m
        [36m</span>[39m
        [36m<button[39m
          [33maria-label[39m=[32m"Seleccionar carpeta Personal"[39m
          [33mclass[39m=[32m"p-1 bg-blue-100 text-blue-600 rounded-full hover:bg-blue-200 focus:ring-2 focus:ring-blue-500 focus:outline-none"[39m
        [36m>[39m
          [36m<svg[39m
            [33maria-hidden[39m=[32m"true"[39m
            [33mclass[39m=[32m"lucide lucide-check"[39m
            [33mfill[39m=[32m"none"[39m
            [33mheight[39m=[32m"16"[39m
            [33mstroke[39m=[32m"currentColor"[39m
            [33mstroke-linecap[39m=[32m"round"[39m
            [33mstroke-linejoin[39m=[32m"round"[39m
            [33mstroke-width[39m=[32m"2"[39m
            [33mviewBox[39m=[32m"0 0 24 24"[39m
            [33mwidth[39m=[32m"16"[39m
            [33mxmlns[39m=[32m"http://www.w3.org/2000/svg"[39m
          [36m>[39m
            [36m<polyline[39m
              [33mpoints[39m=[32m"20 6 9 17 4 12"[39m
            [36m/>[39m
          [36m</svg>[39m
        [36m</button>[39m
      [36m</div>[39m
    [36m</div>[39m
    [36m<footer[39m
      [33mclass[39m=[32m"p-4 border-t flex justify-end space-x-2"[39m
    [36m>[39m
      [36m<button[39m
        [33maria-label[39m=[32m"Cancelar selecci├│n y cerrar"[39m
        [33mvariant[39m=[32m"ghost"[39m
      [36m>[39m
        [0mCancelar[0m
      [36m</button>[39m
    [36m</footer>[39m
  [36m</div>[39m
[36m</div>[39m

Ignored nodes: comments, script, style
[36m<div[39m
  [33maria-labelledby[39m=[32m"folder-modal-title"[39m
  [33maria-modal[39m=[32m"true"[39m
  [33mclass[39m=[32m"fixed inset-0 bg-black/50 backdrop-blur-sm z-50 flex items-center justify-center p-4"[39m
  [33mrole[39m=[32m"dialog"[39m
[36m>[39m
  [36m<div[39m
    [33mclass[39m=[32m"bg-white rounded-lg shadow-lg w-full max-w-md"[39m
    [33mtabindex[39m=[32m"-1"[39m
  [36m>[39m
    [36m<header[39m
      [33mclass[39m=[32m"flex items-center justify-between p-4 border-b"[39m
    [36m>[39m
      [36m<h2[39m
        [33mclass[39m=[32m"text-lg font-semibold text-gray-800"[39m
        [33mid[39m=[32m"folder-modal-title"[39m
      [36m>[39m
        [0mSeleccionar carpeta[0m
      [36m</h2>[39m
      [36m<button[39m
        [33maria-label[39m=[32m"Cerrar di├ílogo"[39m
        [33mclass[39m=[32m"text-gray-500 hover:text-gray-700 focus:outline-none focus:ring-2 focus:ring-blue-500 p-1 rounded-full"[39m
      [36m>[39m
        [36m<svg[39m
          [33mclass[39m=[32m"lucide lucide-x"[39m
          [33mfill[39m=[32m"none"[39m
          [33mheight[39m=[32m"20"[39m
          [33mstroke[39m=[32m"currentColor"[39m
          [33mstroke-linecap[39m=[32m"round"[39m
          [33mstroke-linejoin[39m=[32m"round"[39m
          [33mstroke-width[39m=[32m"2"[39m
          [33mviewBox[39m=[32m"0 0 24 24"[39m
          [33mwidth[39m=[32m"20"[39m
          [33mxmlns[39m=[32m"http://www.w3.org/2000/svg"[39m
        [36m>[39m
          [36m<path[39m
            [33md[39m=[32m"M18 6 6 18"[39m
          [36m/>[39m
          [36m<path[39m
            [33md[39m=[32m"m6 6 12 12"[39m
          [36m/>[39m
        [36m</svg>[39m
      [36m</button>[39m
    [36m</header>[39m
    [36m<div[39m
      [33mclass[39m=[32m"p-4 border-b"[39m
    [36m>[39m
      [36m<p[39m
        [33mclass[39m=[32m"text-sm text-gray-700"[39m
        [33mid[39m=[32m"folder-modal-description"[39m
      [36m>[39m
        [0mSeleccione una carpeta para mover el correo[0m
      [36m</p>[39m
      [36m<div[39m
        [33mclass[39m=[32m"mt-3 relative"[39m
      [36m>[39m
        [36m<label[39m
          [33mclass[39m=[32m"sr-only"[39m
          [33mfor[39m=[32m"folder-search"[39m
        [36m>[39m
          [0mBuscar carpetas[0m
        [36m</label>[39m
        [36m<input[39m
          [33maria-controls[39m=[32m"folder-list"[39m
          [33maria-describedby[39m=[32m"folder-modal-description"[39m
          [33mclass[39m=[32m"w-full py-2 pl-10 pr-4 border rounded-md focus:ring-blue-500 focus:border-blue-500 text-gray-800"[39m
          [33mid[39m=[32m"folder-search"[39m
          [33mplaceholder[39m=[32m"Buscar carpetas..."[39m
          [33mtype[39m=[32m"text"[39m
          [33mvalue[39m=[32m""[39m
        [36m/>[39m
        [36m<svg[39m
          [33maria-hidden[39m=[32m"true"[39m
          [33mclass[39m=[32m"absolute left-3 top-2.5 text-gray-500"[39m
          [33mfill[39m=[32m"none"[39m
          [33mheight[39m=[32m"18"[39m
          [33mstroke[39m=[32m"currentColor"[39m
          [33mstroke-linecap[39m=[32m"round"[39m
          [33mstroke-linejoin[39m=[32m"round"[39m
          [33mstroke-width[39m=[32m"2"[39m
          [33mviewBox[39m=[32m"0 0 24 24"[39m
          [33mwidth[39m=[32m"18"[39m
          [33mxmlns[39m=[32m"http://www.w3.org/2000/svg"[39m
        [36m>[39m
          [36m<circle[39m
            [33mcx[39m=[32m"11"[39m
            [33mcy[39m=[32m"11"[39m
            [33mr[39m=[32m"8"[39m
          [36m/>[39m
          [36m<path[39m
            [33md[39m=[32m"m21 21-4.3-4.3"[39m
          [36m/>[39m
        [36m</svg>[39m
      [36m</div>[39m
    [36m</div>[39m
    [36m<div[39m
      [33maria-label[39m=[32m"Lista de carpetas disponibles"[39m
      [33mclass[39m=[32m"p-2 max-h-64 overflow-y-auto"[39m
      [33mdata-testid[39m=[32m"folder-menu"[39m
      [33mid[39m=[32m"folder-list"[39m
      [33mrole[39m=[32m"listbox"[39m
      [33mtabindex[39m=[32m"0"[39m
    [36m>[39m
      [36m<div[39m
        [33maria-selected[39m=[32m"false"[39m
        [33mclass[39m=[32m"flex items-center px-3 py-2 rounded-md hover:bg-gray-100 
                   
                  cursor-pointer transition-colors"[39m
        [33mdata-testid[39m=[32m"folder-menu-item"[39m
        [33mrole[39m=[32m"option"[39m
        [33mtabindex[39m=[32m"0"[39m
      [36m>[39m
        [36m<svg[39m
          [33maria-hidden[39m=[32m"true"[39m
          [33mclass[39m=[32m"text-blue-600 mr-2"[39m
          [33mfill[39m=[32m"none"[39m
          [33mheight[39m=[32m"18"[39m
          [33mstroke[39m=[32m"currentColor"[39m
          [33mstroke-linecap[39m=[32m"round"[39m
          [33mstroke-linejoin[39m=[32m"round"[39m
          [33mstroke-width[39m=[32m"2"[39m
          [33mviewBox[39m=[32m"0 0 24 24"[39m
          [33mwidth[39m=[32m"18"[39m
          [33mxmlns[39m=[32m"http://www.w3.org/2000/svg"[39m
        [36m>[39m
          [36m<path[39m
            [33md[39m=[32m"M4 20h16a2 2 0 0 0 2-2V8a2 2 0 0 0-2-2h-7.93a2 2 0 0 1-1.66-.9l-.82-1.2A2 2 0 0 0 7.93 3H4a2 2 0 0 0-2 2v13c0 1.1.9 2 2 2Z"[39m
          [36m/>[39m
        [36m</svg>[39m
        [36m<span[39m
          [33mclass[39m=[32m"flex-grow text-gray-800"[39m
        [36m>[39m
          [0mImportante[0m
        [36m</span>[39m
        [36m<button[39m
          [33maria-label[39m=[32m"Seleccionar carpeta Importante"[39m
          [33mclass[39m=[32m"p-1 bg-blue-100 text-blue-600 rounded-full hover:bg-blue-200 focus:ring-2 focus:ring-blue-500 focus:outline-none"[39m
        [36m>[39m
          [36m<svg[39m
            [33maria-hidden[39m=[32m"true"[39m
            [33mclass[39m=[32m"lucide lucide-check"[39m
            [33mfill[39m=[32m"none"[39m
            [33mheight[39m=[32m"16"[39m
            [33mstroke[39m=[32m"currentColor"[39m
            [33mstroke-linecap[39m=[32m"round"[39m
            [33mstroke-linejoin[39m=[32m"round"[39m
            [33mstroke-width[39m=[32m"2"[39m
            [33mviewBox[39m=[32m"0 0 24 24"[39m
            [33mwidth[39m=[32m"16"[39m
            [33mxmlns[39m=[32m"http://www.w3.org/2000/svg"[39m
          [36m>[39m
            [36m<polyline[39m
              [33mpoints[39m=[32m"20 6 9 17 4 12"[39m
            [36m/>[39m
          [36m</svg>[39m
        [36m</button>[39m
      [36m</div>[39m
      [36m<div[39m
        [33maria-selected[39m=[32m"false"[39m
        [33mclass[39m=[32m"flex items-center px-3 py-2 rounded-md hover:bg-gray-100 
                   
                  cursor-pointer transition-colors"[39m
        [33mdata-testid[39m=[32m"folder-menu-item"[39m
        [33mrole[39m=[32m"option"[39m
        [33mtabindex[39m=[32m"0"[39m
      [36m>[39m
        [36m<svg[39m
          [33maria-hidden[39m=[32m"true"[39m
          [33mclass[39m=[32m"text-blue-600 mr-2"[39m
          [33mfill[39m=[32m"none"[39m
          [33mheight[39m=[32m"18"[39m
          [33mstroke[39m=[32m"currentColor"[39m
          [33mstroke-linecap[39m=[32m"round"[39m
          [33mstroke-linejoin[39m=[32m"round"[39m
          [33mstroke-width[39m=[32m"2"[39m
          [33mviewBox[39m=[32m"0 0 24 24"[39m
          [33mwidth[39m=[32m"18"[39m
          [33mxmlns[39m=[32m"http://www.w3.org/2000/svg"[39m
        [36m>[39m
          [36m<path[39m
            [33md[39m=[32m"M4 20h16a2 2 0 0 0 2-2V8a2 2 0 0 0-2-2h-7.93a2 2 0 0 1-1.66-.9l-.82-1.2A2 2 0 0 0 7.93 3H4a2 2 0 0 0-2 2v13c0 1.1.9 2 2 2Z"[39m
          [36m/>[39m
        [36m</svg>[39m
        [36m<span[39m
          [33mclass[39m=[32m"flex-grow text-gray-800"[39m
        [36m>[39m
          [0mTrabajo[0m
        [36m</span>[39m
        [36m<button[39m
          [33maria-label[39m=[32m"Seleccionar carpeta Trabajo"[39m
          [33mclass[39m=[32m"p-1 bg-blue-100 text-blue-600 rounded-full hover:bg-blue-200 focus:ring-2 focus:ring-blue-500 focus:outline-none"[39m
        [36m>[39m
          [36m<svg[39m
            [33maria-hidden[39m=[32m"true"[39m
            [33mclass[39m=[32m"lucide lucide-check"[39m
            [33mfill[39m=[32m"none"[39m
            [33mheight[39m=[32m"16"[39m
            [33mstroke[39m=[32m"currentColor"[39m
            [33mstroke-linecap[39m=[32m"round"[39m
            [33mstroke-linejoin[39m=[32m"round"[39m
            [33mstroke-width[39m=[32m"2"[39m
            [33mviewBox[39m=[32m"0 0 24 24"[39m
            [33mwidth[39m=[32m"16"[39m
            [33mxmlns[39m=[32m"http://www.w3.org/2000/svg"[39m
          [36m>[39m
            [36m<polyline[39m
              [33mpoints[39m=[32m"20 6 9 17 4 12"[39m
            [36m/>[39m
          [36m</svg>[39m
        [36m</button>[39m
      [36m</div>[39m
      [36m<div[39m
        [33maria-selected[39m=[32m"false"[39m
        [33mclass[39m=[32m"flex items-center px-3 py-2 rounded-md hover:bg-gray-100 
                   
                  cursor-pointer transition-colors"[39m
        [33mdata-testid[39m=[32m"folder-menu-item"[39m
        [33mrole[39m=[32m"option"[39m
        [33mtabindex[39m=[32m"0"[39m
      [36m>[39m
        [36m<svg[39m
          [33maria-hidden[39m=[32m"true"[39m
          [33mclass[39m=[32m"text-blue-600 mr-2"[39m
          [33mfill[39m=[32m"none"[39m
          [33mheight[39m=[32m"18"[39m
          [33mstroke[39m=[32m"currentColor"[39m
          [33mstroke-linecap[39m=[32m"round"[39m
          [33mstroke-linejoin[39m=[32m"round"[39m
          [33mstroke-width[39m=[32m"2"[39m
          [33mviewBox[39m=[32m"0 0 24 24"[39m
          [33mwidth[39m=[32m"18"[39m
          [33mxmlns[39m=[32m"http://www.w3.org/2000/svg"[39m
        [36m>[39m
          [36m<path[39m
            [33md[39m=[32m"M4 20h16a2 2 0 0 0 2-2V8a2 2 0 0 0-2-2h-7.93a2 2 0 0 1-1.66-.9l-.82-1.2A2 2 0 0 0 7.93 3H4a2 2 0 0 0-2 2v13c0 1.1.9 2 2 2Z"[39m
          [36m/>[39m
        [36m</svg>[39m
        [36m<span[39m
          [33mclass[39m=[32m"flex-grow text-gray-800"[39m
        [36m>[39m
          [0mPersonal[0m
        [36m</span>[39m
        [36m<button[39m
          [33maria-label[39m=[32m"Seleccionar carpeta Personal"[39m
          [33mclass[39m=[32m"p-1 bg-blue-100 text-blue-600 rounded-full hover:bg-blue-200 focus:ring-2 focus:ring-blue-500 focus:outline-none"[39m
        [36m>[39m
          [36m<svg[39m
            [33maria-hidden[39m=[32m"true"[39m
            [33mclass[39m=[32m"lucide lucide-check"[39m
            [33mfill[39m=[32m"none"[39m
            [33mheight[39m=[32m"16"[39m
            [33mstroke[39m=[32m"currentColor"[39m
            [33mstroke-linecap[39m=[32m"round"[39m
            [33mstroke-linejoin[39m=[32m"round"[39m
            [33mstroke-width[39m=[32m"2"[39m
            [33mviewBox[39m=[32m"0 0 24 24"[39m
            [33mwidth[39m=[32m"16"[39m
            [33mxmlns[39m=[32m"http://www.w3.org/2000/svg"[39m
          [36m>[39m
            [36m<polyline[39m
              [33mpoints[39m=[32m"20 6 9 17 4 12"[39m
            [36m/>[39m
          [36m</svg>[39m
        [36m</button>[39m
      [36m</div>[39m
    [36m</div>[39m
    [36m<footer[39m
      [33mclass[39m=[32m"p-4 border-t flex justify-end space-x-2"[39m
    [36m>[39m
      [36m<button[39m
        [33maria-label[39m=[32m"Cancelar selecci├│n y cerrar"[39m
        [33mvariant[39m=[32m"ghost"[39m
      [36m>[39m
        [0mCancelar[0m
      [36m</button>[39m
    [36m</footer>[39m
  [36m</div>[39m
[36m</div>[39m

Ignored nodes: comments, script, style
[36m<div[39m
  [33maria-labelledby[39m=[32m"folder-modal-title"[39m
  [33maria-modal[39m=[32m"true"[39m
  [33mclass[39m=[32m"fixed inset-0 bg-black/50 backdrop-blur-sm z-50 flex items-center justify-center p-4"[39m
  [33mrole[39m=[32m"dialog"[39m
[36m>[39m
  [36m<div[39m
    [33mclass[39m=[32m"bg-white rounded-lg shadow-lg w-full max-w-md"[39m
    [33mtabindex[39m=[32m"-1"[39m
  [36m>[39m
    [36m<header[39m
      [33mclass[39m=[32m"flex items-center justify-between p-4 border-b"[39m
    [36m>[39m
      [36m<h2[39m
        [33mclass[39m=[32m"text-lg font-semibold text-gray-800"[39m
        [33mid[39m=[32m"folder-modal-title"[39m
      [36m>[39m
        [0mSeleccionar carpeta[0m
      [36m</h2>[39m
      [36m<button[39m
        [33maria-label[39m=[32m"Cerrar di├ílogo"[39m
        [33mclass[39m=[32m"text-gray-500 hover:text-gray-700 focus:outline-none focus:ring-2 focus:ring-blue-500 p-1 rounded-full"[39m
      [36m>[39m
        [36m<svg[39m
          [33mclass[39m=[32m"lucide lucide-x"[39m
          [33mfill[39m=[32m"none"[39m
          [33mheight[39m=[32m"20"[39m
          [33mstroke[39m=[32m"currentColor"[39m
          [33mstroke-linecap[39m=[32m"round"[39m
          [33mstroke-linejoin[39m=[32m"round"[39m
          [33mstroke-width[39m=[32m"2"[39m
          [33mviewBox[39m=[32m"0 0 24 24"[39m
          [33mwidth[39m=[32m"20"[39m
          [33mxmlns[39m=[32m"http://www.w3.org/2000/svg"[39m
        [36m>[39m
          [36m<path[39m
            [33md[39m=[32m"M18 6 6 18"[39m
          [36m/>[39m
          [36m<path[39m
            [33md[39m=[32m"m6 6 12 12"[39m
          [36m/>[39m
        [36m</svg>[39m
      [36m</button>[39m
    [36m</header>[39m
    [36m<div[39m
      [33mclass[39m=[32m"p-4 border-b"[39m
    [36m>[39m
      [36m<p[39m
        [33mclass[39m=[32m"text-sm text-gray-700"[39m
        [33mid[39m=[32m"folder-modal-description"[39m
      [36m>[39m
        [0mSeleccione una carpeta para mover el correo[0m
      [36m</p>[39m
      [36m<div[39m
        [33mclass[39m=[32m"mt-3 relative"[39m
      [36m>[39m
        [36m<label[39m
          [33mclass[39m=[32m"sr-only"[39m
          [33mfor[39m=[32m"folder-search"[39m
        [36m>[39m
          [0mBuscar carpetas[0m
        [36m</label>[39m
        [36m<input[39m
          [33maria-controls[39m=[32m"folder-list"[39m
          [33maria-describedby[39m=[32m"folder-modal-description"[39m
          [33mclass[39m=[32m"w-full py-2 pl-10 pr-4 border rounded-md focus:ring-blue-500 focus:border-blue-500 text-gray-800"[39m
          [33mid[39m=[32m"folder-search"[39m
          [33mplaceholder[39m=[32m"Buscar carpetas..."[39m
          [33mtype[39m=[32m"text"[39m
          [33mvalue[39m=[32m""[39m
        [36m/>[39m
        [36m<svg[39m
          [33maria-hidden[39m=[32m"true"[39m
          [33mclass[39m=[32m"absolute left-3 top-2.5 text-gray-500"[39m
          [33mfill[39m=[32m"none"[39m
          [33mheight[39m=[32m"18"[39m
          [33mstroke[39m=[32m"currentColor"[39m
          [33mstroke-linecap[39m=[32m"round"[39m
          [33mstroke-linejoin[39m=[32m"round"[39m
          [33mstroke-width[39m=[32m"2"[39m
          [33mviewBox[39m=[32m"0 0 24 24"[39m
          [33mwidth[39m=[32m"18"[39m
          [33mxmlns[39m=[32m"http://www.w3.org/2000/svg"[39m
        [36m>[39m
          [36m<circle[39m
            [33mcx[39m=[32m"11"[39m
            [33mcy[39m=[32m"11"[39m
            [33mr[39m=[32m"8"[39m
          [36m/>[39m
          [36m<path[39m
            [33md[39m=[32m"m21 21-4.3-4.3"[39m
          [36m/>[39m
        [36m</svg>[39m
      [36m</div>[39m
    [36m</div>[39m
    [36m<div[39m
      [33maria-label[39m=[32m"Lista de carpetas disponibles"[39m
      [33mclass[39m=[32m"p-2 max-h-64 overflow-y-auto"[39m
      [33mdata-testid[39m=[32m"folder-menu"[39m
      [33mid[39m=[32m"folder-list"[39m
      [33mrole[39m=[32m"listbox"[39m
      [33mtabindex[39m=[32m"0"[39m
    [36m>[39m
      [36m<div[39m
        [33maria-selected[39m=[32m"false"[39m
        [33mclass[39m=[32m"flex items-center px-3 py-2 rounded-md hover:bg-gray-100 
                   
                  cursor-pointer transition-colors"[39m
        [33mdata-testid[39m=[32m"folder-menu-item"[39m
        [33mrole[39m=[32m"option"[39m
        [33mtabindex[39m=[32m"0"[39m
      [36m>[39m
        [36m<svg[39m
          [33maria-hidden[39m=[32m"true"[39m
          [33mclass[39m=[32m"text-blue-600 mr-2"[39m
          [33mfill[39m=[32m"none"[39m
          [33mheight[39m=[32m"18"[39m
          [33mstroke[39m=[32m"currentColor"[39m
          [33mstroke-linecap[39m=[32m"round"[39m
          [33mstroke-linejoin[39m=[32m"round"[39m
          [33mstroke-width[39m=[32m"2"[39m
          [33mviewBox[39m=[32m"0 0 24 24"[39m
          [33mwidth[39m=[32m"18"[39m
          [33mxmlns[39m=[32m"http://www.w3.org/2000/svg"[39m
        [36m>[39m
          [36m<path[39m
            [33md[39m=[32m"M4 20h16a2 2 0 0 0 2-2V8a2 2 0 0 0-2-2h-7.93a2 2 0 0 1-1.66-.9l-.82-1.2A2 2 0 0 0 7.93 3H4a2 2 0 0 0-2 2v13c0 1.1.9 2 2 2Z"[39m
          [36m/>[39m
        [36m</svg>[39m
        [36m<span[39m
          [33mclass[39m=[32m"flex-grow text-gray-800"[39m
        [36m>[39m
          [0mImportante[0m
        [36m</span>[39m
        [36m<button[39m
          [33maria-label[39m=[32m"Seleccionar carpeta Importante"[39m
          [33mclass[39m=[32m"p-1 bg-blue-100 text-blue-600 rounded-full hover:bg-blue-200 focus:ring-2 focus:ring-blue-500 focus:outline-none"[39m
        [36m>[39m
          [36m<svg[39m
            [33maria-hidden[39m=[32m"true"[39m
            [33mclass[39m=[32m"lucide lucide-check"[39m
            [33mfill[39m=[32m"none"[39m
            [33mheight[39m=[32m"16"[39m
            [33mstroke[39m=[32m"currentColor"[39m
            [33mstroke-linecap[39m=[32m"round"[39m
            [33mstroke-linejoin[39m=[32m"round"[39m
            [33mstroke-width[39m=[32m"2"[39m
            [33mviewBox[39m=[32m"0 0 24 24"[39m
            [33mwidth[39m=[32m"16"[39m
            [33mxmlns[39m=[32m"http://www.w3.org/2000/svg"[39m
          [36m>[39m
            [36m<polyline[39m
              [33mpoints[39m=[32m"20 6 9 17 4 12"[39m
            [36m/>[39m
          [36m</svg>[39m
        [36m</button>[39m
      [36m</div>[39m
      [36m<div[39m
        [33maria-selected[39m=[32m"false"[39m
        [33mclass[39m=[32m"flex items-center px-3 py-2 rounded-md hover:bg-gray-100 
                   
                  cursor-pointer transition-colors"[39m
        [33mdata-testid[39m=[32m"folder-menu-item"[39m
        [33mrole[39m=[32m"option"[39m
        [33mtabindex[39m=[32m"0"[39m
      [36m>[39m
        [36m<svg[39m
          [33maria-hidden[39m=[32m"true"[39m
          [33mclass[39m=[32m"text-blue-600 mr-2"[39m
          [33mfill[39m=[32m"none"[39m
          [33mheight[39m=[32m"18"[39m
          [33mstroke[39m=[32m"currentColor"[39m
          [33mstroke-linecap[39m=[32m"round"[39m
          [33mstroke-linejoin[39m=[32m"round"[39m
          [33mstroke-width[39m=[32m"2"[39m
          [33mviewBox[39m=[32m"0 0 24 24"[39m
          [33mwidth[39m=[32m"18"[39m
          [33mxmlns[39m=[32m"http://www.w3.org/2000/svg"[39m
        [36m>[39m
          [36m<path[39m
            [33md[39m=[32m"M4 20h16a2 2 0 0 0 2-2V8a2 2 0 0 0-2-2h-7.93a2 2 0 0 1-1.66-.9l-.82-1.2A2 2 0 0 0 7.93 3H4a2 2 0 0 0-2 2v13c0 1.1.9 2 2 2Z"[39m
          [36m/>[39m
        [36m</svg>[39m
        [36m<span[39m
          [33mclass[39m=[32m"flex-grow text-gray-800"[39m
        [36m>[39m
          [0mTrabajo[0m
        [36m</span>[39m
        [36m<button[39m
          [33maria-label[39m=[32m"Seleccionar carpeta Trabajo"[39m
          [33mclass[39m=[32m"p-1 bg-blue-100 text-blue-600 rounded-full hover:bg-blue-200 focus:ring-2 focus:ring-blue-500 focus:outline-none"[39m
        [36m>[39m
          [36m<svg[39m
            [33maria-hidden[39m=[32m"true"[39m
            [33mclass[39m=[32m"lucide lucide-check"[39m
            [33mfill[39m=[32m"none"[39m
            [33mheight[39m=[32m"16"[39m
            [33mstroke[39m=[32m"currentColor"[39m
            [33mstroke-linecap[39m=[32m"round"[39m
            [33mstroke-linejoin[39m=[32m"round"[39m
            [33mstroke-width[39m=[32m"2"[39m
            [33mviewBox[39m=[32m"0 0 24 24"[39m
            [33mwidth[39m=[32m"16"[39m
            [33mxmlns[39m=[32m"http://www.w3.org/2000/svg"[39m
          [36m>[39m
            [36m<polyline[39m
              [33mpoints[39m=[32m"20 6 9 17 4 12"[39m
            [36m/>[39m
          [36m</svg>[39m
        [36m</button>[39m
      [36m</div>[39m
      [36m<div[39m
        [33maria-selected[39m=[32m"false"[39m
        [33mclass[39m=[32m"flex items-center px-3 py-2 rounded-md hover:bg-gray-100 
                   
                  cursor-pointer transition-colors"[39m
        [33mdata-testid[39m=[32m"folder-menu-item"[39m
        [33mrole[39m=[32m"option"[39m
        [33mtabindex[39m=[32m"0"[39m
      [36m>[39m
        [36m<svg[39m
          [33maria-hidden[39m=[32m"true"[39m
          [33mclass[39m=[32m"text-blue-600 mr-2"[39m
          [33mfill[39m=[32m"none"[39m
          [33mheight[39m=[32m"18"[39m
          [33mstroke[39m=[32m"currentColor"[39m
          [33mstroke-linecap[39m=[32m"round"[39m
          [33mstroke-linejoin[39m=[32m"round"[39m
          [33mstroke-width[39m=[32m"2"[39m
          [33mviewBox[39m=[32m"0 0 24 24"[39m
          [33mwidth[39m=[32m"18"[39m
          [33mxmlns[39m=[32m"http://www.w3.org/2000/svg"[39m
        [36m>[39m
          [36m<path[39m
            [33md[39m=[32m"M4 20h16a2 2 0 0 0 2-2V8a2 2 0 0 0-2-2h-7.93a2 2 0 0 1-1.66-.9l-.82-1.2A2 2 0 0 0 7.93 3H4a2 2 0 0 0-2 2v13c0 1.1.9 2 2 2Z"[39m
          [36m/>[39m
        [36m</svg>[39m
        [36m<span[39m
          [33mclass[39m=[32m"flex-grow text-gray-800"[39m
        [36m>[39m
          [0mPersonal[0m
        [36m</span>[39m
        [36m<button[39m
          [33maria-label[39m=[32m"Seleccionar carpeta Personal"[39m
          [33mclass[39m=[32m"p-1 bg-blue-100 text-blue-600 rounded-full hover:bg-blue-200 focus:ring-2 focus:ring-blue-500 focus:outline-none"[39m
        [36m>[39m
          [36m<svg[39m
            [33maria-hidden[39m=[32m"true"[39m
            [33mclass[39m=[32m"lucide lucide-check"[39m
            [33mfill[39m=[32m"none"[39m
            [33mheight[39m=[32m"16"[39m
            [33mstroke[39m=[32m"currentColor"[39m
            [33mstroke-linecap[39m=[32m"round"[39m
            [33mstroke-linejoin[39m=[32m"round"[39m
            [33mstroke-width[39m=[32m"2"[39m
            [33mviewBox[39m=[32m"0 0 24 24"[39m
            [33mwidth[39m=[32m"16"[39m
            [33mxmlns[39m=[32m"http://www.w3.org/2000/svg"[39m
          [36m>[39m
            [36m<polyline[39m
              [33mpoints[39m=[32m"20 6 9 17 4 12"[39m
            [36m/>[39m
          [36m</svg>[39m
        [36m</button>[39m
      [36m</div>[39m
    [36m</div>[39m
    [36m<footer[39m
      [33mclass[39m=[32m"p-4 border-t flex justify-end space-x-2"[39m
    [36m>[39m
      [36m<button[39m
        [33maria-label[39m=[32m"Cancelar selecci├│n y cerrar"[39m
        [33mvariant[39m=[32m"ghost"[39m
      [36m>[39m
        [0mCancelar[0m
      [36m</button>[39m
    [36m</footer>[39m
  [36m</div>[39m
[36m</div>[39m

(If this is intentional, then use the `*AllBy*` variant of the query (like `queryAllByText`, `getAllByText`, or `findAllByText`)).

Ignored nodes: comments, script, style
[36m<body>[39m
  [36m<div />[39m
  [36m<div>[39m
    [36m<div[39m
      [33maria-labelledby[39m=[32m"folder-modal-title"[39m
      [33maria-modal[39m=[32m"true"[39m
      [33mclass[39m=[32m"fixed inset-0 bg-black/50 backdrop-blur-sm z-50 flex items-center justify-center p-4"[39m
      [33mrole[39m=[32m"dialog"[39m
    [36m>[39m
      [36m<div[39m
        [33mclass[39m=[32m"bg-white rounded-lg shadow-lg w-full max-w-md"[39m
        [33mtabindex[39m=[32m"-1"[39m
      [36m>[39m
        [36m<header[39m
          [33mclass[39m=[32m"flex items-center justify-between p-4 border-b"[39m
        [36m>[39m
          [36m<h2[39m
            [33mclass[39m=[32m"text-lg font-semibold text-gray-800"[39m
            [33mid[39m=[32m"folder-modal-title"[39m
          [36m>[39m
            [0mT├¡tulo de prueba[0m
          [36m</h2>[39m
          [36m<button[39m
            [33maria-label[39m=[32m"Cerrar di├ílogo"[39m
            [33mclass[39m=[32m"text-gray-500 hover:text-gray-700 focus:outline-none focus:ring-2 focus:ring-blue-500 p-1 rounded-full"[39m
          [36m>[39m
            [36m<svg[39m
              [33mclass[39m=[32m"lucide lucide-x"[39m
              [33mfill[39m=[32m"none"[39m
              [33mheight[39m=[32m"20"[39m
              [33mstroke[39m=[32m"currentColor"[39m
              [33mstroke-linecap[39m=[32m"round"[39m
              [33mstroke-linejoin[39m=[32m"round"[39m
              [33mstroke-width[39m=[32m"2"[39m
              [33mviewBox[39m=[32m"0 0 24 24"[39m
              [33mwidth[39m=[32m"20"[39m
              [33mxmlns[39m=[32m"http://www.w3.org/2000/svg"[39m
            [36m>[39m
              [36m<path[39m
                [33md[39m=[32m"M18 6 6 18"[39m
              [36m/>[39m
              [36m<path[39m
                [33md[39m=[32m"m6 6 12 12"[39m
              [36m/>[39m
            [36m</svg>[39m
          [36m</button>[39m
        [36m</header>[39m
        [36m<div[39m
          [33mclass[39m=[32m"p-4 border-b"[39m
        [36m>[39m
          [36m<p[39m
            [33mclass[39m=[32m"text-sm text-gray-700"[39m
            [33mid[39m=[32m"folder-modal-description"[39m
          [36m>[39m
            [0mDescripci├│n de prueba[0m
          [36m</p>[39m
          [36m<div[39m
            [33mclass[39m=[32m"mt-3 relative"[39m
          [36m>[39m
            [36m<label[39m
              [33mclass[39m=[32m"sr-only"[39m
              [33mfor[39m=[32m"folder-search"[39m
            [36m>[39m
              [0mBuscar carpetas[0m
            [36m</label>[39m
            [36m<input[39m
              [33maria-controls[39m=[32m"folder-list"[39m
              [33maria-describedby[39m=[32m"folder-modal-description"[39m
              [33mclass[39m=[32m"w-full py-2 pl-10 pr-4 border rounded-md focus:ring-blue-500 focus:border-blue-500 text-gray-800"[39m
              [33mid[39m=[32m"folder-search"[39m
              [33mplaceholder[39m=[32m"Buscar carpetas..."[39m
              [33mtype[39m=[32m"text"[39m
              [33mvalue[39m=[32m""[39m
            [36m/>[39m
            [36m<svg[39m
              [33maria-hidden[39m=[32m"true"[39m
              [33mclass[39m=[32m"absolute left-3 top-2.5 text-gray-500"[39m
              [33mfill[39m=[32m"none"[39m
              [33mheight[39m=[32m"18"[39m
              [33mstroke[39m=[32m"currentColor"[39m
              [33mstroke-linecap[39m=[32m"round"[39m
              [33mstroke-linejoin[39m=[32m"round"[39m
              [33mstroke-width[39m=[32m"2"[39m
              [33mviewBox[39m=[32m"0 0 24 24"[39m
              [33mwidth[39m=[32m"18"[39m
              [33mxmlns[39m=[32m"http://www.w3.org/2000/svg"[39m
            [36m>[39m
              [36m<circle[39m
                [33mcx[39m=[32m"11"[39m
                [33mcy[39m=[32m"11"[39m
                [33mr[39m=[32m"8"[39m
              [36m/>[39m
              [36m<path[39m
                [33md[39m=[32m"m21 21-4.3-4.3"[39m
              [36m/>[39m
            [36m</svg>[39m
          [36m</div>[39m
        [36m</div>[39m
        [36m<div[39m
          [33maria-label[39m=[32m"Lista de carpetas disponibles"[39m
          [33mclass[39m=[32m"p-2 max-h-64 overflow-y-auto"[39m
          [33mdata-testid[39m=[32m"folder-menu"[39m
          [33mid[39m=[32m"folder-list"[39m
          [33mrole[39m=[32m"listbox"[39m
          [33mtabindex[39m=[32m"0"[39m
        [36m>[39m
          [36m<div[39m
            [33maria-selected[39m=[32m"false"[39m
            [33mclass[39m=[32m"flex items-center px-3 py-2 rounded-md hover:bg-gray-100 
                   
                  cursor-pointer transition-colors"[39m
            [33mdata-testid[39m=[32m"folder-menu-item"[39m
            [33mrole[39m=[32m"option"[39m
            [33mtabindex[39m=[32m"0"[39m
          [36m>[39m
            [36m<svg[39m
              [33maria-hidden[39m=[32m"true"[39m
              [33mclass[39m=[32m"text-blue-600 mr-2"[39m
              [33mfill[39m=[32m"none"[39m
              [33mheight[39m=[32m"18"[39m
              [33mstroke[39m=[32m"currentColor"[39m
              [33mstroke-linecap[39m=[32m"round"[39m
              [33mstroke-linejoin[39m=[32m"round"[39m
              [33mstroke-width[39m=[32m"2"[39m
              [33mviewBox[39m=[32m"0 0 24 24"[39m
              [33mwidth[39m=[32m"18"[39m
              [33mxmlns[39m=[32m"http://www.w3.org/2000/svg"[39m
            [36m>[39m
              [36m<path[39m
                [33md[39m=[32m"M4 20h16a2 2 0 0 0 2-2V8a2 2 0 0 0-2-2h-7.93a2 2 0 0 1-1.66-.9l-.82-1.2A2 2 0 0 0 7.93 3H4a2 2 0 0 0-2 2v13c0 1.1.9 2 2 2Z"[39m
              [36m/>[39m
            [36m</svg>[39m
            [36m<span[39m
              [33mclass[39m=[32m"flex-grow text-gray-800"[39m
            [36m>[39m
              [0mImportante[0m
            [36m</span>[39m
            [36m<button[39m
              [33maria-label[39m=[32m"Seleccionar carpeta Importante"[39m
              [33mclass[39m=[32m"p-1 bg-blue-100 text-blue-600 rounded-full hover:bg-blue-200 focus:ring-2 focus:ring-blue-500 focus:outline-none"[39m
            [36m>[39m
              [36m<svg[39m
                [33maria-hidden[39m=[32m"true"[39m
                [33mclass[39m=[32m"lucide lucide-check"[39m
                [33mfill[39m=[32m"none"[39m
                [33mheight[39m=[32m"16"[39m
                [33mstroke[39m=[32m"currentColor"[39m
                [33mstroke-linecap[39m=[32m"round"[39m
                [33mstroke-linejoin[39m=[32m"round"[39m
                [33mstroke-width[39m=[32m"2"[39m
                [33mviewBox[39m=[32m"0 0 24 24"[39m
                [33mwi...
   ├ù FolderSelectionModal Component > muestra un mensaje apropiado cuando no hay carpetas disponibles 18ms
     ÔåÆ Invalid Chai property: toBeInTheDocument
 ÔØ» src/test/unit/TagsManager.test.jsx (13 tests | 9 failed) 1223ms
   ├ù TagsManager > renderiza correctamente las etiquetas del sistema y personalizadas 173ms
     ÔåÆ Invalid Chai property: toBeInTheDocument
   ├ù TagsManager > muestra el bot├│n para crear nuevas etiquetas 45ms
     ÔåÆ Found multiple elements with the text: Nueva etiqueta

Here are the matching elements:

Ignored nodes: comments, script, style
[36m<button[39m
  [33mdata-testid[39m=[32m"button-mock"[39m
[36m>[39m
  [36m<div[39m
    [33mdata-testid[39m=[32m"icon-plus"[39m
  [36m>[39m
    [0mPlus Icon[0m
  [36m</div>[39m
  [0mNueva etiqueta[0m
[36m</button>[39m

Ignored nodes: comments, script, style
[36m<button[39m
  [33mdata-testid[39m=[32m"button-mock"[39m
[36m>[39m
  [36m<div[39m
    [33mdata-testid[39m=[32m"icon-plus"[39m
  [36m>[39m
    [0mPlus Icon[0m
  [36m</div>[39m
  [0mNueva etiqueta[0m
[36m</button>[39m

(If this is intentional, then use the `*AllBy*` variant of the query (like `queryAllByText`, `getAllByText`, or `findAllByText`)).

Ignored nodes: comments, script, style
[36m<body>[39m
  [36m<div>[39m
    [36m<div[39m
      [33mclass[39m=[32m"bg-white border rounded-md overflow-hidden"[39m
      [33mdata-testid[39m=[32m"tags-manager-modal"[39m
    [36m>[39m
      [36m<div[39m
        [33mclass[39m=[32m"flex items-center justify-between px-4 py-3 border-b"[39m
      [36m>[39m
        [36m<div>[39m
          [36m<h3[39m
            [33mclass[39m=[32m"text-lg font-medium text-gray-900"[39m
          [36m>[39m
            [0mGestionar etiquetas[0m
          [36m</h3>[39m
          [36m<p[39m
            [33mclass[39m=[32m"mt-1 text-sm text-gray-600"[39m
          [36m>[39m
            [0mCrea y organiza etiquetas para clasificar tus correos[0m
          [36m</p>[39m
        [36m</div>[39m
        [36m<button[39m
          [33maria-label[39m=[32m"Cerrar"[39m
          [33mclass[39m=[32m"text-gray-500 hover:text-gray-700 p-1 rounded"[39m
          [33mdata-testid[39m=[32m"close-modal-button"[39m
        [36m>[39m
          [0mÔ£ò[0m
        [36m</button>[39m
      [36m</div>[39m
      [36m<div[39m
        [33mclass[39m=[32m"px-4 py-3"[39m
      [36m>[39m
        [36m<h4[39m
          [33mclass[39m=[32m"text-sm font-medium text-gray-700 mb-2"[39m
        [36m>[39m
          [0mEtiquetas del sistema[0m
        [36m</h4>[39m
        [36m<div[39m
          [33mclass[39m=[32m"space-y-2 mb-4"[39m
        [36m>[39m
          [36m<div[39m
            [33mclass[39m=[32m"flex items-center justify-between py-2 px-3 bg-gray-50 rounded-md"[39m
          [36m>[39m
            [36m<div[39m
              [33mclass[39m=[32m"flex items-center"[39m
            [36m>[39m
              [36m<div[39m
                [33mclass[39m=[32m"w-3 h-3 rounded-full mr-2"[39m
                [33mstyle[39m=[32m"background-color: rgb(229, 62, 62);"[39m
              [36m/>[39m
              [36m<span[39m
                [33mclass[39m=[32m"text-sm font-medium"[39m
              [36m>[39m
                [0mImportante[0m
              [36m</span>[39m
            [36m</div>[39m
            [36m<span[39m
              [33mclass[39m=[32m"text-xs text-gray-500 italic"[39m
            [36m>[39m
              [0mPredefinida[0m
            [36m</span>[39m
          [36m</div>[39m
          [36m<div[39m
            [33mclass[39m=[32m"flex items-center justify-between py-2 px-3 bg-gray-50 rounded-md"[39m
          [36m>[39m
            [36m<div[39m
              [33mclass[39m=[32m"flex items-center"[39m
            [36m>[39m
              [36m<div[39m
                [33mclass[39m=[32m"w-3 h-3 rounded-full mr-2"[39m
                [33mstyle[39m=[32m"background-color: rgb(49, 130, 206);"[39m
              [36m/>[39m
              [36m<span[39m
                [33mclass[39m=[32m"text-sm font-medium"[39m
              [36m>[39m
                [0mTrabajo[0m
              [36m</span>[39m
            [36m</div>[39m
            [36m<span[39m
              [33mclass[39m=[32m"text-xs text-gray-500 italic"[39m
            [36m>[39m
              [0mPredefinida[0m
            [36m</span>[39m
          [36m</div>[39m
        [36m</div>[39m
        [36m<div[39m
          [33mclass[39m=[32m"border-t border-gray-200 pt-4"[39m
        [36m>[39m
          [36m<div[39m
            [33mclass[39m=[32m"flex items-center justify-between mb-2"[39m
          [36m>[39m
            [36m<h4[39m
              [33mclass[39m=[32m"text-sm font-medium text-gray-700"[39m
            [36m>[39m
              [0mEtiquetas personalizadas[0m
            [36m</h4>[39m
            [36m<button[39m
              [33mdata-testid[39m=[32m"button-mock"[39m
            [36m>[39m
              [36m<div[39m
                [33mdata-testid[39m=[32m"icon-plus"[39m
              [36m>[39m
                [0mPlus Icon[0m
              [36m</div>[39m
              [0mNueva etiqueta[0m
            [36m</button>[39m
          [36m</div>[39m
          [36m<div[39m
            [33mclass[39m=[32m"space-y-2"[39m
          [36m>[39m
            [36m<div[39m
              [33mclass[39m=[32m"flex items-center justify-between py-2 px-3 border border-gray-200 rounded-md"[39m
            [36m>[39m
              [36m<div[39m
                [33mclass[39m=[32m"flex items-center"[39m
              [36m>[39m
                [36m<div[39m
                  [33mclass[39m=[32m"w-3 h-3 rounded-full mr-2"[39m
                  [33mstyle[39m=[32m"background-color: rgb(213, 63, 140);"[39m
                [36m/>[39m
                [36m<span[39m
                  [33mclass[39m=[32m"text-sm"[39m
                [36m>[39m
                  [0mPersonal[0m
                [36m</span>[39m
              [36m</div>[39m
              [36m<button[39m
                [33mdata-testid[39m=[32m"button-mock"[39m
              [36m>[39m
                [36m<div[39m
                  [33mdata-testid[39m=[32m"icon-trash"[39m
                [36m>[39m
                  [0mTrash Icon[0m
                [36m</div>[39m
              [36m</button>[39m
            [36m</div>[39m
            [36m<div[39m
              [33mclass[39m=[32m"flex items-center justify-between py-2 px-3 border border-gray-200 rounded-md"[39m
            [36m>[39m
              [36m<div[39m
                [33mclass[39m=[32m"flex items-center"[39m
              [36m>[39m
                [36m<div[39m
                  [33mclass[39m=[32m"w-3 h-3 rounded-full mr-2"[39m
                  [33mstyle[39m=[32m"background-color: rgb(56, 161, 105);"[39m
                [36m/>[39m
                [36m<span[39m
                  [33mclass[39m=[32m"text-sm"[39m
                [36m>[39m
                  [0mFamilia[0m
                [36m</span>[39m
              [36m</div>[39m
              [36m<button[39m
                [33mdata-testid[39m=[32m"button-mock"[39m
              [36m>[39m
                [36m<div[39m
                  [33mdata-testid[39m=[32m"icon-trash"[39m
                [36m>[39m
                  [0mTrash Icon[0m
                [36m</div>[39m
              [36m</button>[39m
            [36m</div>[39m
          [36m</div>[39m
        [36m</div>[39m
      [36m</div>[39m
    [36m</div>[39m
  [36m</div>[39m
  [36m<div>[39m
    [36m<div[39m
      [33mclass[39m=[32m"bg-white border rounded-md overflow-hidden"[39m
      [33mdata-testid[39m=[32m"tags-manager-modal"[39m
    [36m>[39m
      [36m<div[39m
        [33mclass[39m=[32m"flex items-center justify-between px-4 py-3 border-b"[39m
      [36m>[39m
        [36m<div>[39m
          [36m<h3[39m
            [33mclass[39m=[32m"text-lg font-medium text-gray-900"[39m
          [36m>[39m
            [0mGestionar etiquetas[0m
          [36m</h3>[39m
          [36m<p[39m
            [33mclass[39m=[32m"mt-1 text-sm text-gray-600"[39m
          [36m>[39m
            [0mCrea y organiza etiquetas para clasificar tus correos[0m
          [36m</p>[39m
        [36m</div>[39m
        [36m<button[39m
          [33maria-label[39m=[32m"Cerrar"[39m
          [33mclass[39m=[32m"text-gray-500 hover:text-gray-700 p-1 rounded"[39m
          [33mdata-testid[39m=[32m"close-modal-button"[39m
        [36m>[39m
          [0mÔ£ò[0m
        [36m</button>[39m
      [36m</div>[39m
      [36m<div[39m
        [33mclass[39m=[32m"px-4 py-3"[39m
      [36m>[39m
        [36m<h4[39m
          [33mclass[39m=[32m"text-sm font-medium text-gray-700 mb-2"[39m
        [36m>[39m
          [0mEtiquetas del sistema[0m
        [36m</h4>[39m
        [36m<div[39m
          [33mclass[39m=[32m"space-y-2 mb-4"[39m
        [36m>[39m
          [36m<div[39m
            [33mclass[39m=[32m"flex items-center justify-between py-2 px-3 bg-gray-50 rounded-md"[39m
          [36m>[39m
            [36m<div[39m
              [33mclass[39m=[32m"flex items-center"[39m
            [36m>[39m
              [36m<div[39m
                [33mclass[39m=[32m"w-3 h-3 rounded-full mr-2"[39m
                [33mstyle[39m=[32m"background-color: rgb(229, 62, 62);"[39m
              [36m/>[39m
              [36m<span[39m
                [33mclass[39m=[32m"text-sm font-medium"[39m
              [36m>[39m
                [0mImportante[0m
              [36m</span>[39m
            [36m</div>[39m
            [36m<span[39m
              [33mclass[39m=[32m"text-xs text-gray-500 italic"[39m
            [36m>[39m
              [0mPredefinida[0m
            [36m</span>[39m
          [36m</div>[39m
          [36m<div[39m
            [33mclass[39m=[32m"flex items-center justify-between py-2 px-3 bg-gray-50 rounded-md"[39m
          [36m>[39m
            [36m<div[39m
              [33mclass[39m=[32m"flex items-center"[39m
            [36m>[39m
              [36m<div[39m
                [33mclass[39m=[32m"w-3 h-3 rounded-full mr-2"[39m
                [33mstyle[39m=[32m"background-color: rgb(49, 130, 206);"[39m
              [36m/>[39m
              [36m<span[39m
                [33mclass[39m=[32m"text-sm font-medium"[39m
              [36m>[39m
                [0mTrabajo[0m
              [36m</span>[39m
            [36m</div>[39m
            [36m<span[39m
              [33mclass[39m=[32m"text-xs text-gray-500 italic"[39m
            [36m>[39m
              [0mPredefinida[0m
            [36m</span>[39m
          [36m</div>[39m
        [36m</div>[39m
        [36m<div[39m
          [33mclass[39m=[32m"border-t border-gray-200 pt-4"[39m
        [36m>[39m
          [36m<div[39m
            [33mclass[39m=[32m"flex items-center justify-between mb-2"[39m
          [36m>[39m
            [36m<h4[39m
              [33mclass[39m=[32m"text-sm font-medium text-gray-700"[39m
            [36m>[39m
              [0mEtiquetas personalizadas[0m
            [36m</h4>[39m
            [36m<button[39m
              [33mdata-testid[39m=[32m"button-mock"[39m
            [36m>[39m
              [36m<div[39m
                [33mdata-testid[39m=[32m"icon-plus"[39m
              [36m>[39m
                [0mPlus Icon[0m
              [36m</div>[39m
              [0mNueva etiqueta[0m
            [36m</button>[39m
          [36m</div>[39m
          [36m<div[39m
            [33mclass[39m=[32m"space-y-2"[39m
          [36m>[39m
            [36m<div[39m
              [33mclass[39m=[32m"flex items-center justify-between py-2 px-3 border border-gray-200 rounded-md"[39m
            [36m>[39m
              [36m<div[39m
                [33mclass[39m=[32m"flex items-center"[39m
              [36m>[39m
                [36m<div[39m
                  [33mclass[39m=[32m"w-3 h-3 rounded-full mr-2"[39m
                  [33mstyle[39m=[32m"background-color: rgb(213, 63, 140);"[39m
                [36m/>[39m
                [36m<span[39m
                  [33mclass[39m=[32m"text-sm"[39m
                [36m>[39m
                  [0mPersonal[0m
                [36m</span>[39m
              [36m</div>[39m
              [36m<button[39m
                [33mdata-testid[39m=[32m"button-mock"[39m
              [36m>[39m
                [36m<div[39m
                  [33mdata-testid[39m=[32m"icon-trash"[39m
                [36m>[39m
                  [0mTrash Icon[0m
                [36m</div>[39m
              [36m</button>[39m
            [36m</div>[39m
            [36m<div[39m
              [33mclass[39m=[32m"flex items-center justify-between py-2 px-3 border border-gray-200 rounded-md"[39m
            [36m>[39m
              [36m<div[39m
                [33mclass[39m=[32m"flex items-center"[39m
              [36m>[39m
                [36m<div[39m
                  [33mclass[39m=[32m"w-3 h-3 rounded-full mr-2"[39m
                  [33mstyle[39m=[32m"background-color: rgb(56, 161, 105);"[39m
                [36m/>[39m
                [36m<span[39m
                  [33mclass[39m=[32m"text-sm"[39m
                [36m>[39m
                  [0mFamilia[0m
                [36m</span>[39m
              [36m</div>[39m
              [36m<button[39m
                [33mdata-testid[39m=[32m"button-mock"[39m
              [36m>[39m
                [36m<div[39m
                  [33mdata-testid[39m=[32m"icon-trash"[39m
                [36m>[39m
                  [0mTrash Icon[0m
                [36m</div>[39m
              [36m</button>[39m
            [36m</div>[39m
          [36m</div>[39m
        [36m</div>[39m
      [36m</div>[39m
    [36m</div>[39m
  [36m</div>[39m
[36m</body>[39m
   ├ù TagsManager > muestra el formulario de creaci├│n al hacer clic en el bot├│n "Nueva etiqueta" 95ms
     ÔåÆ Found multiple elements with the text: Nueva etiqueta

Here are the matching elements:

Ignored nodes: comments, script, style
[36m<button[39m
  [33mdata-testid[39m=[32m"button-mock"[39m
[36m>[39m
  [36m<div[39m
    [33mdata-testid[39m=[32m"icon-plus"[39m
  [36m>[39m
    [0mPlus Icon[0m
  [36m</div>[39m
  [0mNueva etiqueta[0m
[36m</button>[39m

Ignored nodes: comments, script, style
[36m<button[39m
  [33mdata-testid[39m=[32m"button-mock"[39m
[36m>[39m
  [36m<div[39m
    [33mdata-testid[39m=[32m"icon-plus"[39m
  [36m>[39m
    [0mPlus Icon[0m
  [36m</div>[39m
  [0mNueva etiqueta[0m
[36m</button>[39m

Ignored nodes: comments, script, style
[36m<button[39m
  [33mdata-testid[39m=[32m"button-mock"[39m
[36m>[39m
  [36m<div[39m
    [33mdata-testid[39m=[32m"icon-plus"[39m
  [36m>[39m
    [0mPlus Icon[0m
  [36m</div>[39m
  [0mNueva etiqueta[0m
[36m</button>[39m

(If this is intentional, then use the `*AllBy*` variant of the query (like `queryAllByText`, `getAllByText`, or `findAllByText`)).

Ignored nodes: comments, script, style
[36m<body>[39m
  [36m<div>[39m
    [36m<div[39m
      [33mclass[39m=[32m"bg-white border rounded-md overflow-hidden"[39m
      [33mdata-testid[39m=[32m"tags-manager-modal"[39m
    [36m>[39m
      [36m<div[39m
        [33mclass[39m=[32m"flex items-center justify-between px-4 py-3 border-b"[39m
      [36m>[39m
        [36m<div>[39m
          [36m<h3[39m
            [33mclass[39m=[32m"text-lg font-medium text-gray-900"[39m
          [36m>[39m
            [0mGestionar etiquetas[0m
          [36m</h3>[39m
          [36m<p[39m
            [33mclass[39m=[32m"mt-1 text-sm text-gray-600"[39m
          [36m>[39m
            [0mCrea y organiza etiquetas para clasificar tus correos[0m
          [36m</p>[39m
        [36m</div>[39m
        [36m<button[39m
          [33maria-label[39m=[32m"Cerrar"[39m
          [33mclass[39m=[32m"text-gray-500 hover:text-gray-700 p-1 rounded"[39m
          [33mdata-testid[39m=[32m"close-modal-button"[39m
        [36m>[39m
          [0mÔ£ò[0m
        [36m</button>[39m
      [36m</div>[39m
      [36m<div[39m
        [33mclass[39m=[32m"px-4 py-3"[39m
      [36m>[39m
        [36m<h4[39m
          [33mclass[39m=[32m"text-sm font-medium text-gray-700 mb-2"[39m
        [36m>[39m
          [0mEtiquetas del sistema[0m
        [36m</h4>[39m
        [36m<div[39m
          [33mclass[39m=[32m"space-y-2 mb-4"[39m
        [36m>[39m
          [36m<div[39m
            [33mclass[39m=[32m"flex items-center justify-between py-2 px-3 bg-gray-50 rounded-md"[39m
          [36m>[39m
            [36m<div[39m
              [33mclass[39m=[32m"flex items-center"[39m
            [36m>[39m
              [36m<div[39m
                [33mclass[39m=[32m"w-3 h-3 rounded-full mr-2"[39m
                [33mstyle[39m=[32m"background-color: rgb(229, 62, 62);"[39m
              [36m/>[39m
              [36m<span[39m
                [33mclass[39m=[32m"text-sm font-medium"[39m
              [36m>[39m
                [0mImportante[0m
              [36m</span>[39m
            [36m</div>[39m
            [36m<span[39m
              [33mclass[39m=[32m"text-xs text-gray-500 italic"[39m
            [36m>[39m
              [0mPredefinida[0m
            [36m</span>[39m
          [36m</div>[39m
          [36m<div[39m
            [33mclass[39m=[32m"flex items-center justify-between py-2 px-3 bg-gray-50 rounded-md"[39m
          [36m>[39m
            [36m<div[39m
              [33mclass[39m=[32m"flex items-center"[39m
            [36m>[39m
              [36m<div[39m
                [33mclass[39m=[32m"w-3 h-3 rounded-full mr-2"[39m
                [33mstyle[39m=[32m"background-color: rgb(49, 130, 206);"[39m
              [36m/>[39m
              [36m<span[39m
                [33mclass[39m=[32m"text-sm font-medium"[39m
              [36m>[39m
                [0mTrabajo[0m
              [36m</span>[39m
            [36m</div>[39m
            [36m<span[39m
              [33mclass[39m=[32m"text-xs text-gray-500 italic"[39m
            [36m>[39m
              [0mPredefinida[0m
            [36m</span>[39m
          [36m</div>[39m
        [36m</div>[39m
        [36m<div[39m
          [33mclass[39m=[32m"border-t border-gray-200 pt-4"[39m
        [36m>[39m
          [36m<div[39m
            [33mclass[39m=[32m"flex items-center justify-between mb-2"[39m
          [36m>[39m
            [36m<h4[39m
              [33mclass[39m=[32m"text-sm font-medium text-gray-700"[39m
            [36m>[39m
              [0mEtiquetas personalizadas[0m
            [36m</h4>[39m
            [36m<button[39m
              [33mdata-testid[39m=[32m"button-mock"[39m
            [36m>[39m
              [36m<div[39m
                [33mdata-testid[39m=[32m"icon-plus"[39m
              [36m>[39m
                [0mPlus Icon[0m
              [36m</div>[39m
              [0mNueva etiqueta[0m
            [36m</button>[39m
          [36m</div>[39m
          [36m<div[39m
            [33mclass[39m=[32m"space-y-2"[39m
          [36m>[39m
            [36m<div[39m
              [33mclass[39m=[32m"flex items-center justify-between py-2 px-3 border border-gray-200 rounded-md"[39m
            [36m>[39m
              [36m<div[39m
                [33mclass[39m=[32m"flex items-center"[39m
              [36m>[39m
                [36m<div[39m
                  [33mclass[39m=[32m"w-3 h-3 rounded-full mr-2"[39m
                  [33mstyle[39m=[32m"background-color: rgb(213, 63, 140);"[39m
                [36m/>[39m
                [36m<span[39m
                  [33mclass[39m=[32m"text-sm"[39m
                [36m>[39m
                  [0mPersonal[0m
                [36m</span>[39m
              [36m</div>[39m
              [36m<button[39m
                [33mdata-testid[39m=[32m"button-mock"[39m
              [36m>[39m
                [36m<div[39m
                  [33mdata-testid[39m=[32m"icon-trash"[39m
                [36m>[39m
                  [0mTrash Icon[0m
                [36m</div>[39m
              [36m</button>[39m
            [36m</div>[39m
            [36m<div[39m
              [33mclass[39m=[32m"flex items-center justify-between py-2 px-3 border border-gray-200 rounded-md"[39m
            [36m>[39m
              [36m<div[39m
                [33mclass[39m=[32m"flex items-center"[39m
              [36m>[39m
                [36m<div[39m
                  [33mclass[39m=[32m"w-3 h-3 rounded-full mr-2"[39m
                  [33mstyle[39m=[32m"background-color: rgb(56, 161, 105);"[39m
                [36m/>[39m
                [36m<span[39m
                  [33mclass[39m=[32m"text-sm"[39m
                [36m>[39m
                  [0mFamilia[0m
                [36m</span>[39m
              [36m</div>[39m
              [36m<button[39m
                [33mdata-testid[39m=[32m"button-mock"[39m
              [36m>[39m
                [36m<div[39m
                  [33mdata-testid[39m=[32m"icon-trash"[39m
                [36m>[39m
                  [0mTrash Icon[0m
                [36m</div>[39m
              [36m</button>[39m
            [36m</div>[39m
          [36m</div>[39m
        [36m</div>[39m
      [36m</div>[39m
    [36m</div>[39m
  [36m</div>[39m
  [36m<div>[39m
    [36m<div[39m
      [33mclass[39m=[32m"bg-white border rounded-md overflow-hidden"[39m
      [33mdata-testid[39m=[32m"tags-manager-modal"[39m
    [36m>[39m
      [36m<div[39m
        [33mclass[39m=[32m"flex items-center justify-between px-4 py-3 border-b"[39m
      [36m>[39m
        [36m<div>[39m
          [36m<h3[39m
            [33mclass[39m=[32m"text-lg font-medium text-gray-900"[39m
          [36m>[39m
            [0mGestionar etiquetas[0m
          [36m</h3>[39m
          [36m<p[39m
            [33mclass[39m=[32m"mt-1 text-sm text-gray-600"[39m
          [36m>[39m
            [0mCrea y organiza etiquetas para clasificar tus correos[0m
          [36m</p>[39m
        [36m</div>[39m
        [36m<button[39m
          [33maria-label[39m=[32m"Cerrar"[39m
          [33mclass[39m=[32m"text-gray-500 hover:text-gray-700 p-1 rounded"[39m
          [33mdata-testid[39m=[32m"close-modal-button"[39m
        [36m>[39m
          [0mÔ£ò[0m
        [36m</button>[39m
      [36m</div>[39m
      [36m<div[39m
        [33mclass[39m=[32m"px-4 py-3"[39m
      [36m>[39m
        [36m<h4[39m
          [33mclass[39m=[32m"text-sm font-medium text-gray-700 mb-2"[39m
        [36m>[39m
          [0mEtiquetas del sistema[0m
        [36m</h4>[39m
        [36m<div[39m
          [33mclass[39m=[32m"space-y-2 mb-4"[39m
        [36m>[39m
          [36m<div[39m
            [33mclass[39m=[32m"flex items-center justify-between py-2 px-3 bg-gray-50 rounded-md"[39m
          [36m>[39m
            [36m<div[39m
              [33mclass[39m=[32m"flex items-center"[39m
            [36m>[39m
              [36m<div[39m
                [33mclass[39m=[32m"w-3 h-3 rounded-full mr-2"[39m
                [33mstyle[39m=[32m"background-color: rgb(229, 62, 62);"[39m
              [36m/>[39m
              [36m<span[39m
                [33mclass[39m=[32m"text-sm font-medium"[39m
              [36m>[39m
                [0mImportante[0m
              [36m</span>[39m
            [36m</div>[39m
            [36m<span[39m
              [33mclass[39m=[32m"text-xs text-gray-500 italic"[39m
            [36m>[39m
              [0mPredefinida[0m
            [36m</span>[39m
          [36m</div>[39m
          [36m<div[39m
            [33mclass[39m=[32m"flex items-center justify-between py-2 px-3 bg-gray-50 rounded-md"[39m
          [36m>[39m
            [36m<div[39m
              [33mclass[39m=[32m"flex items-center"[39m
            [36m>[39m
              [36m<div[39m
                [33mclass[39m=[32m"w-3 h-3 rounded-full mr-2"[39m
                [33mstyle[39m=[32m"background-color: rgb(49, 130, 206);"[39m
              [36m/>[39m
              [36m<span[39m
                [33mclass[39m=[32m"text-sm font-medium"[39m
              [36m>[39m
                [0mTrabajo[0m
              [36m</span>[39m
            [36m</div>[39m
            [36m<span[39m
              [33mclass[39m=[32m"text-xs text-gray-500 italic"[39m
            [36m>[39m
              [0mPredefinida[0m
            [36m</span>[39m
          [36m</div>[39m
        [36m</div>[39m
        [36m<div[39m
          [33mclass[39m=[32m"border-t border-gray-200 pt-4"[39m
        [36m>[39m
          [36m<div[39m
            [33mclass[39m=[32m"flex items-center justify-between mb-2"[39m
          [36m>[39m
            [36m<h4[39m
              [33mclass[39m=[32m"text-sm font-medium text-gray-700"[39m
            [36m>[39m
              [0mEtiquetas personalizadas[0m
            [36m</h4>[39m
            [36m<button[39m
              [33mdata-testid[39m=[32m"button-mock"[39m
            [36m>[39m
              [36m<div[39m
                [33mdata-testid[39m=[32m"icon-plus"[39m
              [36m>[39m
                [0mPlus Icon[0m
              [36m</div>[39m
              [0mNueva etiqueta[0m
            [36m</button>[39m
          [36m</div>[39m
          [36m<div[39m
            [33mclass[39m=[32m"space-y-2"[39m
          [36m>[39m
            [36m<div[39m
              [33mclass[39m=[32m"flex items-center justify-between py-2 px-3 border border-gray-200 rounded-md"[39m
            [36m>[39m
              [36m<div[39m
                [33mclass[39m=[32m"flex items-center"[39m
              [36m>[39m
                [36m<div[39m
                  [33mclass[39m=[32m"w-3 h-3 rounded-full mr-2"[39m
                  [33mstyle[39m=[32m"background-color: rgb(213, 63, 140);"[39m
                [36m/>[39m
                [36m<span[39m
                  [33mclass[39m=[32m"text-sm"[39m
                [36m>[39m
                  [0mPersonal[0m
                [36m</span>[39m
              [36m</div>[39m
              [36m<button[39m
                [33mdata-testid[39m=[32m"button-mock"[39m
              [36m>[39m
                [36m<div[39m
                  [33mdata-testid[39m=[32m"icon-trash"[39m
                [36m>[39m
                  [0mTrash Icon[0m
                [36m</div>[39m
              [36m</button>[39m
            [36m</div>[39m
            [36m<div[39m
              [33mclass[39m=[32m"flex items-center justify-between py-2 px-3 border border-gray-200 rounded-md"[39m
            [36m>[39m
              [36m<div[39m
                [33mclass[39m=[32m"flex items-center"[39m
              [36m>[39m
                [36m<div[39m
                  [33mclass[39m=[32m"w-3 h-3 rounded-full mr-2"[39m
                  [33mstyle[39m=[32m"background-color: rgb(56, 161, 105);"[39m
                [36m/>[39m
                [36m<span[39m
                  [33mclass[39m=[32m"text-sm"[39m
                [36m>[39m
                  [0mFamilia[0m
                [36m</span>[39m
              [36m</div>[39m
              [36m<button[39m
                [33mdata-testid[39m=[32m"button-mock"[39m
              [36m>[39m
                [36m<div[39m
                  [33mdata-testid[39m=[32m"icon-trash"[39m
                [36m>[39m
                  [0mTrash Icon[0m
                [36m</div>[39m
              [36m</button>[39m
            [36m</div>[39m
          [36m</div>[39m
        [36m</div>[39m
      [36m</div>[39m
    [36m</div>[39m
  [36m</div>[39m
  [36m<div>[39m
    [36m<div[39m
      [33mclass[39m=[32m"bg-white border rounded-md overflow-hidden"[39m
      [33mdata-testid[39m=[32m"tags-manager-modal"[39m
    [36m>[39m
      [36m<div[39m
        [33mclass[39m=[32m"flex items-center justify-between px-4 py-3 border-b"[39m
      [36m>[39m
        [36m<div>[39m
          [36m<h3[39m
            [33mclass[39m=[32m"text-lg font-medium text-gray-900"[39m
          [36m>[39m
            [0mGestionar etiquetas[0m
          [36m</h3>[39m
          [36m<p[39m
            [33mclass[39m=[32m"mt-1 text-sm text-gray-600"[39m
          [36m>[39m
            [0mCrea y organiza etiquetas para clasificar tus correos[0m
          [36m</p>[39m
        [36m</div>[39m
        [36m<button[39m
          [33maria-label[39m=[32m"Cerrar"[39m
          [33mclass[39m=[32m"text-gray-500 hover:text-gray-700 p-1 rounded"[39m
          [33mdata-testid[39m=[32m"close-modal-button"[39m
        [36m>[39m
          [0mÔ£ò[0m
        [36m</button>[39m
      [36m</div>[39m
      [36m<div[39m
        [33mclass[39m=[32m"px-4 py-3"[39m
      [36m>[39m
        [36m<h4[39m
          [33mclass[39m=[32m"text-sm font-medium text-gray-700 mb-2"[39m
        [36m>[39m
          [0mEtiquetas del sistema[0m
        [36m</h4>[39m
        [36m<div[39m
          [33mclass[39m=[32m"space-y-2 mb-4"[39m
        [36m>[39m
          [36m<div[39m
            [33mclass[39m=[32m"flex items-center justify-between py-2 px-3 bg-gray-50 rounded-md"[39m
          [36m>[39m
            [36m<div[39m
              [33mclass[39m=[32m"flex items-center"[39m
            [36m>[39m
              [36m<div[39m
                [33mclass[39m=[32m"w-3 h-3 rounded-full mr-2"[39m
                [33mstyle[39m=[32m"background-color: rgb(229, 62, 62);"[39m
              [36m/>[39m
              [36m<span[39m
                [33mclass[39m=[32m"text-sm font-medium"[39m
              [36m>[39m
                [0mImportante[0m
              [36m</span>[39m
            [36m</div>[39m
            [36m<span[39m
              [33mclass[39m=[32m"text-xs text-gray-500 italic"[39m
            [36m>[39m
              [0mPredefinida[0m
            [36m</span>[39m
          [36m</div>[39m
          [36m<div[39m
            [33mclass[39m=[32m"flex items-center justify-between py-2 px-3 bg-gray-50 rounded-md"[39m
          [36m>[39m
            [36m<div[39m
              [33mclass[39m=[32m"flex items-center"[39m
            [36m>[39m
              [36m<div[39m
                [33mclass[39m=[32m"w-3 h-3 rounded-full mr-2"[39m
                [33mstyle[39m=[32m"background-color: rgb(49, 130, 206);"[39m
              [36m/>[39m
              [36m<span[39m
                [33mclass[39m=[32m"text-sm font-medium"[39m
              [36m>[39m
                [0mTrabajo[0m
              [36m</span>[39m
            [36m</div>[39m
            [36m<span[39m
              [33mclass[39m=[32m"text-xs text-gray-500 italic"[39m
            [36m>[39m
              [0mPredefinida[0m
            [36m</span>[39m
          [36m</div>[39m
        [36m</div>[39m
        [36m<div[39m
          [33mclass[39m=[32m"border-t border-gray-200 pt-4"[39m
        [36m>[39m
          [36m<div[39m
            [33mclass[39m=[32m"flex items-center justify-between mb-2"[39m
          [36m>[39m
            [36m<h4[39m
              [33mclass[39m=[32m"text-sm font-medium text-gray-700"[39m
            [36m>[39m
              [0mEtiquetas personalizadas[0m
            [36m</h4>[39m
            [36m<button[39m
              [33mdata-testid[39m=[32m"button-mock"[39m
            [36m>[39m
              [36m<div[39m
                [33mdata-testid[39m=[32m"icon-plus"[39m
              [36m>[39m
                [0mPlus Icon[0m
              [36m</div>[39m
              [0mNueva etiqueta[0m
            [36m</button>[39m
          [36m</div>[39m
          [36m<div[39m
            [33mclass[39m=[32m"space-y-2"[39m
          [36m>[39m
            [36m<div[39m
              [33mclass[39m=[32m"flex items-center justify-between py-2 px-3 border border-gray-200 rounded-md"[39m
            [36m>[39m
              [36m<div[39m
                [33mclass[39m=[32m"flex items-center"[39m
              [36m>[39m
                [36m<div[39m
                  [33mclass[39m=[32m"w-3 h-3 rounded-full mr-2"[39m
                  [33mstyle[39m=[32m"background-color: rgb(213, 63, 140);"[39m
                [36m/>[39m
                [36m<span[39m
                  [33mclass[39m=[32m"text-sm"[39m
                [36m>[39m
                  [0mPersonal[0m
                [36m</span>[39m
              [36m</div>[39m
              [36m<button[39m
                [33mdata-testid[39m=[32m"button-mock"[39m
              [36m>[39m
                [36m<div[39m
                  [33mdata-testid[39m=[32m"icon-trash"[39m
                [36m>[39m
                  [0mTrash Icon[0m
                [36m</div>[39m
              [36m</button>[39m
            [36m</div>[39m
            [36m<div[39m
              [33mclass[39m=[32m"flex items-center justify-between py-2 px-3 border border-gray-200 rounded-md"[39m
            [36m>[39m
              [36m<div[39m
                [33mclass[39m=[32m"flex items-center"[39m
              [36m>[39m
                [36m<div[39m
                  [33mclass[39m=[32m"w-3 h-3 rounded-full mr-2"[39m
                  [33mstyle[39m=[32m"background-color: rgb(56, 161, 105);"[39m
                [36m/>[39m
                [36m<span[39m
                  [33mclass[39m=[32m"text-sm"[39m
                [36m>[39m
                  [0mFamilia[0m
                [36m</span>[39m
              [36m</div>[39m
              [36m<button[39m
                [33mdata-testid[39m=[32m"button-mock"[39m
              [36m>[39m
                [36m<div[39m
                  [33mdata-testid[39m=[32m"icon-trash"[39m
                [36m>[39m
                  [0mTrash Icon[0m
                [36m</div>[39m
              [36m</button>[39m
            [36m</div>[39m
          [36m</div>[39m
        [36m</div>[39m
      [36m</div>[39m
    [36m</div>[39m
  [36m</div>[39m
[36m</body>[39m
   ├ù TagsManager > oculta el formulario al hacer clic en "Cancelar" 41ms
     ÔåÆ Found multiple elements with the text: Nueva etiqueta

Here are the matching elements:

Ignored nodes: comments, script, style
[36m<button[39m
  [33mdata-testid[39m=[32m"button-mock"[39m
[36m>[39m
  [36m<div[39m
    [33mdata-testid[39m=[32m"icon-plus"[39m
  [36m>[39m
    [0mPlus Icon[0m
  [36m</div>[39m
  [0mNueva etiqueta[0m
[36m</button>[39m

Ignored nodes: comments, script, style
[36m<button[39m
  [33mdata-testid[39m=[32m"button-mock"[39m
[36m>[39m
  [36m<div[39m
    [33mdata-testid[39m=[32m"icon-plus"[39m
  [36m>[39m
    [0mPlus Icon[0m
  [36m</div>[39m
  [0mNueva etiqueta[0m
[36m</button>[39m

Ignored nodes: comments, script, style
[36m<button[39m
  [33mdata-testid[39m=[32m"button-mock"[39m
[36m>[39m
  [36m<div[39m
    [33mdata-testid[39m=[32m"icon-plus"[39m
  [36m>[39m
    [0mPlus Icon[0m
  [36m</div>[39m
  [0mNueva etiqueta[0m
[36m</button>[39m

Ignored nodes: comments, script, style
[36m<button[39m
  [33mdata-testid[39m=[32m"button-mock"[39m
[36m>[39m
  [36m<div[39m
    [33mdata-testid[39m=[32m"icon-plus"[39m
  [36m>[39m
    [0mPlus Icon[0m
  [36m</div>[39m
  [0mNueva etiqueta[0m
[36m</button>[39m

(If this is intentional, then use the `*AllBy*` variant of the query (like `queryAllByText`, `getAllByText`, or `findAllByText`)).

Ignored nodes: comments, script, style
[36m<body>[39m
  [36m<div>[39m
    [36m<div[39m
      [33mclass[39m=[32m"bg-white border rounded-md overflow-hidden"[39m
      [33mdata-testid[39m=[32m"tags-manager-modal"[39m
    [36m>[39m
      [36m<div[39m
        [33mclass[39m=[32m"flex items-center justify-between px-4 py-3 border-b"[39m
      [36m>[39m
        [36m<div>[39m
          [36m<h3[39m
            [33mclass[39m=[32m"text-lg font-medium text-gray-900"[39m
          [36m>[39m
            [0mGestionar etiquetas[0m
          [36m</h3>[39m
          [36m<p[39m
            [33mclass[39m=[32m"mt-1 text-sm text-gray-600"[39m
          [36m>[39m
            [0mCrea y organiza etiquetas para clasificar tus correos[0m
          [36m</p>[39m
        [36m</div>[39m
        [36m<button[39m
          [33maria-label[39m=[32m"Cerrar"[39m
          [33mclass[39m=[32m"text-gray-500 hover:text-gray-700 p-1 rounded"[39m
          [33mdata-testid[39m=[32m"close-modal-button"[39m
        [36m>[39m
          [0mÔ£ò[0m
        [36m</button>[39m
      [36m</div>[39m
      [36m<div[39m
        [33mclass[39m=[32m"px-4 py-3"[39m
      [36m>[39m
        [36m<h4[39m
          [33mclass[39m=[32m"text-sm font-medium text-gray-700 mb-2"[39m
        [36m>[39m
          [0mEtiquetas del sistema[0m
        [36m</h4>[39m
        [36m<div[39m
          [33mclass[39m=[32m"space-y-2 mb-4"[39m
        [36m>[39m
          [36m<div[39m
            [33mclass[39m=[32m"flex items-center justify-between py-2 px-3 bg-gray-50 rounded-md"[39m
          [36m>[39m
            [36m<div[39m
              [33mclass[39m=[32m"flex items-center"[39m
            [36m>[39m
              [36m<div[39m
                [33mclass[39m=[32m"w-3 h-3 rounded-full mr-2"[39m
                [33mstyle[39m=[32m"background-color: rgb(229, 62, 62);"[39m
              [36m/>[39m
              [36m<span[39m
                [33mclass[39m=[32m"text-sm font-medium"[39m
              [36m>[39m
                [0mImportante[0m
              [36m</span>[39m
            [36m</div>[39m
            [36m<span[39m
              [33mclass[39m=[32m"text-xs text-gray-500 italic"[39m
            [36m>[39m
              [0mPredefinida[0m
            [36m</span>[39m
          [36m</div>[39m
          [36m<div[39m
            [33mclass[39m=[32m"flex items-center justify-between py-2 px-3 bg-gray-50 rounded-md"[39m
          [36m>[39m
            [36m<div[39m
              [33mclass[39m=[32m"flex items-center"[39m
            [36m>[39m
              [36m<div[39m
                [33mclass[39m=[32m"w-3 h-3 rounded-full mr-2"[39m
                [33mstyle[39m=[32m"background-color: rgb(49, 130, 206);"[39m
              [36m/>[39m
              [36m<span[39m
                [33mclass[39m=[32m"text-sm font-medium"[39m
              [36m>[39m
                [0mTrabajo[0m
              [36m</span>[39m
            [36m</div>[39m
            [36m<span[39m
              [33mclass[39m=[32m"text-xs text-gray-500 italic"[39m
            [36m>[39m
              [0mPredefinida[0m
            [36m</span>[39m
          [36m</div>[39m
        [36m</div>[39m
        [36m<div[39m
          [33mclass[39m=[32m"border-t border-gray-200 pt-4"[39m
        [36m>[39m
          [36m<div[39m
            [33mclass[39m=[32m"flex items-center justify-between mb-2"[39m
          [36m>[39m
            [36m<h4[39m
              [33mclass[39m=[32m"text-sm font-medium text-gray-700"[39m
            [36m>[39m
              [0mEtiquetas personalizadas[0m
            [36m</h4>[39m
            [36m<button[39m
              [33mdata-testid[39m=[32m"button-mock"[39m
            [36m>[39m
              [36m<div[39m
                [33mdata-testid[39m=[32m"icon-plus"[39m
              [36m>[39m
                [0mPlus Icon[0m
              [36m</div>[39m
              [0mNueva etiqueta[0m
            [36m</button>[39m
          [36m</div>[39m
          [36m<div[39m
            [33mclass[39m=[32m"space-y-2"[39m
          [36m>[39m
            [36m<div[39m
              [33mclass[39m=[32m"flex items-center justify-between py-2 px-3 border border-gray-200 rounded-md"[39m
            [36m>[39m
              [36m<div[39m
                [33mclass[39m=[32m"flex items-center"[39m
              [36m>[39m
                [36m<div[39m
                  [33mclass[39m=[32m"w-3 h-3 rounded-full mr-2"[39m
                  [33mstyle[39m=[32m"background-color: rgb(213, 63, 140);"[39m
                [36m/>[39m
                [36m<span[39m
                  [33mclass[39m=[32m"text-sm"[39m
                [36m>[39m
                  [0mPersonal[0m
                [36m</span>[39m
              [36m</div>[39m
              [36m<button[39m
                [33mdata-testid[39m=[32m"button-mock"[39m
              [36m>[39m
                [36m<div[39m
                  [33mdata-testid[39m=[32m"icon-trash"[39m
                [36m>[39m
                  [0mTrash Icon[0m
                [36m</div>[39m
              [36m</button>[39m
            [36m</div>[39m
            [36m<div[39m
              [33mclass[39m=[32m"flex items-center justify-between py-2 px-3 border border-gray-200 rounded-md"[39m
            [36m>[39m
              [36m<div[39m
                [33mclass[39m=[32m"flex items-center"[39m
              [36m>[39m
                [36m<div[39m
                  [33mclass[39m=[32m"w-3 h-3 rounded-full mr-2"[39m
                  [33mstyle[39m=[32m"background-color: rgb(56, 161, 105);"[39m
                [36m/>[39m
                [36m<span[39m
                  [33mclass[39m=[32m"text-sm"[39m
                [36m>[39m
                  [0mFamilia[0m
                [36m</span>[39m
              [36m</div>[39m
              [36m<button[39m
                [33mdata-testid[39m=[32m"button-mock"[39m
              [36m>[39m
                [36m<div[39m
                  [33mdata-testid[39m=[32m"icon-trash"[39m
                [36m>[39m
                  [0mTrash Icon[0m
                [36m</div>[39m
              [36m</button>[39m
            [36m</div>[39m
          [36m</div>[39m
        [36m</div>[39m
      [36m</div>[39m
    [36m</div>[39m
  [36m</div>[39m
  [36m<div>[39m
    [36m<div[39m
      [33mclass[39m=[32m"bg-white border rounded-md overflow-hidden"[39m
      [33mdata-testid[39m=[32m"tags-manager-modal"[39m
    [36m>[39m
      [36m<div[39m
        [33mclass[39m=[32m"flex items-center justify-between px-4 py-3 border-b"[39m
      [36m>[39m
        [36m<div>[39m
          [36m<h3[39m
            [33mclass[39m=[32m"text-lg font-medium text-gray-900"[39m
          [36m>[39m
            [0mGestionar etiquetas...
   ├ù TagsManager > permite seleccionar un color para la etiqueta 33ms
     ÔåÆ Found multiple elements with the text: Nueva etiqueta

Here are the matching elements:

Ignored nodes: comments, script, style
[36m<button[39m
  [33mdata-testid[39m=[32m"button-mock"[39m
[36m>[39m
  [36m<div[39m
    [33mdata-testid[39m=[32m"icon-plus"[39m
  [36m>[39m
    [0mPlus Icon[0m
  [36m</div>[39m
  [0mNueva etiqueta[0m
[36m</button>[39m

Ignored nodes: comments, script, style
[36m<button[39m
  [33mdata-testid[39m=[32m"button-mock"[39m
[36m>[39m
  [36m<div[39m
    [33mdata-testid[39m=[32m"icon-plus"[39m
  [36m>[39m
    [0mPlus Icon[0m
  [36m</div>[39m
  [0mNueva etiqueta[0m
[36m</button>[39m

Ignored nodes: comments, script, style
[36m<button[39m
  [33mdata-testid[39m=[32m"button-mock"[39m
[36m>[39m
  [36m<div[39m
    [33mdata-testid[39m=[32m"icon-plus"[39m
  [36m>[39m
    [0mPlus Icon[0m
  [36m</div>[39m
  [0mNueva etiqueta[0m
[36m</button>[39m

Ignored nodes: comments, script, style
[36m<button[39m
  [33mdata-testid[39m=[32m"button-mock"[39m
[36m>[39m
  [36m<div[39m
    [33mdata-testid[39m=[32m"icon-plus"[39m
  [36m>[39m
    [0mPlus Icon[0m
  [36m</div>[39m
  [0mNueva etiqueta[0m
[36m</button>[39m

Ignored nodes: comments, script, style
[36m<button[39m
  [33mdata-testid[39m=[32m"button-mock"[39m
[36m>[39m
  [36m<div[39m
    [33mdata-testid[39m=[32m"icon-plus"[39m
  [36m>[39m
    [0mPlus Icon[0m
  [36m</div>[39m
  [0mNueva etiqueta[0m
[36m</button>[39m

(If this is intentional, then use the `*AllBy*` variant of the query (like `queryAllByText`, `getAllByText`, or `findAllByText`)).

Ignored nodes: comments, script, style
[36m<body>[39m
  [36m<div>[39m
    [36m<div[39m
      [33mclass[39m=[32m"bg-white border rounded-md overflow-hidden"[39m
      [33mdata-testid[39m=[32m"tags-manager-modal"[39m
    [36m>[39m
      [36m<div[39m
        [33mclass[39m=[32m"flex items-center justify-between px-4 py-3 border-b"[39m
      [36m>[39m
        [36m<div>[39m
          [36m<h3[39m
            [33mclass[39m=[32m"text-lg font-medium text-gray-900"[39m
          [36m>[39m
            [0mGestionar etiquetas[0m
          [36m</h3>[39m
          [36m<p[39m
            [33mclass[39m=[32m"mt-1 text-sm text-gray-600"[39m
          [36m>[39m
            [0mCrea y organiza etiquetas para clasificar tus correos[0m
          [36m</p>[39m
        [36m</div>[39m
        [36m<button[39m
          [33maria-label[39m=[32m"Cerrar"[39m
          [33mclass[39m=[32m"text-gray-500 hover:text-gray-700 p-1 rounded"[39m
          [33mdata-testid[39m=[32m"close-modal-button"[39m
        [36m>[39m
          [0mÔ£ò[0m
        [36m</button>[39m
      [36m</div>[39m
      [36m<div[39m
        [33mclass[39m=[32m"px-4 py-3"[39m
      [36m>[39m
        [36m<h4[39m
          [33mclass[39m=[32m"text-sm font-medium text-gray-700 mb-2"[39m
        [36m>[39m
          [0mEtiquetas del sistema[0m
        [36m</h4>[39m
        [36m<div[39m
          [33mclass[39m=[32m"space-y-2 mb-4"[39m
        [36m>[39m
          [36m<div[39m
            [33mclass[39m=[32m"flex items-center justify-between py-2 px-3 bg-gray-50 rounded-md"[39m
          [36m>[39m
            [36m<div[39m
              [33mclass[39m=[32m"flex items-center"[39m
            [36m>[39m
              [36m<div[39m
                [33mclass[39m=[32m"w-3 h-3 rounded-full mr-2"[39m
                [33mstyle[39m=[32m"background-color: rgb(229, 62, 62);"[39m
              [36m/>[39m
              [36m<span[39m
                [33mclass[39m=[32m"text-sm font-medium"[39m
              [36m>[39m
                [0mImportante[0m
              [36m</span>[39m
            [36m</div>[39m
            [36m<span[39m
              [33mclass[39m=[32m"text-xs text-gray-500 italic"[39m
            [36m>[39m
              [0mPredefinida[0m
            [36m</span>[39m
          [36m</div>[39m
          [36m<div[39m
            [33mclass[39m=[32m"flex items-center justify-between py-2 px-3 bg-gray-50 rounded-md"[39m
          [36m>[39m
            [36m<div[39m
              [33mclass[39m=[32m"flex items-center"[39m
            [36m>[39m
              [36m<div[39m
                [33mclass[39m=[32m"w-3 h-3 rounded-full mr-2"[39m
                [33mstyle[39m=[32m"background-color: rgb(49, 130, 206);"[39m
              [36m/>[39m
              [36m<span[39m
                [33mclass[39m=[32m"text-sm font-medium"[39m
              [36m>[39m
                [0mTrabajo[0m
              [36m</span>[39m
            [36m</div>[39m
            [36m<span[39m
              [33mclass[39m=[32m"text-xs text-gray-500 italic"[39m
            [36m>[39m
              [0mPredefinida[0m
            [36m</span>[39m
          [36m</div>[39m
        [36m</div>[39m
        [36m<div[39m
          [33mclass[39m=[32m"border-t border-gray-200 pt-4"[39m
        [36m>[39m
          [36m<div[39m
            [33mclass[39m=[32m"flex items-center justify-between mb-2"[39m
          [36m>[39m
            [36m<h4[39m
              [33mclass[39m=[32m"text-sm font-medium text-gray-700"[39m
            [36m>[39m
              [0mEtiquetas personalizadas[0m
            [36m</h4>[39m
            [36m<button[39m
              [33mdata-testid[39m=[32m"button-mock"[39m
            [36m>[39m
              [36m<div[39m
                [33mdata-testid[39m=[32m"icon-plus"[39m
              [36m>[39m
                [0mPlus Icon[0m
              [36m</div>[39m
              [0mNueva etiqueta[0m
            [36m</button>[39m
          [36m</div>[39m
          [36m<div[39m
            [33mclass[39m=[32m"space-y-2"[39m
          [36m>[39m
            [36m<div[39m
              [33mclass[39m=[32m"flex items-center justify-between py-2 px-3 border border-gray-200 rounded-md"[39m
            [36m>[39m
              [36m<div[39m
                [33mclass[39m=[32m"flex items-center"[39m
              [36m>[39m
                [36m<div[39m
                  [33mclass[39m=[32m"w-3 h-3 rounded-full mr-2"[39m
                  [33mstyle[39m=[32m"background-color: rgb(213, 63, 140);"[39m
                [36m/>[39m
                [36m<span[39m
                  [33mclass[39m=[32m"text-sm"[39m
                [36m>[39m
                  [0mPersonal[0m
                [36m</span>[39m
              [36m</div>[39m
              [36m<button[39m
                [33mdata-testid[39m=[32m"button-mock"[39m
              [36m>[39m
                [36m<div[39m
                  [33mdata-testid[39m=[32m"icon-trash"[39m
                [36m>[39m
                  [0mTrash Icon[0m
                [36m</div>[39m
              [36m</button>[39m
            [36m</div>[39m
            [36m<div[39m
              [33mclass[39m=[32m"flex items-center justify-between py-2 px-3 border border-gray-200 rounded-md"[39m
            [36m>[39m
              [36m<div[39m
                [33mclass[39m=[32m"flex items-center"[39m
              [36m>[39m
                [36m<div[39m
                  [33mclass[39m=[32m"w-3 h-3 rounded-full mr-2"[39m
                  [33mstyle[39m=[32m"background-color: rgb(56, 161, 105);"[39m
                [36m/>[39m
                [36m<span[39m
                  [33mclass[39m=[32m"text-sm"[39m
                [36m>[39m
                  [0mFamilia[0m
                [36m</span>[39m
              [36m</div>[39m
              [36m<button[39m
                [33mdata-testid[39m=[32m"button-mock"[39m
              [36m>[39m
                [36m<div[39m
                  [33mdata-testid[39m=[32m"icon-trash"[39m
                [36m>[39m
                  [0mTrash Icon[0m
                [36m</div>[39m
              [36m</button>[39m
            [36m</div>[39m
          [36m</div>[39m
        [36m</div>[39m
      [36m</div>[39m
    [36m</div>[39m
  [36m</div>[39m
  [36m<div>[39m
    [36m<div[39m
      [33mclass[39m=[32m"bg-white border rounded-md overflow-hidden"[39m
      [33mdata-testid[39m=[32m"tags-manager-modal"[39m
    [36m>[39m
      [36m<div[39m
        [33mclass[39m=[32m"flex items-center justify-between px-4 py-3 border-b"[39m
      [36m>[39m
        [36m<div>[39m
          [36m<h3[39m
            [33mclass[39m=[32m"text-lg font-medium text-gray-900"[39m
          [36m>[39m
            [0mGestionar etiquetas...
   ├ù TagsManager > crea una nueva etiqueta al enviar el formulario 213ms
     ÔåÆ Found multiple elements with the text: Nueva etiqueta

Here are the matching elements:

Ignored nodes: comments, script, style
[36m<button[39m
  [33mdata-testid[39m=[32m"button-mock"[39m
[36m>[39m
  [36m<div[39m
    [33mdata-testid[39m=[32m"icon-plus"[39m
  [36m>[39m
    [0mPlus Icon[0m
  [36m</div>[39m
  [0mNueva etiqueta[0m
[36m</button>[39m

Ignored nodes: comments, script, style
[36m<button[39m
  [33mdata-testid[39m=[32m"button-mock"[39m
[36m>[39m
  [36m<div[39m
    [33mdata-testid[39m=[32m"icon-plus"[39m
  [36m>[39m
    [0mPlus Icon[0m
  [36m</div>[39m
  [0mNueva etiqueta[0m
[36m</button>[39m

Ignored nodes: comments, script, style
[36m<button[39m
  [33mdata-testid[39m=[32m"button-mock"[39m
[36m>[39m
  [36m<div[39m
    [33mdata-testid[39m=[32m"icon-plus"[39m
  [36m>[39m
    [0mPlus Icon[0m
  [36m</div>[39m
  [0mNueva etiqueta[0m
[36m</button>[39m

Ignored nodes: comments, script, style
[36m<button[39m
  [33mdata-testid[39m=[32m"button-mock"[39m
[36m>[39m
  [36m<div[39m
    [33mdata-testid[39m=[32m"icon-plus"[39m
  [36m>[39m
    [0mPlus Icon[0m
  [36m</div>[39m
  [0mNueva etiqueta[0m
[36m</button>[39m

Ignored nodes: comments, script, style
[36m<button[39m
  [33mdata-testid[39m=[32m"button-mock"[39m
[36m>[39m
  [36m<div[39m
    [33mdata-testid[39m=[32m"icon-plus"[39m
  [36m>[39m
    [0mPlus Icon[0m
  [36m</div>[39m
  [0mNueva etiqueta[0m
[36m</button>[39m

Ignored nodes: comments, script, style
[36m<button[39m
  [33mdata-testid[39m=[32m"button-mock"[39m
[36m>[39m
  [36m<div[39m
    [33mdata-testid[39m=[32m"icon-plus"[39m
  [36m>[39m
    [0mPlus Icon[0m
  [36m</div>[39m
  [0mNueva etiqueta[0m
[36m</button>[39m

(If this is intentional, then use the `*AllBy*` variant of the query (like `queryAllByText`, `getAllByText`, or `findAllByText`)).

Ignored nodes: comments, script, style
[36m<body>[39m
  [36m<div>[39m
    [36m<div[39m
      [33mclass[39m=[32m"bg-white border rounded-md overflow-hidden"[39m
      [33mdata-testid[39m=[32m"tags-manager-modal"[39m
    [36m>[39m
      [36m<div[39m
        [33mclass[39m=[32m"flex items-center justify-between px-4 py-3 border-b"[39m
      [36m>[39m
        [36m<div>[39m
          [36m<h3[39m
            [33mclass[39m=[32m"text-lg font-medium text-gray-900"[39m
          [36m>[39m
            [0mGestionar etiquetas[0m
          [36m</h3>[39m
          [36m<p[39m
            [33mclass[39m=[32m"mt-1 text-sm text-gray-600"[39m
          [36m>[39m
            [0mCrea y organiza etiquetas para clasificar tus correos[0m
          [36m</p>[39m
        [36m</div>[39m
        [36m<button[39m
          [33maria-label[39m=[32m"Cerrar"[39m
          [33mclass[39m=[32m"text-gray-500 hover:text-gray-700 p-1 rounded"[39m
          [33mdata-testid[39m=[32m"close-modal-button"[39m
        [36m>[39m
          [0mÔ£ò[0m
        [36m</button>[39m
      [36m</div>[39m
      [36m<div[39m
        [33mclass[39m=[32m"px-4 py-3"[39m
      [36m>[39m
        [36m<h4[39m
          [33mclass[39m=[32m"text-sm font-medium text-gray-700 mb-2"[39m
        [36m>[39m
          [0mEtiquetas del sistema[0m
        [36m</h4>[39m
        [36m<div[39m
          [33mclass[39m=[32m"space-y-2 mb-4"[39m
        [36m>[39m
          [36m<div[39m
            [33mclass[39m=[32m"flex items-center justify-between py-2 px-3 bg-gray-50 rounded-md"[39m
          [36m>[39m
            [36m<div[39m
              [33mclass[39m=[32m"flex items-center"[39m
            [36m>[39m
              [36m<div[39m
                [33mclass[39m=[32m"w-3 h-3 rounded-full mr-2"[39m
                [33mstyle[39m=[32m"background-color: rgb(229, 62, 62);"[39m
              [36m/>[39m
              [36m<span[39m
                [33mclass[39m=[32m"text-sm font-medium"[39m
              [36m>[39m
                [0mImportante[0m
              [36m</span>[39m
            [36m</div>[39m
            [36m<span[39m
              [33mclass[39m=[32m"text-xs text-gray-500 italic"[39m
            [36m>[39m
              [0mPredefinida[0m
            [36m</span>[39m
          [36m</div>[39m
          [36m<div[39m
            [33mclass[39m=[32m"flex items-center justify-between py-2 px-3 bg-gray-50 rounded-md"[39m
          [36m>[39m
            [36m<div[39m
              [33mclass[39m=[32m"flex items-center"[39m
            [36m>[39m
              [36m<div[39m
                [33mclass[39m=[32m"w-3 h-3 rounded-full mr-2"[39m
                [33mstyle[39m=[32m"background-color: rgb(49, 130, 206);"[39m
              [36m/>[39m
              [36m<span[39m
                [33mclass[39m=[32m"text-sm font-medium"[39m
              [36m>[39m
                [0mTrabajo[0m
              [36m</span>[39m
            [36m</div>[39m
            [36m<span[39m
              [33mclass[39m=[32m"text-xs text-gray-500 italic"[39m
            [36m>[39m
              [0mPredefinida[0m
            [36m</span>[39m
          [36m</div>[39m
        [36m</div>[39m
        [36m<div[39m
          [33mclass[39m=[32m"border-t border-gray-200 pt-4"[39m
        [36m>[39m
          [36m<div[39m
            [33mclass[39m=[32m"flex items-center justify-between mb-2"[39m
          [36m>[39m
            [36m<h4[39m
              [33mclass[39m=[32m"text-sm font-medium text-gray-700"[39m
            [36m>[39m
              [0mEtiquetas personalizadas[0m
            [36m</h4>[39m
            [36m<button[39m
              [33mdata-testid[39m=[32m"button-mock"[39m
            [36m>[39m
              [36m<div[39m
                [33mdata-testid[39m=[32m"icon-plus"[39m
              [36m>[39m
                [0mPlus Icon[0m
              [36m</div>[39m
              [0mNueva etiqueta[0m
            [36m</button>[39m
          [36m</div>[39m
          [36m<div[39m
            [33mclass[39m=[32m"space-y-2"[39m
          [36m>[39m
            [36m<div[39m
              [33mclass[39m=[32m"flex items-center justify-between py-2 px-3 border border-gray-200 rounded-md"[39m
            [36m>[39m
              [36m<div[39m
                [33mclass[39m=[32m"flex items-center"[39m
              [36m>[39m
                [36m<div[39m
                  [33mclass[39m=[32m"w-3 h-3 rounded-full mr-2"[39m
                  [33mstyle[39m=[32m"background-color: rgb(213, 63, 140);"[39m
                [36m/>[39m
                [36m<span[39m
                  [33mclass[39m=[32m"text-sm"[39m
                [36m>[39m
                  [0mPersonal[0m
                [36m</span>[39m
              [36m</div>[39m
              [36m<button[39m
                [33mdata-testid[39m=[32m"button-mock"[39m
              [36m>[39m
                [36m<div[39m
                  [33mdata-testid[39m=[32m"icon-trash"[39m
                [36m>[39m
                  [0mTrash Icon[0m
                [36m</div>[39m
              [36m</button>[39m
            [36m</div>[39m
            [36m<div[39m
              [33mclass[39m=[32m"flex items-center justify-between py-2 px-3 border border-gray-200 rounded-md"[39m
            [36m>[39m
              [36m<div[39m
                [33mclass[39m=[32m"flex items-center"[39m
              [36m>[39m
                [36m<div[39m
                  [33mclass[39m=[32m"w-3 h-3 rounded-full mr-2"[39m
                  [33mstyle[39m=[32m"background-color: rgb(56, 161, 105);"[39m
                [36m/>[39m
                [36m<span[39m
                  [33mclass[39m=[32m"text-sm"[39m
                [36m>[39m
                  [0mFamilia[0m
                [36m</span>[39m
              [36m</div>[39m
              [36m<button[39m
                [33mdata-testid[39m=[32m"button-mock"[39m
              [36m>[39m
                [36m<div[39m
                  [33mdata-testid[39m=[32m"icon-trash"[39m
                [36m>[39m
                  [0mTrash Icon[0m
                [36m</div>[39m
              [36m</button>[39m
            [36m</div>[39m
          [36m</div>[39m
        [36m</div>[39m
      [36m</div>[39m
    [36m</div>[39m
  [36m</div>[39m
  [36m<div>[39m
    [36m<div[39m
      [33mclass[39m=[32m"bg-white border rounded-md overflow-hidden"[39m
      [33mdata-testid[39m=[32m"tags-manager-modal"[39m
    [36m>[39m
      [36m<div[39m
        [33mclass[39m=[32m"flex items-center justify-between px-4 py-3 border-b"[39m
      [36m>[39m
        [36m<div>[39m
          [36m<h3[39m
            [33mclass[39m=[32m"text-lg font-medium text-gray-900"[39m
          [36m>[39m
            [0mGestionar etiquetas...
   ├ù TagsManager > no crea etiquetas con nombre vac├¡o 96ms
     ÔåÆ Found multiple elements with the text: Nueva etiqueta

Here are the matching elements:

Ignored nodes: comments, script, style
[36m<button[39m
  [33mdata-testid[39m=[32m"button-mock"[39m
[36m>[39m
  [36m<div[39m
    [33mdata-testid[39m=[32m"icon-plus"[39m
  [36m>[39m
    [0mPlus Icon[0m
  [36m</div>[39m
  [0mNueva etiqueta[0m
[36m</button>[39m

Ignored nodes: comments, script, style
[36m<button[39m
  [33mdata-testid[39m=[32m"button-mock"[39m
[36m>[39m
  [36m<div[39m
    [33mdata-testid[39m=[32m"icon-plus"[39m
  [36m>[39m
    [0mPlus Icon[0m
  [36m</div>[39m
  [0mNueva etiqueta[0m
[36m</button>[39m

Ignored nodes: comments, script, style
[36m<button[39m
  [33mdata-testid[39m=[32m"button-mock"[39m
[36m>[39m
  [36m<div[39m
    [33mdata-testid[39m=[32m"icon-plus"[39m
  [36m>[39m
    [0mPlus Icon[0m
  [36m</div>[39m
  [0mNueva etiqueta[0m
[36m</button>[39m

Ignored nodes: comments, script, style
[36m<button[39m
  [33mdata-testid[39m=[32m"button-mock"[39m
[36m>[39m
  [36m<div[39m
    [33mdata-testid[39m=[32m"icon-plus"[39m
  [36m>[39m
    [0mPlus Icon[0m
  [36m</div>[39m
  [0mNueva etiqueta[0m
[36m</button>[39m

Ignored nodes: comments, script, style
[36m<button[39m
  [33mdata-testid[39m=[32m"button-mock"[39m
[36m>[39m
  [36m<div[39m
    [33mdata-testid[39m=[32m"icon-plus"[39m
  [36m>[39m
    [0mPlus Icon[0m
  [36m</div>[39m
  [0mNueva etiqueta[0m
[36m</button>[39m

Ignored nodes: comments, script, style
[36m<button[39m
  [33mdata-testid[39m=[32m"button-mock"[39m
[36m>[39m
  [36m<div[39m
    [33mdata-testid[39m=[32m"icon-plus"[39m
  [36m>[39m
    [0mPlus Icon[0m
  [36m</div>[39m
  [0mNueva etiqueta[0m
[36m</button>[39m

Ignored nodes: comments, script, style
[36m<button[39m
  [33mdata-testid[39m=[32m"button-mock"[39m
[36m>[39m
  [36m<div[39m
    [33mdata-testid[39m=[32m"icon-plus"[39m
  [36m>[39m
    [0mPlus Icon[0m
  [36m</div>[39m
  [0mNueva etiqueta[0m
[36m</button>[39m

(If this is intentional, then use the `*AllBy*` variant of the query (like `queryAllByText`, `getAllByText`, or `findAllByText`)).

Ignored nodes: comments, script, style
[36m<body>[39m
  [36m<div>[39m
    [36m<div[39m
      [33mclass[39m=[32m"bg-white border rounded-md overflow-hidden"[39m
      [33mdata-testid[39m=[32m"tags-manager-modal"[39m
    [36m>[39m
      [36m<div[39m
        [33mclass[39m=[32m"flex items-center justify-between px-4 py-3 border-b"[39m
      [36m>[39m
        [36m<div>[39m
          [36m<h3[39m
            [33mclass[39m=[32m"text-lg font-medium text-gray-900"[39m
          [36m>[39m
            [0mGestionar etiquetas[0m
          [36m</h3>[39m
          [36m<p[39m
            [33mclass[39m=[32m"mt-1 text-sm text-gray-600"[39m
          [36m>[39m
            [0mCrea y organiza etiquetas para clasificar tus correos[0m
          [36m</p>[39m
        [36m</div>[39m
        [36m<button[39m
          [33maria-label[39m=[32m"Cerrar"[39m
          [33mclass[39m=[32m"text-gray-500 hover:text-gray-700 p-1 rounded"[39m
          [33mdata-testid[39m=[32m"close-modal-button"[39m
        [36m>[39m
          [0mÔ£ò[0m
        [36m</button>[39m
      [36m</div>[39m
      [36m<div[39m
        [33mclass[39m=[32m"px-4 py-3"[39m
      [36m>[39m
        [36m<h4[39m
          [33mclass[39m=[32m"text-sm font-medium text-gray-700 mb-2"[39m
        [36m>[39m
          [0mEtiquetas del sistema[0m
        [36m</h4>[39m
        [36m<div[39m
          [33mclass[39m=[32m"space-y-2 mb-4"[39m
        [36m>[39m
          [36m<div[39m
            [33mclass[39m=[32m"flex items-center justify-between py-2 px-3 bg-gray-50 rounded-md"[39m
          [36m>[39m
            [36m<div[39m
              [33mclass[39m=[32m"flex items-center"[39m
            [36m>[39m
              [36m<div[39m
                [33mclass[39m=[32m"w-3 h-3 rounded-full mr-2"[39m
                [33mstyle[39m=[32m"background-color: rgb(229, 62, 62);"[39m
              [36m/>[39m
              [36m<span[39m
                [33mclass[39m=[32m"text-sm font-medium"[39m
              [36m>[39m
                [0mImportante[0m
              [36m</span>[39m
            [36m</div>[39m
            [36m<span[39m
              [33mclass[39m=[32m"text-xs text-gray-500 italic"[39m
            [36m>[39m
              [0mPredefinida[0m
            [36m</span>[39m
          [36m</div>[39m
          [36m<div[39m
            [33mclass[39m=[32m"flex items-center justify-between py-2 px-3 bg-gray-50 rounded-md"[39m
          [36m>[39m
            [36m<div[39m
              [33mclass[39m=[32m"flex items-center"[39m
            [36m>[39m
              [36m<div[39m
                [33mclass[39m=[32m"w-3 h-3 rounded-full mr-2"[39m
                [33mstyle[39m=[32m"background-color: rgb(49, 130, 206);"[39m
              [36m/>[39m
              [36m<span[39m
                [33mclass[39m=[32m"text-sm font-medium"[39m
              [36m>[39m
                [0mTrabajo[0m
              [36m</span>[39m
            [36m</div>[39m
            [36m<span[39m
              [33mclass[39m=[32m"text-xs text-gray-500 italic"[39m
            [36m>[39m
              [0mPredefinida[0m
            [36m</span>[39m
          [36m</div>[39m
        [36m</div>[39m
        [36m<div[39m
          [33mclass[39m=[32m"border-t border-gray-200 pt-4"[39m
        [36m>[39m
          [36m<div[39m
            [33mclass[39m=[32m"flex items-center justify-between mb-2"[39m
          [36m>[39m
            [36m<h4[39m
              [33mclass[39m=[32m"text-sm font-medium text-gray-700"[39m
            [36m>[39m
              [0mEtiquetas personalizadas[0m
            [36m</h4>[39m
            [36m<button[39m
              [33mdata-testid[39m=[32m"button-mock"[39m
            [36m>[39m
              [36m<div[39m
                [33mdata-testid[39m=[32m"icon-plus"[39m
              [36m>[39m
                [0mPlus Icon[0m
              [36m</div>[39m
              [0mNueva etiqueta[0m
            [36m</button>[39m
          [36m</div>[39m
          [36m<div[39m
            [33mclass[39m=[32m"space-y-2"[39m
          [36m>[39m
            [36m<div[39m
              [33mclass[39m=[32m"flex items-center justify-between py-2 px-3 border border-gray-200 rounded-md"[39m
            [36m>[39m
              [36m<div[39m
                [33mclass[39m=[32m"flex items-center"[39m
              [36m>[39m
                [36m<div[39m
                  [33mclass[39m=[32m"w-3 h-3 rounded-full mr-2"[39m
                  [33mstyle[39m=[32m"background-color: rgb(213, 63, 140);"[39m
                [36m/>[39m
                [36m<span[39m
                  [33mclass[39m=[32m"text-sm"[39m
                [36m>[39m
                  [0mPersonal[0m
                [36m</span>[39m
              [36m</div>[39m
              [36m<button[39m
                [33mdata-testid[39m=[32m"button-mock"[39m
              [36m>[39m
                [36m<div[39m
                  [33mdata-testid[39m=[32m"icon-trash"[39m
                [36m>[39m
                  [0mTrash Icon[0m
                [36m</div>[39m
              [36m</button>[39m
            [36m</div>[39m
            [36m<div[39m
              [33mclass[39m=[32m"flex items-center justify-between py-2 px-3 border border-gray-200 rounded-md"[39m
            [36m>[39m
              [36m<div[39m
                [33mclass[39m=[32m"flex items-center"[39m
              [36m>[39m
                [36m<div[39m
                  [33mclass[39m=[32m"w-3 h-3 rounded-full mr-2"[39m
                  [33mstyle[39m=[32m"background-color: rgb(56, 161, 105);"[39m
                [36m/>[39m
                [36m<span[39m
                  [33mclass[39m=[32m"text-sm"[39m
                [36m>[39m
                  [0mFamilia[0m
                [36m</span>[39m
              [36m</div>[39m
              [36m<button[39m
                [33mdata-testid[39m=[32m"button-mock"[39m
              [36m>[39m
                [36m<div[39m
                  [33mdata-testid[39m=[32m"icon-trash"[39m
                [36m>[39m
                  [0mTrash Icon[0m
                [36m</div>[39m
              [36m</button>[39m
            [36m</div>[39m
          [36m</div>[39m
        [36m</div>[39m
      [36m</div>[39m
    [36m</div>[39m
  [36m</div>[39m
  [36m<div>[39m
    [36m<div[39m
      [33mclass[39m=[32m"bg-white border rounded-md overflow-hidden"[39m
      [33mdata-testid[39m=[32m"tags-manager-modal"[39m
    [36m>[39m
      [36m<div[39m
        [33mclass[39m=[32m"flex items-center justify-between px-4 py-3 border-b"[39m
      [36m>[39m
        [36m<div>[39m
          [36m<h3[39m
            [33mclass[39m=[32m"text-lg font-medium text-gray-900"[39m
          [36m>[39m
            [0mGestionar etiquetas...
   Ô£ô TagsManager > elimina una etiqueta existente cuando se confirma  368ms
   Ô£ô TagsManager > no elimina una etiqueta cuando se cancela la confirmaci├│n 43ms
   ├ù TagsManager > muestra mensaje cuando no hay etiquetas personalizadas 20ms
     ÔåÆ Invalid Chai property: toBeInTheDocument
   ├ù TagsManager > maneja errores al crear una etiqueta 35ms
     ÔåÆ Found multiple elements with the text: Nueva etiqueta

Here are the matching elements:

Ignored nodes: comments, script, style
[36m<button[39m
  [33mdata-testid[39m=[32m"button-mock"[39m
[36m>[39m
  [36m<div[39m
    [33mdata-testid[39m=[32m"icon-plus"[39m
  [36m>[39m
    [0mPlus Icon[0m
  [36m</div>[39m
  [0mNueva etiqueta[0m
[36m</button>[39m

Ignored nodes: comments, script, style
[36m<button[39m
  [33mdata-testid[39m=[32m"button-mock"[39m
[36m>[39m
  [36m<div[39m
    [33mdata-testid[39m=[32m"icon-plus"[39m
  [36m>[39m
    [0mPlus Icon[0m
  [36m</div>[39m
  [0mNueva etiqueta[0m
[36m</button>[39m

Ignored nodes: comments, script, style
[36m<button[39m
  [33mdata-testid[39m=[32m"button-mock"[39m
[36m>[39m
  [36m<div[39m
    [33mdata-testid[39m=[32m"icon-plus"[39m
  [36m>[39m
    [0mPlus Icon[0m
  [36m</div>[39m
  [0mNueva etiqueta[0m
[36m</button>[39m

Ignored nodes: comments, script, style
[36m<button[39m
  [33mdata-testid[39m=[32m"button-mock"[39m
[36m>[39m
  [36m<div[39m
    [33mdata-testid[39m=[32m"icon-plus"[39m
  [36m>[39m
    [0mPlus Icon[0m
  [36m</div>[39m
  [0mNueva etiqueta[0m
[36m</button>[39m

Ignored nodes: comments, script, style
[36m<button[39m
  [33mdata-testid[39m=[32m"button-mock"[39m
[36m>[39m
  [36m<div[39m
    [33mdata-testid[39m=[32m"icon-plus"[39m
  [36m>[39m
    [0mPlus Icon[0m
  [36m</div>[39m
  [0mNueva etiqueta[0m
[36m</button>[39m

Ignored nodes: comments, script, style
[36m<button[39m
  [33mdata-testid[39m=[32m"button-mock"[39m
[36m>[39m
  [36m<div[39m
    [33mdata-testid[39m=[32m"icon-plus"[39m
  [36m>[39m
    [0mPlus Icon[0m
  [36m</div>[39m
  [0mNueva etiqueta[0m
[36m</button>[39m

Ignored nodes: comments, script, style
[36m<button[39m
  [33mdata-testid[39m=[32m"button-mock"[39m
[36m>[39m
  [36m<div[39m
    [33mdata-testid[39m=[32m"icon-plus"[39m
  [36m>[39m
    [0mPlus Icon[0m
  [36m</div>[39m
  [0mNueva etiqueta[0m
[36m</button>[39m

Ignored nodes: comments, script, style
[36m<button[39m
  [33mdata-testid[39m=[32m"button-mock"[39m
[36m>[39m
  [36m<div[39m
    [33mdata-testid[39m=[32m"icon-plus"[39m
  [36m>[39m
    [0mPlus Icon[0m
  [36m</div>[39m
  [0mNueva etiqueta[0m
[36m</button>[39m

Ignored nodes: comments, script, style
[36m<button[39m
  [33mdata-testid[39m=[32m"button-mock"[39m
[36m>[39m
  [36m<div[39m
    [33mdata-testid[39m=[32m"icon-plus"[39m
  [36m>[39m
    [0mPlus Icon[0m
  [36m</div>[39m
  [0mNueva etiqueta[0m
[36m</button>[39m

Ignored nodes: comments, script, style
[36m<button[39m
  [33mdata-testid[39m=[32m"button-mock"[39m
[36m>[39m
  [36m<div[39m
    [33mdata-testid[39m=[32m"icon-plus"[39m
  [36m>[39m
    [0mPlus Icon[0m
  [36m</div>[39m
  [0mNueva etiqueta[0m
[36m</button>[39m

Ignored nodes: comments, script, style
[36m<button[39m
  [33mdata-testid[39m=[32m"button-mock"[39m
[36m>[39m
  [36m<div[39m
    [33mdata-testid[39m=[32m"icon-plus"[39m
  [36m>[39m
    [0mPlus Icon[0m
  [36m</div>[39m
  [0mNueva etiqueta[0m
[36m</button>[39m

(If this is intentional, then use the `*AllBy*` variant of the query (like `queryAllByText`, `getAllByText`, or `findAllByText`)).

Ignored nodes: comments, script, style
[36m<body>[39m
  [36m<div>[39m
    [36m<div[39m
      [33mclass[39m=[32m"bg-white border rounded-md overflow-hidden"[39m
      [33mdata-testid[39m=[32m"tags-manager-modal"[39m
    [36m>[39m
      [36m<div[39m
        [33mclass[39m=[32m"flex items-center justify-between px-4 py-3 border-b"[39m
      [36m>[39m
        [36m<div>[39m
          [36m<h3[39m
            [33mclass[39m=[32m"text-lg font-medium text-gray-900"[39m
          [36m>[39m
            [0mGestionar etiquetas[0m
          [36m</h3>[39m
          [36m<p[39m
            [33mclass[39m=[32m"mt-1 text-sm text-gray-600"[39m
          [36m>[39m
            [0mCrea y organiza etiquetas para clasificar tus correos[0m
          [36m</p>[39m
        [36m</div>[39m
        [36m<button[39m
          [33maria-label[39m=[32m"Cerrar"[39m
          [33mclass[39m=[32m"text-gray-500 hover:text-gray-700 p-1 rounded"[39m
          [33mdata-testid[39m=[32m"close-modal-button"[39m
        [36m>[39m
          [0mÔ£ò[0m
        [36m</button>[39m
      [36m</div>[39m
      [36m<div[39m
        [33mclass[39m=[32m"px-4 py-3"[39m
      [36m>[39m
        [36m<h4[39m
          [33mclass[39m=[32m"text-sm font-medium text-gray-700 mb-2"[39m
        [36m>[39m
          [0mEtiquetas del sistema[0m
        [36m</h4>[39m
        [36m<div[39m
          [33mclass[39m=[32m"space-y-2 mb-4"[39m
        [36m>[39m
          [36m<div[39m
            [33mclass[39m=[32m"flex items-center justify-between py-2 px-3 bg-gray-50 rounded-md"[39m
          [36m>[39m
            [36m<div[39m
              [33mclass[39m=[32m"flex items-center"[39m
            [36m>[39m
              [36m<div[39m
                [33mclass[39m=[32m"w-3 h-3 rounded-full mr-2"[39m
                [33mstyle[39m=[32m"background-color: rgb(229, 62, 62);"[39m
              [36m/>[39m
              [36m<span[39m
                [33mclass[39m=[32m"text-sm font-medium"[39m
              [36m>[39m
                [0mImportante[0m
              [36m</span>[39m
            [36m</div>[39m
            [36m<span[39m
              [33mclass[39m=[32m"text-xs text-gray-500 italic"[39m
            [36m>[39m
              [0mPredefinida[0m
            [36m</span>[39m
          [36m</div>[39m
          [36m<div[39m
            [33mclass[39m=[32m"flex items-center justify-between py-2 px-3 bg-gray-50 rounded-md"[39m
          [36m>[39m
            [36m<div[39m
              [33mclass[39m=[32m"flex items-center"[39m
            [36m>[39m
              [36m<div[39m
                [33mclass[39m=[32m"w-3 h-3 rounded-full mr-2"[39m
                [33mstyle[39m=[32m"background-color: rgb(49, 130, 206);"[39m
              [36m/>[39m
              [36m<span[39m
                [33mclass[39m=[32m"text-sm font-medium"[39m
              [36m>[39m
                [0mTrabajo[0m
              [36m</span>[39m
            [36m</div>[39m
            [36m<span[39m
              [33mclass[39m=[32m"text-xs text-gray-500 italic"[39m
            [36m>[39m
              [0mPredefinida[0m
            [36m</span>[39m
          [36m</div>[39m
        [36m</div>[39m
        [36m<div[39m
          [33mclass[39m=[32m"border-t border-gray-200 pt-4"[39m
        [36m>[39m
          [36m<div[39m
            [33mclass[39m=[32m"flex items-center justify-between mb-2"[39m
          [36m>[39m
            [36m<h4[39m
              [33mclass[39m=[32m"text-sm font-medium text-gray-700"[39m
            [36m>[39m
              [0mEtiquetas personalizadas[0m
            [36m</h4>[39m
            [36m<button[39m
              [33mdata-testid[39m=[32m"button-mock"[39m
            [36m>[39m
              [36m<div[39m
                [33mdata-testid[39m=[32m"icon-plus"[39m
              [36m>[39m
                [0mPlus Icon[0m
              [36m</div>[39m
              [0mNueva etiqueta[0m
            [36m</button>[39m
          [36m</div>[39m
          [36m<div[39m
            [33mclass[39m=[32m"space-y-2"[39m
          [36m>[39m
            [36m<div[39m
              [33mclass[39m=[32m"flex items-center justify-between py-2 px-3 border border-gray-200 rounded-md"[39m
            [36m>[39m
              [36m<div[39m
                [33mclass[39m=[32m"flex items-center"[39m
              [36m>[39m
                [36m<div[39m
                  [33mclass[39m=[32m"w-3 h-3 rounded-full mr-2"[39m
                  [33mstyle[39m=[32m"background-color: rgb(213, 63, 140);"[39m
                [36m/>[39m
                [36m<span[39m
                  [33mclass[39m=[32m"text-sm"[39m
                [36m>[39m
                  [0mPersonal[0m
                [36m</span>[39m
              [36m</div>[39m
              [36m<button[39m
                [33mdata-testid[39m=[32m"button-mock"[39m
              [36m>[39m
                [36m<div[39m
                  [33mdata-testid[39m=[32m"icon-trash"[39m
                [36m>[39m
                  [0mTrash Icon[0m
                [36m</div>[39m
              [36m</button>[39m
            [36m</div>[39m
            [36m<div[39m
              [33mclass[39m=[32m"flex items-center justify-between py-2 px-3 border border-gray-200 rounded-md"[39m
            [36m>[39m
              [36m<div[39m
                [33mclass[39m=[32m"flex items-center"[39m
              [36m>[39m
                [36m<div[39m
                  [33mclass[39m=[32m"w-3 h-3 rounded-full mr-2"[39m
                  [33mstyle[39m=[32m"background-color: rgb(56, 161, 105);"[39m
                [36m/>[39m
                [36m<span[39m
                  [33mclass[39m=[32m"text-sm"[39m
                [36m>[39m
                  [0mFamilia[0m
                [36m</span>[39m
              [36m</div>[39m
              [36m<button[39m
                [33mdata-testid[39m=[32m"button-mock"[39m
              [36m>[39m
                [36m<div[39m
                  [33mdata-testid[39m=[32m"icon-trash"[39m
                [36m>[39m
                  [0mTrash Icon[0m
                [36m</div>[39m
              [36m</button>[39m
            [36m</div>[39m
          [36m</div>[39m
        [36m</div>[39m
      [36m</div>[39m
    [36m</div>[39m
  [36m</div>[39m
  [36m<div>[39m
    [36m<div[39m
      [33mclass[39m=[32m"bg-white border rounded-md overflow-hidden"[39m
      [33mdata-testid[39m=[32m"tags-manager-modal"[39m
    [36m>[39m
      [36m<div[39m
        [33mclass[39m=[32m"flex items-center justify-between px-4 py-3 border-b"[39m
      [36m>[39m
        [36m<div>[39m
          [36m<h3[39m
            [33mclass[39m=[32m"text-lg font-medium text-gray-900"[39m
          [36m>[39m
            [0mGestionar etiquetas...
   Ô£ô TagsManager > maneja errores al eliminar una etiqueta 55ms
   Ô£ô TagsManager > no realiza operaciones si no hay usuario autenticado 3ms
 ÔØ» src/test/unit/ComposeEmailModal.test.jsx (8 tests | 8 failed) 1644ms
   ├ù ComposeEmailModal > renderiza correctamente cuando est├í abierto 126ms
     ÔåÆ Invalid Chai property: toBeInTheDocument
   ├ù ComposeEmailModal > no renderiza cuando isOpen es false 10ms
     ÔåÆ Invalid Chai property: toBeInTheDocument
   ├ù ComposeEmailModal > llama a onClose cuando se hace clic en el bot├│n de cerrar 164ms
     ÔåÆ Found multiple elements with the text of: /cerrar/i

Here are the matching elements:

Ignored nodes: comments, script, style
[36m<button[39m
  [33maria-label[39m=[32m"Cerrar"[39m
  [33mclass[39m=[32m"text-gray-500 hover:text-gray-700"[39m
[36m>[39m
  [36m<svg[39m
    [33mclass[39m=[32m"lucide lucide-x"[39m
    [33mfill[39m=[32m"none"[39m
    [33mheight[39m=[32m"24"[39m
    [33mstroke[39m=[32m"currentColor"[39m
    [33mstroke-linecap[39m=[32m"round"[39m
    [33mstroke-linejoin[39m=[32m"round"[39m
    [33mstroke-width[39m=[32m"2"[39m
    [33mviewBox[39m=[32m"0 0 24 24"[39m
    [33mwidth[39m=[32m"24"[39m
    [33mxmlns[39m=[32m"http://www.w3.org/2000/svg"[39m
  [36m>[39m
    [36m<path[39m
      [33md[39m=[32m"M18 6 6 18"[39m
    [36m/>[39m
    [36m<path[39m
      [33md[39m=[32m"m6 6 12 12"[39m
    [36m/>[39m
  [36m</svg>[39m
[36m</button>[39m

Ignored nodes: comments, script, style
[36m<button[39m
  [33maria-label[39m=[32m"Cerrar"[39m
  [33mclass[39m=[32m"text-gray-500 hover:text-gray-700"[39m
[36m>[39m
  [36m<svg[39m
    [33mclass[39m=[32m"lucide lucide-x"[39m
    [33mfill[39m=[32m"none"[39m
    [33mheight[39m=[32m"24"[39m
    [33mstroke[39m=[32m"currentColor"[39m
    [33mstroke-linecap[39m=[32m"round"[39m
    [33mstroke-linejoin[39m=[32m"round"[39m
    [33mstroke-width[39m=[32m"2"[39m
    [33mviewBox[39m=[32m"0 0 24 24"[39m
    [33mwidth[39m=[32m"24"[39m
    [33mxmlns[39m=[32m"http://www.w3.org/2000/svg"[39m
  [36m>[39m
    [36m<path[39m
      [33md[39m=[32m"M18 6 6 18"[39m
    [36m/>[39m
    [36m<path[39m
      [33md[39m=[32m"m6 6 12 12"[39m
    [36m/>[39m
  [36m</svg>[39m
[36m</button>[39m

(If this is intentional, then use the `*AllBy*` variant of the query (like `queryAllByText`, `getAllByText`, or `findAllByText`)).

Ignored nodes: comments, script, style
[36m<body>[39m
  [36m<div>[39m
    [36m<div[39m
      [33mclass[39m=[32m"fixed inset-0 bg-black bg-opacity-50 z-50 flex items-center justify-center p-4"[39m
    [36m>[39m
      [36m<div[39m
        [33mclass[39m=[32m"bg-white rounded-lg shadow-xl w-full max-w-3xl max-h-[90vh] flex flex-col"[39m
      [36m>[39m
        [36m<div[39m
          [33mclass[39m=[32m"flex justify-between items-center p-4 border-b"[39m
        [36m>[39m
          [36m<h2[39m
            [33mclass[39m=[32m"text-xl font-semibold"[39m
          [36m>[39m
            [0mNuevo mensaje[0m
          [36m</h2>[39m
          [36m<button[39m
            [33maria-label[39m=[32m"Cerrar"[39m
            [33mclass[39m=[32m"text-gray-500 hover:text-gray-700"[39m
          [36m>[39m
            [36m<svg[39m
              [33mclass[39m=[32m"lucide lucide-x"[39m
              [33mfill[39m=[32m"none"[39m
              [33mheight[39m=[32m"24"[39m
              [33mstroke[39m=[32m"currentColor"[39m
              [33mstroke-linecap[39m=[32m"round"[39m
              [33mstroke-linejoin[39m=[32m"round"[39m
              [33mstroke-width[39m=[32m"2"[39m
              [33mviewBox[39m=[32m"0 0 24 24"[39m
              [33mwidth[39m=[32m"24"[39m
              [33mxmlns[39m=[32m"http://www.w3.org/2000/svg"[39m
            [36m>[39m
              [36m<path[39m
                [33md[39m=[32m"M18 6 6 18"[39m
              [36m/>[39m
              [36m<path[39m
                [33md[39m=[32m"m6 6 12 12"[39m
              [36m/>[39m
            [36m</svg>[39m
          [36m</button>[39m
        [36m</div>[39m
        [36m<form[39m
          [33mclass[39m=[32m"flex flex-col flex-grow"[39m
        [36m>[39m
          [36m<div[39m
            [33mclass[39m=[32m"p-4 space-y-4 flex-grow overflow-y-auto"[39m
          [36m>[39m
            [36m<div>[39m
              [36m<label[39m
                [33mclass[39m=[32m"block text-sm font-medium text-gray-700 mb-1"[39m
              [36m>[39m
                [0mDe:[0m
              [36m</label>[39m
              [36m<input[39m
                [33mclass[39m=[32m"w-full p-2 border rounded-md bg-gray-50"[39m
                [33mdisabled[39m=[32m""[39m
                [33mtype[39m=[32m"text"[39m
                [33mvalue[39m=[32m"usuario@lovenda.com"[39m
              [36m/>[39m
            [36m</div>[39m
            [36m<div>[39m
              [36m<label[39m
                [33mclass[39m=[32m"block text-sm font-medium text-gray-700 mb-1"[39m
                [33mfor[39m=[32m"to-input"[39m
              [36m>[39m
                [0mDestinatario:[0m
              [36m</label>[39m
              [36m<input[39m
                [33maria-label[39m=[32m"Destinatario"[39m
                [33mclass[39m=[32m"w-full p-2 border rounded-md"[39m
                [33mid[39m=[32m"to-input"[39m
                [33mplaceholder[39m=[32m"destinatario@ejemplo.com"[39m
                [33mrequired[39m=[32m""[39m
                [33mtype[39m=[32m"email"[39m
                [33mvalue[39m=[32m""[39m
              [36m/>[39m
            [36m</div>[39m
            [36m<div>[39m
              [36m<label[39m
                [33mclass[39m=[32m"block text-sm font-medium text-gray-700 mb-1"[39m
                [33mfor[39m=[32m"subject-input"[39m
              [36m>[39m
                [0mAsunto:[0m
              [36m</label>[39m
              [36m<input[39m
                [33maria-label[39m=[32m"Asunto"[39m
                [33mclass[39m=[32m"w-full p-2 border rounded-md"[39m
                [33mid[39m=[32m"subject-input"[39m
                [33mplaceholder[39m=[32m"Asunto del mensaje"[39m
                [33mtype[39m=[32m"text"[39m
                [33mvalue[39m=[32m""[39m
              [36m/>[39m
            [36m</div>[39m
            [36m<div[39m
              [33mclass[39m=[32m"flex-grow"[39m
            [36m>[39m
              [36m<label[39m
                [33mclass[39m=[32m"block text-sm font-medium text-gray-700 mb-1"[39m
                [33mfor[39m=[32m"body-input"[39m
              [36m>[39m
                [0mMensaje:[0m
              [36m</label>[39m
              [36m<textarea[39m
                [33maria-label[39m=[32m"Mensaje"[39m
                [33mclass[39m=[32m"w-full p-2 border rounded-md min-h-[200px]"[39m
                [33mid[39m=[32m"body-input"[39m
                [33mplaceholder[39m=[32m"Escribe tu mensaje aqu├¡..."[39m
                [33mrows[39m=[32m"10"[39m
              [36m/>[39m
            [36m</div>[39m
          [36m</div>[39m
          [36m<div[39m
            [33mclass[39m=[32m"border-t p-4 bg-gray-50 flex justify-between"[39m
          [36m>[39m
            [36m<div>[39m
              [36m<label[39m
                [33mclass[39m=[32m"cursor-pointer"[39m
                [33mfor[39m=[32m"file-upload"[39m
              [36m>[39m
                [36m<button[39m
                  [33mclass[39m=[32m"inline-flex items-center justify-center font-medium transition-colors focus:outline-none focus:ring-2 focus:ring-blue-500 focus:ring-offset-2 bg-transparent border border-gray-300 hover:bg-gray-50 text-gray-700 text-sm px-4 py-2 rounded-md cursor-pointer flex items-center"[39m
                  [33mtype[39m=[32m"button"[39m
                [36m>[39m
                  [36m<svg[39m
                    [33mclass[39m=[32m"mr-2"[39m
                    [33mfill[39m=[32m"none"[39m
                    [33mheight[39m=[32m"16"[39m
                    [33mstroke[39m=[32m"currentColor"[39m
                    [33mstroke-linecap[39m=[32m"round"[39m
                    [33mstroke-linejoin[39m=[32m"round"[39m
                    [33mstroke-width[39m=[32m"2"[39m
                    [33mviewBox[39m=[32m"0 0 24 24"[39m
                    [33mwidth[39m=[32m"16"[39m
                    [33mxmlns[39m=[32m"http://www.w3.org/2000/svg"[39m
                  [36m>[39m
                    [36m<path[39m
                      [33md[39m=[32m"m21.44 11.05-9.19 9.19a6 6 0 0 1-8.49-8.49l8.57-8.57A4 4 0 1 1 18 8.84l-8.59 8.57a2 2 0 0 1-2.83-2.83l8.49-8.48"[39m
                    [36m/>[39m
                  [36m</svg>[39m
                  [0m Adjuntar archivo[0m
                [36m</button>[39m
                [36m<input[39m
                  [33mclass[39m=[32m"hidden"[39m
                  [33mid[39m=[32m"file-upload"[39m
                  [33mmultiple[39m=[32m""[39m
                  [33mtype[39m=[32m"file"[39m
                [36m/>[39m
              [36m</label>[39m
            [36m</div>[39m
            [36m<button[39m
              [33mclass[39m=[32m"inline-flex items-center justify-center font-medium transition-colors focus:outline-none focus:ring-2 focus:ring-blue-500 focus:ring-offset-2 bg-blue-600 hover:bg-blue-700 text-white text-sm px-4 py-2 rounded-md opacity-50 cursor-not-allowed pointer-events-none flex items-center"[39m
              [33mdisabled[39m=[32m""[39m
              [33mtype[39m=[32m"submit"[39m
            [36m>[39m
              [36m<svg[39m
                [33mclass[39m=[32m"mr-2"[39m
                [33mfill[39m=[32m"none"[39m
                [33mheight[39m=[32m"16"[39m
                [33mstroke[39m=[32m"currentColor"[39m
                [33mstroke-linecap[39m=[32m"round"[39m
                [33mstroke-linejoin[39m=[32m"round"[39m
                [33mstroke-width[39m=[32m"2"[39m
                [33mviewBox[39m=[32m"0 0 24 24"[39m
                [33mwidth[39m=[32m"16"[39m
                [33mxmlns[39m=[32m"http://www.w3.org/2000/svg"[39m
              [36m>[39m
                [36m<path[39m
                  [33md[39m=[32m"m22 2-7 20-4-9-9-4Z"[39m
                [36m/>[39m
                [36m<path[39m
                  [33md[39m=[32m"M22 2 11 13"[39m
                [36m/>[39m
              [36m</svg>[39m
              [0m Enviar[0m
            [36m</button>[39m
          [36m</div>[39m
        [36m</form>[39m
      [36m</div>[39m
    [36m</div>[39m
  [36m</div>[39m
  [36m<div />[39m
  [36m<div>[39m
    [36m<div[39m
      [33mclass[39m=[32m"fixed inset-0 bg-black bg-opacity-50 z-50 flex items-center justify-center p-4"[39m
    [36m>[39m
      [36m<div[39m
        [33mclass[39m=[32m"bg-white rounded-lg shadow-xl w-full max-w-3xl max-h-[90vh] flex flex-col"[39m
      [36m>[39m
        [36m<div[39m
          [33mclass[39m=[32m"flex justify-between items-center p-4 border-b"[39m
        [36m>[39m
          [36m<h2[39m
            [33mclass[39m=[32m"text-xl font-semibold"[39m
          [36m>[39m
            [0mNuevo mensaje[0m
          [36m</h2>[39m
          [36m<button[39m
            [33maria-label[39m=[32m"Cerrar"[39m
            [33mclass[39m=[32m"text-gray-500 hover:text-gray-700"[39m
          [36m>[39m
            [36m<svg[39m
              [33mclass[39m=[32m"lucide lucide-x"[39m
              [33mfill[39m=[32m"none"[39m
              [33mheight[39m=[32m"24"[39m
              [33mstroke[39m=[32m"currentColor"[39m
              [33mstroke-linecap[39m=[32m"round"[39m
              [33mstroke-linejoin[39m=[32m"round"[39m
              [33mstroke-width[39m=[32m"2"[39m
              [33mviewBox[39m=[32m"0 0 24 24"[39m
              [33mwidth[39m=[32m"24"[39m
              [33mxmlns[39m=[32m"http://www.w3.org/2000/svg"[39m
            [36m>[39m
              [36m<path[39m
                [33md[39m=[32m"M18 6 6 18"[39m
              [36m/>[39m
              [36m<path[39m
                [33md[39m=[32m"m6 6 12 12"[39m
              [36m/>[39m
            [36m</svg>[39m
          [36m</button>[39m
        [36m</div>[39m
        [36m<form[39m
          [33mclass[39m=[32m"flex flex-col flex-grow"[39m
        [36m>[39m
          [36m<div[39m
            [33mclass[39m=[32m"p-4 space-y-4 flex-grow overflow-y-auto"[39m
          [36m>[39m
            [36m<div>[39m
              [36m<label[39m
                [33mclass[39m=[32m"block text-sm font-medium text-gray-700 mb-1"[39m
              [36m>[39m
                [0mDe:[0m
              [36m</label>[39m
              [36m<input[39m
                [33mclass[39m=[32m"w-full p-2 border rounded-md bg-gray-50"[39m
                [33mdisabled[39m=[32m""[39m
                [33mtype[39m=[32m"text"[39m
                [33mvalue[39m=[32m"usuario@lovenda.com"[39m
              [36m/>[39m
            [36m</div>[39m
            [36m<div>[39m
              [36m<label[39m
                [33mclass[39m=[32m"block text-sm font-medium text-gray-700 mb-1"[39m
                [33mfor[39m=[32m"to-input"[39m
              [36m>[39m
                [0mDestinatario:[0m
              [36m</label>[39m
              [36m<input[39m
                [33maria-label[39m=[32m"Destinatario"[39m
                [33mclass[39m=[32m"w-full p-2 border rounded-md"[39m
                [33mid[39m=[32m"to-input"[39m
                [33mplaceholder[39m=[32m"destinatario@ejemplo.com"[39m
                [33mrequired[39m=[32m""[39m
                [33mtype[39m=[32m"email"[39m
                [33mvalue[39m=[32m""[39m
              [36m/>[39m
            [36m</div>[39m
            [36m<div>[39m
              [36m<label[39m
                [33mclass[39m=[32m"block text-sm font-medium text-gray-700 mb-1"[39m
                [33mfor[39m=[32m"subject-input"[39m
              [36m>[39m
                [0mAsunto:[0m
              [36m</label>[39m
              [36m<input[39m
                [33maria-label[39m=[32m"Asunto"[39m
                [33mclass[39m=[32m"w-full p-2 border rounded-md"[39m
                [33mid[39m=[32m"subject-input"[39m
                [33mplaceholder[39m=[32m"Asunto del mensaje"[39m
                [33mtype[39m=[32m"text"[39m
                [33mvalue[39m=[32m""[39m
              [36m/>[39m
            [36m</div>[39m
            [36m<div[39m
              [33mclass[39m=[32m"flex-grow"[39m
            [36m>[39m
              [36m<label[39m
                [33mclass[39m=[32m"block text-sm font-medium text-gray-700 mb-1"[39m
                [33mfor[39m=[32m"body-input"[39m
              [36m>[39m
                [0mMensaje:[0m
              [36m</label>[39m
              [36m<textarea[39m
                [33maria-label[39m=[32m"Mensaje"[39m
                [33mclass[39m=[32m"w-full p-2 border rounded-md min-h-[200px]"[39m
                [33mid[39m=[32m"body-input"[39m
                [33mplaceholder[39m=[32m"Escribe tu mensaje aqu├¡..."[39m
                [33mrows[39m=[32m"10"[39m
              [36m/>[39m
            [36m</div>[39m
          [36m</div>[39m
          [36m<div[39m
            [33mclass[39m=[32m"border-t p-4 bg-gray-50 flex justify-between"[39m
          [36m>[39m
            [36m<div>[39m
              [36m<label[39m
                [33mclass[39m=[32m"cursor-pointer"[39m
                [33mfor[39m=[32m"file-upload"[39m
              [36m>[39m
                [36m<button[39m
                  [33mclass[39m=[32m"inline-flex items-center justify-center font-medium transition-colors focus:outline-none focus:ring-2 focus:ring-blue-500 focus:ring-offset-2 bg-transparent border border-gray-300 hover:bg-gray-50 text-gray-700 text-sm px-4 py-2 rounded-md cursor-pointer flex items-center"[39m
                  [33mtype[39m=[32m"button"[39m
                [36m>[39m
                  [36m<svg[39m
                    [33mclass[39m=[32m"mr-2"[39m
                    [33mfill[39m=[32m"none"[39m
                    [33mheight[39m=[32m"16"[39m
                    [33mstroke[39m=[32m"currentColor"[39m
                    [33mstroke-linecap[39m=[32m"round"[39m
                    [33mstroke-linejoin[39m=[32m"round"[39m
                    [33mstroke-width[39m=[32m"2"[39m
                    [33mviewBox[39m=[32m"0 0 24 24"[39m
                    [33mwidth[39m=[32m"16"[39m
                    [33mxmlns[39m=[32m"http://www.w3.org/2000/svg"[39m
                  [36m>[39m
                    [36m<path[39m
                      [33md[39m=[32m"m21.44 11.05-9.19 9.19a6 6 0 0 1-8.49-8.49l8.57-8.57A4 4 0 1 1 18 8.84l-8.59 8.57a2 2 0 0 1-2.83-2.83l8.49-8.48"[39m
                    [36m/>[39m
                  [36m</svg>[39m
                  [0m Adjuntar archivo[0m
                [36m</button>[39m
                [36m<input[39m
                  [33mclass[39m=[32m"hidden"[39m
                  [33mid[39m=[32m"file-upload"[39m
                  [33mmultiple[39m=[32m""[39m
                  [33mtype[39m=[32m"file"[39m
                [36m/>[39m
              [36m</label>[39m
            [36m</div>[39m
            [36m<button[39m
              [33mclass[39m=[32m"inline-flex items-center justify-center font-medium transition-colors focus:outline-none focus:ring-2 focus:ring-blue-500 focus:ring-offset-2 bg-blue-600 hover:bg-blue-700 text-white text-sm px-4 py-2 rounded-md opacity-50 cursor-not-allowed pointer-events-none flex items-center"[39m
              [33mdisabled[39m=[32m""[39m
              [33mtype[39m=[32m"submit"[39m
            [36m>[39m
              [36m<svg[39m
                [33mclass[39m=[32m"mr-2"[39m
                [33mfill[39m=[32m"none"[39m
                [33mheight[39m=[32m"16"[39m
                [33mstroke[39m=[32m"currentColor"[39m
                [33mstroke-linecap[39m=[32m"round"[39m
                [33mstroke-linejoin[39m=[32m"round"[39m
                [33mstroke-width[39m=[32m"2"[39m
                [33mviewBox[39m=[32m"0 0 24 24"[39m
                [33mwidth[39m=[32m"16"[39m
                [33mxmlns[39m=[32m"http://www.w3.org/2000/svg"[39m
              [36m>[39m
                [36m<path[39m
                  [33md[39m=[32m"m22 2-7 20-4-9-9-4Z"[39m
                [36m/>[39m
                [36m<path[39m
                  [33md[39m=[32m"M22 2 11 13"[39m
                [36m/>[39m
              [36m</svg>[39m
              [0m Enviar[0m
            [36m</button>[39m
          [36m</div>[39m
        [36m</form>[39m
      [36m</div>[39m
    [36m</div>[39m
  [36m</div>[39m
[36m</body>[39m
   ├ù ComposeEmailModal > muestra error cuando se intenta enviar sin destinatario 222ms
     ÔåÆ Found multiple elements with the text of: /asunto/i

Here are the matching elements:

Ignored nodes: comments, script, style
[36m<input[39m
  [33maria-label[39m=[32m"Asunto"[39m
  [33mclass[39m=[32m"w-full p-2 border rounded-md"[39m
  [33mid[39m=[32m"subject-input"[39m
  [33mplaceholder[39m=[32m"Asunto del mensaje"[39m
  [33mtype[39m=[32m"text"[39m
  [33mvalue[39m=[32m""[39m
[36m/>[39m

Ignored nodes: comments, script, style
[36m<input[39m
  [33maria-label[39m=[32m"Asunto"[39m
  [33mclass[39m=[32m"w-full p-2 border rounded-md"[39m
  [33mid[39m=[32m"subject-input"[39m
  [33mplaceholder[39m=[32m"Asunto del mensaje"[39m
  [33mtype[39m=[32m"text"[39m
  [33mvalue[39m=[32m""[39m
[36m/>[39m

Ignored nodes: comments, script, style
[36m<input[39m
  [33maria-label[39m=[32m"Asunto"[39m
  [33mclass[39m=[32m"w-full p-2 border rounded-md"[39m
  [33mid[39m=[32m"subject-input"[39m
  [33mplaceholder[39m=[32m"Asunto del mensaje"[39m
  [33mtype[39m=[32m"text"[39m
  [33mvalue[39m=[32m""[39m
[36m/>[39m

(If this is intentional, then use the `*AllBy*` variant of the query (like `queryAllByText`, `getAllByText`, or `findAllByText`)).

Ignored nodes: comments, script, style
[36m<body>[39m
  [36m<div>[39m
    [36m<div[39m
      [33mclass[39m=[32m"fixed inset-0 bg-black bg-opacity-50 z-50 flex items-center justify-center p-4"[39m
    [36m>[39m
      [36m<div[39m
        [33mclass[39m=[32m"bg-white rounded-lg shadow-xl w-full max-w-3xl max-h-[90vh] flex flex-col"[39m
      [36m>[39m
        [36m<div[39m
          [33mclass[39m=[32m"flex justify-between items-center p-4 border-b"[39m
        [36m>[39m
          [36m<h2[39m
            [33mclass[39m=[32m"text-xl font-semibold"[39m
          [36m>[39m
            [0mNuevo mensaje[0m
          [36m</h2>[39m
          [36m<button[39m
            [33maria-label[39m=[32m"Cerrar"[39m
            [33mclass[39m=[32m"text-gray-500 hover:text-gray-700"[39m
          [36m>[39m
            [36m<svg[39m
              [33mclass[39m=[32m"lucide lucide-x"[39m
              [33mfill[39m=[32m"none"[39m
              [33mheight[39m=[32m"24"[39m
              [33mstroke[39m=[32m"currentColor"[39m
              [33mstroke-linecap[39m=[32m"round"[39m
              [33mstroke-linejoin[39m=[32m"round"[39m
              [33mstroke-width[39m=[32m"2"[39m
              [33mviewBox[39m=[32m"0 0 24 24"[39m
              [33mwidth[39m=[32m"24"[39m
              [33mxmlns[39m=[32m"http://www.w3.org/2000/svg"[39m
            [36m>[39m
              [36m<path[39m
                [33md[39m=[32m"M18 6 6 18"[39m
              [36m/>[39m
              [36m<path[39m
                [33md[39m=[32m"m6 6 12 12"[39m
              [36m/>[39m
            [36m</svg>[39m
          [36m</button>[39m
        [36m</div>[39m
        [36m<form[39m
          [33mclass[39m=[32m"flex flex-col flex-grow"[39m
        [36m>[39m
          [36m<div[39m
            [33mclass[39m=[32m"p-4 space-y-4 flex-grow overflow-y-auto"[39m
          [36m>[39m
            [36m<div>[39m
              [36m<label[39m
                [33mclass[39m=[32m"block text-sm font-medium text-gray-700 mb-1"[39m
              [36m>[39m
                [0mDe:[0m
              [36m</label>[39m
              [36m<input[39m
                [33mclass[39m=[32m"w-full p-2 border rounded-md bg-gray-50"[39m
                [33mdisabled[39m=[32m""[39m
                [33mtype[39m=[32m"text"[39m
                [33mvalue[39m=[32m"usuario@lovenda.com"[39m
              [36m/>[39m
            [36m</div>[39m
            [36m<div>[39m
              [36m<label[39m
                [33mclass[39m=[32m"block text-sm font-medium text-gray-700 mb-1"[39m
                [33mfor[39m=[32m"to-input"[39m
              [36m>[39m
                [0mDestinatario:[0m
              [36m</label>[39m
              [36m<input[39m
                [33maria-label[39m=[32m"Destinatario"[39m
                [33mclass[39m=[32m"w-full p-2 border rounded-md"[39m
                [33mid[39m=[32m"to-input"[39m
                [33mplaceholder[39m=[32m"destinatario@ejemplo.com"[39m
                [33mrequired[39m=[32m""[39m
                [33mtype[39m=[32m"email"[39m
                [33mvalue[39m=[32m""[39m
              [36m/>[39m
            [36m</div>[39m
            [36m<div>[39m
              [36m<label[39m
                [33mclass[39m=[32m"block text-sm font-medium text-gray-700 mb-1"[39m
                [33mfor[39m=[32m"subject-input"[39m
              [36m>[39m
                [0mAsunto:[0m
              [36m</label>[39m
              [36m<input[39m
                [33maria-label[39m=[32m"Asunto"[39m
                [33mclass[39m=[32m"w-full p-2 border rounded-md"[39m
                [33mid[39m=[32m"subject-input"[39m
                [33mplaceholder[39m=[32m"Asunto del mensaje"[39m
                [33mtype[39m=[32m"text"[39m
                [33mvalue[39m=[32m""[39m
              [36m/>[39m
            [36m</div>[39m
            [36m<div[39m
              [33mclass[39m=[32m"flex-grow"[39m
            [36m>[39m
              [36m<label[39m
                [33mclass[39m=[32m"block text-sm font-medium text-gray-700 mb-1"[39m
                [33mfor[39m=[32m"body-input"[39m
              [36m>[39m
                [0mMensaje:[0m
              [36m</label>[39m
              [36m<textarea[39m
                [33maria-label[39m=[32m"Mensaje"[39m
                [33mclass[39m=[32m"w-full p-2 border rounded-md min-h-[200px]"[39m
                [33mid[39m=[32m"body-input"[39m
                [33mplaceholder[39m=[32m"Escribe tu mensaje aqu├¡..."[39m
                [33mrows[39m=[32m"10"[39m
              [36m/>[39m
            [36m</div>[39m
          [36m</div>[39m
          [36m<div[39m
            [33mclass[39m=[32m"border-t p-4 bg-gray-50 flex justify-between"[39m
          [36m>[39m
            [36m<div>[39m
              [36m<label[39m
                [33mclass[39m=[32m"cursor-pointer"[39m
                [33mfor[39m=[32m"file-upload"[39m
              [36m>[39m
                [36m<button[39m
                  [33mclass[39m=[32m"inline-flex items-center justify-center font-medium transition-colors focus:outline-none focus:ring-2 focus:ring-blue-500 focus:ring-offset-2 bg-transparent border border-gray-300 hover:bg-gray-50 text-gray-700 text-sm px-4 py-2 rounded-md cursor-pointer flex items-center"[39m
                  [33mtype[39m=[32m"button"[39m
                [36m>[39m
                  [36m<svg[39m
                    [33mclass[39m=[32m"mr-2"[39m
                    [33mfill[39m=[32m"none"[39m
                    [33mheight[39m=[32m"16"[39m
                    [33mstroke[39m=[32m"currentColor"[39m
                    [33mstroke-linecap[39m=[32m"round"[39m
                    [33mstroke-linejoin[39m=[32m"round"[39m
                    [33mstroke-width[39m=[32m"2"[39m
                    [33mviewBox[39m=[32m"0 0 24 24"[39m
                    [33mwidth[39m=[32m"16"[39m
                    [33mxmlns[39m=[32m"http://www.w3.org/2000/svg"[39m
                  [36m>[39m
                    [36m<path[39m
                      [33md[39m=[32m"m21.44 11.05-9.19 9.19a6 6 0 0 1-8.49-8.49l8.57-8.57A4 4 0 1 1 18 8.84l-8.59 8.57a2 2 0 0 1-2.83-2.83l8.49-8.48"[39m
                    [36m/>[39m
                  [36m</svg>[39m
                  [0m Adjuntar archivo[0m
                [36m</button>[39m
                [36m<input[39m
                  [33mclass[39m=[32m"hidden"[39m
                  [33mid[39m=[32m"file-upload"[39m
                  [33mmultiple[39m=[32m""[39m
                  [33mtype[39m=[32m"file"[39m
                [36m/>[39m
              [36m</label>[39m
            [36m</div>[39m
            [36m<button[39m
              [33mclass[39m=[32m"inline-flex items-center justify-c...
   ├ù ComposeEmailModal > env├¡a el correo con los datos correctos 95ms
     ÔåÆ Found multiple elements with the text of: /destinatario/i

Here are the matching elements:

Ignored nodes: comments, script, style
[36m<input[39m
  [33maria-label[39m=[32m"Destinatario"[39m
  [33mclass[39m=[32m"w-full p-2 border rounded-md"[39m
  [33mid[39m=[32m"to-input"[39m
  [33mplaceholder[39m=[32m"destinatario@ejemplo.com"[39m
  [33mrequired[39m=[32m""[39m
  [33mtype[39m=[32m"email"[39m
  [33mvalue[39m=[32m""[39m
[36m/>[39m

Ignored nodes: comments, script, style
[36m<input[39m
  [33maria-label[39m=[32m"Destinatario"[39m
  [33mclass[39m=[32m"w-full p-2 border rounded-md"[39m
  [33mid[39m=[32m"to-input"[39m
  [33mplaceholder[39m=[32m"destinatario@ejemplo.com"[39m
  [33mrequired[39m=[32m""[39m
  [33mtype[39m=[32m"email"[39m
  [33mvalue[39m=[32m""[39m
[36m/>[39m

Ignored nodes: comments, script, style
[36m<input[39m
  [33maria-label[39m=[32m"Destinatario"[39m
  [33mclass[39m=[32m"w-full p-2 border rounded-md"[39m
  [33mid[39m=[32m"to-input"[39m
  [33mplaceholder[39m=[32m"destinatario@ejemplo.com"[39m
  [33mrequired[39m=[32m""[39m
  [33mtype[39m=[32m"email"[39m
  [33mvalue[39m=[32m""[39m
[36m/>[39m

Ignored nodes: comments, script, style
[36m<input[39m
  [33maria-label[39m=[32m"Destinatario"[39m
  [33mclass[39m=[32m"w-full p-2 border rounded-md"[39m
  [33mid[39m=[32m"to-input"[39m
  [33mplaceholder[39m=[32m"destinatario@ejemplo.com"[39m
  [33mrequired[39m=[32m""[39m
  [33mtype[39m=[32m"email"[39m
  [33mvalue[39m=[32m""[39m
[36m/>[39m

(If this is intentional, then use the `*AllBy*` variant of the query (like `queryAllByText`, `getAllByText`, or `findAllByText`)).

Ignored nodes: comments, script, style
[36m<body>[39m
  [36m<div>[39m
    [36m<div[39m
      [33mclass[39m=[32m"fixed inset-0 bg-black bg-opacity-50 z-50 flex items-center justify-center p-4"[39m
    [36m>[39m
      [36m<div[39m
        [33mclass[39m=[32m"bg-white rounded-lg shadow-xl w-full max-w-3xl max-h-[90vh] flex flex-col"[39m
      [36m>[39m
        [36m<div[39m
          [33mclass[39m=[32m"flex justify-between items-center p-4 border-b"[39m
        [36m>[39m
          [36m<h2[39m
            [33mclass[39m=[32m"text-xl font-semibold"[39m
          [36m>[39m
            [0mNuevo mensaje[0m
          [36m</h2>[39m
          [36m<button[39m
            [33maria-label[39m=[32m"Cerrar"[39m
            [33mclass[39m=[32m"text-gray-500 hover:text-gray-700"[39m
          [36m>[39m
            [36m<svg[39m
              [33mclass[39m=[32m"lucide lucide-x"[39m
              [33mfill[39m=[32m"none"[39m
              [33mheight[39m=[32m"24"[39m
              [33mstroke[39m=[32m"currentColor"[39m
              [33mstroke-linecap[39m=[32m"round"[39m
              [33mstroke-linejoin[39m=[32m"round"[39m
              [33mstroke-width[39m=[32m"2"[39m
              [33mviewBox[39m=[32m"0 0 24 24"[39m
              [33mwidth[39m=[32m"24"[39m
              [33mxmlns[39m=[32m"http://www.w3.org/2000/svg"[39m
            [36m>[39m
              [36m<path[39m
                [33md[39m=[32m"M18 6 6 18"[39m
              [36m/>[39m
              [36m<path[39m
                [33md[39m=[32m"m6 6 12 12"[39m
              [36m/>[39m
            [36m</svg>[39m
          [36m</button>[39m
        [36m</div>[39m
        [36m<form[39m
          [33mclass[39m=[32m"flex flex-col flex-grow"[39m
        [36m>[39m
          [36m<div[39m
            [33mclass[39m=[32m"p-4 space-y-4 flex-grow overflow-y-auto"[39m
          [36m>[39m
            [36m<div>[39m
              [36m<label[39m
                [33mclass[39m=[32m"block text-sm font-medium text-gray-700 mb-1"[39m
              [36m>[39m
                [0mDe:[0m
              [36m</label>[39m
              [36m<input[39m
                [33mclass[39m=[32m"w-full p-2 border rounded-md bg-gray-50"[39m
                [33mdisabled[39m=[32m""[39m
                [33mtype[39m=[32m"text"[39m
                [33mvalue[39m=[32m"usuario@lovenda.com"[39m
              [36m/>[39m
            [36m</div>[39m
            [36m<div>[39m
              [36m<label[39m
                [33mclass[39m=[32m"block text-sm font-medium text-gray-700 mb-1"[39m
                [33mfor[39m=[32m"to-input"[39m
              [36m>[39m
                [0mDestinatario:[0m
              [36m</label>[39m
              [36m<input[39m
                [33maria-label[39m=[32m"Destinatario"[39m
                [33mclass[39m=[32m"w-full p-2 border rounded-md"[39m
                [33mid[39m=[32m"to-input"[39m
                [33mplaceholder[39m=[32m"destinatario@ejemplo.com"[39m
                [33mrequired[39m=[32m""[39m
                [33mtype[39m=[32m"email"[39m
                [33mvalue[39m=[32m""[39m
              [36m/>[39m
            [36m</div>[39m
            [36m<div>[39m
              [36m<label[39m
                [33mclass[39m=[32m"block text-sm font-medium text-gray-700 mb-1"[39m
                [33mfor[39m=[32m"subject-input"[39m
              [36m>[39m
                [0mAsunto:[0m
              [36m</label>[39m
              [36m<input[39m
                [33maria-label[39m=[32m"Asunto"[39m
                [33mclass[39m=[32m"w-full p-2 border rounded-md"[39m
                [33mid[39m=[32m"subject-input"[39m
                [33mplaceholder[39m=[32m"Asunto del mensaje"[39m
                [33mtype[39m=[32m"text"[39m
                [33mvalue[39m=[32m""[39m
              [36m/>[39m
            [36m</div>[39m
            [36m<div[39m
              [33mclass[39m=[32m"flex-grow"[39m
            [36m>[39m
              [36m<label[39m
                [33mclass[39m=[32m"block text-sm font-medium text-gray-700 mb-1"[39m
                [33mfor[39m=[32m"body-input"[39m
              [36m>[39m
                [0mMensaje:[0m
              [36m</label>[39m
              [36m<textarea[39m
                [33maria-label[39m=[32m"Mensaje"[39m
                [33mclass[39m=[32m"w-full p-2 border rounded-md min-h-[200px]"[39m
                [33mid[39m=[32m"body-input"[39m
                [33mplaceholder[39m=[32m"Escribe tu mensaje aqu├¡..."[39m
                [33mrows[39m=[32m"10"[39m
              [36m/>[39m
            [36m</div>[39m
          [36m</div>[39m
          [36m<div[39m
            [33mclass[39m=[32m"border-t p-4 bg-gray-50 flex justify-between"[39m
          [36m>[39m
            [36m<div>[39m
              [36m<label[39m
                [33mclass[39m=[32m"cursor-pointer"[39m
                [33mfor[39m=[32m"file-upload"[39m
              [36m>[39m
                [36m<button[39m
                  [33mclass[39m=[32m"inline-flex items-center justify-center font-medium transition-colors focus:outline-none focus:ring-2 focus:ring-blue-500 focus:ring-offset-2 bg-transparent border border-gray-300 hover:bg-gray-50 text-gray-700 text-sm px-4 py-2 rounded-md cursor-pointer flex items-center"[39m
                  [33mtype[39m=[32m"button"[39m
                [36m>[39m
                  [36m<svg[39m
                    [33mclass[39m=[32m"mr-2"[39m
                    [33mfill[39m=[32m"none"[39m
                    [33mheight[39m=[32m"16"[39m
                    [33mstroke[39m=[32m"currentColor"[39m
                    [33mstroke-linecap[39m=[32m"round"[39m
                    [33mstroke-linejoin[39m=[32m"round"[39m
                    [33mstroke-width[39m=[32m"2"[39m
                    [33mviewBox[39m=[32m"0 0 24 24"[39m
                    [33mwidth[39m=[32m"16"[39m
                    [33mxmlns[39m=[32m"http://www.w3.org/2000/svg"[39m
                  [36m>[39m
                    [36m<path[39m
                      [33md[39m=[32m"m21.44 11.05-9.19 9.19a6 6 0 0 1-8.49-8.49l8.57-8.57A4 4 0 1 1 18 8.84l-8.59 8.57a2 2 0 0 1-2.83-2.83l8.49-8.48"[39m
                    [36m/>[39m
                  [36m</svg>[39m
                  [0m Adjuntar archivo[0m
                [36m</button>[39m
                [36m<input[39m
                  [33mclass[39m=[32m"hidden"[39m
                  [33mid[39m=[32m"file-upload"[39m
                  [33mmultiple[39m=[32m""[39m
                  [33mtype[39m=[32m"file"[39m
                [36m/>[39m
              [36m</label>[39m
            [36m</div>[39m
            [36m<button[39m
              [33mclass[39m=[32m"inline-flex items-center justify-c...
   ├ù ComposeEmailModal > muestra error cuando falla el env├¡o 60ms
     ÔåÆ Found multiple elements with the text of: /destinatario/i

Here are the matching elements:

Ignored nodes: comments, script, style
[36m<input[39m
  [33maria-label[39m=[32m"Destinatario"[39m
  [33mclass[39m=[32m"w-full p-2 border rounded-md"[39m
  [33mid[39m=[32m"to-input"[39m
  [33mplaceholder[39m=[32m"destinatario@ejemplo.com"[39m
  [33mrequired[39m=[32m""[39m
  [33mtype[39m=[32m"email"[39m
  [33mvalue[39m=[32m""[39m
[36m/>[39m

Ignored nodes: comments, script, style
[36m<input[39m
  [33maria-label[39m=[32m"Destinatario"[39m
  [33mclass[39m=[32m"w-full p-2 border rounded-md"[39m
  [33mid[39m=[32m"to-input"[39m
  [33mplaceholder[39m=[32m"destinatario@ejemplo.com"[39m
  [33mrequired[39m=[32m""[39m
  [33mtype[39m=[32m"email"[39m
  [33mvalue[39m=[32m""[39m
[36m/>[39m

Ignored nodes: comments, script, style
[36m<input[39m
  [33maria-label[39m=[32m"Destinatario"[39m
  [33mclass[39m=[32m"w-full p-2 border rounded-md"[39m
  [33mid[39m=[32m"to-input"[39m
  [33mplaceholder[39m=[32m"destinatario@ejemplo.com"[39m
  [33mrequired[39m=[32m""[39m
  [33mtype[39m=[32m"email"[39m
  [33mvalue[39m=[32m""[39m
[36m/>[39m

Ignored nodes: comments, script, style
[36m<input[39m
  [33maria-label[39m=[32m"Destinatario"[39m
  [33mclass[39m=[32m"w-full p-2 border rounded-md"[39m
  [33mid[39m=[32m"to-input"[39m
  [33mplaceholder[39m=[32m"destinatario@ejemplo.com"[39m
  [33mrequired[39m=[32m""[39m
  [33mtype[39m=[32m"email"[39m
  [33mvalue[39m=[32m""[39m
[36m/>[39m

Ignored nodes: comments, script, style
[36m<input[39m
  [33maria-label[39m=[32m"Destinatario"[39m
  [33mclass[39m=[32m"w-full p-2 border rounded-md"[39m
  [33mid[39m=[32m"to-input"[39m
  [33mplaceholder[39m=[32m"destinatario@ejemplo.com"[39m
  [33mrequired[39m=[32m""[39m
  [33mtype[39m=[32m"email"[39m
  [33mvalue[39m=[32m""[39m
[36m/>[39m

(If this is intentional, then use the `*AllBy*` variant of the query (like `queryAllByText`, `getAllByText`, or `findAllByText`)).

Ignored nodes: comments, script, style
[36m<body>[39m
  [36m<div>[39m
    [36m<div[39m
      [33mclass[39m=[32m"fixed inset-0 bg-black bg-opacity-50 z-50 flex items-center justify-center p-4"[39m
    [36m>[39m
      [36m<div[39m
        [33mclass[39m=[32m"bg-white rounded-lg shadow-xl w-full max-w-3xl max-h-[90vh] flex flex-col"[39m
      [36m>[39m
        [36m<div[39m
          [33mclass[39m=[32m"flex justify-between items-center p-4 border-b"[39m
        [36m>[39m
          [36m<h2[39m
            [33mclass[39m=[32m"text-xl font-semibold"[39m
          [36m>[39m
            [0mNuevo mensaje[0m
          [36m</h2>[39m
          [36m<button[39m
            [33maria-label[39m=[32m"Cerrar"[39m
            [33mclass[39m=[32m"text-gray-500 hover:text-gray-700"[39m
          [36m>[39m
            [36m<svg[39m
              [33mclass[39m=[32m"lucide lucide-x"[39m
              [33mfill[39m=[32m"none"[39m
              [33mheight[39m=[32m"24"[39m
              [33mstroke[39m=[32m"currentColor"[39m
              [33mstroke-linecap[39m=[32m"round"[39m
              [33mstroke-linejoin[39m=[32m"round"[39m
              [33mstroke-width[39m=[32m"2"[39m
              [33mviewBox[39m=[32m"0 0 24 24"[39m
              [33mwidth[39m=[32m"24"[39m
              [33mxmlns[39m=[32m"http://www.w3.org/2000/svg"[39m
            [36m>[39m
              [36m<path[39m
                [33md[39m=[32m"M18 6 6 18"[39m
              [36m/>[39m
              [36m<path[39m
                [33md[39m=[32m"m6 6 12 12"[39m
              [36m/>[39m
            [36m</svg>[39m
          [36m</button>[39m
        [36m</div>[39m
        [36m<form[39m
          [33mclass[39m=[32m"flex flex-col flex-grow"[39m
        [36m>[39m
          [36m<div[39m
            [33mclass[39m=[32m"p-4 space-y-4 flex-grow overflow-y-auto"[39m
          [36m>[39m
            [36m<div>[39m
              [36m<label[39m
                [33mclass[39m=[32m"block text-sm font-medium text-gray-700 mb-1"[39m
              [36m>[39m
                [0mDe:[0m
              [36m</label>[39m
              [36m<input[39m
                [33mclass[39m=[32m"w-full p-2 border rounded-md bg-gray-50"[39m
                [33mdisabled[39m=[32m""[39m
                [33mtype[39m=[32m"text"[39m
                [33mvalue[39m=[32m"usuario@lovenda.com"[39m
              [36m/>[39m
            [36m</div>[39m
            [36m<div>[39m
              [36m<label[39m
                [33mclass[39m=[32m"block text-sm font-medium text-gray-700 mb-1"[39m
                [33mfor[39m=[32m"to-input"[39m
              [36m>[39m
                [0mDestinatario:[0m
              [36m</label>[39m
              [36m<input[39m
                [33maria-label[39m=[32m"Destinatario"[39m
                [33mclass[39m=[32m"w-full p-2 border rounded-md"[39m
                [33mid[39m=[32m"to-input"[39m
                [33mplaceholder[39m=[32m"destinatario@ejemplo.com"[39m
                [33mrequired[39m=[32m""[39m
                [33mtype[39m=[32m"email"[39m
                [33mvalue[39m=[32m""[39m
              [36m/>[39m
            [36m</div>[39m
            [36m<div>[39m
              [36m<label[39m
                [33mclass[39m=[32m"block text-sm font-medium text-gray-700 mb-1"[39m
                [33mfor[39m=[32m"subject-input"[39m
              [36m>[39m
                [0mAsunto:[0m
              [36m</label>[39m
              [36m<input[39m
                [33maria-label[39m=[32m"Asunto"[39m
                [33mclass[39m=[32m"w-full p-2 border rounded-md"[39m
                [33mid[39m=[32m"subject-input"[39m
                [33mplaceholder[39m=[32m"Asunto del mensaje"[39m
                [33mtype[39m=[32m"text"[39m
                [33mvalue[39m=[32m""[39m
              [36m/>[39m
            [36m</div>[39m
            [36m<div[39m
              [33mclass[39m=[32m"flex-grow"[39m
            [36m>[39m
              [36m<label[39m
                [33mclass[39m=[32m"block text-sm font-medium text-gray-700 mb-1"[39m
                [33mfor[39m=[32m"body-input"[39m
              [36m>[39m
                [0mMensaje:[0m
              [36m</label>[39m
              [36m<textarea[39m
                [33maria-label[39m=[32m"Mensaje"[39m
                [33mclass[39m=[32m"w-full p-2 border rounded-md min-h-[200px]"[39m
                [33mid[39m=[32m"body-input"[39m
                [33mplaceholder[39m=[32m"Escribe tu mensaje aqu├¡..."[39m
                [33mrows[39m=[32m"10"[39m
              [36m/>[39m
            [36m</div>[39m
          [36m</div>[39m
          [36m<div[39m
            [33mclass[39m=[32m"border-t p-4 bg-gray-50 flex justify-between"[39m
          [36m>[39m
            [36m<div>[39m
              [36m<label[39m
                [33mclass[39m=[32m"cursor-pointer"[39m
                [33mfor[39m=[32m"file-upload"[39m
              [36m>[39m
                [36m<button[39m
                  [33mclass[39m=[32m"inline-flex items-center justify-center font-medium transition-colors focus:outline-none focus:ring-2 focus:ring-blue-500 focus:ring-offset-2 bg-transparent border border-gray-300 hover:bg-gray-50 text-gray-700 text-sm px-4 py-2 rounded-md cursor-pointer flex items-center"[39m
                  [33mtype[39m=[32m"button"[39m
                [36m>[39m
                  [36m<svg[39m
                    [33mclass[39m=[32m"mr-2"[39m
                    [33mfill[39m=[32m"none"[39m
                    [33mheight[39m=[32m"16"[39m
                    [33mstroke[39m=[32m"currentColor"[39m
                    [33mstroke-linecap[39m=[32m"round"[39m
                    [33mstroke-linejoin[39m=[32m"round"[39m
                    [33mstroke-width[39m=[32m"2"[39m
                    [33mviewBox[39m=[32m"0 0 24 24"[39m
                    [33mwidth[39m=[32m"16"[39m
                    [33mxmlns[39m=[32m"http://www.w3.org/2000/svg"[39m
                  [36m>[39m
                    [36m<path[39m
                      [33md[39m=[32m"m21.44 11.05-9.19 9.19a6 6 0 0 1-8.49-8.49l8.57-8.57A4 4 0 1 1 18 8.84l-8.59 8.57a2 2 0 0 1-2.83-2.83l8.49-8.48"[39m
                    [36m/>[39m
                  [36m</svg>[39m
                  [0m Adjuntar archivo[0m
                [36m</button>[39m
                [36m<input[39m
                  [33mclass[39m=[32m"hidden"[39m
                  [33mid[39m=[32m"file-upload"[39m
                  [33mmultiple[39m=[32m""[39m
                  [33mtype[39m=[32m"file"[39m
                [36m/>[39m
              [36m</label>[39m
            [36m</div>[39m
            [36m<button[39m
              [33mclass[39m=[32m"inline-flex items-center justify-c...
   ├ù ComposeEmailModal > pre-rellena campos cuando es una respuesta a otro correo 211ms
     ÔåÆ Found multiple elements with the text of: /destinatario/i

Here are the matching elements:

Ignored nodes: comments, script, style
[36m<input[39m
  [33maria-label[39m=[32m"Destinatario"[39m
  [33mclass[39m=[32m"w-full p-2 border rounded-md"[39m
  [33mid[39m=[32m"to-input"[39m
  [33mplaceholder[39m=[32m"destinatario@ejemplo.com"[39m
  [33mrequired[39m=[32m""[39m
  [33mtype[39m=[32m"email"[39m
  [33mvalue[39m=[32m""[39m
[36m/>[39m

Ignored nodes: comments, script, style
[36m<input[39m
  [33maria-label[39m=[32m"Destinatario"[39m
  [33mclass[39m=[32m"w-full p-2 border rounded-md"[39m
  [33mid[39m=[32m"to-input"[39m
  [33mplaceholder[39m=[32m"destinatario@ejemplo.com"[39m
  [33mrequired[39m=[32m""[39m
  [33mtype[39m=[32m"email"[39m
  [33mvalue[39m=[32m""[39m
[36m/>[39m

Ignored nodes: comments, script, style
[36m<input[39m
  [33maria-label[39m=[32m"Destinatario"[39m
  [33mclass[39m=[32m"w-full p-2 border rounded-md"[39m
  [33mid[39m=[32m"to-input"[39m
  [33mplaceholder[39m=[32m"destinatario@ejemplo.com"[39m
  [33mrequired[39m=[32m""[39m
  [33mtype[39m=[32m"email"[39m
  [33mvalue[39m=[32m""[39m
[36m/>[39m

Ignored nodes: comments, script, style
[36m<input[39m
  [33maria-label[39m=[32m"Destinatario"[39m
  [33mclass[39m=[32m"w-full p-2 border rounded-md"[39m
  [33mid[39m=[32m"to-input"[39m
  [33mplaceholder[39m=[32m"destinatario@ejemplo.com"[39m
  [33mrequired[39m=[32m""[39m
  [33mtype[39m=[32m"email"[39m
  [33mvalue[39m=[32m""[39m
[36m/>[39m

Ignored nodes: comments, script, style
[36m<input[39m
  [33maria-label[39m=[32m"Destinatario"[39m
  [33mclass[39m=[32m"w-full p-2 border rounded-md"[39m
  [33mid[39m=[32m"to-input"[39m
  [33mplaceholder[39m=[32m"destinatario@ejemplo.com"[39m
  [33mrequired[39m=[32m""[39m
  [33mtype[39m=[32m"email"[39m
  [33mvalue[39m=[32m""[39m
[36m/>[39m

Ignored nodes: comments, script, style
[36m<input[39m
  [33maria-label[39m=[32m"Destinatario"[39m
  [33mclass[39m=[32m"w-full p-2 border rounded-md"[39m
  [33mid[39m=[32m"to-input"[39m
  [33mplaceholder[39m=[32m"destinatario@ejemplo.com"[39m
  [33mrequired[39m=[32m""[39m
  [33mtype[39m=[32m"email"[39m
  [33mvalue[39m=[32m"remitente@example.com"[39m
[36m/>[39m

(If this is intentional, then use the `*AllBy*` variant of the query (like `queryAllByText`, `getAllByText`, or `findAllByText`)).

Ignored nodes: comments, script, style
[36m<body>[39m
  [36m<div>[39m
    [36m<div[39m
      [33mclass[39m=[32m"fixed inset-0 bg-black bg-opacity-50 z-50 flex items-center justify-center p-4"[39m
    [36m>[39m
      [36m<div[39m
        [33mclass[39m=[32m"bg-white rounded-lg shadow-xl w-full max-w-3xl max-h-[90vh] flex flex-col"[39m
      [36m>[39m
        [36m<div[39m
          [33mclass[39m=[32m"flex justify-between items-center p-4 border-b"[39m
        [36m>[39m
          [36m<h2[39m
            [33mclass[39m=[32m"text-xl font-semibold"[39m
          [36m>[39m
            [0mNuevo mensaje[0m
          [36m</h2>[39m
          [36m<button[39m
            [33maria-label[39m=[32m"Cerrar"[39m
            [33mclass[39m=[32m"text-gray-500 hover:text-gray-700"[39m
          [36m>[39m
            [36m<svg[39m
              [33mclass[39m=[32m"lucide lucide-x"[39m
              [33mfill[39m=[32m"none"[39m
              [33mheight[39m=[32m"24"[39m
              [33mstroke[39m=[32m"currentColor"[39m
              [33mstroke-linecap[39m=[32m"round"[39m
              [33mstroke-linejoin[39m=[32m"round"[39m
              [33mstroke-width[39m=[32m"2"[39m
              [33mviewBox[39m=[32m"0 0 24 24"[39m
              [33mwidth[39m=[32m"24"[39m
              [33mxmlns[39m=[32m"http://www.w3.org/2000/svg"[39m
            [36m>[39m
              [36m<path[39m
                [33md[39m=[32m"M18 6 6 18"[39m
              [36m/>[39m
              [36m<path[39m
                [33md[39m=[32m"m6 6 12 12"[39m
              [36m/>[39m
            [36m</svg>[39m
          [36m</button>[39m
        [36m</div>[39m
        [36m<form[39m
          [33mclass[39m=[32m"flex flex-col flex-grow"[39m
        [36m>[39m
          [36m<div[39m
            [33mclass[39m=[32m"p-4 space-y-4 flex-grow overflow-y-auto"[39m
          [36m>[39m
            [36m<div>[39m
              [36m<label[39m
                [33mclass[39m=[32m"block text-sm font-medium text-gray-700 mb-1"[39m
              [36m>[39m
                [0mDe:[0m
              [36m</label>[39m
              [36m<input[39m
                [33mclass[39m=[32m"w-full p-2 border rounded-md bg-gray-50"[39m
                [33mdisabled[39m=[32m""[39m
                [33mtype[39m=[32m"text"[39m
                [33mvalue[39m=[32m"usuario@lovenda.com"[39m
              [36m/>[39m
            [36m</div>[39m
            [36m<div>[39m
              [36m<label[39m
                [33mclass[39m=[32m"block text-sm font-medium text-gray-700 mb-1"[39m
                [33mfor[39m=[32m"to-input"[39m
              [36m>[39m
                [0mDestinatario:[0m
              [36m</label>[39m
              [36m<input[39m
                [33maria-label[39m=[32m"Destinatario"[39m
                [33mclass[39m=[32m"w-full p-2 border rounded-md"[39m
                [33mid[39m=[32m"to-input"[39m
                [33mplaceholder[39m=[32m"destinatario@ejemplo.com"[39m
                [33mrequired[39m=[32m""[39m
                [33mtype[39m=[32m"email"[39m
                [33mvalue[39m=[32m""[39m
              [36m/>[39m
            [36m</div>[39m
            [36m<div>[39m
              [36m<label[39m
                [33mclass[39m=[32m"block text-sm font-medium text-gray-700 mb-1"[39m
                [33mfor[39m=[32m"subject-input"[39m
              [36m>[39m
                [0mAsunto:[0m
              [36m</label>[39m
              [36m<input[39m
                [33maria-label[39m=[32m"Asunto"[39m
                [33mclass[39m=[32m"w-full p-2 border rounded-md"[39m
                [33mid[39m=[32m"subject-input"[39m
                [33mplaceholder[39m=[32m"Asunto del mensaje"[39m
                [33mtype[39m=[32m"text"[39m
                [33mvalue[39m=[32m""[39m
              [36m/>[39m
            [36m</div>[39m
            [36m<div[39m
              [33mclass[39m=[32m"flex-grow"[39m
            [36m>[39m
              [36m<label[39m
                [33mclass[39m=[32m"block text-sm font-medium text-gray-700 mb-1"[39m
                [33mfor[39m=[32m"body-input"[39m
              [36m>[39m
                [0mMensaje:[0m
              [36m</label>[39m
              [36m<textarea[39m
                [33maria-label[39m=[32m"Mensaje"[39m
                [33mclass[39m=[32m"w-full p-2 border rounded-md min-h-[200px]"[39m
                [33mid[39m=[32m"body-input"[39m
                [33mplaceholder[39m=[32m"Escribe tu mensaje aqu├¡..."[39m
                [33mrows[39m=[32m"10"[39m
              [36m/>[39m
            [36m</div>[39m
          [36m</div>[39m
          [36m<div[39m
            [33mclass[39m=[32m"border-t p-4 bg-gray-50 flex justify-between"[39m
          [36m>[39m
            [36m<div>[39m
              [36m<label[39m
                [33mclass[39m=[32m"cursor-pointer"[39m
                [33mfor[39m=[32m"file-upload"[39m
              [36m>[39m
                [36m<button[39m
                  [33mclass[39m=[32m"inline-flex items-center justify-center font-medium transition-colors focus:outline-none focus:ring-2 focus:ring-blue-500 focus:ring-offset-2 bg-transparent border border-gray-300 hover:bg-gray-50 text-gray-700 text-sm px-4 py-2 rounded-md cursor-pointer flex items-center"[39m
                  [33mtype[39m=[32m"button"[39m
                [36m>[39m
                  [36m<svg[39m
                    [33mclass[39m=[32m"mr-2"[39m
                    [33mfill[39m=[32m"none"[39m
                    [33mheight[39m=[32m"16"[39m
                    [33mstroke[39m=[32m"currentColor"[39m
                    [33mstroke-linecap[39m=[32m"round"[39m
                    [33mstroke-linejoin[39m=[32m"round"[39m
                    [33mstroke-width[39m=[32m"2"[39m
                    [33mviewBox[39m=[32m"0 0 24 24"[39m
                    [33mwidth[39m=[32m"16"[39m
                    [33mxmlns[39m=[32m"http://www.w3.org/2000/svg"[39m
                  [36m>[39m
                    [36m<path[39m
                      [33md[39m=[32m"m21.44 11.05-9.19 9.19a6 6 0 0 1-8.49-8.49l8.57-8.57A4 4 0 1 1 18 8.84l-8.59 8.57a2 2 0 0 1-2.83-2.83l8.49-8.48"[39m
                    [36m/>[39m
                  [36m</svg>[39m
                  [0m Adjuntar archivo[0m
                [36m</button>[39m
                [36m<input[39m
                  [33mclass[39m=[32m"hidden"[39m
                  [33mid[39m=[32m"file-upload"[39m
                  [33mmultiple[39m=[32m""[39m
                  [33mtype[39m=[32m"file"[39m
                [36m/>[39m
              [36m</label>[39m
            [36m</div>[39m
            [36m<button[39m
              [33mclass[39m=[32m"inline-flex items-center justify-c...
   ├ù ComposeEmailModal > limita el tama├▒o de los archivos adjuntos 751ms
     ÔåÆ Unable to find a label with the text of: /adjuntar archivo/i

Ignored nodes: comments, script, style
[36m<body>[39m
  [36m<div>[39m
    [36m<div[39m
      [33mclass[39m=[32m"fixed inset-0 bg-black bg-opacity-50 z-50 flex items-center justify-center p-4"[39m
    [36m>[39m
      [36m<div[39m
        [33mclass[39m=[32m"bg-white rounded-lg shadow-xl w-full max-w-3xl max-h-[90vh] flex flex-col"[39m
      [36m>[39m
        [36m<div[39m
          [33mclass[39m=[32m"flex justify-between items-center p-4 border-b"[39m
        [36m>[39m
          [36m<h2[39m
            [33mclass[39m=[32m"text-xl font-semibold"[39m
          [36m>[39m
            [0mNuevo mensaje[0m
          [36m</h2>[39m
          [36m<button[39m
            [33maria-label[39m=[32m"Cerrar"[39m
            [33mclass[39m=[32m"text-gray-500 hover:text-gray-700"[39m
          [36m>[39m
            [36m<svg[39m
              [33mclass[39m=[32m"lucide lucide-x"[39m
              [33mfill[39m=[32m"none"[39m
              [33mheight[39m=[32m"24"[39m
              [33mstroke[39m=[32m"currentColor"[39m
              [33mstroke-linecap[39m=[32m"round"[39m
              [33mstroke-linejoin[39m=[32m"round"[39m
              [33mstroke-width[39m=[32m"2"[39m
              [33mviewBox[39m=[32m"0 0 24 24"[39m
              [33mwidth[39m=[32m"24"[39m
              [33mxmlns[39m=[32m"http://www.w3.org/2000/svg"[39m
            [36m>[39m
              [36m<path[39m
                [33md[39m=[32m"M18 6 6 18"[39m
              [36m/>[39m
              [36m<path[39m
                [33md[39m=[32m"m6 6 12 12"[39m
              [36m/>[39m
            [36m</svg>[39m
          [36m</button>[39m
        [36m</div>[39m
        [36m<form[39m
          [33mclass[39m=[32m"flex flex-col flex-grow"[39m
        [36m>[39m
          [36m<div[39m
            [33mclass[39m=[32m"p-4 space-y-4 flex-grow overflow-y-auto"[39m
          [36m>[39m
            [36m<div>[39m
              [36m<label[39m
                [33mclass[39m=[32m"block text-sm font-medium text-gray-700 mb-1"[39m
              [36m>[39m
                [0mDe:[0m
              [36m</label>[39m
              [36m<input[39m
                [33mclass[39m=[32m"w-full p-2 border rounded-md bg-gray-50"[39m
                [33mdisabled[39m=[32m""[39m
                [33mtype[39m=[32m"text"[39m
                [33mvalue[39m=[32m"usuario@lovenda.com"[39m
              [36m/>[39m
            [36m</div>[39m
            [36m<div>[39m
              [36m<label[39m
                [33mclass[39m=[32m"block text-sm font-medium text-gray-700 mb-1"[39m
                [33mfor[39m=[32m"to-input"[39m
              [36m>[39m
                [0mDestinatario:[0m
              [36m</label>[39m
              [36m<input[39m
                [33maria-label[39m=[32m"Destinatario"[39m
                [33mclass[39m=[32m"w-full p-2 border rounded-md"[39m
                [33mid[39m=[32m"to-input"[39m
                [33mplaceholder[39m=[32m"destinatario@ejemplo.com"[39m
                [33mrequired[39m=[32m""[39m
                [33mtype[39m=[32m"email"[39m
                [33mvalue[39m=[32m""[39m
              [36m/>[39m
            [36m</div>[39m
            [36m<div>[39m
              [36m<label[39m
                [33mclass[39m=[32m"block text-sm font-medium text-gray-700 mb-1"[39m
                [33mfor[39m=[32m"subject-input"[39m
              [36m>[39m
                [0mAsunto:[0m
              [36m</label>[39m
              [36m<input[39m
                [33maria-label[39m=[32m"Asunto"[39m
                [33mclass[39m=[32m"w-full p-2 border rounded-md"[39m
                [33mid[39m=[32m"subject-input"[39m
                [33mplaceholder[39m=[32m"Asunto del mensaje"[39m
                [33mtype[39m=[32m"text"[39m
                [33mvalue[39m=[32m""[39m
              [36m/>[39m
            [36m</div>[39m
            [36m<div[39m
              [33mclass[39m=[32m"flex-grow"[39m
            [36m>[39m
              [36m<label[39m
                [33mclass[39m=[32m"block text-sm font-medium text-gray-700 mb-1"[39m
                [33mfor[39m=[32m"body-input"[39m
              [36m>[39m
                [0mMensaje:[0m
              [36m</label>[39m
              [36m<textarea[39m
                [33maria-label[39m=[32m"Mensaje"[39m
                [33mclass[39m=[32m"w-full p-2 border rounded-md min-h-[200px]"[39m
                [33mid[39m=[32m"body-input"[39m
                [33mplaceholder[39m=[32m"Escribe tu mensaje aqu├¡..."[39m
                [33mrows[39m=[32m"10"[39m
              [36m/>[39m
            [36m</div>[39m
          [36m</div>[39m
          [36m<div[39m
            [33mclass[39m=[32m"border-t p-4 bg-gray-50 flex justify-between"[39m
          [36m>[39m
            [36m<div>[39m
              [36m<label[39m
                [33mclass[39m=[32m"cursor-pointer"[39m
                [33mfor[39m=[32m"file-upload"[39m
              [36m>[39m
                [36m<button[39m
                  [33mclass[39m=[32m"inline-flex items-center justify-center font-medium transition-colors focus:outline-none focus:ring-2 focus:ring-blue-500 focus:ring-offset-2 bg-transparent border border-gray-300 hover:bg-gray-50 text-gray-700 text-sm px-4 py-2 rounded-md cursor-pointer flex items-center"[39m
                  [33mtype[39m=[32m"button"[39m
                [36m>[39m
                  [36m<svg[39m
                    [33mclass[39m=[32m"mr-2"[39m
                    [33mfill[39m=[32m"none"[39m
                    [33mheight[39m=[32m"16"[39m
                    [33mstroke[39m=[32m"currentColor"[39m
                    [33mstroke-linecap[39m=[32m"round"[39m
                    [33mstroke-linejoin[39m=[32m"round"[39m
                    [33mstroke-width[39m=[32m"2"[39m
                    [33mviewBox[39m=[32m"0 0 24 24"[39m
                    [33mwidth[39m=[32m"16"[39m
                    [33mxmlns[39m=[32m"http://www.w3.org/2000/svg"[39m
                  [36m>[39m
                    [36m<path[39m
                      [33md[39m=[32m"m21.44 11.05-9.19 9.19a6 6 0 0 1-8.49-8.49l8.57-8.57A4 4 0 1 1 18 8.84l-8.59 8.57a2 2 0 0 1-2.83-2.83l8.49-8.48"[39m
                    [36m/>[39m
                  [36m</svg>[39m
                  [0m Adjuntar archivo[0m
                [36m</button>[39m
                [36m<input[39m
                  [33mclass[39m=[32m"hidden"[39m
                  [33mid[39m=[32m"file-upload"[39m
                  [33mmultiple[39m=[32m""[39m
                  [33mtype[39m=[32m"file"[39m
                [36m/>[39m
              [36m</label>[39m
            [36m</div>[39m
            [36m<button[39m
              [33mclass[39m=[32m"inline-flex items-center justify-c...
 ÔØ» src/test/unit/statsService.test.js (14 tests | 6 failed) 1006ms
   Ô£ô statsService > getUserStats > devuelve un objeto vac├¡o si no se proporciona userId 8ms
   Ô£ô statsService > getUserStats > devuelve un objeto vac├¡o si no hay estad├¡sticas guardadas 3ms
   Ô£ô statsService > getUserStats > devuelve estad├¡sticas si existen en localStorage 1ms
   Ô£ô statsService > getUserStats > maneja errores al parsear JSON 19ms
   Ô£ô statsService > saveUserStats > no hace nada si no se proporciona userId 1ms
   Ô£ô statsService > saveUserStats > guarda correctamente las estad├¡sticas en localStorage 1ms
   Ô£ô statsService > generateUserStats > devuelve un objeto vac├¡o si no se proporciona userId 3ms
   ├ù statsService > generateUserStats > genera estad├¡sticas completas con todos los datos 541ms
     ÔåÆ expected { error: true, ÔÇª(1) } to have property "lastUpdated"
   ├ù statsService > generateUserStats > genera correctamente estad├¡sticas de contactos 76ms
     ÔåÆ Cannot convert undefined or null to object
   ├ù statsService > generateUserStats > calcula correctamente m├®tricas de respuesta 72ms
     ÔåÆ Cannot convert undefined or null to object
   Ô£ô statsService > generateUserStats > maneja errores durante la generaci├│n 73ms
   ├ù statsService > generateUserStats > genera estad├¡sticas incluso sin correos 69ms
     ÔåÆ Cannot read properties of undefined (reading 'total')
   ├ù statsService > generateUserStats > calcula correctamente la distribuci├│n por carpetas 68ms
     ÔåÆ expected { system: { inbox: 3, ÔÇª(2) }, ÔÇª(1) } to have property "data"
   ├ù statsService > generateUserStats > calcula correctamente la distribuci├│n por etiquetas 66ms
     ÔåÆ Cannot convert undefined or null to object
 ÔØ» src/test/unit/FolderSelectionModal.test.jsx (12 tests | 11 failed) 1427ms
   Ô£ô FolderSelectionModal > no renderiza nada cuando isOpen es false 139ms
   ├ù FolderSelectionModal > renderiza correctamente cuando est├í abierto 187ms
     ÔåÆ Invalid Chai property: toBeInTheDocument
   ├ù FolderSelectionModal > llama a onClose cuando se hace clic en el bot├│n de cerrar 88ms
     ÔåÆ Unable to find a label with the text of: Cerrar

Ignored nodes: comments, script, style
[36m<body>[39m
  [36m<div />[39m
  [36m<div>[39m
    [36m<div[39m
      [33maria-labelledby[39m=[32m"folder-modal-title"[39m
      [33maria-modal[39m=[32m"true"[39m
      [33mclass[39m=[32m"fixed inset-0 bg-black/50 backdrop-blur-sm z-50 flex items-center justify-center p-4"[39m
      [33mrole[39m=[32m"dialog"[39m
    [36m>[39m
      [36m<div[39m
        [33mclass[39m=[32m"bg-white rounded-lg shadow-lg w-full max-w-md"[39m
        [33mtabindex[39m=[32m"-1"[39m
      [36m>[39m
        [36m<header[39m
          [33mclass[39m=[32m"flex items-center justify-between p-4 border-b"[39m
        [36m>[39m
          [36m<h2[39m
            [33mclass[39m=[32m"text-lg font-semibold text-gray-800"[39m
            [33mid[39m=[32m"folder-modal-title"[39m
          [36m>[39m
            [0mMover a carpeta[0m
          [36m</h2>[39m
          [36m<button[39m
            [33maria-label[39m=[32m"Cerrar di├ílogo"[39m
            [33mclass[39m=[32m"text-gray-500 hover:text-gray-700 focus:outline-none focus:ring-2 focus:ring-blue-500 p-1 rounded-full"[39m
          [36m>[39m
            [36m<svg[39m
              [33mclass[39m=[32m"lucide lucide-x"[39m
              [33mfill[39m=[32m"none"[39m
              [33mheight[39m=[32m"20"[39m
              [33mstroke[39m=[32m"currentColor"[39m
              [33mstroke-linecap[39m=[32m"round"[39m
              [33mstroke-linejoin[39m=[32m"round"[39m
              [33mstroke-width[39m=[32m"2"[39m
              [33mviewBox[39m=[32m"0 0 24 24"[39m
              [33mwidth[39m=[32m"20"[39m
              [33mxmlns[39m=[32m"http://www.w3.org/2000/svg"[39m
            [36m>[39m
              [36m<path[39m
                [33md[39m=[32m"M18 6 6 18"[39m
              [36m/>[39m
              [36m<path[39m
                [33md[39m=[32m"m6 6 12 12"[39m
              [36m/>[39m
            [36m</svg>[39m
          [36m</button>[39m
        [36m</header>[39m
        [36m<div[39m
          [33mclass[39m=[32m"p-4 border-b"[39m
        [36m>[39m
          [36m<p[39m
            [33mclass[39m=[32m"text-sm text-gray-700"[39m
            [33mid[39m=[32m"folder-modal-description"[39m
          [36m>[39m
            [0mSelecciona una carpeta para mover el correo[0m
          [36m</p>[39m
          [36m<div[39m
            [33mclass[39m=[32m"mt-3 relative"[39m
          [36m>[39m
            [36m<label[39m
              [33mclass[39m=[32m"sr-only"[39m
              [33mfor[39m=[32m"folder-search"[39m
            [36m>[39m
              [0mBuscar carpetas[0m
            [36m</label>[39m
            [36m<input[39m
              [33maria-controls[39m=[32m"folder-list"[39m
              [33maria-describedby[39m=[32m"folder-modal-description"[39m
              [33mclass[39m=[32m"w-full py-2 pl-10 pr-4 border rounded-md focus:ring-blue-500 focus:border-blue-500 text-gray-800"[39m
              [33mid[39m=[32m"folder-search"[39m
              [33mplaceholder[39m=[32m"Buscar carpetas..."[39m
              [33mtype[39m=[32m"text"[39m
              [33mvalue[39m=[32m""[39m
            [36m/>[39m
            [36m<svg[39m
              [33maria-hidden[39m=[32m"true"[39m
              [33mclass[39m=[32m"absolute left-3 top-2.5 text-gray-500"[39m
              [33mfill[39m=[32m"none"[39m
              [33mheight[39m=[32m"18"[39m
              [33mstroke[39m=[32m"currentColor"[39m
              [33mstroke-linecap[39m=[32m"round"[39m
              [33mstroke-linejoin[39m=[32m"round"[39m
              [33mstroke-width[39m=[32m"2"[39m
              [33mviewBox[39m=[32m"0 0 24 24"[39m
              [33mwidth[39m=[32m"18"[39m
              [33mxmlns[39m=[32m"http://www.w3.org/2000/svg"[39m
            [36m>[39m
              [36m<circle[39m
                [33mcx[39m=[32m"11"[39m
                [33mcy[39m=[32m"11"[39m
                [33mr[39m=[32m"8"[39m
              [36m/>[39m
              [36m<path[39m
                [33md[39m=[32m"m21 21-4.3-4.3"[39m
              [36m/>[39m
            [36m</svg>[39m
          [36m</div>[39m
        [36m</div>[39m
        [36m<div[39m
          [33maria-label[39m=[32m"Lista de carpetas disponibles"[39m
          [33mclass[39m=[32m"p-2 max-h-64 overflow-y-auto"[39m
          [33mdata-testid[39m=[32m"folder-menu"[39m
          [33mid[39m=[32m"folder-list"[39m
          [33mrole[39m=[32m"listbox"[39m
          [33mtabindex[39m=[32m"0"[39m
        [36m>[39m
          [36m<div[39m
            [33maria-selected[39m=[32m"false"[39m
            [33mclass[39m=[32m"flex items-center px-3 py-2 rounded-md hover:bg-gray-100 
                   
                  cursor-pointer transition-colors"[39m
            [33mdata-testid[39m=[32m"folder-menu-item"[39m
            [33mrole[39m=[32m"option"[39m
            [33mtabindex[39m=[32m"0"[39m
          [36m>[39m
            [36m<svg[39m
              [33maria-hidden[39m=[32m"true"[39m
              [33mclass[39m=[32m"text-blue-600 mr-2"[39m
              [33mfill[39m=[32m"none"[39m
              [33mheight[39m=[32m"18"[39m
              [33mstroke[39m=[32m"currentColor"[39m
              [33mstroke-linecap[39m=[32m"round"[39m
              [33mstroke-linejoin[39m=[32m"round"[39m
              [33mstroke-width[39m=[32m"2"[39m
              [33mviewBox[39m=[32m"0 0 24 24"[39m
              [33mwidth[39m=[32m"18"[39m
              [33mxmlns[39m=[32m"http://www.w3.org/2000/svg"[39m
            [36m>[39m
              [36m<path[39m
                [33md[39m=[32m"M4 20h16a2 2 0 0 0 2-2V8a2 2 0 0 0-2-2h-7.93a2 2 0 0 1-1.66-.9l-.82-1.2A2 2 0 0 0 7.93 3H4a2 2 0 0 0-2 2v13c0 1.1.9 2 2 2Z"[39m
              [36m/>[39m
            [36m</svg>[39m
            [36m<span[39m
              [33mclass[39m=[32m"flex-grow text-gray-800"[39m
            [36m>[39m
              [0mBandeja de entrada[0m
            [36m</span>[39m
            [36m<button[39m
              [33maria-label[39m=[32m"Seleccionar carpeta Bandeja de entrada"[39m
              [33mclass[39m=[32m"p-1 bg-blue-100 text-blue-600 rounded-full hover:bg-blue-200 focus:ring-2 focus:ring-blue-500 focus:outline-none"[39m
            [36m>[39m
              [36m<svg[39m
                [33maria-hidden[39m=[32m"true"[39m
                [33mclass[39m=[32m"lucide lucide-check"[39m
                [33mfill[39m=[32m"none"[39m
                [33mheight[39m=[32m"16"[39m
                [33mstroke[39m=[32m"currentColor"[39m
                [33mstroke-linecap[39m=[32m"round"[39m
                [33mstroke-linejoin[39m=[32m"round"[39m
                [33mstroke-width[39m=[32m"2"[39m
                [33mviewBox[39m=[32m"0 ...
   ├ù FolderSelectionModal > filtra correctamente las carpetas al buscar 136ms
     ÔåÆ Found multiple elements with the placeholder text of: Buscar carpetas...

Here are the matching elements:

Ignored nodes: comments, script, style
[36m<input[39m
  [33maria-controls[39m=[32m"folder-list"[39m
  [33maria-describedby[39m=[32m"folder-modal-description"[39m
  [33mclass[39m=[32m"w-full py-2 pl-10 pr-4 border rounded-md focus:ring-blue-500 focus:border-blue-500 text-gray-800"[39m
  [33mid[39m=[32m"folder-search"[39m
  [33mplaceholder[39m=[32m"Buscar carpetas..."[39m
  [33mtype[39m=[32m"text"[39m
  [33mvalue[39m=[32m""[39m
[36m/>[39m

Ignored nodes: comments, script, style
[36m<input[39m
  [33maria-controls[39m=[32m"folder-list"[39m
  [33maria-describedby[39m=[32m"folder-modal-description"[39m
  [33mclass[39m=[32m"w-full py-2 pl-10 pr-4 border rounded-md focus:ring-blue-500 focus:border-blue-500 text-gray-800"[39m
  [33mid[39m=[32m"folder-search"[39m
  [33mplaceholder[39m=[32m"Buscar carpetas..."[39m
  [33mtype[39m=[32m"text"[39m
  [33mvalue[39m=[32m""[39m
[36m/>[39m

Ignored nodes: comments, script, style
[36m<input[39m
  [33maria-controls[39m=[32m"folder-list"[39m
  [33maria-describedby[39m=[32m"folder-modal-description"[39m
  [33mclass[39m=[32m"w-full py-2 pl-10 pr-4 border rounded-md focus:ring-blue-500 focus:border-blue-500 text-gray-800"[39m
  [33mid[39m=[32m"folder-search"[39m
  [33mplaceholder[39m=[32m"Buscar carpetas..."[39m
  [33mtype[39m=[32m"text"[39m
  [33mvalue[39m=[32m""[39m
[36m/>[39m

(If this is intentional, then use the `*AllBy*` variant of the query (like `queryAllByText`, `getAllByText`, or `findAllByText`)).

Ignored nodes: comments, script, style
[36m<body>[39m
  [36m<div />[39m
  [36m<div>[39m
    [36m<div[39m
      [33maria-labelledby[39m=[32m"folder-modal-title"[39m
      [33maria-modal[39m=[32m"true"[39m
      [33mclass[39m=[32m"fixed inset-0 bg-black/50 backdrop-blur-sm z-50 flex items-center justify-center p-4"[39m
      [33mrole[39m=[32m"dialog"[39m
    [36m>[39m
      [36m<div[39m
        [33mclass[39m=[32m"bg-white rounded-lg shadow-lg w-full max-w-md"[39m
        [33mtabindex[39m=[32m"-1"[39m
      [36m>[39m
        [36m<header[39m
          [33mclass[39m=[32m"flex items-center justify-between p-4 border-b"[39m
        [36m>[39m
          [36m<h2[39m
            [33mclass[39m=[32m"text-lg font-semibold text-gray-800"[39m
            [33mid[39m=[32m"folder-modal-title"[39m
          [36m>[39m
            [0mMover a carpeta[0m
          [36m</h2>[39m
          [36m<button[39m
            [33maria-label[39m=[32m"Cerrar di├ílogo"[39m
            [33mclass[39m=[32m"text-gray-500 hover:text-gray-700 focus:outline-none focus:ring-2 focus:ring-blue-500 p-1 rounded-full"[39m
          [36m>[39m
            [36m<svg[39m
              [33mclass[39m=[32m"lucide lucide-x"[39m
              [33mfill[39m=[32m"none"[39m
              [33mheight[39m=[32m"20"[39m
              [33mstroke[39m=[32m"currentColor"[39m
              [33mstroke-linecap[39m=[32m"round"[39m
              [33mstroke-linejoin[39m=[32m"round"[39m
              [33mstroke-width[39m=[32m"2"[39m
              [33mviewBox[39m=[32m"0 0 24 24"[39m
              [33mwidth[39m=[32m"20"[39m
              [33mxmlns[39m=[32m"http://www.w3.org/2000/svg"[39m
            [36m>[39m
              [36m<path[39m
                [33md[39m=[32m"M18 6 6 18"[39m
              [36m/>[39m
              [36m<path[39m
                [33md[39m=[32m"m6 6 12 12"[39m
              [36m/>[39m
            [36m</svg>[39m
          [36m</button>[39m
        [36m</header>[39m
        [36m<div[39m
          [33mclass[39m=[32m"p-4 border-b"[39m
        [36m>[39m
          [36m<p[39m
            [33mclass[39m=[32m"text-sm text-gray-700"[39m
            [33mid[39m=[32m"folder-modal-description"[39m
          [36m>[39m
            [0mSelecciona una carpeta para mover el correo[0m
          [36m</p>[39m
          [36m<div[39m
            [33mclass[39m=[32m"mt-3 relative"[39m
          [36m>[39m
            [36m<label[39m
              [33mclass[39m=[32m"sr-only"[39m
              [33mfor[39m=[32m"folder-search"[39m
            [36m>[39m
              [0mBuscar carpetas[0m
            [36m</label>[39m
            [36m<input[39m
              [33maria-controls[39m=[32m"folder-list"[39m
              [33maria-describedby[39m=[32m"folder-modal-description"[39m
              [33mclass[39m=[32m"w-full py-2 pl-10 pr-4 border rounded-md focus:ring-blue-500 focus:border-blue-500 text-gray-800"[39m
              [33mid[39m=[32m"folder-search"[39m
              [33mplaceholder[39m=[32m"Buscar carpetas..."[39m
              [33mtype[39m=[32m"text"[39m
              [33mvalue[39m=[32m""[39m
            [36m/>[39m
            [36m<svg[39m
              [33maria-hidden[39m=[32m"true"[39m
              [33mclass[39m=[32m"absolute left-3 top-2.5 text-gray-500"[39m
              [33mfill[39m=[32m"none"[39m
              [33mheight[39m=[32m"18"[39m
              [33mstroke[39m=[32m"currentColor"[39m
              [33mstroke-linecap[39m=[32m"round"[39m
              [33mstroke-linejoin[39m=[32m"round"[39m
              [33mstroke-width[39m=[32m"2"[39m
              [33mviewBox[39m=[32m"0 0 24 24"[39m
              [33mwidth[39m=[32m"18"[39m
              [33mxmlns[39m=[32m"http://www.w3.org/2000/svg"[39m
            [36m>[39m
              [36m<circle[39m
                [33mcx[39m=[32m"11"[39m
                [33mcy[39m=[32m"11"[39m
                [33mr[39m=[32m"8"[39m
              [36m/>[39m
              [36m<path[39m
                [33md[39m=[32m"m21 21-4.3-4.3"[39m
              [36m/>[39m
            [36m</svg>[39m
          [36m</div>[39m
        [36m</div>[39m
        [36m<div[39m
          [33maria-label[39m=[32m"Lista de carpetas disponibles"[39m
          [33mclass[39m=[32m"p-2 max-h-64 overflow-y-auto"[39m
          [33mdata-testid[39m=[32m"folder-menu"[39m
          [33mid[39m=[32m"folder-list"[39m
          [33mrole[39m=[32m"listbox"[39m
          [33mtabindex[39m=[32m"0"[39m
        [36m>[39m
          [36m<div[39m
            [33maria-selected[39m=[32m"false"[39m
            [33mclass[39m=[32m"flex items-center px-3 py-2 rounded-md hover:bg-gray-100 
                   
                  cursor-pointer transition-colors"[39m
            [33mdata-testid[39m=[32m"folder-menu-item"[39m
            [33mrole[39m=[32m"option"[39m
            [33mtabindex[39m=[32m"0"[39m
          [36m>[39m
            [36m<svg[39m
              [33maria-hidden[39m=[32m"true"[39m
              [33mclass[39m=[32m"text-blue-600 mr-2"[39m
              [33mfill[39m=[32m"none"[39m
              [33mheight[39m=[32m"18"[39m
              [33mstroke[39m=[32m"currentColor"[39m
              [33mstroke-linecap[39m=[32m"round"[39m
              [33mstroke-linejoin[39m=[32m"round"[39m
              [33mstroke-width[39m=[32m"2"[39m
              [33mviewBox[39m=[32m"0 0 24 24"[39m
              [33mwidth[39m=[32m"18"[39m
              [33mxmlns[39m=[32m"http://www.w3.org/2000/svg"[39m
            [36m>[39m
              [36m<path[39m
                [33md[39m=[32m"M4 20h16a2 2 0 0 0 2-2V8a2 2 0 0 0-2-2h-7.93a2 2 0 0 1-1.66-.9l-.82-1.2A2 2 0 0 0 7.93 3H4a2 2 0 0 0-2 2v13c0 1.1.9 2 2 2Z"[39m
              [36m/>[39m
            [36m</svg>[39m
            [36m<span[39m
              [33mclass[39m=[32m"flex-grow text-gray-800"[39m
            [36m>[39m
              [0mBandeja de entrada[0m
            [36m</span>[39m
            [36m<button[39m
              [33maria-label[39m=[32m"Seleccionar carpeta Bandeja de entrada"[39m
              [33mclass[39m=[32m"p-1 bg-blue-100 text-blue-600 rounded-full hover:bg-blue-200 focus:ring-2 focus:ring-blue-500 focus:outline-none"[39m
            [36m>[39m
              [36m<svg[39m
                [33maria-hidden[39m=[32m"true"[39m
                [33mclass[39m=[32m"lucide lucide-check"[39m
                [33mfill[39m=[32m"none"[39m
                [33mheight[39m=[32m"16"[39m
                [33mstroke[39m=[32m"currentColor"[39m
                [33mstroke-linecap[39m=[32m"round"[39m
                [33mstroke-linejoin[39m=[32m"round"[39m
                [33mstroke-width[39m=[32m"2"[39m
                [33mviewBox[39m=[32m"0 ...
   ├ù FolderSelectionModal > llama a onSelectFolder con la carpeta correcta al hacer clic 36ms
     ÔåÆ Found multiple elements with the text: Trabajo

Here are the matching elements:

Ignored nodes: comments, script, style
[36m<span[39m
  [33mclass[39m=[32m"flex-grow text-gray-800"[39m
[36m>[39m
  [0mTrabajo[0m
[36m</span>[39m

Ignored nodes: comments, script, style
[36m<span[39m
  [33mclass[39m=[32m"flex-grow text-gray-800"[39m
[36m>[39m
  [0mTrabajo[0m
[36m</span>[39m

Ignored nodes: comments, script, style
[36m<span[39m
  [33mclass[39m=[32m"flex-grow text-gray-800"[39m
[36m>[39m
  [0mTrabajo[0m
[36m</span>[39m

Ignored nodes: comments, script, style
[36m<span[39m
  [33mclass[39m=[32m"flex-grow text-gray-800"[39m
[36m>[39m
  [0mTrabajo[0m
[36m</span>[39m

(If this is intentional, then use the `*AllBy*` variant of the query (like `queryAllByText`, `getAllByText`, or `findAllByText`)).

Ignored nodes: comments, script, style
[36m<body>[39m
  [36m<div />[39m
  [36m<div>[39m
    [36m<div[39m
      [33maria-labelledby[39m=[32m"folder-modal-title"[39m
      [33maria-modal[39m=[32m"true"[39m
      [33mclass[39m=[32m"fixed inset-0 bg-black/50 backdrop-blur-sm z-50 flex items-center justify-center p-4"[39m
      [33mrole[39m=[32m"dialog"[39m
    [36m>[39m
      [36m<div[39m
        [33mclass[39m=[32m"bg-white rounded-lg shadow-lg w-full max-w-md"[39m
        [33mtabindex[39m=[32m"-1"[39m
      [36m>[39m
        [36m<header[39m
          [33mclass[39m=[32m"flex items-center justify-between p-4 border-b"[39m
        [36m>[39m
          [36m<h2[39m
            [33mclass[39m=[32m"text-lg font-semibold text-gray-800"[39m
            [33mid[39m=[32m"folder-modal-title"[39m
          [36m>[39m
            [0mMover a carpeta[0m
          [36m</h2>[39m
          [36m<button[39m
            [33maria-label[39m=[32m"Cerrar di├ílogo"[39m
            [33mclass[39m=[32m"text-gray-500 hover:text-gray-700 focus:outline-none focus:ring-2 focus:ring-blue-500 p-1 rounded-full"[39m
          [36m>[39m
            [36m<svg[39m
              [33mclass[39m=[32m"lucide lucide-x"[39m
              [33mfill[39m=[32m"none"[39m
              [33mheight[39m=[32m"20"[39m
              [33mstroke[39m=[32m"currentColor"[39m
              [33mstroke-linecap[39m=[32m"round"[39m
              [33mstroke-linejoin[39m=[32m"round"[39m
              [33mstroke-width[39m=[32m"2"[39m
              [33mviewBox[39m=[32m"0 0 24 24"[39m
              [33mwidth[39m=[32m"20"[39m
              [33mxmlns[39m=[32m"http://www.w3.org/2000/svg"[39m
            [36m>[39m
              [36m<path[39m
                [33md[39m=[32m"M18 6 6 18"[39m
              [36m/>[39m
              [36m<path[39m
                [33md[39m=[32m"m6 6 12 12"[39m
              [36m/>[39m
            [36m</svg>[39m
          [36m</button>[39m
        [36m</header>[39m
        [36m<div[39m
          [33mclass[39m=[32m"p-4 border-b"[39m
        [36m>[39m
          [36m<p[39m
            [33mclass[39m=[32m"text-sm text-gray-700"[39m
            [33mid[39m=[32m"folder-modal-description"[39m
          [36m>[39m
            [0mSelecciona una carpeta para mover el correo[0m
          [36m</p>[39m
          [36m<div[39m
            [33mclass[39m=[32m"mt-3 relative"[39m
          [36m>[39m
            [36m<label[39m
              [33mclass[39m=[32m"sr-only"[39m
              [33mfor[39m=[32m"folder-search"[39m
            [36m>[39m
              [0mBuscar carpetas[0m
            [36m</label>[39m
            [36m<input[39m
              [33maria-controls[39m=[32m"folder-list"[39m
              [33maria-describedby[39m=[32m"folder-modal-description"[39m
              [33mclass[39m=[32m"w-full py-2 pl-10 pr-4 border rounded-md focus:ring-blue-500 focus:border-blue-500 text-gray-800"[39m
              [33mid[39m=[32m"folder-search"[39m
              [33mplaceholder[39m=[32m"Buscar carpetas..."[39m
              [33mtype[39m=[32m"text"[39m
              [33mvalue[39m=[32m""[39m
            [36m/>[39m
            [36m<svg[39m
              [33maria-hidden[39m=[32m"true"[39m
              [33mclass[39m=[32m"absolute left-3 top-2.5 text-gray-500"[39m
              [33mfill[39m=[32m"none"[39m
              [33mheight[39m=[32m"18"[39m
              [33mstroke[39m=[32m"currentColor"[39m
              [33mstroke-linecap[39m=[32m"round"[39m
              [33mstroke-linejoin[39m=[32m"round"[39m
              [33mstroke-width[39m=[32m"2"[39m
              [33mviewBox[39m=[32m"0 0 24 24"[39m
              [33mwidth[39m=[32m"18"[39m
              [33mxmlns[39m=[32m"http://www.w3.org/2000/svg"[39m
            [36m>[39m
              [36m<circle[39m
                [33mcx[39m=[32m"11"[39m
                [33mcy[39m=[32m"11"[39m
                [33mr[39m=[32m"8"[39m
              [36m/>[39m
              [36m<path[39m
                [33md[39m=[32m"m21 21-4.3-4.3"[39m
              [36m/>[39m
            [36m</svg>[39m
          [36m</div>[39m
        [36m</div>[39m
        [36m<div[39m
          [33maria-label[39m=[32m"Lista de carpetas disponibles"[39m
          [33mclass[39m=[32m"p-2 max-h-64 overflow-y-auto"[39m
          [33mdata-testid[39m=[32m"folder-menu"[39m
          [33mid[39m=[32m"folder-list"[39m
          [33mrole[39m=[32m"listbox"[39m
          [33mtabindex[39m=[32m"0"[39m
        [36m>[39m
          [36m<div[39m
            [33maria-selected[39m=[32m"false"[39m
            [33mclass[39m=[32m"flex items-center px-3 py-2 rounded-md hover:bg-gray-100 
                   
                  cursor-pointer transition-colors"[39m
            [33mdata-testid[39m=[32m"folder-menu-item"[39m
            [33mrole[39m=[32m"option"[39m
            [33mtabindex[39m=[32m"0"[39m
          [36m>[39m
            [36m<svg[39m
              [33maria-hidden[39m=[32m"true"[39m
              [33mclass[39m=[32m"text-blue-600 mr-2"[39m
              [33mfill[39m=[32m"none"[39m
              [33mheight[39m=[32m"18"[39m
              [33mstroke[39m=[32m"currentColor"[39m
              [33mstroke-linecap[39m=[32m"round"[39m
              [33mstroke-linejoin[39m=[32m"round"[39m
              [33mstroke-width[39m=[32m"2"[39m
              [33mviewBox[39m=[32m"0 0 24 24"[39m
              [33mwidth[39m=[32m"18"[39m
              [33mxmlns[39m=[32m"http://www.w3.org/2000/svg"[39m
            [36m>[39m
              [36m<path[39m
                [33md[39m=[32m"M4 20h16a2 2 0 0 0 2-2V8a2 2 0 0 0-2-2h-7.93a2 2 0 0 1-1.66-.9l-.82-1.2A2 2 0 0 0 7.93 3H4a2 2 0 0 0-2 2v13c0 1.1.9 2 2 2Z"[39m
              [36m/>[39m
            [36m</svg>[39m
            [36m<span[39m
              [33mclass[39m=[32m"flex-grow text-gray-800"[39m
            [36m>[39m
              [0mBandeja de entrada[0m
            [36m</span>[39m
            [36m<button[39m
              [33maria-label[39m=[32m"Seleccionar carpeta Bandeja de entrada"[39m
              [33mclass[39m=[32m"p-1 bg-blue-100 text-blue-600 rounded-full hover:bg-blue-200 focus:ring-2 focus:ring-blue-500 focus:outline-none"[39m
            [36m>[39m
              [36m<svg[39m
                [33maria-hidden[39m=[32m"true"[39m
                [33mclass[39m=[32m"lucide lucide-check"[39m
                [33mfill[39m=[32m"none"[39m
                [33mheight[39m=[32m"16"[39m
                [33mstroke[39m=[32m"currentColor"[39m
                [33mstroke-linecap[39m=[32m"round"[39m
                [33mstroke-linejoin[39m=[32m"round"[39m
                [33mstroke-width[39m=[32m"2"[39m
                [33mviewBox[39m=[32m"0 ...
   ├ù FolderSelectionModal > muestra mensaje cuando no hay resultados de b├║squeda 101ms
     ÔåÆ Found multiple elements with the placeholder text of: Buscar carpetas...

Here are the matching elements:

Ignored nodes: comments, script, style
[36m<input[39m
  [33maria-controls[39m=[32m"folder-list"[39m
  [33maria-describedby[39m=[32m"folder-modal-description"[39m
  [33mclass[39m=[32m"w-full py-2 pl-10 pr-4 border rounded-md focus:ring-blue-500 focus:border-blue-500 text-gray-800"[39m
  [33mid[39m=[32m"folder-search"[39m
  [33mplaceholder[39m=[32m"Buscar carpetas..."[39m
  [33mtype[39m=[32m"text"[39m
  [33mvalue[39m=[32m""[39m
[36m/>[39m

Ignored nodes: comments, script, style
[36m<input[39m
  [33maria-controls[39m=[32m"folder-list"[39m
  [33maria-describedby[39m=[32m"folder-modal-description"[39m
  [33mclass[39m=[32m"w-full py-2 pl-10 pr-4 border rounded-md focus:ring-blue-500 focus:border-blue-500 text-gray-800"[39m
  [33mid[39m=[32m"folder-search"[39m
  [33mplaceholder[39m=[32m"Buscar carpetas..."[39m
  [33mtype[39m=[32m"text"[39m
  [33mvalue[39m=[32m""[39m
[36m/>[39m

Ignored nodes: comments, script, style
[36m<input[39m
  [33maria-controls[39m=[32m"folder-list"[39m
  [33maria-describedby[39m=[32m"folder-modal-description"[39m
  [33mclass[39m=[32m"w-full py-2 pl-10 pr-4 border rounded-md focus:ring-blue-500 focus:border-blue-500 text-gray-800"[39m
  [33mid[39m=[32m"folder-search"[39m
  [33mplaceholder[39m=[32m"Buscar carpetas..."[39m
  [33mtype[39m=[32m"text"[39m
  [33mvalue[39m=[32m""[39m
[36m/>[39m

Ignored nodes: comments, script, style
[36m<input[39m
  [33maria-controls[39m=[32m"folder-list"[39m
  [33maria-describedby[39m=[32m"folder-modal-description"[39m
  [33mclass[39m=[32m"w-full py-2 pl-10 pr-4 border rounded-md focus:ring-blue-500 focus:border-blue-500 text-gray-800"[39m
  [33mid[39m=[32m"folder-search"[39m
  [33mplaceholder[39m=[32m"Buscar carpetas..."[39m
  [33mtype[39m=[32m"text"[39m
  [33mvalue[39m=[32m""[39m
[36m/>[39m

Ignored nodes: comments, script, style
[36m<input[39m
  [33maria-controls[39m=[32m"folder-list"[39m
  [33maria-describedby[39m=[32m"folder-modal-description"[39m
  [33mclass[39m=[32m"w-full py-2 pl-10 pr-4 border rounded-md focus:ring-blue-500 focus:border-blue-500 text-gray-800"[39m
  [33mid[39m=[32m"folder-search"[39m
  [33mplaceholder[39m=[32m"Buscar carpetas..."[39m
  [33mtype[39m=[32m"text"[39m
  [33mvalue[39m=[32m""[39m
[36m/>[39m

(If this is intentional, then use the `*AllBy*` variant of the query (like `queryAllByText`, `getAllByText`, or `findAllByText`)).

Ignored nodes: comments, script, style
[36m<body>[39m
  [36m<div />[39m
  [36m<div>[39m
    [36m<div[39m
      [33maria-labelledby[39m=[32m"folder-modal-title"[39m
      [33maria-modal[39m=[32m"true"[39m
      [33mclass[39m=[32m"fixed inset-0 bg-black/50 backdrop-blur-sm z-50 flex items-center justify-center p-4"[39m
      [33mrole[39m=[32m"dialog"[39m
    [36m>[39m
      [36m<div[39m
        [33mclass[39m=[32m"bg-white rounded-lg shadow-lg w-full max-w-md"[39m
        [33mtabindex[39m=[32m"-1"[39m
      [36m>[39m
        [36m<header[39m
          [33mclass[39m=[32m"flex items-center justify-between p-4 border-b"[39m
        [36m>[39m
          [36m<h2[39m
            [33mclass[39m=[32m"text-lg font-semibold text-gray-800"[39m
            [33mid[39m=[32m"folder-modal-title"[39m
          [36m>[39m
            [0mMover a carpeta[0m
          [36m</h2>[39m
          [36m<button[39m
            [33maria-label[39m=[32m"Cerrar di├ílogo"[39m
            [33mclass[39m=[32m"text-gray-500 hover:text-gray-700 focus:outline-none focus:ring-2 focus:ring-blue-500 p-1 rounded-full"[39m
          [36m>[39m
            [36m<svg[39m
              [33mclass[39m=[32m"lucide lucide-x"[39m
              [33mfill[39m=[32m"none"[39m
              [33mheight[39m=[32m"20"[39m
              [33mstroke[39m=[32m"currentColor"[39m
              [33mstroke-linecap[39m=[32m"round"[39m
              [33mstroke-linejoin[39m=[32m"round"[39m
              [33mstroke-width[39m=[32m"2"[39m
              [33mviewBox[39m=[32m"0 0 24 24"[39m
              [33mwidth[39m=[32m"20"[39m
              [33mxmlns[39m=[32m"http://www.w3.org/2000/svg"[39m
            [36m>[39m
              [36m<path[39m
                [33md[39m=[32m"M18 6 6 18"[39m
              [36m/>[39m
              [36m<path[39m
                [33md[39m=[32m"m6 6 12 12"[39m
              [36m/>[39m
            [36m</svg>[39m
          [36m</button>[39m
        [36m</header>[39m
        [36m<div[39m
          [33mclass[39m=[32m"p-4 border-b"[39m
        [36m>[39m
          [36m<p[39m
            [33mclass[39m=[32m"text-sm text-gray-700"[39m
            [33mid[39m=[32m"folder-modal-description"[39m
          [36m>[39m
            [0mSelecciona una carpeta para mover el correo[0m
          [36m</p>[39m
          [36m<div[39m
            [33mclass[39m=[32m"mt-3 relative"[39m
          [36m>[39m
            [36m<label[39m
              [33mclass[39m=[32m"sr-only"[39m
              [33mfor[39m=[32m"folder-search"[39m
            [36m>[39m
              [0mBuscar carpetas[0m
            [36m</label>[39m
            [36m<input[39m
              [33maria-controls[39m=[32m"folder-list"[39m
              [33maria-describedby[39m=[32m"folder-modal-description"[39m
              [33mclass[39m=[32m"w-full py-2 pl-10 pr-4 border rounded-md focus:ring-blue-500 focus:border-blue-500 text-gray-800"[39m
              [33mid[39m=[32m"folder-search"[39m
              [33mplaceholder[39m=[32m"Buscar carpetas..."[39m
              [33mtype[39m=[32m"text"[39m
              [33mvalue[39m=[32m""[39m
            [36m/>[39m
            [36m<svg[39m
              [33maria-hidden[39m=[32m"true"[39m
              [33mclass[39m=[32m"absolute left-3 top-2.5 text-gray-500"[39m
              [33mfill[39m=[32m"none"[39m
              [33mheight[39m=[32m"18"[39m
              [33mstroke[39m=[32m"currentColor"[39m
              [33mstroke-linecap[39m=[32m"round"[39m
              [33mstroke-linejoin[39m=[32m"round"[39m
              [33mstroke-width[39m=[32m"2"[39m
              [33mviewBox[39m=[32m"0 0 24 24"[39m
              [33mwidth[39m=[32m"18"[39m
              [33mxmlns[39m=[32m"http://www.w3.org/2000/svg"[39m
            [36m>[39m
              [36m<circle[39m
                [33mcx[39m=[32m"11"[39m
                [33mcy[39m=[32m"11"[39m
                [33mr[39m=[32m"8"[39m
              [36m/>[39m
              [36m<path[39m
                [33md[39m=[32m"m21 21-4.3-4.3"[39m
              [36m/>[39m
            [36m</svg>[39m
          [36m</div>[39m
        [36m</div>[39m
        [36m<div[39m
          [33maria-label[39m=[32m"Lista de carpetas disponibles"[39m
          [33mclass[39m=[32m"p-2 max-h-64 overflow-y-auto"[39m
          [33mdata-testid[39m=[32m"folder-menu"[39m
          [33mid[39m=[32m"folder-list"[39m
          [33mrole[39m=[32m"listbox"[39m
          [33mtabindex[39m=[32m"0"[39m
        [36m>[39m
          [36m<div[39m
            [33maria-selected[39m=[32m"false"[39m
            [33mclass[39m=[32m"flex items-center px-3 py-2 rounded-md hover:bg-gray-100 
                   
                  cursor-pointer transition-colors"[39m
            [33mdata-testid[39m=[32m"folder-menu-item"[39m
            [33mrole[39m=[32m"option"[39m
            [33mtabindex[39m=[32m"0"[39m
          [36m>[39m
            [36m<svg[39m
              [33maria-hidden[39m=[32m"true"[39m
              [33mclass[39m=[32m"text-blue-600 mr-2"[39m
              [33mfill[39m=[32m"none"[39m
              [33mheight[39m=[32m"18"[39m
              [33mstroke[39m=[32m"currentColor"[39m
              [33mstroke-linecap[39m=[32m"round"[39m
              [33mstroke-linejoin[39m=[32m"round"[39m
              [33mstroke-width[39m=[32m"2"[39m
              [33mviewBox[39m=[32m"0 0 24 24"[39m
              [33mwidth[39m=[32m"18"[39m
              [33mxmlns[39m=[32m"http://www.w3.org/2000/svg"[39m
            [36m>[39m
              [36m<path[39m
                [33md[39m=[32m"M4 20h16a2 2 0 0 0 2-2V8a2 2 0 0 0-2-2h-7.93a2 2 0 0 1-1.66-.9l-.82-1.2A2 2 0 0 0 7.93 3H4a2 2 0 0 0-2 2v13c0 1.1.9 2 2 2Z"[39m
              [36m/>[39m
            [36m</svg>[39m
            [36m<span[39m
              [33mclass[39m=[32m"flex-grow text-gray-800"[39m
            [36m>[39m
              [0mBandeja de entrada[0m
            [36m</span>[39m
            [36m<button[39m
              [33maria-label[39m=[32m"Seleccionar carpeta Bandeja de entrada"[39m
              [33mclass[39m=[32m"p-1 bg-blue-100 text-blue-600 rounded-full hover:bg-blue-200 focus:ring-2 focus:ring-blue-500 focus:outline-none"[39m
            [36m>[39m
              [36m<svg[39m
                [33maria-hidden[39m=[32m"true"[39m
                [33mclass[39m=[32m"lucide lucide-check"[39m
                [33mfill[39m=[32m"none"[39m
                [33mheight[39m=[32m"16"[39m
                [33mstroke[39m=[32m"currentColor"[39m
                [33mstroke-linecap[39m=[32m"round"[39m
                [33mstroke-linejoin[39m=[32m"round"[39m
                [33mstroke-width[39m=[32m"2"[39m
                [33mviewBox[39m=[32m"0 ...
   ├ù FolderSelectionModal > soporta navegaci├│n con teclado en la lista de carpetas 79ms
     ÔåÆ Found multiple elements with the placeholder text of: Buscar carpetas...

Here are the matching elements:

Ignored nodes: comments, script, style
[36m<input[39m
  [33maria-controls[39m=[32m"folder-list"[39m
  [33maria-describedby[39m=[32m"folder-modal-description"[39m
  [33mclass[39m=[32m"w-full py-2 pl-10 pr-4 border rounded-md focus:ring-blue-500 focus:border-blue-500 text-gray-800"[39m
  [33mid[39m=[32m"folder-search"[39m
  [33mplaceholder[39m=[32m"Buscar carpetas..."[39m
  [33mtype[39m=[32m"text"[39m
  [33mvalue[39m=[32m""[39m
[36m/>[39m

Ignored nodes: comments, script, style
[36m<input[39m
  [33maria-controls[39m=[32m"folder-list"[39m
  [33maria-describedby[39m=[32m"folder-modal-description"[39m
  [33mclass[39m=[32m"w-full py-2 pl-10 pr-4 border rounded-md focus:ring-blue-500 focus:border-blue-500 text-gray-800"[39m
  [33mid[39m=[32m"folder-search"[39m
  [33mplaceholder[39m=[32m"Buscar carpetas..."[39m
  [33mtype[39m=[32m"text"[39m
  [33mvalue[39m=[32m""[39m
[36m/>[39m

Ignored nodes: comments, script, style
[36m<input[39m
  [33maria-controls[39m=[32m"folder-list"[39m
  [33maria-describedby[39m=[32m"folder-modal-description"[39m
  [33mclass[39m=[32m"w-full py-2 pl-10 pr-4 border rounded-md focus:ring-blue-500 focus:border-blue-500 text-gray-800"[39m
  [33mid[39m=[32m"folder-search"[39m
  [33mplaceholder[39m=[32m"Buscar carpetas..."[39m
  [33mtype[39m=[32m"text"[39m
  [33mvalue[39m=[32m""[39m
[36m/>[39m

Ignored nodes: comments, script, style
[36m<input[39m
  [33maria-controls[39m=[32m"folder-list"[39m
  [33maria-describedby[39m=[32m"folder-modal-description"[39m
  [33mclass[39m=[32m"w-full py-2 pl-10 pr-4 border rounded-md focus:ring-blue-500 focus:border-blue-500 text-gray-800"[39m
  [33mid[39m=[32m"folder-search"[39m
  [33mplaceholder[39m=[32m"Buscar carpetas..."[39m
  [33mtype[39m=[32m"text"[39m
  [33mvalue[39m=[32m""[39m
[36m/>[39m

Ignored nodes: comments, script, style
[36m<input[39m
  [33maria-controls[39m=[32m"folder-list"[39m
  [33maria-describedby[39m=[32m"folder-modal-description"[39m
  [33mclass[39m=[32m"w-full py-2 pl-10 pr-4 border rounded-md focus:ring-blue-500 focus:border-blue-500 text-gray-800"[39m
  [33mid[39m=[32m"folder-search"[39m
  [33mplaceholder[39m=[32m"Buscar carpetas..."[39m
  [33mtype[39m=[32m"text"[39m
  [33mvalue[39m=[32m""[39m
[36m/>[39m

Ignored nodes: comments, script, style
[36m<input[39m
  [33maria-controls[39m=[32m"folder-list"[39m
  [33maria-describedby[39m=[32m"folder-modal-description"[39m
  [33mclass[39m=[32m"w-full py-2 pl-10 pr-4 border rounded-md focus:ring-blue-500 focus:border-blue-500 text-gray-800"[39m
  [33mid[39m=[32m"folder-search"[39m
  [33mplaceholder[39m=[32m"Buscar carpetas..."[39m
  [33mtype[39m=[32m"text"[39m
  [33mvalue[39m=[32m""[39m
[36m/>[39m

(If this is intentional, then use the `*AllBy*` variant of the query (like `queryAllByText`, `getAllByText`, or `findAllByText`)).

Ignored nodes: comments, script, style
[36m<body>[39m
  [36m<div />[39m
  [36m<div>[39m
    [36m<div[39m
      [33maria-labelledby[39m=[32m"folder-modal-title"[39m
      [33maria-modal[39m=[32m"true"[39m
      [33mclass[39m=[32m"fixed inset-0 bg-black/50 backdrop-blur-sm z-50 flex items-center justify-center p-4"[39m
      [33mrole[39m=[32m"dialog"[39m
    [36m>[39m
      [36m<div[39m
        [33mclass[39m=[32m"bg-white rounded-lg shadow-lg w-full max-w-md"[39m
        [33mtabindex[39m=[32m"-1"[39m
      [36m>[39m
        [36m<header[39m
          [33mclass[39m=[32m"flex items-center justify-between p-4 border-b"[39m
        [36m>[39m
          [36m<h2[39m
            [33mclass[39m=[32m"text-lg font-semibold text-gray-800"[39m
            [33mid[39m=[32m"folder-modal-title"[39m
          [36m>[39m
            [0mMover a carpeta[0m
          [36m</h2>[39m
          [36m<button[39m
            [33maria-label[39m=[32m"Cerrar di├ílogo"[39m
            [33mclass[39m=[32m"text-gray-500 hover:text-gray-700 focus:outline-none focus:ring-2 focus:ring-blue-500 p-1 rounded-full"[39m
          [36m>[39m
            [36m<svg[39m
              [33mclass[39m=[32m"lucide lucide-x"[39m
              [33mfill[39m=[32m"none"[39m
              [33mheight[39m=[32m"20"[39m
              [33mstroke[39m=[32m"currentColor"[39m
              [33mstroke-linecap[39m=[32m"round"[39m
              [33mstroke-linejoin[39m=[32m"round"[39m
              [33mstroke-width[39m=[32m"2"[39m
              [33mviewBox[39m=[32m"0 0 24 24"[39m
              [33mwidth[39m=[32m"20"[39m
              [33mxmlns[39m=[32m"http://www.w3.org/2000/svg"[39m
            [36m>[39m
              [36m<path[39m
                [33md[39m=[32m"M18 6 6 18"[39m
              [36m/>[39m
              [36m<path[39m
                [33md[39m=[32m"m6 6 12 12"[39m
              [36m/>[39m
            [36m</svg>[39m
          [36m</button>[39m
        [36m</header>[39m
        [36m<div[39m
          [33mclass[39m=[32m"p-4 border-b"[39m
        [36m>[39m
          [36m<p[39m
            [33mclass[39m=[32m"text-sm text-gray-700"[39m
            [33mid[39m=[32m"folder-modal-description"[39m
          [36m>[39m
            [0mSelecciona una carpeta para mover el correo[0m
          [36m</p>[39m
          [36m<div[39m
            [33mclass[39m=[32m"mt-3 relative"[39m
          [36m>[39m
            [36m<label[39m
              [33mclass[39m=[32m"sr-only"[39m
              [33mfor[39m=[32m"folder-search"[39m
            [36m>[39m
              [0mBuscar carpetas[0m
            [36m</label>[39m
            [36m<input[39m
              [33maria-controls[39m=[32m"folder-list"[39m
              [33maria-describedby[39m=[32m"folder-modal-description"[39m
              [33mclass[39m=[32m"w-full py-2 pl-10 pr-4 border rounded-md focus:ring-blue-500 focus:border-blue-500 text-gray-800"[39m
              [33mid[39m=[32m"folder-search"[39m
              [33mplaceholder[39m=[32m"Buscar carpetas..."[39m
              [33mtype[39m=[32m"text"[39m
              [33mvalue[39m=[32m""[39m
            [36m/>[39m
            [36m<svg[39m
              [33maria-hidden[39m=[32m"true"[39m
              [33mclass[39m=[32m"absolute left-3 top-2.5 text-gray-500"[39m
              [33mfill[39m=[32m"none"[39m
              [33mheight[39m=[32m"18"[39m
              [33mstroke[39m=[32m"currentColor"[39m
              [33mstroke-linecap[39m=[32m"round"[39m
              [33mstroke-linejoin[39m=[32m"round"[39m
              [33mstroke-width[39m=[32m"2"[39m
              [33mviewBox[39m=[32m"0 0 24 24"[39m
              [33mwidth[39m=[32m"18"[39m
              [33mxmlns[39m=[32m"http://www.w3.org/2000/svg"[39m
            [36m>[39m
              [36m<circle[39m
                [33mcx[39m=[32m"11"[39m
                [33mcy[39m=[32m"11"[39m
                [33mr[39m=[32m"8"[39m
              [36m/>[39m
              [36m<path[39m
                [33md[39m=[32m"m21 21-4.3-4.3"[39m
              [36m/>[39m
            [36m</svg>[39m
          [36m</div>[39m
        [36m</div>[39m
        [36m<div[39m
          [33maria-label[39m=[32m"Lista de carpetas disponibles"[39m
          [33mclass[39m=[32m"p-2 max-h-64 overflow-y-auto"[39m
          [33mdata-testid[39m=[32m"folder-menu"[39m
          [33mid[39m=[32m"folder-list"[39m
          [33mrole[39m=[32m"listbox"[39m
          [33mtabindex[39m=[32m"0"[39m
        [36m>[39m
          [36m<div[39m
            [33maria-selected[39m=[32m"false"[39m
            [33mclass[39m=[32m"flex items-center px-3 py-2 rounded-md hover:bg-gray-100 
                   
                  cursor-pointer transition-colors"[39m
            [33mdata-testid[39m=[32m"folder-menu-item"[39m
            [33mrole[39m=[32m"option"[39m
            [33mtabindex[39m=[32m"0"[39m
          [36m>[39m
            [36m<svg[39m
              [33maria-hidden[39m=[32m"true"[39m
              [33mclass[39m=[32m"text-blue-600 mr-2"[39m
              [33mfill[39m=[32m"none"[39m
              [33mheight[39m=[32m"18"[39m
              [33mstroke[39m=[32m"currentColor"[39m
              [33mstroke-linecap[39m=[32m"round"[39m
              [33mstroke-linejoin[39m=[32m"round"[39m
              [33mstroke-width[39m=[32m"2"[39m
              [33mviewBox[39m=[32m"0 0 24 24"[39m
              [33mwidth[39m=[32m"18"[39m
              [33mxmlns[39m=[32m"http://www.w3.org/2000/svg"[39m
            [36m>[39m
              [36m<path[39m
                [33md[39m=[32m"M4 20h16a2 2 0 0 0 2-2V8a2 2 0 0 0-2-2h-7.93a2 2 0 0 1-1.66-.9l-.82-1.2A2 2 0 0 0 7.93 3H4a2 2 0 0 0-2 2v13c0 1.1.9 2 2 2Z"[39m
              [36m/>[39m
            [36m</svg>[39m
            [36m<span[39m
              [33mclass[39m=[32m"flex-grow text-gray-800"[39m
            [36m>[39m
              [0mBandeja de entrada[0m
            [36m</span>[39m
            [36m<button[39m
              [33maria-label[39m=[32m"Seleccionar carpeta Bandeja de entrada"[39m
              [33mclass[39m=[32m"p-1 bg-blue-100 text-blue-600 rounded-full hover:bg-blue-200 focus:ring-2 focus:ring-blue-500 focus:outline-none"[39m
            [36m>[39m
              [36m<svg[39m
                [33maria-hidden[39m=[32m"true"[39m
                [33mclass[39m=[32m"lucide lucide-check"[39m
                [33mfill[39m=[32m"none"[39m
                [33mheight[39m=[32m"16"[39m
                [33mstroke[39m=[32m"currentColor"[39m
                [33mstroke-linecap[39m=[32m"round"[39m
                [33mstroke-linejoin[39m=[32m"round"[39m
                [33mstroke-width[39m=[32m"2"[39m
                [33mviewBox[39m=[32m"0 ...
   ├ù FolderSelectionModal > cierra el modal al presionar ESC 183ms
     ÔåÆ Found multiple elements with the role "dialog"

Here are the matching elements:

Ignored nodes: comments, script, style
[36m<div[39m
  [33maria-labelledby[39m=[32m"folder-modal-title"[39m
  [33maria-modal[39m=[32m"true"[39m
  [33mclass[39m=[32m"fixed inset-0 bg-black/50 backdrop-blur-sm z-50 flex items-center justify-center p-4"[39m
  [33mrole[39m=[32m"dialog"[39m
[36m>[39m
  [36m<div[39m
    [33mclass[39m=[32m"bg-white rounded-lg shadow-lg w-full max-w-md"[39m
    [33mtabindex[39m=[32m"-1"[39m
  [36m>[39m
    [36m<header[39m
      [33mclass[39m=[32m"flex items-center justify-between p-4 border-b"[39m
    [36m>[39m
      [36m<h2[39m
        [33mclass[39m=[32m"text-lg font-semibold text-gray-800"[39m
        [33mid[39m=[32m"folder-modal-title"[39m
      [36m>[39m
        [0mMover a carpeta[0m
      [36m</h2>[39m
      [36m<button[39m
        [33maria-label[39m=[32m"Cerrar di├ílogo"[39m
        [33mclass[39m=[32m"text-gray-500 hover:text-gray-700 focus:outline-none focus:ring-2 focus:ring-blue-500 p-1 rounded-full"[39m
      [36m>[39m
        [36m<svg[39m
          [33mclass[39m=[32m"lucide lucide-x"[39m
          [33mfill[39m=[32m"none"[39m
          [33mheight[39m=[32m"20"[39m
          [33mstroke[39m=[32m"currentColor"[39m
          [33mstroke-linecap[39m=[32m"round"[39m
          [33mstroke-linejoin[39m=[32m"round"[39m
          [33mstroke-width[39m=[32m"2"[39m
          [33mviewBox[39m=[32m"0 0 24 24"[39m
          [33mwidth[39m=[32m"20"[39m
          [33mxmlns[39m=[32m"http://www.w3.org/2000/svg"[39m
        [36m>[39m
          [36m<path[39m
            [33md[39m=[32m"M18 6 6 18"[39m
          [36m/>[39m
          [36m<path[39m
            [33md[39m=[32m"m6 6 12 12"[39m
          [36m/>[39m
        [36m</svg>[39m
      [36m</button>[39m
    [36m</header>[39m
    [36m<div[39m
      [33mclass[39m=[32m"p-4 border-b"[39m
    [36m>[39m
      [36m<p[39m
        [33mclass[39m=[32m"text-sm text-gray-700"[39m
        [33mid[39m=[32m"folder-modal-description"[39m
      [36m>[39m
        [0mSelecciona una carpeta para mover el correo[0m
      [36m</p>[39m
      [36m<div[39m
        [33mclass[39m=[32m"mt-3 relative"[39m
      [36m>[39m
        [36m<label[39m
          [33mclass[39m=[32m"sr-only"[39m
          [33mfor[39m=[32m"folder-search"[39m
        [36m>[39m
          [0mBuscar carpetas[0m
        [36m</label>[39m
        [36m<input[39m
          [33maria-controls[39m=[32m"folder-list"[39m
          [33maria-describedby[39m=[32m"folder-modal-description"[39m
          [33mclass[39m=[32m"w-full py-2 pl-10 pr-4 border rounded-md focus:ring-blue-500 focus:border-blue-500 text-gray-800"[39m
          [33mid[39m=[32m"folder-search"[39m
          [33mplaceholder[39m=[32m"Buscar carpetas..."[39m
          [33mtype[39m=[32m"text"[39m
          [33mvalue[39m=[32m""[39m
        [36m/>[39m
        [36m<svg[39m
          [33maria-hidden[39m=[32m"true"[39m
          [33mclass[39m=[32m"absolute left-3 top-2.5 text-gray-500"[39m
          [33mfill[39m=[32m"none"[39m
          [33mheight[39m=[32m"18"[39m
          [33mstroke[39m=[32m"currentColor"[39m
          [33mstroke-linecap[39m=[32m"round"[39m
          [33mstroke-linejoin[39m=[32m"round"[39m
          [33mstroke-width[39m=[32m"2"[39m
          [33mviewBox[39m=[32m"0 0 24 24"[39m
          [33mwidth[39m=[32m"18"[39m
          [33mxmlns[39m=[32m"http://www.w3.org/2000/svg"[39m
        [36m>[39m
          [36m<circle[39m
            [33mcx[39m=[32m"11"[39m
            [33mcy[39m=[32m"11"[39m
            [33mr[39m=[32m"8"[39m
          [36m/>[39m
          [36m<path[39m
            [33md[39m=[32m"m21 21-4.3-4.3"[39m
          [36m/>[39m
        [36m</svg>[39m
      [36m</div>[39m
    [36m</div>[39m
    [36m<div[39m
      [33maria-label[39m=[32m"Lista de carpetas disponibles"[39m
      [33mclass[39m=[32m"p-2 max-h-64 overflow-y-auto"[39m
      [33mdata-testid[39m=[32m"folder-menu"[39m
      [33mid[39m=[32m"folder-list"[39m
      [33mrole[39m=[32m"listbox"[39m
      [33mtabindex[39m=[32m"0"[39m
    [36m>[39m
      [36m<div[39m
        [33maria-selected[39m=[32m"false"[39m
        [33mclass[39m=[32m"flex items-center px-3 py-2 rounded-md hover:bg-gray-100 
                   
                  cursor-pointer transition-colors"[39m
        [33mdata-testid[39m=[32m"folder-menu-item"[39m
        [33mrole[39m=[32m"option"[39m
        [33mtabindex[39m=[32m"0"[39m
      [36m>[39m
        [36m<svg[39m
          [33maria-hidden[39m=[32m"true"[39m
          [33mclass[39m=[32m"text-blue-600 mr-2"[39m
          [33mfill[39m=[32m"none"[39m
          [33mheight[39m=[32m"18"[39m
          [33mstroke[39m=[32m"currentColor"[39m
          [33mstroke-linecap[39m=[32m"round"[39m
          [33mstroke-linejoin[39m=[32m"round"[39m
          [33mstroke-width[39m=[32m"2"[39m
          [33mviewBox[39m=[32m"0 0 24 24"[39m
          [33mwidth[39m=[32m"18"[39m
          [33mxmlns[39m=[32m"http://www.w3.org/2000/svg"[39m
        [36m>[39m
          [36m<path[39m
            [33md[39m=[32m"M4 20h16a2 2 0 0 0 2-2V8a2 2 0 0 0-2-2h-7.93a2 2 0 0 1-1.66-.9l-.82-1.2A2 2 0 0 0 7.93 3H4a2 2 0 0 0-2 2v13c0 1.1.9 2 2 2Z"[39m
          [36m/>[39m
        [36m</svg>[39m
        [36m<span[39m
          [33mclass[39m=[32m"flex-grow text-gray-800"[39m
        [36m>[39m
          [0mBandeja de entrada[0m
        [36m</span>[39m
        [36m<button[39m
          [33maria-label[39m=[32m"Seleccionar carpeta Bandeja de entrada"[39m
          [33mclass[39m=[32m"p-1 bg-blue-100 text-blue-600 rounded-full hover:bg-blue-200 focus:ring-2 focus:ring-blue-500 focus:outline-none"[39m
        [36m>[39m
          [36m<svg[39m
            [33maria-hidden[39m=[32m"true"[39m
            [33mclass[39m=[32m"lucide lucide-check"[39m
            [33mfill[39m=[32m"none"[39m
            [33mheight[39m=[32m"16"[39m
            [33mstroke[39m=[32m"currentColor"[39m
            [33mstroke-linecap[39m=[32m"round"[39m
            [33mstroke-linejoin[39m=[32m"round"[39m
            [33mstroke-width[39m=[32m"2"[39m
            [33mviewBox[39m=[32m"0 0 24 24"[39m
            [33mwidth[39m=[32m"16"[39m
            [33mxmlns[39m=[32m"http://www.w3.org/2000/svg"[39m
          [36m>[39m
            [36m<polyline[39m
              [33mpoints[39m=[32m"20 6 9 17 4 12"[39m
            [36m/>[39m
          [36m</svg>[39m
        [36m</button>[39m
      [36m</div>[39m
      [36m<div[39m
        [33maria-selected[39m=[32m"false"[39m
        [33mclass[39m=[32m"flex items-center px-3 py-2 rounded-md hover:bg-gray-100 
                   
                  cursor-pointer transition-colors"[39m
        [33mdata-testid[39m=[32m"folder-menu-item"[39m
     ...

Ignored nodes: comments, script, style
[36m<div[39m
  [33maria-labelledby[39m=[32m"folder-modal-title"[39m
  [33maria-modal[39m=[32m"true"[39m
  [33mclass[39m=[32m"fixed inset-0 bg-black/50 backdrop-blur-sm z-50 flex items-center justify-center p-4"[39m
  [33mrole[39m=[32m"dialog"[39m
[36m>[39m
  [36m<div[39m
    [33mclass[39m=[32m"bg-white rounded-lg shadow-lg w-full max-w-md"[39m
    [33mtabindex[39m=[32m"-1"[39m
  [36m>[39m
    [36m<header[39m
      [33mclass[39m=[32m"flex items-center justify-between p-4 border-b"[39m
    [36m>[39m
      [36m<h2[39m
        [33mclass[39m=[32m"text-lg font-semibold text-gray-800"[39m
        [33mid[39m=[32m"folder-modal-title"[39m
      [36m>[39m
        [0mMover a carpeta[0m
      [36m</h2>[39m
      [36m<button[39m
        [33maria-label[39m=[32m"Cerrar di├ílogo"[39m
        [33mclass[39m=[32m"text-gray-500 hover:text-gray-700 focus:outline-none focus:ring-2 focus:ring-blue-500 p-1 rounded-full"[39m
      [36m>[39m
        [36m<svg[39m
          [33mclass[39m=[32m"lucide lucide-x"[39m
          [33mfill[39m=[32m"none"[39m
          [33mheight[39m=[32m"20"[39m
          [33mstroke[39m=[32m"currentColor"[39m
          [33mstroke-linecap[39m=[32m"round"[39m
          [33mstroke-linejoin[39m=[32m"round"[39m
          [33mstroke-width[39m=[32m"2"[39m
          [33mviewBox[39m=[32m"0 0 24 24"[39m
          [33mwidth[39m=[32m"20"[39m
          [33mxmlns[39m=[32m"http://www.w3.org/2000/svg"[39m
        [36m>[39m
          [36m<path[39m
            [33md[39m=[32m"M18 6 6 18"[39m
          [36m/>[39m
          [36m<path[39m
            [33md[39m=[32m"m6 6 12 12"[39m
          [36m/>[39m
        [36m</svg>[39m
      [36m</button>[39m
    [36m</header>[39m
    [36m<div[39m
      [33mclass[39m=[32m"p-4 border-b"[39m
    [36m>[39m
      [36m<p[39m
        [33mclass[39m=[32m"text-sm text-gray-700"[39m
        [33mid[39m=[32m"folder-modal-description"[39m
      [36m>[39m
        [0mSelecciona una carpeta para mover el correo[0m
      [36m</p>[39m
      [36m<div[39m
        [33mclass[39m=[32m"mt-3 relative"[39m
      [36m>[39m
        [36m<label[39m
          [33mclass[39m=[32m"sr-only"[39m
          [33mfor[39m=[32m"folder-search"[39m
        [36m>[39m
          [0mBuscar carpetas[0m
        [36m</label>[39m
        [36m<input[39m
          [33maria-controls[39m=[32m"folder-list"[39m
          [33maria-describedby[39m=[32m"folder-modal-description"[39m
          [33mclass[39m=[32m"w-full py-2 pl-10 pr-4 border rounded-md focus:ring-blue-500 focus:border-blue-500 text-gray-800"[39m
          [33mid[39m=[32m"folder-search"[39m
          [33mplaceholder[39m=[32m"Buscar carpetas..."[39m
          [33mtype[39m=[32m"text"[39m
          [33mvalue[39m=[32m""[39m
        [36m/>[39m
        [36m<svg[39m
          [33maria-hidden[39m=[32m"true"[39m
          [33mclass[39m=[32m"absolute left-3 top-2.5 text-gray-500"[39m
          [33mfill[39m=[32m"none"[39m
          [33mheight[39m=[32m"18"[39m
          [33mstroke[39m=[32m"currentColor"[39m
          [33mstroke-linecap[39m=[32m"round"[39m
          [33mstroke-linejoin[39m=[32m"round"[39m
          [33mstroke-width[39m=[32m"2"[39m
          [33mviewBox[39m=[32m"0 0 24 24"[39m
          [33mwidth[39m=[32m"18"[39m
          [33mxmlns[39m=[32m"http://www.w3.org/2000/svg"[39m
        [36m>[39m
          [36m<circle[39m
            [33mcx[39m=[32m"11"[39m
            [33mcy[39m=[32m"11"[39m
            [33mr[39m=[32m"8"[39m
          [36m/>[39m
          [36m<path[39m
            [33md[39m=[32m"m21 21-4.3-4.3"[39m
          [36m/>[39m
        [36m</svg>[39m
      [36m</div>[39m
    [36m</div>[39m
    [36m<div[39m
      [33maria-label[39m=[32m"Lista de carpetas disponibles"[39m
      [33mclass[39m=[32m"p-2 max-h-64 overflow-y-auto"[39m
      [33mdata-testid[39m=[32m"folder-menu"[39m
      [33mid[39m=[32m"folder-list"[39m
      [33mrole[39m=[32m"listbox"[39m
      [33mtabindex[39m=[32m"0"[39m
    [36m>[39m
      [36m<div[39m
        [33maria-selected[39m=[32m"false"[39m
        [33mclass[39m=[32m"flex items-center px-3 py-2 rounded-md hover:bg-gray-100 
                   
                  cursor-pointer transition-colors"[39m
        [33mdata-testid[39m=[32m"folder-menu-item"[39m
        [33mrole[39m=[32m"option"[39m
        [33mtabindex[39m=[32m"0"[39m
      [36m>[39m
        [36m<svg[39m
          [33maria-hidden[39m=[32m"true"[39m
          [33mclass[39m=[32m"text-blue-600 mr-2"[39m
          [33mfill[39m=[32m"none"[39m
          [33mheight[39m=[32m"18"[39m
          [33mstroke[39m=[32m"currentColor"[39m
          [33mstroke-linecap[39m=[32m"round"[39m
          [33mstroke-linejoin[39m=[32m"round"[39m
          [33mstroke-width[39m=[32m"2"[39m
          [33mviewBox[39m=[32m"0 0 24 24"[39m
          [33mwidth[39m=[32m"18"[39m
          [33mxmlns[39m=[32m"http://www.w3.org/2000/svg"[39m
        [36m>[39m
          [36m<path[39m
            [33md[39m=[32m"M4 20h16a2 2 0 0 0 2-2V8a2 2 0 0 0-2-2h-7.93a2 2 0 0 1-1.66-.9l-.82-1.2A2 2 0 0 0 7.93 3H4a2 2 0 0 0-2 2v13c0 1.1.9 2 2 2Z"[39m
          [36m/>[39m
        [36m</svg>[39m
        [36m<span[39m
          [33mclass[39m=[32m"flex-grow text-gray-800"[39m
        [36m>[39m
          [0mBandeja de entrada[0m
        [36m</span>[39m
        [36m<button[39m
          [33maria-label[39m=[32m"Seleccionar carpeta Bandeja de entrada"[39m
          [33mclass[39m=[32m"p-1 bg-blue-100 text-blue-600 rounded-full hover:bg-blue-200 focus:ring-2 focus:ring-blue-500 focus:outline-none"[39m
        [36m>[39m
          [36m<svg[39m
            [33maria-hidden[39m=[32m"true"[39m
            [33mclass[39m=[32m"lucide lucide-check"[39m
            [33mfill[39m=[32m"none"[39m
            [33mheight[39m=[32m"16"[39m
            [33mstroke[39m=[32m"currentColor"[39m
            [33mstroke-linecap[39m=[32m"round"[39m
            [33mstroke-linejoin[39m=[32m"round"[39m
            [33mstroke-width[39m=[32m"2"[39m
            [33mviewBox[39m=[32m"0 0 24 24"[39m
            [33mwidth[39m=[32m"16"[39m
            [33mxmlns[39m=[32m"http://www.w3.org/2000/svg"[39m
          [36m>[39m
            [36m<polyline[39m
              [33mpoints[39m=[32m"20 6 9 17 4 12"[39m
            [36m/>[39m
          [36m</svg>[39m
        [36m</button>[39m
      [36m</div>[39m
      [36m<div[39m
        [33maria-selected[39m=[32m"false"[39m
        [33mclass[39m=[32m"flex items-center px-3 py-2 rounded-md hover:bg-gray-100 
                   
                  cursor-pointer transition-colors"[39m
        [33mdata-testid[39m=[32m"folder-menu-item"[39m
     ...

Ignored nodes: comments, script, style
[36m<div[39m
  [33maria-labelledby[39m=[32m"folder-modal-title"[39m
  [33maria-modal[39m=[32m"true"[39m
  [33mclass[39m=[32m"fixed inset-0 bg-black/50 backdrop-blur-sm z-50 flex items-center justify-center p-4"[39m
  [33mrole[39m=[32m"dialog"[39m
[36m>[39m
  [36m<div[39m
    [33mclass[39m=[32m"bg-white rounded-lg shadow-lg w-full max-w-md"[39m
    [33mtabindex[39m=[32m"-1"[39m
  [36m>[39m
    [36m<header[39m
      [33mclass[39m=[32m"flex items-center justify-between p-4 border-b"[39m
    [36m>[39m
      [36m<h2[39m
        [33mclass[39m=[32m"text-lg font-semibold text-gray-800"[39m
        [33mid[39m=[32m"folder-modal-title"[39m
      [36m>[39m
        [0mMover a carpeta[0m
      [36m</h2>[39m
      [36m<button[39m
        [33maria-label[39m=[32m"Cerrar di├ílogo"[39m
        [33mclass[39m=[32m"text-gray-500 hover:text-gray-700 focus:outline-none focus:ring-2 focus:ring-blue-500 p-1 rounded-full"[39m
      [36m>[39m
        [36m<svg[39m
          [33mclass[39m=[32m"lucide lucide-x"[39m
          [33mfill[39m=[32m"none"[39m
          [33mheight[39m=[32m"20"[39m
          [33mstroke[39m=[32m"currentColor"[39m
          [33mstroke-linecap[39m=[32m"round"[39m
          [33mstroke-linejoin[39m=[32m"round"[39m
          [33mstroke-width[39m=[32m"2"[39m
          [33mviewBox[39m=[32m"0 0 24 24"[39m
          [33mwidth[39m=[32m"20"[39m
          [33mxmlns[39m=[32m"http://www.w3.org/2000/svg"[39m
        [36m>[39m
          [36m<path[39m
            [33md[39m=[32m"M18 6 6 18"[39m
          [36m/>[39m
          [36m<path[39m
            [33md[39m=[32m"m6 6 12 12"[39m
          [36m/>[39m
        [36m</svg>[39m
      [36m</button>[39m
    [36m</header>[39m
    [36m<div[39m
      [33mclass[39m=[32m"p-4 border-b"[39m
    [36m>[39m
      [36m<p[39m
        [33mclass[39m=[32m"text-sm text-gray-700"[39m
        [33mid[39m=[32m"folder-modal-description"[39m
      [36m>[39m
        [0mSelecciona una carpeta para mover el correo[0m
      [36m</p>[39m
      [36m<div[39m
        [33mclass[39m=[32m"mt-3 relative"[39m
      [36m>[39m
        [36m<label[39m
          [33mclass[39m=[32m"sr-only"[39m
          [33mfor[39m=[32m"folder-search"[39m
        [36m>[39m
          [0mBuscar carpetas[0m
        [36m</label>[39m
        [36m<input[39m
          [33maria-controls[39m=[32m"folder-list"[39m
          [33maria-describedby[39m=[32m"folder-modal-description"[39m
          [33mclass[39m=[32m"w-full py-2 pl-10 pr-4 border rounded-md focus:ring-blue-500 focus:border-blue-500 text-gray-800"[39m
          [33mid[39m=[32m"folder-search"[39m
          [33mplaceholder[39m=[32m"Buscar carpetas..."[39m
          [33mtype[39m=[32m"text"[39m
          [33mvalue[39m=[32m""[39m
        [36m/>[39m
        [36m<svg[39m
          [33maria-hidden[39m=[32m"true"[39m
          [33mclass[39m=[32m"absolute left-3 top-2.5 text-gray-500"[39m
          [33mfill[39m=[32m"none"[39m
          [33mheight[39m=[32m"18"[39m
          [33mstroke[39m=[32m"currentColor"[39m
          [33mstroke-linecap[39m=[32m"round"[39m
          [33mstroke-linejoin[39m=[32m"round"[39m
          [33mstroke-width[39m=[32m"2"[39m
          [33mviewBox[39m=[32m"0 0 24 24"[39m
          [33mwidth[39m=[32m"18"[39m
          [33mxmlns[39m=[32m"http://www.w3.org/2000/svg"[39m
        [36m>[39m
          [36m<circle[39m
            [33mcx[39m=[32m"11"[39m
            [33mcy[39m=[32m"11"[39m
            [33mr[39m=[32m"8"[39m
          [36m/>[39m
          [36m<path[39m
            [33md[39m=[32m"m21 21-4.3-4.3"[39m
          [36m/>[39m
        [36m</svg>[39m
      [36m</div>[39m
    [36m</div>[39m
    [36m<div[39m
      [33maria-label[39m=[32m"Lista de carpetas disponibles"[39m
      [33mclass[39m=[32m"p-2 max-h-64 overflow-y-auto"[39m
      [33mdata-testid[39m=[32m"folder-menu"[39m
      [33mid[39m=[32m"folder-list"[39m
      [33mrole[39m=[32m"listbox"[39m
      [33mtabindex[39m=[32m"0"[39m
    [36m>[39m
      [36m<div[39m
        [33maria-selected[39m=[32m"false"[39m
        [33mclass[39m=[32m"flex items-center px-3 py-2 rounded-md hover:bg-gray-100 
                   
                  cursor-pointer transition-colors"[39m
        [33mdata-testid[39m=[32m"folder-menu-item"[39m
        [33mrole[39m=[32m"option"[39m
        [33mtabindex[39m=[32m"0"[39m
      [36m>[39m
        [36m<svg[39m
          [33maria-hidden[39m=[32m"true"[39m
          [33mclass[39m=[32m"text-blue-600 mr-2"[39m
          [33mfill[39m=[32m"none"[39m
          [33mheight[39m=[32m"18"[39m
          [33mstroke[39m=[32m"currentColor"[39m
          [33mstroke-linecap[39m=[32m"round"[39m
          [33mstroke-linejoin[39m=[32m"round"[39m
          [33mstroke-width[39m=[32m"2"[39m
          [33mviewBox[39m=[32m"0 0 24 24"[39m
          [33mwidth[39m=[32m"18"[39m
          [33mxmlns[39m=[32m"http://www.w3.org/2000/svg"[39m
        [36m>[39m
          [36m<path[39m
            [33md[39m=[32m"M4 20h16a2 2 0 0 0 2-2V8a2 2 0 0 0-2-2h-7.93a2 2 0 0 1-1.66-.9l-.82-1.2A2 2 0 0 0 7.93 3H4a2 2 0 0 0-2 2v13c0 1.1.9 2 2 2Z"[39m
          [36m/>[39m
        [36m</svg>[39m
        [36m<span[39m
          [33mclass[39m=[32m"flex-grow text-gray-800"[39m
        [36m>[39m
          [0mBandeja de entrada[0m
        [36m</span>[39m
        [36m<button[39m
          [33maria-label[39m=[32m"Seleccionar carpeta Bandeja de entrada"[39m
          [33mclass[39m=[32m"p-1 bg-blue-100 text-blue-600 rounded-full hover:bg-blue-200 focus:ring-2 focus:ring-blue-500 focus:outline-none"[39m
        [36m>[39m
          [36m<svg[39m
            [33maria-hidden[39m=[32m"true"[39m
            [33mclass[39m=[32m"lucide lucide-check"[39m
            [33mfill[39m=[32m"none"[39m
            [33mheight[39m=[32m"16"[39m
            [33mstroke[39m=[32m"currentColor"[39m
            [33mstroke-linecap[39m=[32m"round"[39m
            [33mstroke-linejoin[39m=[32m"round"[39m
            [33mstroke-width[39m=[32m"2"[39m
            [33mviewBox[39m=[32m"0 0 24 24"[39m
            [33mwidth[39m=[32m"16"[39m
            [33mxmlns[39m=[32m"http://www.w3.org/2000/svg"[39m
          [36m>[39m
            [36m<polyline[39m
              [33mpoints[39m=[32m"20 6 9 17 4 12"[39m
            [36m/>[39m
          [36m</svg>[39m
        [36m</button>[39m
      [36m</div>[39m
      [36m<div[39m
        [33maria-selected[39m=[32m"false"[39m
        [33mclass[39m=[32m"flex items-center px-3 py-2 rounded-md hover:bg-gray-100 
                   
                  cursor-pointer transition-colors"[39m
        [33mdata-testid[39m=[32m"folder-menu-item"[39m
     ...

Ignored nodes: comments, script, style
[36m<div[39m
  [33maria-labelledby[39m=[32m"folder-modal-title"[39m
  [33maria-modal[39m=[32m"true"[39m
  [33mclass[39m=[32m"fixed inset-0 bg-black/50 backdrop-blur-sm z-50 flex items-center justify-center p-4"[39m
  [33mrole[39m=[32m"dialog"[39m
[36m>[39m
  [36m<div[39m
    [33mclass[39m=[32m"bg-white rounded-lg shadow-lg w-full max-w-md"[39m
    [33mtabindex[39m=[32m"-1"[39m
  [36m>[39m
    [36m<header[39m
      [33mclass[39m=[32m"flex items-center justify-between p-4 border-b"[39m
    [36m>[39m
      [36m<h2[39m
        [33mclass[39m=[32m"text-lg font-semibold text-gray-800"[39m
        [33mid[39m=[32m"folder-modal-title"[39m
      [36m>[39m
        [0mMover a carpeta[0m
      [36m</h2>[39m
      [36m<button[39m
        [33maria-label[39m=[32m"Cerrar di├ílogo"[39m
        [33mclass[39m=[32m"text-gray-500 hover:text-gray-700 focus:outline-none focus:ring-2 focus:ring-blue-500 p-1 rounded-full"[39m
      [36m>[39m
        [36m<svg[39m
          [33mclass[39m=[32m"lucide lucide-x"[39m
          [33mfill[39m=[32m"none"[39m
          [33mheight[39m=[32m"20"[39m
          [33mstroke[39m=[32m"currentColor"[39m
          [33mstroke-linecap[39m=[32m"round"[39m
          [33mstroke-linejoin[39m=[32m"round"[39m
          [33mstroke-width[39m=[32m"2"[39m
          [33mviewBox[39m=[32m"0 0 24 24"[39m
          [33mwidth[39m=[32m"20"[39m
          [33mxmlns[39m=[32m"http://www.w3.org/2000/svg"[39m
        [36m>[39m
          [36m<path[39m
            [33md[39m=[32m"M18 6 6 18"[39m
          [36m/>[39m
          [36m<path[39m
            [33md[39m=[32m"m6 6 12 12"[39m
          [36m/>[39m
        [36m</svg>[39m
      [36m</button>[39m
    [36m</header>[39m
    [36m<div[39m
      [33mclass[39m=[32m"p-4 border-b"[39m
    [36m>[39m
      [36m<p[39m
        [33mclass[39m=[32m"text-sm text-gray-700"[39m
        [33mid[39m=[32m"folder-modal-description"[39m
      [36m>[39m
        [0mSelecciona una carpeta para mover el correo[0m
      [36m</p>[39m
      [36m<div[39m
        [33mclass[39m=[32m"mt-3 relative"[39m
      [36m>[39m
        [36m<label[39m
          [33mclass[39m=[32m"sr-only"[39m
          [33mfor[39m=[32m"folder-search"[39m
        [36m>[39m
          [0mBuscar carpetas[0m
        [36m</label>[39m
        [36m<input[39m
          [33maria-controls[39m=[32m"folder-list"[39m
          [33maria-describedby[39m=[32m"folder-modal-description"[39m
          [33mclass[39m=[32m"w-full py-2 pl-10 pr-4 border rounded-md focus:ring-blue-500 focus:border-blue-500 text-gray-800"[39m
          [33mid[39m=[32m"folder-search"[39m
          [33mplaceholder[39m=[32m"Buscar carpetas..."[39m
          [33mtype[39m=[32m"text"[39m
          [33mvalue[39m=[32m""[39m
        [36m/>[39m
        [36m<svg[39m
          [33maria-hidden[39m=[32m"true"[39m
          [33mclass[39m=[32m"absolute left-3 top-2.5 text-gray-500"[39m
          [33mfill[39m=[32m"none"[39m
          [33mheight[39m=[32m"18"[39m
          [33mstroke[39m=[32m"currentColor"[39m
          [33mstroke-linecap[39m=[32m"round"[39m
          [33mstroke-linejoin[39m=[32m"round"[39m
          [33mstroke-width[39m=[32m"2"[39m
          [33mviewBox[39m=[32m"0 0 24 24"[39m
          [33mwidth[39m=[32m"18"[39m
          [33mxmlns[39m=[32m"http://www.w3.org/2000/svg"[39m
        [36m>[39m
          [36m<circle[39m
            [33mcx[39m=[32m"11"[39m
            [33mcy[39m=[32m"11"[39m
            [33mr[39m=[32m"8"[39m
          [36m/>[39m
          [36m<path[39m
            [33md[39m=[32m"m21 21-4.3-4.3"[39m
          [36m/>[39m
        [36m</svg>[39m
      [36m</div>[39m
    [36m</div>[39m
    [36m<div[39m
      [33maria-label[39m=[32m"Lista de carpetas disponibles"[39m
      [33mclass[39m=[32m"p-2 max-h-64 overflow-y-auto"[39m
      [33mdata-testid[39m=[32m"folder-menu"[39m
      [33mid[39m=[32m"folder-list"[39m
      [33mrole[39m=[32m"listbox"[39m
      [33mtabindex[39m=[32m"0"[39m
    [36m>[39m
      [36m<div[39m
        [33maria-selected[39m=[32m"false"[39m
        [33mclass[39m=[32m"flex items-center px-3 py-2 rounded-md hover:bg-gray-100 
                   
                  cursor-pointer transition-colors"[39m
        [33mdata-testid[39m=[32m"folder-menu-item"[39m
        [33mrole[39m=[32m"option"[39m
        [33mtabindex[39m=[32m"0"[39m
      [36m>[39m
        [36m<svg[39m
          [33maria-hidden[39m=[32m"true"[39m
          [33mclass[39m=[32m"text-blue-600 mr-2"[39m
          [33mfill[39m=[32m"none"[39m
          [33mheight[39m=[32m"18"[39m
          [33mstroke[39m=[32m"currentColor"[39m
          [33mstroke-linecap[39m=[32m"round"[39m
          [33mstroke-linejoin[39m=[32m"round"[39m
          [33mstroke-width[39m=[32m"2"[39m
          [33mviewBox[39m=[32m"0 0 24 24"[39m
          [33mwidth[39m=[32m"18"[39m
          [33mxmlns[39m=[32m"http://www.w3.org/2000/svg"[39m
        [36m>[39m
          [36m<path[39m
            [33md[39m=[32m"M4 20h16a2 2 0 0 0 2-2V8a2 2 0 0 0-2-2h-7.93a2 2 0 0 1-1.66-.9l-.82-1.2A2 2 0 0 0 7.93 3H4a2 2 0 0 0-2 2v13c0 1.1.9 2 2 2Z"[39m
          [36m/>[39m
        [36m</svg>[39m
        [36m<span[39m
          [33mclass[39m=[32m"flex-grow text-gray-800"[39m
        [36m>[39m
          [0mBandeja de entrada[0m
        [36m</span>[39m
        [36m<button[39m
          [33maria-label[39m=[32m"Seleccionar carpeta Bandeja de entrada"[39m
          [33mclass[39m=[32m"p-1 bg-blue-100 text-blue-600 rounded-full hover:bg-blue-200 focus:ring-2 focus:ring-blue-500 focus:outline-none"[39m
        [36m>[39m
          [36m<svg[39m
            [33maria-hidden[39m=[32m"true"[39m
            [33mclass[39m=[32m"lucide lucide-check"[39m
            [33mfill[39m=[32m"none"[39m
            [33mheight[39m=[32m"16"[39m
            [33mstroke[39m=[32m"currentColor"[39m
            [33mstroke-linecap[39m=[32m"round"[39m
            [33mstroke-linejoin[39m=[32m"round"[39m
            [33mstroke-width[39m=[32m"2"[39m
            [33mviewBox[39m=[32m"0 0 24 24"[39m
            [33mwidth[39m=[32m"16"[39m
            [33mxmlns[39m=[32m"http://www.w3.org/2000/svg"[39m
          [36m>[39m
            [36m<polyline[39m
              [33mpoints[39m=[32m"20 6 9 17 4 12"[39m
            [36m/>[39m
          [36m</svg>[39m
        [36m</button>[39m
      [36m</div>[39m
      [36m<div[39m
        [33maria-selected[39m=[32m"false"[39m
        [33mclass[39m=[32m"flex items-center px-3 py-2 rounded-md hover:bg-gray-100 
                   
                  cursor-pointer transition-colors"[39m
        [33mdata-testid[39m=[32m"folder-menu-item"[39m
     ...

Ignored nodes: comments, script, style
[36m<div[39m
  [33maria-labelledby[39m=[32m"folder-modal-title"[39m
  [33maria-modal[39m=[32m"true"[39m
  [33mclass[39m=[32m"fixed inset-0 bg-black/50 backdrop-blur-sm z-50 flex items-center justify-center p-4"[39m
  [33mrole[39m=[32m"dialog"[39m
[36m>[39m
  [36m<div[39m
    [33mclass[39m=[32m"bg-white rounded-lg shadow-lg w-full max-w-md"[39m
    [33mtabindex[39m=[32m"-1"[39m
  [36m>[39m
    [36m<header[39m
      [33mclass[39m=[32m"flex items-center justify-between p-4 border-b"[39m
    [36m>[39m
      [36m<h2[39m
        [33mclass[39m=[32m"text-lg font-semibold text-gray-800"[39m
        [33mid[39m=[32m"folder-modal-title"[39m
      [36m>[39m
        [0mMover a carpeta[0m
      [36m</h2>[39m
      [36m<button[39m
        [33maria-label[39m=[32m"Cerrar di├ílogo"[39m
        [33mclass[39m=[32m"text-gray-500 hover:text-gray-700 focus:outline-none focus:ring-2 focus:ring-blue-500 p-1 rounded-full"[39m
      [36m>[39m
        [36m<svg[39m
          [33mclass[39m=[32m"lucide lucide-x"[39m
          [33mfill[39m=[32m"none"[39m
          [33mheight[39m=[32m"20"[39m
          [33mstroke[39m=[32m"currentColor"[39m
          [33mstroke-linecap[39m=[32m"round"[39m
          [33mstroke-linejoin[39m=[32m"round"[39m
          [33mstroke-width[39m=[32m"2"[39m
          [33mviewBox[39m=[32m"0 0 24 24"[39m
          [33mwidth[39m=[32m"20"[39m
          [33mxmlns[39m=[32m"http://www.w3.org/2000/svg"[39m
        [36m>[39m
          [36m<path[39m
            [33md[39m=[32m"M18 6 6 18"[39m
          [36m/>[39m
          [36m<path[39m
            [33md[39m=[32m"m6 6 12 12"[39m
          [36m/>[39m
        [36m</svg>[39m
      [36m</button>[39m
    [36m</header>[39m
    [36m<div[39m
      [33mclass[39m=[32m"p-4 border-b"[39m
    [36m>[39m
      [36m<p[39m
        [33mclass[39m=[32m"text-sm text-gray-700"[39m
        [33mid[39m=[32m"folder-modal-description"[39m
      [36m>[39m
        [0mSelecciona una carpeta para mover el correo[0m
      [36m</p>[39m
      [36m<div[39m
        [33mclass[39m=[32m"mt-3 relative"[39m
      [36m>[39m
        [36m<label[39m
          [33mclass[39m=[32m"sr-only"[39m
          [33mfor[39m=[32m"folder-search"[39m
        [36m>[39m
          [0mBuscar carpetas[0m
        [36m</label>[39m
        [36m<input[39m
          [33maria-controls[39m=[32m"folder-list"[39m
          [33maria-describedby[39m=[32m"folder-modal-description"[39m
          [33mclass[39m=[32m"w-full py-2 pl-10 pr-4 border rounded-md focus:ring-blue-500 focus:border-blue-500 text-gray-800"[39m
          [33mid[39m=[32m"folder-search"[39m
          [33mplaceholder[39m=[32m"Buscar carpetas..."[39m
          [33mtype[39m=[32m"text"[39m
          [33mvalue[39m=[32m""[39m
        [36m/>[39m
        [36m<svg[39m
          [33maria-hidden[39m=[32m"true"[39m
          [33mclass[39m=[32m"absolute left-3 top-2.5 text-gray-500"[39m
          [33mfill[39m=[32m"none"[39m
          [33mheight[39m=[32m"18"[39m
          [33mstroke[39m=[32m"currentColor"[39m
          [33mstroke-linecap[39m=[32m"round"[39m
          [33mstroke-linejoin[39m=[32m"round"[39m
          [33mstroke-width[39m=[32m"2"[39m
          [33mviewBox[39m=[32m"0 0 24 24"[39m
          [33mwidth[39m=[32m"18"[39m
          [33mxmlns[39m=[32m"http://www.w3.org/2000/svg"[39m
        [36m>[39m
          [36m<circle[39m
            [33mcx[39m=[32m"11"[39m
            [33mcy[39m=[32m"11"[39m
            [33mr[39m=[32m"8"[39m
          [36m/>[39m
          [36m<path[39m
            [33md[39m=[32m"m21 21-4.3-4.3"[39m
          [36m/>[39m
        [36m</svg>[39m
      [36m</div>[39m
    [36m</div>[39m
    [36m<div[39m
      [33maria-label[39m=[32m"Lista de carpetas disponibles"[39m
      [33mclass[39m=[32m"p-2 max-h-64 overflow-y-auto"[39m
      [33mdata-testid[39m=[32m"folder-menu"[39m
      [33mid[39m=[32m"folder-list"[39m
      [33mrole[39m=[32m"listbox"[39m
      [33mtabindex[39m=[32m"0"[39m
    [36m>[39m
      [36m<div[39m
        [33maria-selected[39m=[32m"false"[39m
        [33mclass[39m=[32m"flex items-center px-3 py-2 rounded-md hover:bg-gray-100 
                   
                  cursor-pointer transition-colors"[39m
        [33mdata-testid[39m=[32m"folder-menu-item"[39m
        [33mrole[39m=[32m"option"[39m
        [33mtabindex[39m=[32m"0"[39m
      [36m>[39m
        [36m<svg[39m
          [33maria-hidden[39m=[32m"true"[39m
          [33mclass[39m=[32m"text-blue-600 mr-2"[39m
          [33mfill[39m=[32m"none"[39m
          [33mheight[39m=[32m"18"[39m
          [33mstroke[39m=[32m"currentColor"[39m
          [33mstroke-linecap[39m=[32m"round"[39m
          [33mstroke-linejoin[39m=[32m"round"[39m
          [33mstroke-width[39m=[32m"2"[39m
          [33mviewBox[39m=[32m"0 0 24 24"[39m
          [33mwidth[39m=[32m"18"[39m
          [33mxmlns[39m=[32m"http://www.w3.org/2000/svg"[39m
        [36m>[39m
          [36m<path[39m
            [33md[39m=[32m"M4 20h16a2 2 0 0 0 2-2V8a2 2 0 0 0-2-2h-7.93a2 2 0 0 1-1.66-.9l-.82-1.2A2 2 0 0 0 7.93 3H4a2 2 0 0 0-2 2v13c0 1.1.9 2 2 2Z"[39m
          [36m/>[39m
        [36m</svg>[39m
        [36m<span[39m
          [33mclass[39m=[32m"flex-grow text-gray-800"[39m
        [36m>[39m
          [0mBandeja de entrada[0m
        [36m</span>[39m
        [36m<button[39m
          [33maria-label[39m=[32m"Seleccionar carpeta Bandeja de entrada"[39m
          [33mclass[39m=[32m"p-1 bg-blue-100 text-blue-600 rounded-full hover:bg-blue-200 focus:ring-2 focus:ring-blue-500 focus:outline-none"[39m
        [36m>[39m
          [36m<svg[39m
            [33maria-hidden[39m=[32m"true"[39m
            [33mclass[39m=[32m"lucide lucide-check"[39m
            [33mfill[39m=[32m"none"[39m
            [33mheight[39m=[32m"16"[39m
            [33mstroke[39m=[32m"currentColor"[39m
            [33mstroke-linecap[39m=[32m"round"[39m
            [33mstroke-linejoin[39m=[32m"round"[39m
            [33mstroke-width[39m=[32m"2"[39m
            [33mviewBox[39m=[32m"0 0 24 24"[39m
            [33mwidth[39m=[32m"16"[39m
            [33mxmlns[39m=[32m"http://www.w3.org/2000/svg"[39m
          [36m>[39m
            [36m<polyline[39m
              [33mpoints[39m=[32m"20 6 9 17 4 12"[39m
            [36m/>[39m
          [36m</svg>[39m
        [36m</button>[39m
      [36m</div>[39m
      [36m<div[39m
        [33maria-selected[39m=[32m"false"[39m
        [33mclass[39m=[32m"flex items-center px-3 py-2 rounded-md hover:bg-gray-100 
                   
                  cursor-pointer transition-colors"[39m
        [33mdata-testid[39m=[32m"folder-menu-item"[39m
     ...

Ignored nodes: comments, script, style
[36m<div[39m
  [33maria-labelledby[39m=[32m"folder-modal-title"[39m
  [33maria-modal[39m=[32m"true"[39m
  [33mclass[39m=[32m"fixed inset-0 bg-black/50 backdrop-blur-sm z-50 flex items-center justify-center p-4"[39m
  [33mrole[39m=[32m"dialog"[39m
[36m>[39m
  [36m<div[39m
    [33mclass[39m=[32m"bg-white rounded-lg shadow-lg w-full max-w-md"[39m
    [33mtabindex[39m=[32m"-1"[39m
  [36m>[39m
    [36m<header[39m
      [33mclass[39m=[32m"flex items-center justify-between p-4 border-b"[39m
    [36m>[39m
      [36m<h2[39m
        [33mclass[39m=[32m"text-lg font-semibold text-gray-800"[39m
        [33mid[39m=[32m"folder-modal-title"[39m
      [36m>[39m
        [0mMover a carpeta[0m
      [36m</h2>[39m
      [36m<button[39m
        [33maria-label[39m=[32m"Cerrar di├ílogo"[39m
        [33mclass[39m=[32m"text-gray-500 hover:text-gray-700 focus:outline-none focus:ring-2 focus:ring-blue-500 p-1 rounded-full"[39m
      [36m>[39m
        [36m<svg[39m
          [33mclass[39m=[32m"lucide lucide-x"[39m
          [33mfill[39m=[32m"none"[39m
          [33mheight[39m=[32m"20"[39m
          [33mstroke[39m=[32m"currentColor"[39m
          [33mstroke-linecap[39m=[32m"round"[39m
          [33mstroke-linejoin[39m=[32m"round"[39m
          [33mstroke-width[39m=[32m"2"[39m
          [33mviewBox[39m=[32m"0 0 24 24"[39m
          [33mwidth[39m=[32m"20"[39m
          [33mxmlns[39m=[32m"http://www.w3.org/2000/svg"[39m
        [36m>[39m
          [36m<path[39m
            [33md[39m=[32m"M18 6 6 18"[39m
          [36m/>[39m
          [36m<path[39m
            [33md[39m=[32m"m6 6 12 12"[39m
          [36m/>[39m
        [36m</svg>[39m
      [36m</button>[39m
    [36m</header>[39m
    [36m<div[39m
      [33mclass[39m=[32m"p-4 border-b"[39m
    [36m>[39m
      [36m<p[39m
        [33mclass[39m=[32m"text-sm text-gray-700"[39m
        [33mid[39m=[32m"folder-modal-description"[39m
      [36m>[39m
        [0mSelecciona una carpeta para mover el correo[0m
      [36m</p>[39m
      [36m<div[39m
        [33mclass[39m=[32m"mt-3 relative"[39m
      [36m>[39m
        [36m<label[39m
          [33mclass[39m=[32m"sr-only"[39m
          [33mfor[39m=[32m"folder-search"[39m
        [36m>[39m
          [0mBuscar carpetas[0m
        [36m</label>[39m
        [36m<input[39m
          [33maria-controls[39m=[32m"folder-list"[39m
          [33maria-describedby[39m=[32m"folder-modal-description"[39m
          [33mclass[39m=[32m"w-full py-2 pl-10 pr-4 border rounded-md focus:ring-blue-500 focus:border-blue-500 text-gray-800"[39m
          [33mid[39m=[32m"folder-search"[39m
          [33mplaceholder[39m=[32m"Buscar carpetas..."[39m
          [33mtype[39m=[32m"text"[39m
          [33mvalue[39m=[32m""[39m
        [36m/>[39m
        [36m<svg[39m
          [33maria-hidden[39m=[32m"true"[39m
          [33mclass[39m=[32m"absolute left-3 top-2.5 text-gray-500"[39m
          [33mfill[39m=[32m"none"[39m
          [33mheight[39m=[32m"18"[39m
          [33mstroke[39m=[32m"currentColor"[39m
          [33mstroke-linecap[39m=[32m"round"[39m
          [33mstroke-linejoin[39m=[32m"round"[39m
          [33mstroke-width[39m=[32m"2"[39m
          [33mviewBox[39m=[32m"0 0 24 24"[39m
          [33mwidth[39m=[32m"18"[39m
          [33mxmlns[39m=[32m"http://www.w3.org/2000/svg"[39m
        [36m>[39m
          [36m<circle[39m
            [33mcx[39m=[32m"11"[39m
            [33mcy[39m=[32m"11"[39m
            [33mr[39m=[32m"8"[39m
          [36m/>[39m
          [36m<path[39m
            [33md[39m=[32m"m21 21-4.3-4.3"[39m
          [36m/>[39m
        [36m</svg>[39m
      [36m</div>[39m
    [36m</div>[39m
    [36m<div[39m
      [33maria-label[39m=[32m"Lista de carpetas disponibles"[39m
      [33mclass[39m=[32m"p-2 max-h-64 overflow-y-auto"[39m
      [33mdata-testid[39m=[32m"folder-menu"[39m
      [33mid[39m=[32m"folder-list"[39m
      [33mrole[39m=[32m"listbox"[39m
      [33mtabindex[39m=[32m"0"[39m
    [36m>[39m
      [36m<div[39m
        [33maria-selected[39m=[32m"false"[39m
        [33mclass[39m=[32m"flex items-center px-3 py-2 rounded-md hover:bg-gray-100 
                   
                  cursor-pointer transition-colors"[39m
        [33mdata-testid[39m=[32m"folder-menu-item"[39m
        [33mrole[39m=[32m"option"[39m
        [33mtabindex[39m=[32m"0"[39m
      [36m>[39m
        [36m<svg[39m
          [33maria-hidden[39m=[32m"true"[39m
          [33mclass[39m=[32m"text-blue-600 mr-2"[39m
          [33mfill[39m=[32m"none"[39m
          [33mheight[39m=[32m"18"[39m
          [33mstroke[39m=[32m"currentColor"[39m
          [33mstroke-linecap[39m=[32m"round"[39m
          [33mstroke-linejoin[39m=[32m"round"[39m
          [33mstroke-width[39m=[32m"2"[39m
          [33mviewBox[39m=[32m"0 0 24 24"[39m
          [33mwidth[39m=[32m"18"[39m
          [33mxmlns[39m=[32m"http://www.w3.org/2000/svg"[39m
        [36m>[39m
          [36m<path[39m
            [33md[39m=[32m"M4 20h16a2 2 0 0 0 2-2V8a2 2 0 0 0-2-2h-7.93a2 2 0 0 1-1.66-.9l-.82-1.2A2 2 0 0 0 7.93 3H4a2 2 0 0 0-2 2v13c0 1.1.9 2 2 2Z"[39m
          [36m/>[39m
        [36m</svg>[39m
        [36m<span[39m
          [33mclass[39m=[32m"flex-grow text-gray-800"[39m
        [36m>[39m
          [0mBandeja de entrada[0m
        [36m</span>[39m
        [36m<button[39m
          [33maria-label[39m=[32m"Seleccionar carpeta Bandeja de entrada"[39m
          [33mclass[39m=[32m"p-1 bg-blue-100 text-blue-600 rounded-full hover:bg-blue-200 focus:ring-2 focus:ring-blue-500 focus:outline-none"[39m
        [36m>[39m
          [36m<svg[39m
            [33maria-hidden[39m=[32m"true"[39m
            [33mclass[39m=[32m"lucide lucide-check"[39m
            [33mfill[39m=[32m"none"[39m
            [33mheight[39m=[32m"16"[39m
            [33mstroke[39m=[32m"currentColor"[39m
            [33mstroke-linecap[39m=[32m"round"[39m
            [33mstroke-linejoin[39m=[32m"round"[39m
            [33mstroke-width[39m=[32m"2"[39m
            [33mviewBox[39m=[32m"0 0 24 24"[39m
            [33mwidth[39m=[32m"16"[39m
            [33mxmlns[39m=[32m"http://www.w3.org/2000/svg"[39m
          [36m>[39m
            [36m<polyline[39m
              [33mpoints[39m=[32m"20 6 9 17 4 12"[39m
            [36m/>[39m
          [36m</svg>[39m
        [36m</button>[39m
      [36m</div>[39m
      [36m<div[39m
        [33maria-selected[39m=[32m"false"[39m
        [33mclass[39m=[32m"flex items-center px-3 py-2 rounded-md hover:bg-gray-100 
                   
                  cursor-pointer transition-colors"[39m
        [33mdata-testid[39m=[32m"folder-menu-item"[39m
     ...

Ignored nodes: comments, script, style
[36m<div[39m
  [33maria-labelledby[39m=[32m"folder-modal-title"[39m
  [33maria-modal[39m=[32m"true"[39m
  [33mclass[39m=[32m"fixed inset-0 bg-black/50 backdrop-blur-sm z-50 flex items-center justify-center p-4"[39m
  [33mrole[39m=[32m"dialog"[39m
[36m>[39m
  [36m<div[39m
    [33mclass[39m=[32m"bg-white rounded-lg shadow-lg w-full max-w-md"[39m
    [33mtabindex[39m=[32m"-1"[39m
  [36m>[39m
    [36m<header[39m
      [33mclass[39m=[32m"flex items-center justify-between p-4 border-b"[39m
    [36m>[39m
      [36m<h2[39m
        [33mclass[39m=[32m"text-lg font-semibold text-gray-800"[39m
        [33mid[39m=[32m"folder-modal-title"[39m
      [36m>[39m
        [0mMover a carpeta[0m
      [36m</h2>[39m
      [36m<button[39m
        [33maria-label[39m=[32m"Cerrar di├ílogo"[39m
        [33mclass[39m=[32m"text-gray-500 hover:text-gray-700 focus:outline-none focus:ring-2 focus:ring-blue-500 p-1 rounded-full"[39m
      [36m>[39m
        [36m<svg[39m
          [33mclass[39m=[32m"lucide lucide-x"[39m
          [33mfill[39m=[32m"none"[39m
          [33mheight[39m=[32m"20"[39m
          [33mstroke[39m=[32m"currentColor"[39m
          [33mstroke-linecap[39m=[32m"round"[39m
          [33mstroke-linejoin[39m=[32m"round"[39m
          [33mstroke-width[39m=[32m"2"[39m
          [33mviewBox[39m=[32m"0 0 24 24"[39m
          [33mwidth[39m=[32m"20"[39m
          [33mxmlns[39m=[32m"http://www.w3.org/2000/svg"[39m
        [36m>[39m
          [36m<path[39m
            [33md[39m=[32m"M18 6 6 18"[39m
          [36m/>[39m
          [36m<path[39m
            [33md[39m=[32m"m6 6 12 12"[39m
          [36m/>[39m
        [36m</svg>[39m
      [36m</button>[39m
    [36m</header>[39m
    [36m<div[39m
      [33mclass[39m=[32m"p-4 border-b"[39m
    [36m>[39m
      [36m<p[39m
        [33mclass[39m=[32m"text-sm text-gray-700"[39m
        [33mid[39m=[32m"folder-modal-description"[39m
      [36m>[39m
        [0mSelecciona una carpeta para mover el correo[0m
      [36m</p>[39m
      [36m<div[39m
        [33mclass[39m=[32m"mt-3 relative"[39m
      [36m>[39m
        [36m<label[39m
          [33mclass[39m=[32m"sr-only"[39m
          [33mfor[39m=[32m"folder-search"[39m
        [36m>[39m
          [0mBuscar carpetas[0m
        [36m</label>[39m
        [36m<input[39m
          [33maria-controls[39m=[32m"folder-list"[39m
          [33maria-describedby[39m=[32m"folder-modal-description"[39m
          [33mclass[39m=[32m"w-full py-2 pl-10 pr-4 border rounded-md focus:ring-blue-500 focus:border-blue-500 text-gray-800"[39m
          [33mid[39m=[32m"folder-search"[39m
          [33mplaceholder[39m=[32m"Buscar carpetas..."[39m
          [33mtype[39m=[32m"text"[39m
          [33mvalue[39m=[32m""[39m
        [36m/>[39m
        [36m<svg[39m
          [33maria-hidden[39m=[32m"true"[39m
          [33mclass[39m=[32m"absolute left-3 top-2.5 text-gray-500"[39m
          [33mfill[39m=[32m"none"[39m
          [33mheight[39m=[32m"18"[39m
          [33mstroke[39m=[32m"currentColor"[39m
          [33mstroke-linecap[39m=[32m"round"[39m
          [33mstroke-linejoin[39m=[32m"round"[39m
          [33mstroke-width[39m=[32m"2"[39m
          [33mviewBox[39m=[32m"0 0 24 24"[39m
          [33mwidth[39m=[32m"18"[39m
          [33mxmlns[39m=[32m"http://www.w3.org/2000/svg"[39m
        [36m>[39m
          [36m<circle[39m
            [33mcx[39m=[32m"11"[39m
            [33mcy[39m=[32m"11"[39m
            [33mr[39m=[32m"8"[39m
          [36m/>[39m
          [36m<path[39m
            [33md[39m=[32m"m21 21-4.3-4.3"[39m
          [36m/>[39m
        [36m</svg>[39m
      [36m</div>[39m
    [36m</div>[39m
    [36m<div[39m
      [33maria-label[39m=[32m"Lista de carpetas disponibles"[39m
      [33mclass[39m=[32m"p-2 max-h-64 overflow-y-auto"[39m
      [33mdata-testid[39m=[32m"folder-menu"[39m
      [33mid[39m=[32m"folder-list"[39m
      [33mrole[39m=[32m"listbox"[39m
      [33mtabindex[39m=[32m"0"[39m
    [36m>[39m
      [36m<div[39m
        [33maria-selected[39m=[32m"false"[39m
        [33mclass[39m=[32m"flex items-center px-3 py-2 rounded-md hover:bg-gray-100 
                   
                  cursor-pointer transition-colors"[39m
        [33mdata-testid[39m=[32m"folder-menu-item"[39m
        [33mrole[39m=[32m"option"[39m
        [33mtabindex[39m=[32m"0"[39m
      [36m>[39m
        [36m<svg[39m
          [33maria-hidden[39m=[32m"true"[39m
          [33mclass[39m=[32m"text-blue-600 mr-2"[39m
          [33mfill[39m=[32m"none"[39m
          [33mheight[39m=[32m"18"[39m
          [33mstroke[39m=[32m"currentColor"[39m
          [33mstroke-linecap[39m=[32m"round"[39m
          [33mstroke-linejoin[39m=[32m"round"[39m
          [33mstroke-width[39m=[32m"2"[39m
          [33mviewBox[39m=[32m"0 0 24 24"[39m
          [33mwidth[39m=[32m"18"[39m
          [33mxmlns[39m=[32m"http://www.w3.org/2000/svg"[39m
        [36m>[39m
          [36m<path[39m
            [33md[39m=[32m"M4 20h16a2 2 0 0 0 2-2V8a2 2 0 0 0-2-2h-7.93a2 2 0 0 1-1.66-.9l-.82-1.2A2 2 0 0 0 7.93 3H4a2 2 0 0 0-2 2v13c0 1.1.9 2 2 2Z"[39m
          [36m/>[39m
        [36m</svg>[39m
        [36m<span[39m
          [33mclass[39m=[32m"flex-grow text-gray-800"[39m
        [36m>[39m
          [0mBandeja de entrada[0m
        [36m</span>[39m
        [36m<button[39m
          [33maria-label[39m=[32m"Seleccionar carpeta Bandeja de entrada"[39m
          [33mclass[39m=[32m"p-1 bg-blue-100 text-blue-600 rounded-full hover:bg-blue-200 focus:ring-2 focus:ring-blue-500 focus:outline-none"[39m
        [36m>[39m
          [36m<svg[39m
            [33maria-hidden[39m=[32m"true"[39m
            [33mclass[39m=[32m"lucide lucide-check"[39m
            [33mfill[39m=[32m"none"[39m
            [33mheight[39m=[32m"16"[39m
            [33mstroke[39m=[32m"currentColor"[39m
            [33mstroke-linecap[39m=[32m"round"[39m
            [33mstroke-linejoin[39m=[32m"round"[39m
            [33mstroke-width[39m=[32m"2"[39m
            [33mviewBox[39m=[32m"0 0 24 24"[39m
            [33mwidth[39m=[32m"16"[39m
            [33mxmlns[39m=[32m"http://www.w3.org/2000/svg"[39m
          [36m>[39m
            [36m<polyline[39m
              [33mpoints[39m=[32m"20 6 9 17 4 12"[39m
            [36m/>[39m
          [36m</svg>[39m
        [36m</button>[39m
      [36m</div>[39m
      [36m<div[39m
        [33maria-selected[39m=[32m"false"[39m
        [33mclass[39m=[32m"flex items-center px-3 py-2 rounded-md hover:bg-gray-100 
                   
                  cursor-pointer transition-colors"[39m
        [33mdata-testid[39m=[32m"folder-menu-item"[39m
     ...

(If this is intentional, then use the `*AllBy*` variant of the query (like `queryAllByText`, `getAllByText`, or `findAllByText`)).

Ignored nodes: comments, script, style
[36m<body>[39m
  [36m<div />[39m
  [36m<div>[39m
    [36m<div[39m
      [33maria-labelledby[39m=[32m"folder-modal-title"[39m
      [33maria-modal[39m=[32m"true"[39m
      [33mclass[39m=[32m"fixed inset-0 bg-black/50 backdrop-blur-sm z-50 flex items-center justify-center p-4"[39m
      [33mrole[39m=[32m"dialog"[39m
    [36m>[39m
      [36m<div[39m
        [33mclass[39m=[32m"bg-white rounded-lg shadow-lg w-full max-w-md"[39m
        [33mtabindex[39m=[32m"-1"[39m
      [36m>[39m
        [36m<header[39m
          [33mclass[39m=[32m"flex items-center justify-between p-4 border-b"[39m
        [36m>[39m
          [36m<h2[39m
            [33mclass[39m=[32m"text-lg font-semibold text-gray-800"[39m
            [33mid[39m=[32m"folder-modal-title"[39m
          [36m>[39m
            [0mMover a carpeta[0m
          [36m</h2>[39m
          [36m<button[39m
            [33maria-label[39m=[32m"Cerrar di├ílogo"[39m
            [33mclass[39m=[32m"text-gray-500 hover:text-gray-700 focus:outline-none focus:ring-2 focus:ring-blue-500 p-1 rounded-full"[39m
          [36m>[39m
            [36m<svg[39m
              [33mclass[39m=[32m"lucide lucide-x"[39m
              [33mfill[39m=[32m"none"[39m
              [33mheight[39m=[32m"20"[39m
              [33mstroke[39m=[32m"currentColor"[39m
              [33mstroke-linecap[39m=[32m"round"[39m
              [33mstroke-linejoin[39m=[32m"round"[39m
              [33mstroke-width[39m=[32m"2"[39m
              [33mviewBox[39m=[32m"0 0 24 24"[39m
              [33mwidth[39m=[32m"20"[39m
              [33mxmlns[39m=[32m"http://www.w3.org/2000/svg"[39m
            [36m>[39m
              [36m<path[39m
                [33md[39m=[32m"M18 6 6 18"[39m
              [36m/>[39m
              [36m<path[39m
                [33md[39m=[32m"m6 6 12 12"[39m
              [36m/>[39m
            [36m</svg>[39m
          [36m</button>[39m
        [36m</header>[39m
        [36m<div[39m
          [33mclass[39m=[32m"p-4 border-b"[39m
        [36m>[39m
          [36m<p[39m
            [33mclass[39m=[32m"text-sm text-gray-700"[39m
            [33mid[39m=[32m"folder-modal-description"[39m
          [36m>[39m
            [0mSelecciona una carpeta para mover el correo[0m
          [36m</p>[39m
          [36m<div[39m
            [33mclass[39m=[32m"mt-3 relative"[39m
          [36m>[39m
            [36m<label[39m
              [33mclass[39m=[32m"sr-only"[39m
              [33mfor[39m=[32m"folder-search"[39m
            [36m>[39m
              [0mBuscar carpetas[0m
            [36m</label>[39m
            [36m<input[39m
              [33maria-controls[39m=[32m"folder-list"[39m
              [33maria-describedby[39m=[32m"folder-modal-description"[39m
              [33mclass[39m=[32m"w-full py-2 pl-10 pr-4 border rounded-md focus:ring-blue-500 focus:border-blue-500 text-gray-800"[39m
              [33mid[39m=[32m"folder-search"[39m
              [33mplaceholder[39m=[32m"Buscar carpetas..."[39m
              [33mtype[39m=[32m"text"[39m
              [33mvalue[39m=[32m""[39m
            [36m/>[39m
            [36m<svg[39m
              [33maria-hidden[39m=[32m"true"[39m
              [33mclass[39m=[32m"absolute left-3 top-2.5 text-gray-500"[39m
              [33mfill[39m=[32m"none"[39m
              [33mheight[39m=[32m"18"[39m
              [33mstroke[39m=[32m"currentColor"[39m
              [33mstroke-linecap[39m=[32m"round"[39m
              [33mstroke-linejoin[39m=[32m"round"[39m
              [33mstroke-width[39m=[32m"2"[39m
              [33mviewBox[39m=[32m"0 0 24 24"[39m
              [33mwidth[39m=[32m"18"[39m
              [33mxmlns[39m=[32m"http://www.w3.org/2000/svg"[39m
            [36m>[39m
              [36m<circle[39m
                [33mcx[39m=[32m"11"[39m
                [33mcy[39m=[32m"11"[39m
                [33mr[39m=[32m"8"[39m
              [36m/>[39m
              [36m<path[39m
                [33md[39m=[32m"m21 21-4.3-4.3"[39m
              [36m/>[39m
            [36m</svg>[39m
          [36m</div>[39m
        [36m</div>[39m
        [36m<div[39m
          [33maria-label[39m=[32m"Lista de carpetas disponibles"[39m
          [33mclass[39m=[32m"p-2 max-h-64 overflow-y-auto"[39m
          [33mdata-testid[39m=[32m"folder-menu"[39m
          [33mid[39m=[32m"folder-list"[39m
          [33mrole[39m=[32m"listbox"[39m
          [33mtabindex[39m=[32m"0"[39m
        [36m>[39m
          [36m<div[39m
            [33maria-selected[39m=[32m"false"[39m
            [33mclass[39m=[32m"flex items-center px-3 py-2 rounded-md hover:bg-gray-100 
                   
                  cursor-pointer transition-colors"[39m
            [33mdata-testid[39m=[32m"folder-menu-item"[39m
            [33mrole[39m=[32m"option"[39m
            [33mtabindex[39m=[32m"0"[39m
          [36m>[39m
            [36m<svg[39m
              [33maria-hidden[39m=[32m"true"[39m
              [33mclass[39m=[32m"text-blue-600 mr-2"[39m
              [33mfill[39m=[32m"none"[39m
              [33mheight[39m=[32m"18"[39m
              [33mstroke[39m=[32m"currentColor"[39m
              [33mstroke-linecap[39m=[32m"round"[39m
              [33mstroke-linejoin[39m=[32m"round"[39m
              [33mstroke-width[39m=[32m"2"[39m
              [33mviewBox[39m=[32m"0 0 24 24"[39m
              [33mwidth[39m=[32m"18"[39m
              [33mxmlns[39m=[32m"http://www.w3.org/2000/svg"[39m
            [36m>[39m
              [36m<path[39m
                [33md[39m=[32m"M4 20h16a2 2 0 0 0 2-2V8a2 2 0 0 0-2-2h-7.93a2 2 0 0 1-1.66-.9l-.82-1.2A2 2 0 0 0 7.93 3H4a2 2 0 0 0-2 2v13c0 1.1.9 2 2 2Z"[39m
              [36m/>[39m
            [36m</svg>[39m
            [36m<span[39m
              [33mclass[39m=[32m"flex-grow text-gray-800"[39m
            [36m>[39m
              [0mBandeja de entrada[0m
            [36m</span>[39m
            [36m<button[39m
              [33maria-label[39m=[32m"Seleccionar carpeta Bandeja de entrada"[39m
              [33mclass[39m=[32m"p-1 bg-blue-100 text-blue-600 rounded-full hover:bg-blue-200 focus:ring-2 focus:ring-blue-500 focus:outline-none"[39m
            [36m>[39m
              [36m<svg[39m
                [33maria-hidden[39m=[32m"true"[39m
                [33mclass[39m=[32m"lucide lucide-check"[39m
                [33mfill[39m=[32m"none"[39m
                [33mheight[39m=[32m"16"[39m
                [33mstroke[39m=[32m"currentColor"[39m
                [33mstroke-linecap[39m=[32m"round"[39m
                [33mstroke-linejoin[39m=[32m"round"[39m
                [33mstroke-width[39m=[32m"2"[39m
                [33mviewBox[39m=[32m"0 ...
   ├ù FolderSelectionModal > mantiene foco dentro del modal (trampa de foco) 92ms
     ÔåÆ Unable to find a label with the text of: Cerrar

Ignored nodes: comments, script, style
[36m<body>[39m
  [36m<div />[39m
  [36m<div>[39m
    [36m<div[39m
      [33maria-labelledby[39m=[32m"folder-modal-title"[39m
      [33maria-modal[39m=[32m"true"[39m
      [33mclass[39m=[32m"fixed inset-0 bg-black/50 backdrop-blur-sm z-50 flex items-center justify-center p-4"[39m
      [33mrole[39m=[32m"dialog"[39m
    [36m>[39m
      [36m<div[39m
        [33mclass[39m=[32m"bg-white rounded-lg shadow-lg w-full max-w-md"[39m
        [33mtabindex[39m=[32m"-1"[39m
      [36m>[39m
        [36m<header[39m
          [33mclass[39m=[32m"flex items-center justify-between p-4 border-b"[39m
        [36m>[39m
          [36m<h2[39m
            [33mclass[39m=[32m"text-lg font-semibold text-gray-800"[39m
            [33mid[39m=[32m"folder-modal-title"[39m
          [36m>[39m
            [0mMover a carpeta[0m
          [36m</h2>[39m
          [36m<button[39m
            [33maria-label[39m=[32m"Cerrar di├ílogo"[39m
            [33mclass[39m=[32m"text-gray-500 hover:text-gray-700 focus:outline-none focus:ring-2 focus:ring-blue-500 p-1 rounded-full"[39m
          [36m>[39m
            [36m<svg[39m
              [33mclass[39m=[32m"lucide lucide-x"[39m
              [33mfill[39m=[32m"none"[39m
              [33mheight[39m=[32m"20"[39m
              [33mstroke[39m=[32m"currentColor"[39m
              [33mstroke-linecap[39m=[32m"round"[39m
              [33mstroke-linejoin[39m=[32m"round"[39m
              [33mstroke-width[39m=[32m"2"[39m
              [33mviewBox[39m=[32m"0 0 24 24"[39m
              [33mwidth[39m=[32m"20"[39m
              [33mxmlns[39m=[32m"http://www.w3.org/2000/svg"[39m
            [36m>[39m
              [36m<path[39m
                [33md[39m=[32m"M18 6 6 18"[39m
              [36m/>[39m
              [36m<path[39m
                [33md[39m=[32m"m6 6 12 12"[39m
              [36m/>[39m
            [36m</svg>[39m
          [36m</button>[39m
        [36m</header>[39m
        [36m<div[39m
          [33mclass[39m=[32m"p-4 border-b"[39m
        [36m>[39m
          [36m<p[39m
            [33mclass[39m=[32m"text-sm text-gray-700"[39m
            [33mid[39m=[32m"folder-modal-description"[39m
          [36m>[39m
            [0mSelecciona una carpeta para mover el correo[0m
          [36m</p>[39m
          [36m<div[39m
            [33mclass[39m=[32m"mt-3 relative"[39m
          [36m>[39m
            [36m<label[39m
              [33mclass[39m=[32m"sr-only"[39m
              [33mfor[39m=[32m"folder-search"[39m
            [36m>[39m
              [0mBuscar carpetas[0m
            [36m</label>[39m
            [36m<input[39m
              [33maria-controls[39m=[32m"folder-list"[39m
              [33maria-describedby[39m=[32m"folder-modal-description"[39m
              [33mclass[39m=[32m"w-full py-2 pl-10 pr-4 border rounded-md focus:ring-blue-500 focus:border-blue-500 text-gray-800"[39m
              [33mid[39m=[32m"folder-search"[39m
              [33mplaceholder[39m=[32m"Buscar carpetas..."[39m
              [33mtype[39m=[32m"text"[39m
              [33mvalue[39m=[32m""[39m
            [36m/>[39m
            [36m<svg[39m
              [33maria-hidden[39m=[32m"true"[39m
              [33mclass[39m=[32m"absolute left-3 top-2.5 text-gray-500"[39m
              [33mfill[39m=[32m"none"[39m
              [33mheight[39m=[32m"18"[39m
              [33mstroke[39m=[32m"currentColor"[39m
              [33mstroke-linecap[39m=[32m"round"[39m
              [33mstroke-linejoin[39m=[32m"round"[39m
              [33mstroke-width[39m=[32m"2"[39m
              [33mviewBox[39m=[32m"0 0 24 24"[39m
              [33mwidth[39m=[32m"18"[39m
              [33mxmlns[39m=[32m"http://www.w3.org/2000/svg"[39m
            [36m>[39m
              [36m<circle[39m
                [33mcx[39m=[32m"11"[39m
                [33mcy[39m=[32m"11"[39m
                [33mr[39m=[32m"8"[39m
              [36m/>[39m
              [36m<path[39m
                [33md[39m=[32m"m21 21-4.3-4.3"[39m
              [36m/>[39m
            [36m</svg>[39m
          [36m</div>[39m
        [36m</div>[39m
        [36m<div[39m
          [33maria-label[39m=[32m"Lista de carpetas disponibles"[39m
          [33mclass[39m=[32m"p-2 max-h-64 overflow-y-auto"[39m
          [33mdata-testid[39m=[32m"folder-menu"[39m
          [33mid[39m=[32m"folder-list"[39m
          [33mrole[39m=[32m"listbox"[39m
          [33mtabindex[39m=[32m"0"[39m
        [36m>[39m
          [36m<div[39m
            [33maria-selected[39m=[32m"false"[39m
            [33mclass[39m=[32m"flex items-center px-3 py-2 rounded-md hover:bg-gray-100 
                   
                  cursor-pointer transition-colors"[39m
            [33mdata-testid[39m=[32m"folder-menu-item"[39m
            [33mrole[39m=[32m"option"[39m
            [33mtabindex[39m=[32m"0"[39m
          [36m>[39m
            [36m<svg[39m
              [33maria-hidden[39m=[32m"true"[39m
              [33mclass[39m=[32m"text-blue-600 mr-2"[39m
              [33mfill[39m=[32m"none"[39m
              [33mheight[39m=[32m"18"[39m
              [33mstroke[39m=[32m"currentColor"[39m
              [33mstroke-linecap[39m=[32m"round"[39m
              [33mstroke-linejoin[39m=[32m"round"[39m
              [33mstroke-width[39m=[32m"2"[39m
              [33mviewBox[39m=[32m"0 0 24 24"[39m
              [33mwidth[39m=[32m"18"[39m
              [33mxmlns[39m=[32m"http://www.w3.org/2000/svg"[39m
            [36m>[39m
              [36m<path[39m
                [33md[39m=[32m"M4 20h16a2 2 0 0 0 2-2V8a2 2 0 0 0-2-2h-7.93a2 2 0 0 1-1.66-.9l-.82-1.2A2 2 0 0 0 7.93 3H4a2 2 0 0 0-2 2v13c0 1.1.9 2 2 2Z"[39m
              [36m/>[39m
            [36m</svg>[39m
            [36m<span[39m
              [33mclass[39m=[32m"flex-grow text-gray-800"[39m
            [36m>[39m
              [0mBandeja de entrada[0m
            [36m</span>[39m
            [36m<button[39m
              [33maria-label[39m=[32m"Seleccionar carpeta Bandeja de entrada"[39m
              [33mclass[39m=[32m"p-1 bg-blue-100 text-blue-600 rounded-full hover:bg-blue-200 focus:ring-2 focus:ring-blue-500 focus:outline-none"[39m
            [36m>[39m
              [36m<svg[39m
                [33maria-hidden[39m=[32m"true"[39m
                [33mclass[39m=[32m"lucide lucide-check"[39m
                [33mfill[39m=[32m"none"[39m
                [33mheight[39m=[32m"16"[39m
                [33mstroke[39m=[32m"currentColor"[39m
                [33mstroke-linecap[39m=[32m"round"[39m
                [33mstroke-linejoin[39m=[32m"round"[39m
                [33mstroke-width[39m=[32m"2"[39m
                [33mviewBox[39m=[32m"0 ...
   ├ù FolderSelectionModal > muestra el formulario de creaci├│n al hacer clic en "Crear carpeta" 73ms
     ÔåÆ Unable to find an element with the text: Crear carpeta. This could be because the text is broken up by multiple elements. In this case, you can provide a function for your text matcher to make your matcher more flexible.

Ignored nodes: comments, script, style
[36m<body>[39m
  [36m<div />[39m
  [36m<div>[39m
    [36m<div[39m
      [33maria-labelledby[39m=[32m"folder-modal-title"[39m
      [33maria-modal[39m=[32m"true"[39m
      [33mclass[39m=[32m"fixed inset-0 bg-black/50 backdrop-blur-sm z-50 flex items-center justify-center p-4"[39m
      [33mrole[39m=[32m"dialog"[39m
    [36m>[39m
      [36m<div[39m
        [33mclass[39m=[32m"bg-white rounded-lg shadow-lg w-full max-w-md"[39m
        [33mtabindex[39m=[32m"-1"[39m
      [36m>[39m
        [36m<header[39m
          [33mclass[39m=[32m"flex items-center justify-between p-4 border-b"[39m
        [36m>[39m
          [36m<h2[39m
            [33mclass[39m=[32m"text-lg font-semibold text-gray-800"[39m
            [33mid[39m=[32m"folder-modal-title"[39m
          [36m>[39m
            [0mMover a carpeta[0m
          [36m</h2>[39m
          [36m<button[39m
            [33maria-label[39m=[32m"Cerrar di├ílogo"[39m
            [33mclass[39m=[32m"text-gray-500 hover:text-gray-700 focus:outline-none focus:ring-2 focus:ring-blue-500 p-1 rounded-full"[39m
          [36m>[39m
            [36m<svg[39m
              [33mclass[39m=[32m"lucide lucide-x"[39m
              [33mfill[39m=[32m"none"[39m
              [33mheight[39m=[32m"20"[39m
              [33mstroke[39m=[32m"currentColor"[39m
              [33mstroke-linecap[39m=[32m"round"[39m
              [33mstroke-linejoin[39m=[32m"round"[39m
              [33mstroke-width[39m=[32m"2"[39m
              [33mviewBox[39m=[32m"0 0 24 24"[39m
              [33mwidth[39m=[32m"20"[39m
              [33mxmlns[39m=[32m"http://www.w3.org/2000/svg"[39m
            [36m>[39m
              [36m<path[39m
                [33md[39m=[32m"M18 6 6 18"[39m
              [36m/>[39m
              [36m<path[39m
                [33md[39m=[32m"m6 6 12 12"[39m
              [36m/>[39m
            [36m</svg>[39m
          [36m</button>[39m
        [36m</header>[39m
        [36m<div[39m
          [33mclass[39m=[32m"p-4 border-b"[39m
        [36m>[39m
          [36m<p[39m
            [33mclass[39m=[32m"text-sm text-gray-700"[39m
            [33mid[39m=[32m"folder-modal-description"[39m
          [36m>[39m
            [0mSelecciona una carpeta para mover el correo[0m
          [36m</p>[39m
          [36m<div[39m
            [33mclass[39m=[32m"mt-3 relative"[39m
          [36m>[39m
            [36m<label[39m
              [33mclass[39m=[32m"sr-only"[39m
              [33mfor[39m=[32m"folder-search"[39m
            [36m>[39m
              [0mBuscar carpetas[0m
            [36m</label>[39m
            [36m<input[39m
              [33maria-controls[39m=[32m"folder-list"[39m
              [33maria-describedby[39m=[32m"folder-modal-description"[39m
              [33mclass[39m=[32m"w-full py-2 pl-10 pr-4 border rounded-md focus:ring-blue-500 focus:border-blue-500 text-gray-800"[39m
              [33mid[39m=[32m"folder-search"[39m
              [33mplaceholder[39m=[32m"Buscar carpetas..."[39m
              [33mtype[39m=[32m"text"[39m
              [33mvalue[39m=[32m""[39m
            [36m/>[39m
            [36m<svg[39m
              [33maria-hidden[39m=[32m"true"[39m
              [33mclass[39m=[32m"absolute left-3 top-2.5 text-gray-500"[39m
              [33mfill[39m=[32m"none"[39m
              [33mheight[39m=[32m"18"[39m
              [33mstroke[39m=[32m"currentColor"[39m
              [33mstroke-linecap[39m=[32m"round"[39m
              [33mstroke-linejoin[39m=[32m"round"[39m
              [33mstroke-width[39m=[32m"2"[39m
              [33mviewBox[39m=[32m"0 0 24 24"[39m
              [33mwidth[39m=[32m"18"[39m
              [33mxmlns[39m=[32m"http://www.w3.org/2000/svg"[39m
            [36m>[39m
              [36m<circle[39m
                [33mcx[39m=[32m"11"[39m
                [33mcy[39m=[32m"11"[39m
                [33mr[39m=[32m"8"[39m
              [36m/>[39m
              [36m<path[39m
                [33md[39m=[32m"m21 21-4.3-4.3"[39m
              [36m/>[39m
            [36m</svg>[39m
          [36m</div>[39m
        [36m</div>[39m
        [36m<div[39m
          [33maria-label[39m=[32m"Lista de carpetas disponibles"[39m
          [33mclass[39m=[32m"p-2 max-h-64 overflow-y-auto"[39m
          [33mdata-testid[39m=[32m"folder-menu"[39m
          [33mid[39m=[32m"folder-list"[39m
          [33mrole[39m=[32m"listbox"[39m
          [33mtabindex[39m=[32m"0"[39m
        [36m>[39m
          [36m<div[39m
            [33maria-selected[39m=[32m"false"[39m
            [33mclass[39m=[32m"flex items-center px-3 py-2 rounded-md hover:bg-gray-100 
                   
                  cursor-pointer transition-colors"[39m
            [33mdata-testid[39m=[32m"folder-menu-item"[39m
            [33mrole[39m=[32m"option"[39m
            [33mtabindex[39m=[32m"0"[39m
          [36m>[39m
            [36m<svg[39m
              [33maria-hidden[39m=[32m"true"[39m
              [33mclass[39m=[32m"text-blue-600 mr-2"[39m
              [33mfill[39m=[32m"none"[39m
              [33mheight[39m=[32m"18"[39m
              [33mstroke[39m=[32m"currentColor"[39m
              [33mstroke-linecap[39m=[32m"round"[39m
              [33mstroke-linejoin[39m=[32m"round"[39m
              [33mstroke-width[39m=[32m"2"[39m
              [33mviewBox[39m=[32m"0 0 24 24"[39m
              [33mwidth[39m=[32m"18"[39m
              [33mxmlns[39m=[32m"http://www.w3.org/2000/svg"[39m
            [36m>[39m
              [36m<path[39m
                [33md[39m=[32m"M4 20h16a2 2 0 0 0 2-2V8a2 2 0 0 0-2-2h-7.93a2 2 0 0 1-1.66-.9l-.82-1.2A2 2 0 0 0 7.93 3H4a2 2 0 0 0-2 2v13c0 1.1.9 2 2 2Z"[39m
              [36m/>[39m
            [36m</svg>[39m
            [36m<span[39m
              [33mclass[39m=[32m"flex-grow text-gray-800"[39m
            [36m>[39m
              [0mBandeja de entrada[0m
            [36m</span>[39m
            [36m<button[39m
              [33maria-label[39m=[32m"Seleccionar carpeta Bandeja de entrada"[39m
              [33mclass[39m=[32m"p-1 bg-blue-100 text-blue-600 rounded-full hover:bg-blue-200 focus:ring-2 focus:ring-blue-500 focus:outline-none"[39m
            [36m>[39m
              [36m<svg[39m
                [33maria-hidden[39m=[32m"true"[39m
                [33mclass[39m=[32m"lucide lucide-check"[39m
                [33mfill[39m=[32m"none"[39m
                [33mheight[39m=[32m"16"[39m
                [33mstroke[39m=[32m"currentColor"[39m
                [33mstroke-linecap[39m=[32m"round"[39m
                [33mstroke-linejoin[39m=[32m"round"[39m
                [33mstroke-width[39m=[32m"2"[39m
                [33mviewBox[39m=[32m"0 ...
   ├ù FolderSelectionModal > vuelve a la vista de carpetas al cancelar la creaci├│n 164ms
     ÔåÆ Unable to find an element with the text: Crear carpeta. This could be because the text is broken up by multiple elements. In this case, you can provide a function for your text matcher to make your matcher more flexible.

Ignored nodes: comments, script, style
[36m<body>[39m
  [36m<div />[39m
  [36m<div>[39m
    [36m<div[39m
      [33maria-labelledby[39m=[32m"folder-modal-title"[39m
      [33maria-modal[39m=[32m"true"[39m
      [33mclass[39m=[32m"fixed inset-0 bg-black/50 backdrop-blur-sm z-50 flex items-center justify-center p-4"[39m
      [33mrole[39m=[32m"dialog"[39m
    [36m>[39m
      [36m<div[39m
        [33mclass[39m=[32m"bg-white rounded-lg shadow-lg w-full max-w-md"[39m
        [33mtabindex[39m=[32m"-1"[39m
      [36m>[39m
        [36m<header[39m
          [33mclass[39m=[32m"flex items-center justify-between p-4 border-b"[39m
        [36m>[39m
          [36m<h2[39m
            [33mclass[39m=[32m"text-lg font-semibold text-gray-800"[39m
            [33mid[39m=[32m"folder-modal-title"[39m
          [36m>[39m
            [0mMover a carpeta[0m
          [36m</h2>[39m
          [36m<button[39m
            [33maria-label[39m=[32m"Cerrar di├ílogo"[39m
            [33mclass[39m=[32m"text-gray-500 hover:text-gray-700 focus:outline-none focus:ring-2 focus:ring-blue-500 p-1 rounded-full"[39m
          [36m>[39m
            [36m<svg[39m
              [33mclass[39m=[32m"lucide lucide-x"[39m
              [33mfill[39m=[32m"none"[39m
              [33mheight[39m=[32m"20"[39m
              [33mstroke[39m=[32m"currentColor"[39m
              [33mstroke-linecap[39m=[32m"round"[39m
              [33mstroke-linejoin[39m=[32m"round"[39m
              [33mstroke-width[39m=[32m"2"[39m
              [33mviewBox[39m=[32m"0 0 24 24"[39m
              [33mwidth[39m=[32m"20"[39m
              [33mxmlns[39m=[32m"http://www.w3.org/2000/svg"[39m
            [36m>[39m
              [36m<path[39m
                [33md[39m=[32m"M18 6 6 18"[39m
              [36m/>[39m
              [36m<path[39m
                [33md[39m=[32m"m6 6 12 12"[39m
              [36m/>[39m
            [36m</svg>[39m
          [36m</button>[39m
        [36m</header>[39m
        [36m<div[39m
          [33mclass[39m=[32m"p-4 border-b"[39m
        [36m>[39m
          [36m<p[39m
            [33mclass[39m=[32m"text-sm text-gray-700"[39m
            [33mid[39m=[32m"folder-modal-description"[39m
          [36m>[39m
            [0mSelecciona una carpeta para mover el correo[0m
          [36m</p>[39m
          [36m<div[39m
            [33mclass[39m=[32m"mt-3 relative"[39m
          [36m>[39m
            [36m<label[39m
              [33mclass[39m=[32m"sr-only"[39m
              [33mfor[39m=[32m"folder-search"[39m
            [36m>[39m
              [0mBuscar carpetas[0m
            [36m</label>[39m
            [36m<input[39m
              [33maria-controls[39m=[32m"folder-list"[39m
              [33maria-describedby[39m=[32m"folder-modal-description"[39m
              [33mclass[39m=[32m"w-full py-2 pl-10 pr-4 border rounded-md focus:ring-blue-500 focus:border-blue-500 text-gray-800"[39m
              [33mid[39m=[32m"folder-search"[39m
              [33mplaceholder[39m=[32m"Buscar carpetas..."[39m
              [33mtype[39m=[32m"text"[39m
              [33mvalue[39m=[32m""[39m
            [36m/>[39m
            [36m<svg[39m
              [33maria-hidden[39m=[32m"true"[39m
              [33mclass[39m=[32m"absolute left-3 top-2.5 text-gray-500"[39m
              [33mfill[39m=[32m"none"[39m
              [33mheight[39m=[32m"18"[39m
              [33mstroke[39m=[32m"currentColor"[39m
              [33mstroke-linecap[39m=[32m"round"[39m
              [33mstroke-linejoin[39m=[32m"round"[39m
              [33mstroke-width[39m=[32m"2"[39m
              [33mviewBox[39m=[32m"0 0 24 24"[39m
              [33mwidth[39m=[32m"18"[39m
              [33mxmlns[39m=[32m"http://www.w3.org/2000/svg"[39m
            [36m>[39m
              [36m<circle[39m
                [33mcx[39m=[32m"11"[39m
                [33mcy[39m=[32m"11"[39m
                [33mr[39m=[32m"8"[39m
              [36m/>[39m
              [36m<path[39m
                [33md[39m=[32m"m21 21-4.3-4.3"[39m
              [36m/>[39m
            [36m</svg>[39m
          [36m</div>[39m
        [36m</div>[39m
        [36m<div[39m
          [33maria-label[39m=[32m"Lista de carpetas disponibles"[39m
          [33mclass[39m=[32m"p-2 max-h-64 overflow-y-auto"[39m
          [33mdata-testid[39m=[32m"folder-menu"[39m
          [33mid[39m=[32m"folder-list"[39m
          [33mrole[39m=[32m"listbox"[39m
          [33mtabindex[39m=[32m"0"[39m
        [36m>[39m
          [36m<div[39m
            [33maria-selected[39m=[32m"false"[39m
            [33mclass[39m=[32m"flex items-center px-3 py-2 rounded-md hover:bg-gray-100 
                   
                  cursor-pointer transition-colors"[39m
            [33mdata-testid[39m=[32m"folder-menu-item"[39m
            [33mrole[39m=[32m"option"[39m
            [33mtabindex[39m=[32m"0"[39m
          [36m>[39m
            [36m<svg[39m
              [33maria-hidden[39m=[32m"true"[39m
              [33mclass[39m=[32m"text-blue-600 mr-2"[39m
              [33mfill[39m=[32m"none"[39m
              [33mheight[39m=[32m"18"[39m
              [33mstroke[39m=[32m"currentColor"[39m
              [33mstroke-linecap[39m=[32m"round"[39m
              [33mstroke-linejoin[39m=[32m"round"[39m
              [33mstroke-width[39m=[32m"2"[39m
              [33mviewBox[39m=[32m"0 0 24 24"[39m
              [33mwidth[39m=[32m"18"[39m
              [33mxmlns[39m=[32m"http://www.w3.org/2000/svg"[39m
            [36m>[39m
              [36m<path[39m
                [33md[39m=[32m"M4 20h16a2 2 0 0 0 2-2V8a2 2 0 0 0-2-2h-7.93a2 2 0 0 1-1.66-.9l-.82-1.2A2 2 0 0 0 7.93 3H4a2 2 0 0 0-2 2v13c0 1.1.9 2 2 2Z"[39m
              [36m/>[39m
            [36m</svg>[39m
            [36m<span[39m
              [33mclass[39m=[32m"flex-grow text-gray-800"[39m
            [36m>[39m
              [0mBandeja de entrada[0m
            [36m</span>[39m
            [36m<button[39m
              [33maria-label[39m=[32m"Seleccionar carpeta Bandeja de entrada"[39m
              [33mclass[39m=[32m"p-1 bg-blue-100 text-blue-600 rounded-full hover:bg-blue-200 focus:ring-2 focus:ring-blue-500 focus:outline-none"[39m
            [36m>[39m
              [36m<svg[39m
                [33maria-hidden[39m=[32m"true"[39m
                [33mclass[39m=[32m"lucide lucide-check"[39m
                [33mfill[39m=[32m"none"[39m
                [33mheight[39m=[32m"16"[39m
                [33mstroke[39m=[32m"currentColor"[39m
                [33mstroke-linecap[39m=[32m"round"[39m
                [33mstroke-linejoin[39m=[32m"round"[39m
                [33mstroke-width[39m=[32m"2"[39m
                [33mviewBox[39m=[32m"0 ...
   ├ù FolderSelectionModal > proporciona atributos de accesibilidad apropiados 140ms
     ÔåÆ Found multiple elements with the role "dialog"

Here are the matching elements:

Ignored nodes: comments, script, style
[36m<div[39m
  [33maria-labelledby[39m=[32m"folder-modal-title"[39m
  [33maria-modal[39m=[32m"true"[39m
  [33mclass[39m=[32m"fixed inset-0 bg-black/50 backdrop-blur-sm z-50 flex items-center justify-center p-4"[39m
  [33mrole[39m=[32m"dialog"[39m
[36m>[39m
  [36m<div[39m
    [33mclass[39m=[32m"bg-white rounded-lg shadow-lg w-full max-w-md"[39m
    [33mtabindex[39m=[32m"-1"[39m
  [36m>[39m
    [36m<header[39m
      [33mclass[39m=[32m"flex items-center justify-between p-4 border-b"[39m
    [36m>[39m
      [36m<h2[39m
        [33mclass[39m=[32m"text-lg font-semibold text-gray-800"[39m
        [33mid[39m=[32m"folder-modal-title"[39m
      [36m>[39m
        [0mMover a carpeta[0m
      [36m</h2>[39m
      [36m<button[39m
        [33maria-label[39m=[32m"Cerrar di├ílogo"[39m
        [33mclass[39m=[32m"text-gray-500 hover:text-gray-700 focus:outline-none focus:ring-2 focus:ring-blue-500 p-1 rounded-full"[39m
      [36m>[39m
        [36m<svg[39m
          [33mclass[39m=[32m"lucide lucide-x"[39m
          [33mfill[39m=[32m"none"[39m
          [33mheight[39m=[32m"20"[39m
          [33mstroke[39m=[32m"currentColor"[39m
          [33mstroke-linecap[39m=[32m"round"[39m
          [33mstroke-linejoin[39m=[32m"round"[39m
          [33mstroke-width[39m=[32m"2"[39m
          [33mviewBox[39m=[32m"0 0 24 24"[39m
          [33mwidth[39m=[32m"20"[39m
          [33mxmlns[39m=[32m"http://www.w3.org/2000/svg"[39m
        [36m>[39m
          [36m<path[39m
            [33md[39m=[32m"M18 6 6 18"[39m
          [36m/>[39m
          [36m<path[39m
            [33md[39m=[32m"m6 6 12 12"[39m
          [36m/>[39m
        [36m</svg>[39m
      [36m</button>[39m
    [36m</header>[39m
    [36m<div[39m
      [33mclass[39m=[32m"p-4 border-b"[39m
    [36m>[39m
      [36m<p[39m
        [33mclass[39m=[32m"text-sm text-gray-700"[39m
        [33mid[39m=[32m"folder-modal-description"[39m
      [36m>[39m
        [0mSelecciona una carpeta para mover el correo[0m
      [36m</p>[39m
      [36m<div[39m
        [33mclass[39m=[32m"mt-3 relative"[39m
      [36m>[39m
        [36m<label[39m
          [33mclass[39m=[32m"sr-only"[39m
          [33mfor[39m=[32m"folder-search"[39m
        [36m>[39m
          [0mBuscar carpetas[0m
        [36m</label>[39m
        [36m<input[39m
          [33maria-controls[39m=[32m"folder-list"[39m
          [33maria-describedby[39m=[32m"folder-modal-description"[39m
          [33mclass[39m=[32m"w-full py-2 pl-10 pr-4 border rounded-md focus:ring-blue-500 focus:border-blue-500 text-gray-800"[39m
          [33mid[39m=[32m"folder-search"[39m
          [33mplaceholder[39m=[32m"Buscar carpetas..."[39m
          [33mtype[39m=[32m"text"[39m
          [33mvalue[39m=[32m""[39m
        [36m/>[39m
        [36m<svg[39m
          [33maria-hidden[39m=[32m"true"[39m
          [33mclass[39m=[32m"absolute left-3 top-2.5 text-gray-500"[39m
          [33mfill[39m=[32m"none"[39m
          [33mheight[39m=[32m"18"[39m
          [33mstroke[39m=[32m"currentColor"[39m
          [33mstroke-linecap[39m=[32m"round"[39m
          [33mstroke-linejoin[39m=[32m"round"[39m
          [33mstroke-width[39m=[32m"2"[39m
          [33mviewBox[39m=[32m"0 0 24 24"[39m
          [33mwidth[39m=[32m"18"[39m
          [33mxmlns[39m=[32m"http://www.w3.org/2000/svg"[39m
        [36m>[39m
          [36m<circle[39m
            [33mcx[39m=[32m"11"[39m
            [33mcy[39m=[32m"11"[39m
            [33mr[39m=[32m"8"[39m
          [36m/>[39m
          [36m<path[39m
            [33md[39m=[32m"m21 21-4.3-4.3"[39m
          [36m/>[39m
        [36m</svg>[39m
      [36m</div>[39m
    [36m</div>[39m
    [36m<div[39m
      [33maria-label[39m=[32m"Lista de carpetas disponibles"[39m
      [33mclass[39m=[32m"p-2 max-h-64 overflow-y-auto"[39m
      [33mdata-testid[39m=[32m"folder-menu"[39m
      [33mid[39m=[32m"folder-list"[39m
      [33mrole[39m=[32m"listbox"[39m
      [33mtabindex[39m=[32m"0"[39m
    [36m>[39m
      [36m<div[39m
        [33maria-selected[39m=[32m"false"[39m
        [33mclass[39m=[32m"flex items-center px-3 py-2 rounded-md hover:bg-gray-100 
                   
                  cursor-pointer transition-colors"[39m
        [33mdata-testid[39m=[32m"folder-menu-item"[39m
        [33mrole[39m=[32m"option"[39m
        [33mtabindex[39m=[32m"0"[39m
      [36m>[39m
        [36m<svg[39m
          [33maria-hidden[39m=[32m"true"[39m
          [33mclass[39m=[32m"text-blue-600 mr-2"[39m
          [33mfill[39m=[32m"none"[39m
          [33mheight[39m=[32m"18"[39m
          [33mstroke[39m=[32m"currentColor"[39m
          [33mstroke-linecap[39m=[32m"round"[39m
          [33mstroke-linejoin[39m=[32m"round"[39m
          [33mstroke-width[39m=[32m"2"[39m
          [33mviewBox[39m=[32m"0 0 24 24"[39m
          [33mwidth[39m=[32m"18"[39m
          [33mxmlns[39m=[32m"http://www.w3.org/2000/svg"[39m
        [36m>[39m
          [36m<path[39m
            [33md[39m=[32m"M4 20h16a2 2 0 0 0 2-2V8a2 2 0 0 0-2-2h-7.93a2 2 0 0 1-1.66-.9l-.82-1.2A2 2 0 0 0 7.93 3H4a2 2 0 0 0-2 2v13c0 1.1.9 2 2 2Z"[39m
          [36m/>[39m
        [36m</svg>[39m
        [36m<span[39m
          [33mclass[39m=[32m"flex-grow text-gray-800"[39m
        [36m>[39m
          [0mBandeja de entrada[0m
        [36m</span>[39m
        [36m<button[39m
          [33maria-label[39m=[32m"Seleccionar carpeta Bandeja de entrada"[39m
          [33mclass[39m=[32m"p-1 bg-blue-100 text-blue-600 rounded-full hover:bg-blue-200 focus:ring-2 focus:ring-blue-500 focus:outline-none"[39m
        [36m>[39m
          [36m<svg[39m
            [33maria-hidden[39m=[32m"true"[39m
            [33mclass[39m=[32m"lucide lucide-check"[39m
            [33mfill[39m=[32m"none"[39m
            [33mheight[39m=[32m"16"[39m
            [33mstroke[39m=[32m"currentColor"[39m
            [33mstroke-linecap[39m=[32m"round"[39m
            [33mstroke-linejoin[39m=[32m"round"[39m
            [33mstroke-width[39m=[32m"2"[39m
            [33mviewBox[39m=[32m"0 0 24 24"[39m
            [33mwidth[39m=[32m"16"[39m
            [33mxmlns[39m=[32m"http://www.w3.org/2000/svg"[39m
          [36m>[39m
            [36m<polyline[39m
              [33mpoints[39m=[32m"20 6 9 17 4 12"[39m
            [36m/>[39m
          [36m</svg>[39m
        [36m</button>[39m
      [36m</div>[39m
      [36m<div[39m
        [33maria-selected[39m=[32m"false"[39m
        [33mclass[39m=[32m"flex items-center px-3 py-2 rounded-md hover:bg-gray-100 
                   
                  cursor-pointer transition-colors"[39m
        [33mdata-testid[39m=[32m"folder-menu-item"[39m
     ...

Ignored nodes: comments, script, style
[36m<div[39m
  [33maria-labelledby[39m=[32m"folder-modal-title"[39m
  [33maria-modal[39m=[32m"true"[39m
  [33mclass[39m=[32m"fixed inset-0 bg-black/50 backdrop-blur-sm z-50 flex items-center justify-center p-4"[39m
  [33mrole[39m=[32m"dialog"[39m
[36m>[39m
  [36m<div[39m
    [33mclass[39m=[32m"bg-white rounded-lg shadow-lg w-full max-w-md"[39m
    [33mtabindex[39m=[32m"-1"[39m
  [36m>[39m
    [36m<header[39m
      [33mclass[39m=[32m"flex items-center justify-between p-4 border-b"[39m
    [36m>[39m
      [36m<h2[39m
        [33mclass[39m=[32m"text-lg font-semibold text-gray-800"[39m
        [33mid[39m=[32m"folder-modal-title"[39m
      [36m>[39m
        [0mMover a carpeta[0m
      [36m</h2>[39m
      [36m<button[39m
        [33maria-label[39m=[32m"Cerrar di├ílogo"[39m
        [33mclass[39m=[32m"text-gray-500 hover:text-gray-700 focus:outline-none focus:ring-2 focus:ring-blue-500 p-1 rounded-full"[39m
      [36m>[39m
        [36m<svg[39m
          [33mclass[39m=[32m"lucide lucide-x"[39m
          [33mfill[39m=[32m"none"[39m
          [33mheight[39m=[32m"20"[39m
          [33mstroke[39m=[32m"currentColor"[39m
          [33mstroke-linecap[39m=[32m"round"[39m
          [33mstroke-linejoin[39m=[32m"round"[39m
          [33mstroke-width[39m=[32m"2"[39m
          [33mviewBox[39m=[32m"0 0 24 24"[39m
          [33mwidth[39m=[32m"20"[39m
          [33mxmlns[39m=[32m"http://www.w3.org/2000/svg"[39m
        [36m>[39m
          [36m<path[39m
            [33md[39m=[32m"M18 6 6 18"[39m
          [36m/>[39m
          [36m<path[39m
            [33md[39m=[32m"m6 6 12 12"[39m
          [36m/>[39m
        [36m</svg>[39m
      [36m</button>[39m
    [36m</header>[39m
    [36m<div[39m
      [33mclass[39m=[32m"p-4 border-b"[39m
    [36m>[39m
      [36m<p[39m
        [33mclass[39m=[32m"text-sm text-gray-700"[39m
        [33mid[39m=[32m"folder-modal-description"[39m
      [36m>[39m
        [0mSelecciona una carpeta para mover el correo[0m
      [36m</p>[39m
      [36m<div[39m
        [33mclass[39m=[32m"mt-3 relative"[39m
      [36m>[39m
        [36m<label[39m
          [33mclass[39m=[32m"sr-only"[39m
          [33mfor[39m=[32m"folder-search"[39m
        [36m>[39m
          [0mBuscar carpetas[0m
        [36m</label>[39m
        [36m<input[39m
          [33maria-controls[39m=[32m"folder-list"[39m
          [33maria-describedby[39m=[32m"folder-modal-description"[39m
          [33mclass[39m=[32m"w-full py-2 pl-10 pr-4 border rounded-md focus:ring-blue-500 focus:border-blue-500 text-gray-800"[39m
          [33mid[39m=[32m"folder-search"[39m
          [33mplaceholder[39m=[32m"Buscar carpetas..."[39m
          [33mtype[39m=[32m"text"[39m
          [33mvalue[39m=[32m""[39m
        [36m/>[39m
        [36m<svg[39m
          [33maria-hidden[39m=[32m"true"[39m
          [33mclass[39m=[32m"absolute left-3 top-2.5 text-gray-500"[39m
          [33mfill[39m=[32m"none"[39m
          [33mheight[39m=[32m"18"[39m
          [33mstroke[39m=[32m"currentColor"[39m
          [33mstroke-linecap[39m=[32m"round"[39m
          [33mstroke-linejoin[39m=[32m"round"[39m
          [33mstroke-width[39m=[32m"2"[39m
          [33mviewBox[39m=[32m"0 0 24 24"[39m
          [33mwidth[39m=[32m"18"[39m
          [33mxmlns[39m=[32m"http://www.w3.org/2000/svg"[39m
        [36m>[39m
          [36m<circle[39m
            [33mcx[39m=[32m"11"[39m
            [33mcy[39m=[32m"11"[39m
            [33mr[39m=[32m"8"[39m
          [36m/>[39m
          [36m<path[39m
            [33md[39m=[32m"m21 21-4.3-4.3"[39m
          [36m/>[39m
        [36m</svg>[39m
      [36m</div>[39m
    [36m</div>[39m
    [36m<div[39m
      [33maria-label[39m=[32m"Lista de carpetas disponibles"[39m
      [33mclass[39m=[32m"p-2 max-h-64 overflow-y-auto"[39m
      [33mdata-testid[39m=[32m"folder-menu"[39m
      [33mid[39m=[32m"folder-list"[39m
      [33mrole[39m=[32m"listbox"[39m
      [33mtabindex[39m=[32m"0"[39m
    [36m>[39m
      [36m<div[39m
        [33maria-selected[39m=[32m"false"[39m
        [33mclass[39m=[32m"flex items-center px-3 py-2 rounded-md hover:bg-gray-100 
                   
                  cursor-pointer transition-colors"[39m
        [33mdata-testid[39m=[32m"folder-menu-item"[39m
        [33mrole[39m=[32m"option"[39m
        [33mtabindex[39m=[32m"0"[39m
      [36m>[39m
        [36m<svg[39m
          [33maria-hidden[39m=[32m"true"[39m
          [33mclass[39m=[32m"text-blue-600 mr-2"[39m
          [33mfill[39m=[32m"none"[39m
          [33mheight[39m=[32m"18"[39m
          [33mstroke[39m=[32m"currentColor"[39m
          [33mstroke-linecap[39m=[32m"round"[39m
          [33mstroke-linejoin[39m=[32m"round"[39m
          [33mstroke-width[39m=[32m"2"[39m
          [33mviewBox[39m=[32m"0 0 24 24"[39m
          [33mwidth[39m=[32m"18"[39m
          [33mxmlns[39m=[32m"http://www.w3.org/2000/svg"[39m
        [36m>[39m
          [36m<path[39m
            [33md[39m=[32m"M4 20h16a2 2 0 0 0 2-2V8a2 2 0 0 0-2-2h-7.93a2 2 0 0 1-1.66-.9l-.82-1.2A2 2 0 0 0 7.93 3H4a2 2 0 0 0-2 2v13c0 1.1.9 2 2 2Z"[39m
          [36m/>[39m
        [36m</svg>[39m
        [36m<span[39m
          [33mclass[39m=[32m"flex-grow text-gray-800"[39m
        [36m>[39m
          [0mBandeja de entrada[0m
        [36m</span>[39m
        [36m<button[39m
          [33maria-label[39m=[32m"Seleccionar carpeta Bandeja de entrada"[39m
          [33mclass[39m=[32m"p-1 bg-blue-100 text-blue-600 rounded-full hover:bg-blue-200 focus:ring-2 focus:ring-blue-500 focus:outline-none"[39m
        [36m>[39m
          [36m<svg[39m
            [33maria-hidden[39m=[32m"true"[39m
            [33mclass[39m=[32m"lucide lucide-check"[39m
            [33mfill[39m=[32m"none"[39m
            [33mheight[39m=[32m"16"[39m
            [33mstroke[39m=[32m"currentColor"[39m
            [33mstroke-linecap[39m=[32m"round"[39m
            [33mstroke-linejoin[39m=[32m"round"[39m
            [33mstroke-width[39m=[32m"2"[39m
            [33mviewBox[39m=[32m"0 0 24 24"[39m
            [33mwidth[39m=[32m"16"[39m
            [33mxmlns[39m=[32m"http://www.w3.org/2000/svg"[39m
          [36m>[39m
            [36m<polyline[39m
              [33mpoints[39m=[32m"20 6 9 17 4 12"[39m
            [36m/>[39m
          [36m</svg>[39m
        [36m</button>[39m
      [36m</div>[39m
      [36m<div[39m
        [33maria-selected[39m=[32m"false"[39m
        [33mclass[39m=[32m"flex items-center px-3 py-2 rounded-md hover:bg-gray-100 
                   
                  cursor-pointer transition-colors"[39m
        [33mdata-testid[39m=[32m"folder-menu-item"[39m
     ...

Ignored nodes: comments, script, style
[36m<div[39m
  [33maria-labelledby[39m=[32m"folder-modal-title"[39m
  [33maria-modal[39m=[32m"true"[39m
  [33mclass[39m=[32m"fixed inset-0 bg-black/50 backdrop-blur-sm z-50 flex items-center justify-center p-4"[39m
  [33mrole[39m=[32m"dialog"[39m
[36m>[39m
  [36m<div[39m
    [33mclass[39m=[32m"bg-white rounded-lg shadow-lg w-full max-w-md"[39m
    [33mtabindex[39m=[32m"-1"[39m
  [36m>[39m
    [36m<header[39m
      [33mclass[39m=[32m"flex items-center justify-between p-4 border-b"[39m
    [36m>[39m
      [36m<h2[39m
        [33mclass[39m=[32m"text-lg font-semibold text-gray-800"[39m
        [33mid[39m=[32m"folder-modal-title"[39m
      [36m>[39m
        [0mMover a carpeta[0m
      [36m</h2>[39m
      [36m<button[39m
        [33maria-label[39m=[32m"Cerrar di├ílogo"[39m
        [33mclass[39m=[32m"text-gray-500 hover:text-gray-700 focus:outline-none focus:ring-2 focus:ring-blue-500 p-1 rounded-full"[39m
      [36m>[39m
        [36m<svg[39m
          [33mclass[39m=[32m"lucide lucide-x"[39m
          [33mfill[39m=[32m"none"[39m
          [33mheight[39m=[32m"20"[39m
          [33mstroke[39m=[32m"currentColor"[39m
          [33mstroke-linecap[39m=[32m"round"[39m
          [33mstroke-linejoin[39m=[32m"round"[39m
          [33mstroke-width[39m=[32m"2"[39m
          [33mviewBox[39m=[32m"0 0 24 24"[39m
          [33mwidth[39m=[32m"20"[39m
          [33mxmlns[39m=[32m"http://www.w3.org/2000/svg"[39m
        [36m>[39m
          [36m<path[39m
            [33md[39m=[32m"M18 6 6 18"[39m
          [36m/>[39m
          [36m<path[39m
            [33md[39m=[32m"m6 6 12 12"[39m
          [36m/>[39m
        [36m</svg>[39m
      [36m</button>[39m
    [36m</header>[39m
    [36m<div[39m
      [33mclass[39m=[32m"p-4 border-b"[39m
    [36m>[39m
      [36m<p[39m
        [33mclass[39m=[32m"text-sm text-gray-700"[39m
        [33mid[39m=[32m"folder-modal-description"[39m
      [36m>[39m
        [0mSelecciona una carpeta para mover el correo[0m
      [36m</p>[39m
      [36m<div[39m
        [33mclass[39m=[32m"mt-3 relative"[39m
      [36m>[39m
        [36m<label[39m
          [33mclass[39m=[32m"sr-only"[39m
          [33mfor[39m=[32m"folder-search"[39m
        [36m>[39m
          [0mBuscar carpetas[0m
        [36m</label>[39m
        [36m<input[39m
          [33maria-controls[39m=[32m"folder-list"[39m
          [33maria-describedby[39m=[32m"folder-modal-description"[39m
          [33mclass[39m=[32m"w-full py-2 pl-10 pr-4 border rounded-md focus:ring-blue-500 focus:border-blue-500 text-gray-800"[39m
          [33mid[39m=[32m"folder-search"[39m
          [33mplaceholder[39m=[32m"Buscar carpetas..."[39m
          [33mtype[39m=[32m"text"[39m
          [33mvalue[39m=[32m""[39m
        [36m/>[39m
        [36m<svg[39m
          [33maria-hidden[39m=[32m"true"[39m
          [33mclass[39m=[32m"absolute left-3 top-2.5 text-gray-500"[39m
          [33mfill[39m=[32m"none"[39m
          [33mheight[39m=[32m"18"[39m
          [33mstroke[39m=[32m"currentColor"[39m
          [33mstroke-linecap[39m=[32m"round"[39m
          [33mstroke-linejoin[39m=[32m"round"[39m
          [33mstroke-width[39m=[32m"2"[39m
          [33mviewBox[39m=[32m"0 0 24 24"[39m
          [33mwidth[39m=[32m"18"[39m
          [33mxmlns[39m=[32m"http://www.w3.org/2000/svg"[39m
        [36m>[39m
          [36m<circle[39m
            [33mcx[39m=[32m"11"[39m
            [33mcy[39m=[32m"11"[39m
            [33mr[39m=[32m"8"[39m
          [36m/>[39m
          [36m<path[39m
            [33md[39m=[32m"m21 21-4.3-4.3"[39m
          [36m/>[39m
        [36m</svg>[39m
      [36m</div>[39m
    [36m</div>[39m
    [36m<div[39m
      [33maria-label[39m=[32m"Lista de carpetas disponibles"[39m
      [33mclass[39m=[32m"p-2 max-h-64 overflow-y-auto"[39m
      [33mdata-testid[39m=[32m"folder-menu"[39m
      [33mid[39m=[32m"folder-list"[39m
      [33mrole[39m=[32m"listbox"[39m
      [33mtabindex[39m=[32m"0"[39m
    [36m>[39m
      [36m<div[39m
        [33maria-selected[39m=[32m"false"[39m
        [33mclass[39m=[32m"flex items-center px-3 py-2 rounded-md hover:bg-gray-100 
                   
                  cursor-pointer transition-colors"[39m
        [33mdata-testid[39m=[32m"folder-menu-item"[39m
        [33mrole[39m=[32m"option"[39m
        [33mtabindex[39m=[32m"0"[39m
      [36m>[39m
        [36m<svg[39m
          [33maria-hidden[39m=[32m"true"[39m
          [33mclass[39m=[32m"text-blue-600 mr-2"[39m
          [33mfill[39m=[32m"none"[39m
          [33mheight[39m=[32m"18"[39m
          [33mstroke[39m=[32m"currentColor"[39m
          [33mstroke-linecap[39m=[32m"round"[39m
          [33mstroke-linejoin[39m=[32m"round"[39m
          [33mstroke-width[39m=[32m"2"[39m
          [33mviewBox[39m=[32m"0 0 24 24"[39m
          [33mwidth[39m=[32m"18"[39m
          [33mxmlns[39m=[32m"http://www.w3.org/2000/svg"[39m
        [36m>[39m
          [36m<path[39m
            [33md[39m=[32m"M4 20h16a2 2 0 0 0 2-2V8a2 2 0 0 0-2-2h-7.93a2 2 0 0 1-1.66-.9l-.82-1.2A2 2 0 0 0 7.93 3H4a2 2 0 0 0-2 2v13c0 1.1.9 2 2 2Z"[39m
          [36m/>[39m
        [36m</svg>[39m
        [36m<span[39m
          [33mclass[39m=[32m"flex-grow text-gray-800"[39m
        [36m>[39m
          [0mBandeja de entrada[0m
        [36m</span>[39m
        [36m<button[39m
          [33maria-label[39m=[32m"Seleccionar carpeta Bandeja de entrada"[39m
          [33mclass[39m=[32m"p-1 bg-blue-100 text-blue-600 rounded-full hover:bg-blue-200 focus:ring-2 focus:ring-blue-500 focus:outline-none"[39m
        [36m>[39m
          [36m<svg[39m
            [33maria-hidden[39m=[32m"true"[39m
            [33mclass[39m=[32m"lucide lucide-check"[39m
            [33mfill[39m=[32m"none"[39m
            [33mheight[39m=[32m"16"[39m
            [33mstroke[39m=[32m"currentColor"[39m
            [33mstroke-linecap[39m=[32m"round"[39m
            [33mstroke-linejoin[39m=[32m"round"[39m
            [33mstroke-width[39m=[32m"2"[39m
            [33mviewBox[39m=[32m"0 0 24 24"[39m
            [33mwidth[39m=[32m"16"[39m
            [33mxmlns[39m=[32m"http://www.w3.org/2000/svg"[39m
          [36m>[39m
            [36m<polyline[39m
              [33mpoints[39m=[32m"20 6 9 17 4 12"[39m
            [36m/>[39m
          [36m</svg>[39m
        [36m</button>[39m
      [36m</div>[39m
      [36m<div[39m
        [33maria-selected[39m=[32m"false"[39m
        [33mclass[39m=[32m"flex items-center px-3 py-2 rounded-md hover:bg-gray-100 
                   
                  cursor-pointer transition-colors"[39m
        [33mdata-testid[39m=[32m"folder-menu-item"[39m
     ...

Ignored nodes: comments, script, style
[36m<div[39m
  [33maria-labelledby[39m=[32m"folder-modal-title"[39m
  [33maria-modal[39m=[32m"true"[39m
  [33mclass[39m=[32m"fixed inset-0 bg-black/50 backdrop-blur-sm z-50 flex items-center justify-center p-4"[39m
  [33mrole[39m=[32m"dialog"[39m
[36m>[39m
  [36m<div[39m
    [33mclass[39m=[32m"bg-white rounded-lg shadow-lg w-full max-w-md"[39m
    [33mtabindex[39m=[32m"-1"[39m
  [36m>[39m
    [36m<header[39m
      [33mclass[39m=[32m"flex items-center justify-between p-4 border-b"[39m
    [36m>[39m
      [36m<h2[39m
        [33mclass[39m=[32m"text-lg font-semibold text-gray-800"[39m
        [33mid[39m=[32m"folder-modal-title"[39m
      [36m>[39m
        [0mMover a carpeta[0m
      [36m</h2>[39m
      [36m<button[39m
        [33maria-label[39m=[32m"Cerrar di├ílogo"[39m
        [33mclass[39m=[32m"text-gray-500 hover:text-gray-700 focus:outline-none focus:ring-2 focus:ring-blue-500 p-1 rounded-full"[39m
      [36m>[39m
        [36m<svg[39m
          [33mclass[39m=[32m"lucide lucide-x"[39m
          [33mfill[39m=[32m"none"[39m
          [33mheight[39m=[32m"20"[39m
          [33mstroke[39m=[32m"currentColor"[39m
          [33mstroke-linecap[39m=[32m"round"[39m
          [33mstroke-linejoin[39m=[32m"round"[39m
          [33mstroke-width[39m=[32m"2"[39m
          [33mviewBox[39m=[32m"0 0 24 24"[39m
          [33mwidth[39m=[32m"20"[39m
          [33mxmlns[39m=[32m"http://www.w3.org/2000/svg"[39m
        [36m>[39m
          [36m<path[39m
            [33md[39m=[32m"M18 6 6 18"[39m
          [36m/>[39m
          [36m<path[39m
            [33md[39m=[32m"m6 6 12 12"[39m
          [36m/>[39m
        [36m</svg>[39m
      [36m</button>[39m
    [36m</header>[39m
    [36m<div[39m
      [33mclass[39m=[32m"p-4 border-b"[39m
    [36m>[39m
      [36m<p[39m
        [33mclass[39m=[32m"text-sm text-gray-700"[39m
        [33mid[39m=[32m"folder-modal-description"[39m
      [36m>[39m
        [0mSelecciona una carpeta para mover el correo[0m
      [36m</p>[39m
      [36m<div[39m
        [33mclass[39m=[32m"mt-3 relative"[39m
      [36m>[39m
        [36m<label[39m
          [33mclass[39m=[32m"sr-only"[39m
          [33mfor[39m=[32m"folder-search"[39m
        [36m>[39m
          [0mBuscar carpetas[0m
        [36m</label>[39m
        [36m<input[39m
          [33maria-controls[39m=[32m"folder-list"[39m
          [33maria-describedby[39m=[32m"folder-modal-description"[39m
          [33mclass[39m=[32m"w-full py-2 pl-10 pr-4 border rounded-md focus:ring-blue-500 focus:border-blue-500 text-gray-800"[39m
          [33mid[39m=[32m"folder-search"[39m
          [33mplaceholder[39m=[32m"Buscar carpetas..."[39m
          [33mtype[39m=[32m"text"[39m
          [33mvalue[39m=[32m""[39m
        [36m/>[39m
        [36m<svg[39m
          [33maria-hidden[39m=[32m"true"[39m
          [33mclass[39m=[32m"absolute left-3 top-2.5 text-gray-500"[39m
          [33mfill[39m=[32m"none"[39m
          [33mheight[39m=[32m"18"[39m
          [33mstroke[39m=[32m"currentColor"[39m
          [33mstroke-linecap[39m=[32m"round"[39m
          [33mstroke-linejoin[39m=[32m"round"[39m
          [33mstroke-width[39m=[32m"2"[39m
          [33mviewBox[39m=[32m"0 0 24 24"[39m
          [33mwidth[39m=[32m"18"[39m
          [33mxmlns[39m=[32m"http://www.w3.org/2000/svg"[39m
        [36m>[39m
          [36m<circle[39m
            [33mcx[39m=[32m"11"[39m
            [33mcy[39m=[32m"11"[39m
            [33mr[39m=[32m"8"[39m
          [36m/>[39m
          [36m<path[39m
            [33md[39m=[32m"m21 21-4.3-4.3"[39m
          [36m/>[39m
        [36m</svg>[39m
      [36m</div>[39m
    [36m</div>[39m
    [36m<div[39m
      [33maria-label[39m=[32m"Lista de carpetas disponibles"[39m
      [33mclass[39m=[32m"p-2 max-h-64 overflow-y-auto"[39m
      [33mdata-testid[39m=[32m"folder-menu"[39m
      [33mid[39m=[32m"folder-list"[39m
      [33mrole[39m=[32m"listbox"[39m
      [33mtabindex[39m=[32m"0"[39m
    [36m>[39m
      [36m<div[39m
        [33maria-selected[39m=[32m"false"[39m
        [33mclass[39m=[32m"flex items-center px-3 py-2 rounded-md hover:bg-gray-100 
                   
                  cursor-pointer transition-colors"[39m
        [33mdata-testid[39m=[32m"folder-menu-item"[39m
        [33mrole[39m=[32m"option"[39m
        [33mtabindex[39m=[32m"0"[39m
      [36m>[39m
        [36m<svg[39m
          [33maria-hidden[39m=[32m"true"[39m
          [33mclass[39m=[32m"text-blue-600 mr-2"[39m
          [33mfill[39m=[32m"none"[39m
          [33mheight[39m=[32m"18"[39m
          [33mstroke[39m=[32m"currentColor"[39m
          [33mstroke-linecap[39m=[32m"round"[39m
          [33mstroke-linejoin[39m=[32m"round"[39m
          [33mstroke-width[39m=[32m"2"[39m
          [33mviewBox[39m=[32m"0 0 24 24"[39m
          [33mwidth[39m=[32m"18"[39m
          [33mxmlns[39m=[32m"http://www.w3.org/2000/svg"[39m
        [36m>[39m
          [36m<path[39m
            [33md[39m=[32m"M4 20h16a2 2 0 0 0 2-2V8a2 2 0 0 0-2-2h-7.93a2 2 0 0 1-1.66-.9l-.82-1.2A2 2 0 0 0 7.93 3H4a2 2 0 0 0-2 2v13c0 1.1.9 2 2 2Z"[39m
          [36m/>[39m
        [36m</svg>[39m
        [36m<span[39m
          [33mclass[39m=[32m"flex-grow text-gray-800"[39m
        [36m>[39m
          [0mBandeja de entrada[0m
        [36m</span>[39m
        [36m<button[39m
          [33maria-label[39m=[32m"Seleccionar carpeta Bandeja de entrada"[39m
          [33mclass[39m=[32m"p-1 bg-blue-100 text-blue-600 rounded-full hover:bg-blue-200 focus:ring-2 focus:ring-blue-500 focus:outline-none"[39m
        [36m>[39m
          [36m<svg[39m
            [33maria-hidden[39m=[32m"true"[39m
            [33mclass[39m=[32m"lucide lucide-check"[39m
            [33mfill[39m=[32m"none"[39m
            [33mheight[39m=[32m"16"[39m
            [33mstroke[39m=[32m"currentColor"[39m
            [33mstroke-linecap[39m=[32m"round"[39m
            [33mstroke-linejoin[39m=[32m"round"[39m
            [33mstroke-width[39m=[32m"2"[39m
            [33mviewBox[39m=[32m"0 0 24 24"[39m
            [33mwidth[39m=[32m"16"[39m
            [33mxmlns[39m=[32m"http://www.w3.org/2000/svg"[39m
          [36m>[39m
            [36m<polyline[39m
              [33mpoints[39m=[32m"20 6 9 17 4 12"[39m
            [36m/>[39m
          [36m</svg>[39m
        [36m</button>[39m
      [36m</div>[39m
      [36m<div[39m
        [33maria-selected[39m=[32m"false"[39m
        [33mclass[39m=[32m"flex items-center px-3 py-2 rounded-md hover:bg-gray-100 
                   
                  cursor-pointer transition-colors"[39m
        [33mdata-testid[39m=[32m"folder-menu-item"[39m
     ...

Ignored nodes: comments, script, style
[36m<div[39m
  [33maria-labelledby[39m=[32m"folder-modal-title"[39m
  [33maria-modal[39m=[32m"true"[39m
  [33mclass[39m=[32m"fixed inset-0 bg-black/50 backdrop-blur-sm z-50 flex items-center justify-center p-4"[39m
  [33mrole[39m=[32m"dialog"[39m
[36m>[39m
  [36m<div[39m
    [33mclass[39m=[32m"bg-white rounded-lg shadow-lg w-full max-w-md"[39m
    [33mtabindex[39m=[32m"-1"[39m
  [36m>[39m
    [36m<header[39m
      [33mclass[39m=[32m"flex items-center justify-between p-4 border-b"[39m
    [36m>[39m
      [36m<h2[39m
        [33mclass[39m=[32m"text-lg font-semibold text-gray-800"[39m
        [33mid[39m=[32m"folder-modal-title"[39m
      [36m>[39m
        [0mMover a carpeta[0m
      [36m</h2>[39m
      [36m<button[39m
        [33maria-label[39m=[32m"Cerrar di├ílogo"[39m
        [33mclass[39m=[32m"text-gray-500 hover:text-gray-700 focus:outline-none focus:ring-2 focus:ring-blue-500 p-1 rounded-full"[39m
      [36m>[39m
        [36m<svg[39m
          [33mclass[39m=[32m"lucide lucide-x"[39m
          [33mfill[39m=[32m"none"[39m
          [33mheight[39m=[32m"20"[39m
          [33mstroke[39m=[32m"currentColor"[39m
          [33mstroke-linecap[39m=[32m"round"[39m
          [33mstroke-linejoin[39m=[32m"round"[39m
          [33mstroke-width[39m=[32m"2"[39m
          [33mviewBox[39m=[32m"0 0 24 24"[39m
          [33mwidth[39m=[32m"20"[39m
          [33mxmlns[39m=[32m"http://www.w3.org/2000/svg"[39m
        [36m>[39m
          [36m<path[39m
            [33md[39m=[32m"M18 6 6 18"[39m
          [36m/>[39m
          [36m<path[39m
            [33md[39m=[32m"m6 6 12 12"[39m
          [36m/>[39m
        [36m</svg>[39m
      [36m</button>[39m
    [36m</header>[39m
    [36m<div[39m
      [33mclass[39m=[32m"p-4 border-b"[39m
    [36m>[39m
      [36m<p[39m
        [33mclass[39m=[32m"text-sm text-gray-700"[39m
        [33mid[39m=[32m"folder-modal-description"[39m
      [36m>[39m
        [0mSelecciona una carpeta para mover el correo[0m
      [36m</p>[39m
      [36m<div[39m
        [33mclass[39m=[32m"mt-3 relative"[39m
      [36m>[39m
        [36m<label[39m
          [33mclass[39m=[32m"sr-only"[39m
          [33mfor[39m=[32m"folder-search"[39m
        [36m>[39m
          [0mBuscar carpetas[0m
        [36m</label>[39m
        [36m<input[39m
          [33maria-controls[39m=[32m"folder-list"[39m
          [33maria-describedby[39m=[32m"folder-modal-description"[39m
          [33mclass[39m=[32m"w-full py-2 pl-10 pr-4 border rounded-md focus:ring-blue-500 focus:border-blue-500 text-gray-800"[39m
          [33mid[39m=[32m"folder-search"[39m
          [33mplaceholder[39m=[32m"Buscar carpetas..."[39m
          [33mtype[39m=[32m"text"[39m
          [33mvalue[39m=[32m""[39m
        [36m/>[39m
        [36m<svg[39m
          [33maria-hidden[39m=[32m"true"[39m
          [33mclass[39m=[32m"absolute left-3 top-2.5 text-gray-500"[39m
          [33mfill[39m=[32m"none"[39m
          [33mheight[39m=[32m"18"[39m
          [33mstroke[39m=[32m"currentColor"[39m
          [33mstroke-linecap[39m=[32m"round"[39m
          [33mstroke-linejoin[39m=[32m"round"[39m
          [33mstroke-width[39m=[32m"2"[39m
          [33mviewBox[39m=[32m"0 0 24 24"[39m
          [33mwidth[39m=[32m"18"[39m
          [33mxmlns[39m=[32m"http://www.w3.org/2000/svg"[39m
        [36m>[39m
          [36m<circle[39m
            [33mcx[39m=[32m"11"[39m
            [33mcy[39m=[32m"11"[39m
            [33mr[39m=[32m"8"[39m
          [36m/>[39m
          [36m<path[39m
            [33md[39m=[32m"m21 21-4.3-4.3"[39m
          [36m/>[39m
        [36m</svg>[39m
      [36m</div>[39m
    [36m</div>[39m
    [36m<div[39m
      [33maria-label[39m=[32m"Lista de carpetas disponibles"[39m
      [33mclass[39m=[32m"p-2 max-h-64 overflow-y-auto"[39m
      [33mdata-testid[39m=[32m"folder-menu"[39m
      [33mid[39m=[32m"folder-list"[39m
      [33mrole[39m=[32m"listbox"[39m
      [33mtabindex[39m=[32m"0"[39m
    [36m>[39m
      [36m<div[39m
        [33maria-selected[39m=[32m"false"[39m
        [33mclass[39m=[32m"flex items-center px-3 py-2 rounded-md hover:bg-gray-100 
                   
                  cursor-pointer transition-colors"[39m
        [33mdata-testid[39m=[32m"folder-menu-item"[39m
        [33mrole[39m=[32m"option"[39m
        [33mtabindex[39m=[32m"0"[39m
      [36m>[39m
        [36m<svg[39m
          [33maria-hidden[39m=[32m"true"[39m
          [33mclass[39m=[32m"text-blue-600 mr-2"[39m
          [33mfill[39m=[32m"none"[39m
          [33mheight[39m=[32m"18"[39m
          [33mstroke[39m=[32m"currentColor"[39m
          [33mstroke-linecap[39m=[32m"round"[39m
          [33mstroke-linejoin[39m=[32m"round"[39m
          [33mstroke-width[39m=[32m"2"[39m
          [33mviewBox[39m=[32m"0 0 24 24"[39m
          [33mwidth[39m=[32m"18"[39m
          [33mxmlns[39m=[32m"http://www.w3.org/2000/svg"[39m
        [36m>[39m
          [36m<path[39m
            [33md[39m=[32m"M4 20h16a2 2 0 0 0 2-2V8a2 2 0 0 0-2-2h-7.93a2 2 0 0 1-1.66-.9l-.82-1.2A2 2 0 0 0 7.93 3H4a2 2 0 0 0-2 2v13c0 1.1.9 2 2 2Z"[39m
          [36m/>[39m
        [36m</svg>[39m
        [36m<span[39m
          [33mclass[39m=[32m"flex-grow text-gray-800"[39m
        [36m>[39m
          [0mBandeja de entrada[0m
        [36m</span>[39m
        [36m<button[39m
          [33maria-label[39m=[32m"Seleccionar carpeta Bandeja de entrada"[39m
          [33mclass[39m=[32m"p-1 bg-blue-100 text-blue-600 rounded-full hover:bg-blue-200 focus:ring-2 focus:ring-blue-500 focus:outline-none"[39m
        [36m>[39m
          [36m<svg[39m
            [33maria-hidden[39m=[32m"true"[39m
            [33mclass[39m=[32m"lucide lucide-check"[39m
            [33mfill[39m=[32m"none"[39m
            [33mheight[39m=[32m"16"[39m
            [33mstroke[39m=[32m"currentColor"[39m
            [33mstroke-linecap[39m=[32m"round"[39m
            [33mstroke-linejoin[39m=[32m"round"[39m
            [33mstroke-width[39m=[32m"2"[39m
            [33mviewBox[39m=[32m"0 0 24 24"[39m
            [33mwidth[39m=[32m"16"[39m
            [33mxmlns[39m=[32m"http://www.w3.org/2000/svg"[39m
          [36m>[39m
            [36m<polyline[39m
              [33mpoints[39m=[32m"20 6 9 17 4 12"[39m
            [36m/>[39m
          [36m</svg>[39m
        [36m</button>[39m
      [36m</div>[39m
      [36m<div[39m
        [33maria-selected[39m=[32m"false"[39m
        [33mclass[39m=[32m"flex items-center px-3 py-2 rounded-md hover:bg-gray-100 
                   
                  cursor-pointer transition-colors"[39m
        [33mdata-testid[39m=[32m"folder-menu-item"[39m
     ...

Ignored nodes: comments, script, style
[36m<div[39m
  [33maria-labelledby[39m=[32m"folder-modal-title"[39m
  [33maria-modal[39m=[32m"true"[39m
  [33mclass[39m=[32m"fixed inset-0 bg-black/50 backdrop-blur-sm z-50 flex items-center justify-center p-4"[39m
  [33mrole[39m=[32m"dialog"[39m
[36m>[39m
  [36m<div[39m
    [33mclass[39m=[32m"bg-white rounded-lg shadow-lg w-full max-w-md"[39m
    [33mtabindex[39m=[32m"-1"[39m
  [36m>[39m
    [36m<header[39m
      [33mclass[39m=[32m"flex items-center justify-between p-4 border-b"[39m
    [36m>[39m
      [36m<h2[39m
        [33mclass[39m=[32m"text-lg font-semibold text-gray-800"[39m
        [33mid[39m=[32m"folder-modal-title"[39m
      [36m>[39m
        [0mMover a carpeta[0m
      [36m</h2>[39m
      [36m<button[39m
        [33maria-label[39m=[32m"Cerrar di├ílogo"[39m
        [33mclass[39m=[32m"text-gray-500 hover:text-gray-700 focus:outline-none focus:ring-2 focus:ring-blue-500 p-1 rounded-full"[39m
      [36m>[39m
        [36m<svg[39m
          [33mclass[39m=[32m"lucide lucide-x"[39m
          [33mfill[39m=[32m"none"[39m
          [33mheight[39m=[32m"20"[39m
          [33mstroke[39m=[32m"currentColor"[39m
          [33mstroke-linecap[39m=[32m"round"[39m
          [33mstroke-linejoin[39m=[32m"round"[39m
          [33mstroke-width[39m=[32m"2"[39m
          [33mviewBox[39m=[32m"0 0 24 24"[39m
          [33mwidth[39m=[32m"20"[39m
          [33mxmlns[39m=[32m"http://www.w3.org/2000/svg"[39m
        [36m>[39m
          [36m<path[39m
            [33md[39m=[32m"M18 6 6 18"[39m
          [36m/>[39m
          [36m<path[39m
            [33md[39m=[32m"m6 6 12 12"[39m
          [36m/>[39m
        [36m</svg>[39m
      [36m</button>[39m
    [36m</header>[39m
    [36m<div[39m
      [33mclass[39m=[32m"p-4 border-b"[39m
    [36m>[39m
      [36m<p[39m
        [33mclass[39m=[32m"text-sm text-gray-700"[39m
        [33mid[39m=[32m"folder-modal-description"[39m
      [36m>[39m
        [0mSelecciona una carpeta para mover el correo[0m
      [36m</p>[39m
      [36m<div[39m
        [33mclass[39m=[32m"mt-3 relative"[39m
      [36m>[39m
        [36m<label[39m
          [33mclass[39m=[32m"sr-only"[39m
          [33mfor[39m=[32m"folder-search"[39m
        [36m>[39m
          [0mBuscar carpetas[0m
        [36m</label>[39m
        [36m<input[39m
          [33maria-controls[39m=[32m"folder-list"[39m
          [33maria-describedby[39m=[32m"folder-modal-description"[39m
          [33mclass[39m=[32m"w-full py-2 pl-10 pr-4 border rounded-md focus:ring-blue-500 focus:border-blue-500 text-gray-800"[39m
          [33mid[39m=[32m"folder-search"[39m
          [33mplaceholder[39m=[32m"Buscar carpetas..."[39m
          [33mtype[39m=[32m"text"[39m
          [33mvalue[39m=[32m""[39m
        [36m/>[39m
        [36m<svg[39m
          [33maria-hidden[39m=[32m"true"[39m
          [33mclass[39m=[32m"absolute left-3 top-2.5 text-gray-500"[39m
          [33mfill[39m=[32m"none"[39m
          [33mheight[39m=[32m"18"[39m
          [33mstroke[39m=[32m"currentColor"[39m
          [33mstroke-linecap[39m=[32m"round"[39m
          [33mstroke-linejoin[39m=[32m"round"[39m
          [33mstroke-width[39m=[32m"2"[39m
          [33mviewBox[39m=[32m"0 0 24 24"[39m
          [33mwidth[39m=[32m"18"[39m
          [33mxmlns[39m=[32m"http://www.w3.org/2000/svg"[39m
        [36m>[39m
          [36m<circle[39m
            [33mcx[39m=[32m"11"[39m
            [33mcy[39m=[32m"11"[39m
            [33mr[39m=[32m"8"[39m
          [36m/>[39m
          [36m<path[39m
            [33md[39m=[32m"m21 21-4.3-4.3"[39m
          [36m/>[39m
        [36m</svg>[39m
      [36m</div>[39m
    [36m</div>[39m
    [36m<div[39m
      [33maria-label[39m=[32m"Lista de carpetas disponibles"[39m
      [33mclass[39m=[32m"p-2 max-h-64 overflow-y-auto"[39m
      [33mdata-testid[39m=[32m"folder-menu"[39m
      [33mid[39m=[32m"folder-list"[39m
      [33mrole[39m=[32m"listbox"[39m
      [33mtabindex[39m=[32m"0"[39m
    [36m>[39m
      [36m<div[39m
        [33maria-selected[39m=[32m"false"[39m
        [33mclass[39m=[32m"flex items-center px-3 py-2 rounded-md hover:bg-gray-100 
                   
                  cursor-pointer transition-colors"[39m
        [33mdata-testid[39m=[32m"folder-menu-item"[39m
        [33mrole[39m=[32m"option"[39m
        [33mtabindex[39m=[32m"0"[39m
      [36m>[39m
        [36m<svg[39m
          [33maria-hidden[39m=[32m"true"[39m
          [33mclass[39m=[32m"text-blue-600 mr-2"[39m
          [33mfill[39m=[32m"none"[39m
          [33mheight[39m=[32m"18"[39m
          [33mstroke[39m=[32m"currentColor"[39m
          [33mstroke-linecap[39m=[32m"round"[39m
          [33mstroke-linejoin[39m=[32m"round"[39m
          [33mstroke-width[39m=[32m"2"[39m
          [33mviewBox[39m=[32m"0 0 24 24"[39m
          [33mwidth[39m=[32m"18"[39m
          [33mxmlns[39m=[32m"http://www.w3.org/2000/svg"[39m
        [36m>[39m
          [36m<path[39m
            [33md[39m=[32m"M4 20h16a2 2 0 0 0 2-2V8a2 2 0 0 0-2-2h-7.93a2 2 0 0 1-1.66-.9l-.82-1.2A2 2 0 0 0 7.93 3H4a2 2 0 0 0-2 2v13c0 1.1.9 2 2 2Z"[39m
          [36m/>[39m
        [36m</svg>[39m
        [36m<span[39m
          [33mclass[39m=[32m"flex-grow text-gray-800"[39m
        [36m>[39m
          [0mBandeja de entrada[0m
        [36m</span>[39m
        [36m<button[39m
          [33maria-label[39m=[32m"Seleccionar carpeta Bandeja de entrada"[39m
          [33mclass[39m=[32m"p-1 bg-blue-100 text-blue-600 rounded-full hover:bg-blue-200 focus:ring-2 focus:ring-blue-500 focus:outline-none"[39m
        [36m>[39m
          [36m<svg[39m
            [33maria-hidden[39m=[32m"true"[39m
            [33mclass[39m=[32m"lucide lucide-check"[39m
            [33mfill[39m=[32m"none"[39m
            [33mheight[39m=[32m"16"[39m
            [33mstroke[39m=[32m"currentColor"[39m
            [33mstroke-linecap[39m=[32m"round"[39m
            [33mstroke-linejoin[39m=[32m"round"[39m
            [33mstroke-width[39m=[32m"2"[39m
            [33mviewBox[39m=[32m"0 0 24 24"[39m
            [33mwidth[39m=[32m"16"[39m
            [33mxmlns[39m=[32m"http://www.w3.org/2000/svg"[39m
          [36m>[39m
            [36m<polyline[39m
              [33mpoints[39m=[32m"20 6 9 17 4 12"[39m
            [36m/>[39m
          [36m</svg>[39m
        [36m</button>[39m
      [36m</div>[39m
      [36m<div[39m
        [33maria-selected[39m=[32m"false"[39m
        [33mclass[39m=[32m"flex items-center px-3 py-2 rounded-md hover:bg-gray-100 
                   
                  cursor-pointer transition-colors"[39m
        [33mdata-testid[39m=[32m"folder-menu-item"[39m
     ...

Ignored nodes: comments, script, style
[36m<div[39m
  [33maria-labelledby[39m=[32m"folder-modal-title"[39m
  [33maria-modal[39m=[32m"true"[39m
  [33mclass[39m=[32m"fixed inset-0 bg-black/50 backdrop-blur-sm z-50 flex items-center justify-center p-4"[39m
  [33mrole[39m=[32m"dialog"[39m
[36m>[39m
  [36m<div[39m
    [33mclass[39m=[32m"bg-white rounded-lg shadow-lg w-full max-w-md"[39m
    [33mtabindex[39m=[32m"-1"[39m
  [36m>[39m
    [36m<header[39m
      [33mclass[39m=[32m"flex items-center justify-between p-4 border-b"[39m
    [36m>[39m
      [36m<h2[39m
        [33mclass[39m=[32m"text-lg font-semibold text-gray-800"[39m
        [33mid[39m=[32m"folder-modal-title"[39m
      [36m>[39m
        [0mMover a carpeta[0m
      [36m</h2>[39m
      [36m<button[39m
        [33maria-label[39m=[32m"Cerrar di├ílogo"[39m
        [33mclass[39m=[32m"text-gray-500 hover:text-gray-700 focus:outline-none focus:ring-2 focus:ring-blue-500 p-1 rounded-full"[39m
      [36m>[39m
        [36m<svg[39m
          [33mclass[39m=[32m"lucide lucide-x"[39m
          [33mfill[39m=[32m"none"[39m
          [33mheight[39m=[32m"20"[39m
          [33mstroke[39m=[32m"currentColor"[39m
          [33mstroke-linecap[39m=[32m"round"[39m
          [33mstroke-linejoin[39m=[32m"round"[39m
          [33mstroke-width[39m=[32m"2"[39m
          [33mviewBox[39m=[32m"0 0 24 24"[39m
          [33mwidth[39m=[32m"20"[39m
          [33mxmlns[39m=[32m"http://www.w3.org/2000/svg"[39m
        [36m>[39m
          [36m<path[39m
            [33md[39m=[32m"M18 6 6 18"[39m
          [36m/>[39m
          [36m<path[39m
            [33md[39m=[32m"m6 6 12 12"[39m
          [36m/>[39m
        [36m</svg>[39m
      [36m</button>[39m
    [36m</header>[39m
    [36m<div[39m
      [33mclass[39m=[32m"p-4 border-b"[39m
    [36m>[39m
      [36m<p[39m
        [33mclass[39m=[32m"text-sm text-gray-700"[39m
        [33mid[39m=[32m"folder-modal-description"[39m
      [36m>[39m
        [0mSelecciona una carpeta para mover el correo[0m
      [36m</p>[39m
      [36m<div[39m
        [33mclass[39m=[32m"mt-3 relative"[39m
      [36m>[39m
        [36m<label[39m
          [33mclass[39m=[32m"sr-only"[39m
          [33mfor[39m=[32m"folder-search"[39m
        [36m>[39m
          [0mBuscar carpetas[0m
        [36m</label>[39m
        [36m<input[39m
          [33maria-controls[39m=[32m"folder-list"[39m
          [33maria-describedby[39m=[32m"folder-modal-description"[39m
          [33mclass[39m=[32m"w-full py-2 pl-10 pr-4 border rounded-md focus:ring-blue-500 focus:border-blue-500 text-gray-800"[39m
          [33mid[39m=[32m"folder-search"[39m
          [33mplaceholder[39m=[32m"Buscar carpetas..."[39m
          [33mtype[39m=[32m"text"[39m
          [33mvalue[39m=[32m""[39m
        [36m/>[39m
        [36m<svg[39m
          [33maria-hidden[39m=[32m"true"[39m
          [33mclass[39m=[32m"absolute left-3 top-2.5 text-gray-500"[39m
          [33mfill[39m=[32m"none"[39m
          [33mheight[39m=[32m"18"[39m
          [33mstroke[39m=[32m"currentColor"[39m
          [33mstroke-linecap[39m=[32m"round"[39m
          [33mstroke-linejoin[39m=[32m"round"[39m
          [33mstroke-width[39m=[32m"2"[39m
          [33mviewBox[39m=[32m"0 0 24 24"[39m
          [33mwidth[39m=[32m"18"[39m
          [33mxmlns[39m=[32m"http://www.w3.org/2000/svg"[39m
        [36m>[39m
          [36m<circle[39m
            [33mcx[39m=[32m"11"[39m
            [33mcy[39m=[32m"11"[39m
            [33mr[39m=[32m"8"[39m
          [36m/>[39m
          [36m<path[39m
            [33md[39m=[32m"m21 21-4.3-4.3"[39m
          [36m/>[39m
        [36m</svg>[39m
      [36m</div>[39m
    [36m</div>[39m
    [36m<div[39m
      [33maria-label[39m=[32m"Lista de carpetas disponibles"[39m
      [33mclass[39m=[32m"p-2 max-h-64 overflow-y-auto"[39m
      [33mdata-testid[39m=[32m"folder-menu"[39m
      [33mid[39m=[32m"folder-list"[39m
      [33mrole[39m=[32m"listbox"[39m
      [33mtabindex[39m=[32m"0"[39m
    [36m>[39m
      [36m<div[39m
        [33maria-selected[39m=[32m"false"[39m
        [33mclass[39m=[32m"flex items-center px-3 py-2 rounded-md hover:bg-gray-100 
                   
                  cursor-pointer transition-colors"[39m
        [33mdata-testid[39m=[32m"folder-menu-item"[39m
        [33mrole[39m=[32m"option"[39m
        [33mtabindex[39m=[32m"0"[39m
      [36m>[39m
        [36m<svg[39m
          [33maria-hidden[39m=[32m"true"[39m
          [33mclass[39m=[32m"text-blue-600 mr-2"[39m
          [33mfill[39m=[32m"none"[39m
          [33mheight[39m=[32m"18"[39m
          [33mstroke[39m=[32m"currentColor"[39m
          [33mstroke-linecap[39m=[32m"round"[39m
          [33mstroke-linejoin[39m=[32m"round"[39m
          [33mstroke-width[39m=[32m"2"[39m
          [33mviewBox[39m=[32m"0 0 24 24"[39m
          [33mwidth[39m=[32m"18"[39m
          [33mxmlns[39m=[32m"http://www.w3.org/2000/svg"[39m
        [36m>[39m
          [36m<path[39m
            [33md[39m=[32m"M4 20h16a2 2 0 0 0 2-2V8a2 2 0 0 0-2-2h-7.93a2 2 0 0 1-1.66-.9l-.82-1.2A2 2 0 0 0 7.93 3H4a2 2 0 0 0-2 2v13c0 1.1.9 2 2 2Z"[39m
          [36m/>[39m
        [36m</svg>[39m
        [36m<span[39m
          [33mclass[39m=[32m"flex-grow text-gray-800"[39m
        [36m>[39m
          [0mBandeja de entrada[0m
        [36m</span>[39m
        [36m<button[39m
          [33maria-label[39m=[32m"Seleccionar carpeta Bandeja de entrada"[39m
          [33mclass[39m=[32m"p-1 bg-blue-100 text-blue-600 rounded-full hover:bg-blue-200 focus:ring-2 focus:ring-blue-500 focus:outline-none"[39m
        [36m>[39m
          [36m<svg[39m
            [33maria-hidden[39m=[32m"true"[39m
            [33mclass[39m=[32m"lucide lucide-check"[39m
            [33mfill[39m=[32m"none"[39m
            [33mheight[39m=[32m"16"[39m
            [33mstroke[39m=[32m"currentColor"[39m
            [33mstroke-linecap[39m=[32m"round"[39m
            [33mstroke-linejoin[39m=[32m"round"[39m
            [33mstroke-width[39m=[32m"2"[39m
            [33mviewBox[39m=[32m"0 0 24 24"[39m
            [33mwidth[39m=[32m"16"[39m
            [33mxmlns[39m=[32m"http://www.w3.org/2000/svg"[39m
          [36m>[39m
            [36m<polyline[39m
              [33mpoints[39m=[32m"20 6 9 17 4 12"[39m
            [36m/>[39m
          [36m</svg>[39m
        [36m</button>[39m
      [36m</div>[39m
      [36m<div[39m
        [33maria-selected[39m=[32m"false"[39m
        [33mclass[39m=[32m"flex items-center px-3 py-2 rounded-md hover:bg-gray-100 
                   
                  cursor-pointer transition-colors"[39m
        [33mdata-testid[39m=[32m"folder-menu-item"[39m
     ...

Ignored nodes: comments, script, style
[36m<div[39m
  [33maria-labelledby[39m=[32m"folder-modal-title"[39m
  [33maria-modal[39m=[32m"true"[39m
  [33mclass[39m=[32m"fixed inset-0 bg-black/50 backdrop-blur-sm z-50 flex items-center justify-center p-4"[39m
  [33mrole[39m=[32m"dialog"[39m
[36m>[39m
  [36m<div[39m
    [33mclass[39m=[32m"bg-white rounded-lg shadow-lg w-full max-w-md"[39m
    [33mtabindex[39m=[32m"-1"[39m
  [36m>[39m
    [36m<header[39m
      [33mclass[39m=[32m"flex items-center justify-between p-4 border-b"[39m
    [36m>[39m
      [36m<h2[39m
        [33mclass[39m=[32m"text-lg font-semibold text-gray-800"[39m
        [33mid[39m=[32m"folder-modal-title"[39m
      [36m>[39m
        [0mMover a carpeta[0m
      [36m</h2>[39m
      [36m<button[39m
        [33maria-label[39m=[32m"Cerrar di├ílogo"[39m
        [33mclass[39m=[32m"text-gray-500 hover:text-gray-700 focus:outline-none focus:ring-2 focus:ring-blue-500 p-1 rounded-full"[39m
      [36m>[39m
        [36m<svg[39m
          [33mclass[39m=[32m"lucide lucide-x"[39m
          [33mfill[39m=[32m"none"[39m
          [33mheight[39m=[32m"20"[39m
          [33mstroke[39m=[32m"currentColor"[39m
          [33mstroke-linecap[39m=[32m"round"[39m
          [33mstroke-linejoin[39m=[32m"round"[39m
          [33mstroke-width[39m=[32m"2"[39m
          [33mviewBox[39m=[32m"0 0 24 24"[39m
          [33mwidth[39m=[32m"20"[39m
          [33mxmlns[39m=[32m"http://www.w3.org/2000/svg"[39m
        [36m>[39m
          [36m<path[39m
            [33md[39m=[32m"M18 6 6 18"[39m
          [36m/>[39m
          [36m<path[39m
            [33md[39m=[32m"m6 6 12 12"[39m
          [36m/>[39m
        [36m</svg>[39m
      [36m</button>[39m
    [36m</header>[39m
    [36m<div[39m
      [33mclass[39m=[32m"p-4 border-b"[39m
    [36m>[39m
      [36m<p[39m
        [33mclass[39m=[32m"text-sm text-gray-700"[39m
        [33mid[39m=[32m"folder-modal-description"[39m
      [36m>[39m
        [0mSelecciona una carpeta para mover el correo[0m
      [36m</p>[39m
      [36m<div[39m
        [33mclass[39m=[32m"mt-3 relative"[39m
      [36m>[39m
        [36m<label[39m
          [33mclass[39m=[32m"sr-only"[39m
          [33mfor[39m=[32m"folder-search"[39m
        [36m>[39m
          [0mBuscar carpetas[0m
        [36m</label>[39m
        [36m<input[39m
          [33maria-controls[39m=[32m"folder-list"[39m
          [33maria-describedby[39m=[32m"folder-modal-description"[39m
          [33mclass[39m=[32m"w-full py-2 pl-10 pr-4 border rounded-md focus:ring-blue-500 focus:border-blue-500 text-gray-800"[39m
          [33mid[39m=[32m"folder-search"[39m
          [33mplaceholder[39m=[32m"Buscar carpetas..."[39m
          [33mtype[39m=[32m"text"[39m
          [33mvalue[39m=[32m""[39m
        [36m/>[39m
        [36m<svg[39m
          [33maria-hidden[39m=[32m"true"[39m
          [33mclass[39m=[32m"absolute left-3 top-2.5 text-gray-500"[39m
          [33mfill[39m=[32m"none"[39m
          [33mheight[39m=[32m"18"[39m
          [33mstroke[39m=[32m"currentColor"[39m
          [33mstroke-linecap[39m=[32m"round"[39m
          [33mstroke-linejoin[39m=[32m"round"[39m
          [33mstroke-width[39m=[32m"2"[39m
          [33mviewBox[39m=[32m"0 0 24 24"[39m
          [33mwidth[39m=[32m"18"[39m
          [33mxmlns[39m=[32m"http://www.w3.org/2000/svg"[39m
        [36m>[39m
          [36m<circle[39m
            [33mcx[39m=[32m"11"[39m
            [33mcy[39m=[32m"11"[39m
            [33mr[39m=[32m"8"[39m
          [36m/>[39m
          [36m<path[39m
            [33md[39m=[32m"m21 21-4.3-4.3"[39m
          [36m/>[39m
        [36m</svg>[39m
      [36m</div>[39m
    [36m</div>[39m
    [36m<div[39m
      [33maria-label[39m=[32m"Lista de carpetas disponibles"[39m
      [33mclass[39m=[32m"p-2 max-h-64 overflow-y-auto"[39m
      [33mdata-testid[39m=[32m"folder-menu"[39m
      [33mid[39m=[32m"folder-list"[39m
      [33mrole[39m=[32m"listbox"[39m
      [33mtabindex[39m=[32m"0"[39m
    [36m>[39m
      [36m<div[39m
        [33maria-selected[39m=[32m"false"[39m
        [33mclass[39m=[32m"flex items-center px-3 py-2 rounded-md hover:bg-gray-100 
                   
                  cursor-pointer transition-colors"[39m
        [33mdata-testid[39m=[32m"folder-menu-item"[39m
        [33mrole[39m=[32m"option"[39m
        [33mtabindex[39m=[32m"0"[39m
      [36m>[39m
        [36m<svg[39m
          [33maria-hidden[39m=[32m"true"[39m
          [33mclass[39m=[32m"text-blue-600 mr-2"[39m
          [33mfill[39m=[32m"none"[39m
          [33mheight[39m=[32m"18"[39m
          [33mstroke[39m=[32m"currentColor"[39m
          [33mstroke-linecap[39m=[32m"round"[39m
          [33mstroke-linejoin[39m=[32m"round"[39m
          [33mstroke-width[39m=[32m"2"[39m
          [33mviewBox[39m=[32m"0 0 24 24"[39m
          [33mwidth[39m=[32m"18"[39m
          [33mxmlns[39m=[32m"http://www.w3.org/2000/svg"[39m
        [36m>[39m
          [36m<path[39m
            [33md[39m=[32m"M4 20h16a2 2 0 0 0 2-2V8a2 2 0 0 0-2-2h-7.93a2 2 0 0 1-1.66-.9l-.82-1.2A2 2 0 0 0 7.93 3H4a2 2 0 0 0-2 2v13c0 1.1.9 2 2 2Z"[39m
          [36m/>[39m
        [36m</svg>[39m
        [36m<span[39m
          [33mclass[39m=[32m"flex-grow text-gray-800"[39m
        [36m>[39m
          [0mBandeja de entrada[0m
        [36m</span>[39m
        [36m<button[39m
          [33maria-label[39m=[32m"Seleccionar carpeta Bandeja de entrada"[39m
          [33mclass[39m=[32m"p-1 bg-blue-100 text-blue-600 rounded-full hover:bg-blue-200 focus:ring-2 focus:ring-blue-500 focus:outline-none"[39m
        [36m>[39m
          [36m<svg[39m
            [33maria-hidden[39m=[32m"true"[39m
            [33mclass[39m=[32m"lucide lucide-check"[39m
            [33mfill[39m=[32m"none"[39m
            [33mheight[39m=[32m"16"[39m
            [33mstroke[39m=[32m"currentColor"[39m
            [33mstroke-linecap[39m=[32m"round"[39m
            [33mstroke-linejoin[39m=[32m"round"[39m
            [33mstroke-width[39m=[32m"2"[39m
            [33mviewBox[39m=[32m"0 0 24 24"[39m
            [33mwidth[39m=[32m"16"[39m
            [33mxmlns[39m=[32m"http://www.w3.org/2000/svg"[39m
          [36m>[39m
            [36m<polyline[39m
              [33mpoints[39m=[32m"20 6 9 17 4 12"[39m
            [36m/>[39m
          [36m</svg>[39m
        [36m</button>[39m
      [36m</div>[39m
      [36m<div[39m
        [33maria-selected[39m=[32m"false"[39m
        [33mclass[39m=[32m"flex items-center px-3 py-2 rounded-md hover:bg-gray-100 
                   
                  cursor-pointer transition-colors"[39m
        [33mdata-testid[39m=[32m"folder-menu-item"[39m
     ...

Ignored nodes: comments, script, style
[36m<div[39m
  [33maria-labelledby[39m=[32m"folder-modal-title"[39m
  [33maria-modal[39m=[32m"true"[39m
  [33mclass[39m=[32m"fixed inset-0 bg-black/50 backdrop-blur-sm z-50 flex items-center justify-center p-4"[39m
  [33mrole[39m=[32m"dialog"[39m
[36m>[39m
  [36m<div[39m
    [33mclass[39m=[32m"bg-white rounded-lg shadow-lg w-full max-w-md"[39m
    [33mtabindex[39m=[32m"-1"[39m
  [36m>[39m
    [36m<header[39m
      [33mclass[39m=[32m"flex items-center justify-between p-4 border-b"[39m
    [36m>[39m
      [36m<h2[39m
        [33mclass[39m=[32m"text-lg font-semibold text-gray-800"[39m
        [33mid[39m=[32m"folder-modal-title"[39m
      [36m>[39m
        [0mMover a carpeta[0m
      [36m</h2>[39m
      [36m<button[39m
        [33maria-label[39m=[32m"Cerrar di├ílogo"[39m
        [33mclass[39m=[32m"text-gray-500 hover:text-gray-700 focus:outline-none focus:ring-2 focus:ring-blue-500 p-1 rounded-full"[39m
      [36m>[39m
        [36m<svg[39m
          [33mclass[39m=[32m"lucide lucide-x"[39m
          [33mfill[39m=[32m"none"[39m
          [33mheight[39m=[32m"20"[39m
          [33mstroke[39m=[32m"currentColor"[39m
          [33mstroke-linecap[39m=[32m"round"[39m
          [33mstroke-linejoin[39m=[32m"round"[39m
          [33mstroke-width[39m=[32m"2"[39m
          [33mviewBox[39m=[32m"0 0 24 24"[39m
          [33mwidth[39m=[32m"20"[39m
          [33mxmlns[39m=[32m"http://www.w3.org/2000/svg"[39m
        [36m>[39m
          [36m<path[39m
            [33md[39m=[32m"M18 6 6 18"[39m
          [36m/>[39m
          [36m<path[39m
            [33md[39m=[32m"m6 6 12 12"[39m
          [36m/>[39m
        [36m</svg>[39m
      [36m</button>[39m
    [36m</header>[39m
    [36m<div[39m
      [33mclass[39m=[32m"p-4 border-b"[39m
    [36m>[39m
      [36m<p[39m
        [33mclass[39m=[32m"text-sm text-gray-700"[39m
        [33mid[39m=[32m"folder-modal-description"[39m
      [36m>[39m
        [0mSelecciona una carpeta para mover el correo[0m
      [36m</p>[39m
      [36m<div[39m
        [33mclass[39m=[32m"mt-3 relative"[39m
      [36m>[39m
        [36m<label[39m
          [33mclass[39m=[32m"sr-only"[39m
          [33mfor[39m=[32m"folder-search"[39m
        [36m>[39m
          [0mBuscar carpetas[0m
        [36m</label>[39m
        [36m<input[39m
          [33maria-controls[39m=[32m"folder-list"[39m
          [33maria-describedby[39m=[32m"folder-modal-description"[39m
          [33mclass[39m=[32m"w-full py-2 pl-10 pr-4 border rounded-md focus:ring-blue-500 focus:border-blue-500 text-gray-800"[39m
          [33mid[39m=[32m"folder-search"[39m
          [33mplaceholder[39m=[32m"Buscar carpetas..."[39m
          [33mtype[39m=[32m"text"[39m
          [33mvalue[39m=[32m""[39m
        [36m/>[39m
        [36m<svg[39m
          [33maria-hidden[39m=[32m"true"[39m
          [33mclass[39m=[32m"absolute left-3 top-2.5 text-gray-500"[39m
          [33mfill[39m=[32m"none"[39m
          [33mheight[39m=[32m"18"[39m
          [33mstroke[39m=[32m"currentColor"[39m
          [33mstroke-linecap[39m=[32m"round"[39m
          [33mstroke-linejoin[39m=[32m"round"[39m
          [33mstroke-width[39m=[32m"2"[39m
          [33mviewBox[39m=[32m"0 0 24 24"[39m
          [33mwidth[39m=[32m"18"[39m
          [33mxmlns[39m=[32m"http://www.w3.org/2000/svg"[39m
        [36m>[39m
          [36m<circle[39m
            [33mcx[39m=[32m"11"[39m
            [33mcy[39m=[32m"11"[39m
            [33mr[39m=[32m"8"[39m
          [36m/>[39m
          [36m<path[39m
            [33md[39m=[32m"m21 21-4.3-4.3"[39m
          [36m/>[39m
        [36m</svg>[39m
      [36m</div>[39m
    [36m</div>[39m
    [36m<div[39m
      [33maria-label[39m=[32m"Lista de carpetas disponibles"[39m
      [33mclass[39m=[32m"p-2 max-h-64 overflow-y-auto"[39m
      [33mdata-testid[39m=[32m"folder-menu"[39m
      [33mid[39m=[32m"folder-list"[39m
      [33mrole[39m=[32m"listbox"[39m
      [33mtabindex[39m=[32m"0"[39m
    [36m>[39m
      [36m<div[39m
        [33maria-selected[39m=[32m"false"[39m
        [33mclass[39m=[32m"flex items-center px-3 py-2 rounded-md hover:bg-gray-100 
                   
                  cursor-pointer transition-colors"[39m
        [33mdata-testid[39m=[32m"folder-menu-item"[39m
        [33mrole[39m=[32m"option"[39m
        [33mtabindex[39m=[32m"0"[39m
      [36m>[39m
        [36m<svg[39m
          [33maria-hidden[39m=[32m"true"[39m
          [33mclass[39m=[32m"text-blue-600 mr-2"[39m
          [33mfill[39m=[32m"none"[39m
          [33mheight[39m=[32m"18"[39m
          [33mstroke[39m=[32m"currentColor"[39m
          [33mstroke-linecap[39m=[32m"round"[39m
          [33mstroke-linejoin[39m=[32m"round"[39m
          [33mstroke-width[39m=[32m"2"[39m
          [33mviewBox[39m=[32m"0 0 24 24"[39m
          [33mwidth[39m=[32m"18"[39m
          [33mxmlns[39m=[32m"http://www.w3.org/2000/svg"[39m
        [36m>[39m
          [36m<path[39m
            [33md[39m=[32m"M4 20h16a2 2 0 0 0 2-2V8a2 2 0 0 0-2-2h-7.93a2 2 0 0 1-1.66-.9l-.82-1.2A2 2 0 0 0 7.93 3H4a2 2 0 0 0-2 2v13c0 1.1.9 2 2 2Z"[39m
          [36m/>[39m
        [36m</svg>[39m
        [36m<span[39m
          [33mclass[39m=[32m"flex-grow text-gray-800"[39m
        [36m>[39m
          [0mBandeja de entrada[0m
        [36m</span>[39m
        [36m<button[39m
          [33maria-label[39m=[32m"Seleccionar carpeta Bandeja de entrada"[39m
          [33mclass[39m=[32m"p-1 bg-blue-100 text-blue-600 rounded-full hover:bg-blue-200 focus:ring-2 focus:ring-blue-500 focus:outline-none"[39m
        [36m>[39m
          [36m<svg[39m
            [33maria-hidden[39m=[32m"true"[39m
            [33mclass[39m=[32m"lucide lucide-check"[39m
            [33mfill[39m=[32m"none"[39m
            [33mheight[39m=[32m"16"[39m
            [33mstroke[39m=[32m"currentColor"[39m
            [33mstroke-linecap[39m=[32m"round"[39m
            [33mstroke-linejoin[39m=[32m"round"[39m
            [33mstroke-width[39m=[32m"2"[39m
            [33mviewBox[39m=[32m"0 0 24 24"[39m
            [33mwidth[39m=[32m"16"[39m
            [33mxmlns[39m=[32m"http://www.w3.org/2000/svg"[39m
          [36m>[39m
            [36m<polyline[39m
              [33mpoints[39m=[32m"20 6 9 17 4 12"[39m
            [36m/>[39m
          [36m</svg>[39m
        [36m</button>[39m
      [36m</div>[39m
      [36m<div[39m
        [33maria-selected[39m=[32m"false"[39m
        [33mclass[39m=[32m"flex items-center px-3 py-2 rounded-md hover:bg-gray-100 
                   
                  cursor-pointer transition-colors"[39m
        [33mdata-testid[39m=[32m"folder-menu-item"[39m
     ...

Ignored nodes: comments, script, style
[36m<div[39m
  [33maria-labelledby[39m=[32m"folder-modal-title"[39m
  [33maria-modal[39m=[32m"true"[39m
  [33mclass[39m=[32m"fixed inset-0 bg-black/50 backdrop-blur-sm z-50 flex items-center justify-center p-4"[39m
  [33mrole[39m=[32m"dialog"[39m
[36m>[39m
  [36m<div[39m
    [33mclass[39m=[32m"bg-white rounded-lg shadow-lg w-full max-w-md"[39m
    [33mtabindex[39m=[32m"-1"[39m
  [36m>[39m
    [36m<header[39m
      [33mclass[39m=[32m"flex items-center justify-between p-4 border-b"[39m
    [36m>[39m
      [36m<h2[39m
        [33mclass[39m=[32m"text-lg font-semibold text-gray-800"[39m
        [33mid[39m=[32m"folder-modal-title"[39m
      [36m>[39m
        [0mMover a carpeta[0m
      [36m</h2>[39m
      [36m<button[39m
        [33maria-label[39m=[32m"Cerrar di├ílogo"[39m
        [33mclass[39m=[32m"text-gray-500 hover:text-gray-700 focus:outline-none focus:ring-2 focus:ring-blue-500 p-1 rounded-full"[39m
      [36m>[39m
        [36m<svg[39m
          [33mclass[39m=[32m"lucide lucide-x"[39m
          [33mfill[39m=[32m"none"[39m
          [33mheight[39m=[32m"20"[39m
          [33mstroke[39m=[32m"currentColor"[39m
          [33mstroke-linecap[39m=[32m"round"[39m
          [33mstroke-linejoin[39m=[32m"round"[39m
          [33mstroke-width[39m=[32m"2"[39m
          [33mviewBox[39m=[32m"0 0 24 24"[39m
          [33mwidth[39m=[32m"20"[39m
          [33mxmlns[39m=[32m"http://www.w3.org/2000/svg"[39m
        [36m>[39m
          [36m<path[39m
            [33md[39m=[32m"M18 6 6 18"[39m
          [36m/>[39m
          [36m<path[39m
            [33md[39m=[32m"m6 6 12 12"[39m
          [36m/>[39m
        [36m</svg>[39m
      [36m</button>[39m
    [36m</header>[39m
    [36m<div[39m
      [33mclass[39m=[32m"p-4 border-b"[39m
    [36m>[39m
      [36m<p[39m
        [33mclass[39m=[32m"text-sm text-gray-700"[39m
        [33mid[39m=[32m"folder-modal-description"[39m
      [36m>[39m
        [0mSelecciona una carpeta para mover el correo[0m
      [36m</p>[39m
      [36m<div[39m
        [33mclass[39m=[32m"mt-3 relative"[39m
      [36m>[39m
        [36m<label[39m
          [33mclass[39m=[32m"sr-only"[39m
          [33mfor[39m=[32m"folder-search"[39m
        [36m>[39m
          [0mBuscar carpetas[0m
        [36m</label>[39m
        [36m<input[39m
          [33maria-controls[39m=[32m"folder-list"[39m
          [33maria-describedby[39m=[32m"folder-modal-description"[39m
          [33mclass[39m=[32m"w-full py-2 pl-10 pr-4 border rounded-md focus:ring-blue-500 focus:border-blue-500 text-gray-800"[39m
          [33mid[39m=[32m"folder-search"[39m
          [33mplaceholder[39m=[32m"Buscar carpetas..."[39m
          [33mtype[39m=[32m"text"[39m
          [33mvalue[39m=[32m""[39m
        [36m/>[39m
        [36m<svg[39m
          [33maria-hidden[39m=[32m"true"[39m
          [33mclass[39m=[32m"absolute left-3 top-2.5 text-gray-500"[39m
          [33mfill[39m=[32m"none"[39m
          [33mheight[39m=[32m"18"[39m
          [33mstroke[39m=[32m"currentColor"[39m
          [33mstroke-linecap[39m=[32m"round"[39m
          [33mstroke-linejoin[39m=[32m"round"[39m
          [33mstroke-width[39m=[32m"2"[39m
          [33mviewBox[39m=[32m"0 0 24 24"[39m
          [33mwidth[39m=[32m"18"[39m
          [33mxmlns[39m=[32m"http://www.w3.org/2000/svg"[39m
        [36m>[39m
          [36m<circle[39m
            [33mcx[39m=[32m"11"[39m
            [33mcy[39m=[32m"11"[39m
            [33mr[39m=[32m"8"[39m
          [36m/>[39m
          [36m<path[39m
            [33md[39m=[32m"m21 21-4.3-4.3"[39m
          [36m/>[39m
        [36m</svg>[39m
      [36m</div>[39m
    [36m</div>[39m
    [36m<div[39m
      [33maria-label[39m=[32m"Lista de carpetas disponibles"[39m
      [33mclass[39m=[32m"p-2 max-h-64 overflow-y-auto"[39m
      [33mdata-testid[39m=[32m"folder-menu"[39m
      [33mid[39m=[32m"folder-list"[39m
      [33mrole[39m=[32m"listbox"[39m
      [33mtabindex[39m=[32m"0"[39m
    [36m>[39m
      [36m<div[39m
        [33maria-selected[39m=[32m"false"[39m
        [33mclass[39m=[32m"flex items-center px-3 py-2 rounded-md hover:bg-gray-100 
                   
                  cursor-pointer transition-colors"[39m
        [33mdata-testid[39m=[32m"folder-menu-item"[39m
        [33mrole[39m=[32m"option"[39m
        [33mtabindex[39m=[32m"0"[39m
      [36m>[39m
        [36m<svg[39m
          [33maria-hidden[39m=[32m"true"[39m
          [33mclass[39m=[32m"text-blue-600 mr-2"[39m
          [33mfill[39m=[32m"none"[39m
          [33mheight[39m=[32m"18"[39m
          [33mstroke[39m=[32m"currentColor"[39m
          [33mstroke-linecap[39m=[32m"round"[39m
          [33mstroke-linejoin[39m=[32m"round"[39m
          [33mstroke-width[39m=[32m"2"[39m
          [33mviewBox[39m=[32m"0 0 24 24"[39m
          [33mwidth[39m=[32m"18"[39m
          [33mxmlns[39m=[32m"http://www.w3.org/2000/svg"[39m
        [36m>[39m
          [36m<path[39m
            [33md[39m=[32m"M4 20h16a2 2 0 0 0 2-2V8a2 2 0 0 0-2-2h-7.93a2 2 0 0 1-1.66-.9l-.82-1.2A2 2 0 0 0 7.93 3H4a2 2 0 0 0-2 2v13c0 1.1.9 2 2 2Z"[39m
          [36m/>[39m
        [36m</svg>[39m
        [36m<span[39m
          [33mclass[39m=[32m"flex-grow text-gray-800"[39m
        [36m>[39m
          [0mBandeja de entrada[0m
        [36m</span>[39m
        [36m<button[39m
          [33maria-label[39m=[32m"Seleccionar carpeta Bandeja de entrada"[39m
          [33mclass[39m=[32m"p-1 bg-blue-100 text-blue-600 rounded-full hover:bg-blue-200 focus:ring-2 focus:ring-blue-500 focus:outline-none"[39m
        [36m>[39m
          [36m<svg[39m
            [33maria-hidden[39m=[32m"true"[39m
            [33mclass[39m=[32m"lucide lucide-check"[39m
            [33mfill[39m=[32m"none"[39m
            [33mheight[39m=[32m"16"[39m
            [33mstroke[39m=[32m"currentColor"[39m
            [33mstroke-linecap[39m=[32m"round"[39m
            [33mstroke-linejoin[39m=[32m"round"[39m
            [33mstroke-width[39m=[32m"2"[39m
            [33mviewBox[39m=[32m"0 0 24 24"[39m
            [33mwidth[39m=[32m"16"[39m
            [33mxmlns[39m=[32m"http://www.w3.org/2000/svg"[39m
          [36m>[39m
            [36m<polyline[39m
              [33mpoints[39m=[32m"20 6 9 17 4 12"[39m
            [36m/>[39m
          [36m</svg>[39m
        [36m</button>[39m
      [36m</div>[39m
      [36m<div[39m
        [33maria-selected[39m=[32m"false"[39m
        [33mclass[39m=[32m"flex items-center px-3 py-2 rounded-md hover:bg-gray-100 
                   
                  cursor-pointer transition-colors"[39m
        [33mdata-testid[39m=[32m"folder-menu-item"[39m
     ...

Ignored nodes: comments, script, style
[36m<div[39m
  [33maria-labelledby[39m=[32m"folder-modal-title"[39m
  [33maria-modal[39m=[32m"true"[39m
  [33mclass[39m=[32m"fixed inset-0 bg-black/50 backdrop-blur-sm z-50 flex items-center justify-center p-4"[39m
  [33mrole[39m=[32m"dialog"[39m
[36m>[39m
  [36m<div[39m
    [33mclass[39m=[32m"bg-white rounded-lg shadow-lg w-full max-w-md"[39m
    [33mtabindex[39m=[32m"-1"[39m
  [36m>[39m
    [36m<header[39m
      [33mclass[39m=[32m"flex items-center justify-between p-4 border-b"[39m
    [36m>[39m
      [36m<h2[39m
        [33mclass[39m=[32m"text-lg font-semibold text-gray-800"[39m
        [33mid[39m=[32m"folder-modal-title"[39m
      [36m>[39m
        [0mMover a carpeta[0m
      [36m</h2>[39m
      [36m<button[39m
        [33maria-label[39m=[32m"Cerrar di├ílogo"[39m
        [33mclass[39m=[32m"text-gray-500 hover:text-gray-700 focus:outline-none focus:ring-2 focus:ring-blue-500 p-1 rounded-full"[39m
      [36m>[39m
        [36m<svg[39m
          [33mclass[39m=[32m"lucide lucide-x"[39m
          [33mfill[39m=[32m"none"[39m
          [33mheight[39m=[32m"20"[39m
          [33mstroke[39m=[32m"currentColor"[39m
          [33mstroke-linecap[39m=[32m"round"[39m
          [33mstroke-linejoin[39m=[32m"round"[39m
          [33mstroke-width[39m=[32m"2"[39m
          [33mviewBox[39m=[32m"0 0 24 24"[39m
          [33mwidth[39m=[32m"20"[39m
          [33mxmlns[39m=[32m"http://www.w3.org/2000/svg"[39m
        [36m>[39m
          [36m<path[39m
            [33md[39m=[32m"M18 6 6 18"[39m
          [36m/>[39m
          [36m<path[39m
            [33md[39m=[32m"m6 6 12 12"[39m
          [36m/>[39m
        [36m</svg>[39m
      [36m</button>[39m
    [36m</header>[39m
    [36m<div[39m
      [33mclass[39m=[32m"p-4 border-b"[39m
    [36m>[39m
      [36m<p[39m
        [33mclass[39m=[32m"text-sm text-gray-700"[39m
        [33mid[39m=[32m"folder-modal-description"[39m
      [36m>[39m
        [0mSelecciona una carpeta para mover el correo[0m
      [36m</p>[39m
      [36m<div[39m
        [33mclass[39m=[32m"mt-3 relative"[39m
      [36m>[39m
        [36m<label[39m
          [33mclass[39m=[32m"sr-only"[39m
          [33mfor[39m=[32m"folder-search"[39m
        [36m>[39m
          [0mBuscar carpetas[0m
        [36m</label>[39m
        [36m<input[39m
          [33maria-controls[39m=[32m"folder-list"[39m
          [33maria-describedby[39m=[32m"folder-modal-description"[39m
          [33mclass[39m=[32m"w-full py-2 pl-10 pr-4 border rounded-md focus:ring-blue-500 focus:border-blue-500 text-gray-800"[39m
          [33mid[39m=[32m"folder-search"[39m
          [33mplaceholder[39m=[32m"Buscar carpetas..."[39m
          [33mtype[39m=[32m"text"[39m
          [33mvalue[39m=[32m""[39m
        [36m/>[39m
        [36m<svg[39m
          [33maria-hidden[39m=[32m"true"[39m
          [33mclass[39m=[32m"absolute left-3 top-2.5 text-gray-500"[39m
          [33mfill[39m=[32m"none"[39m
          [33mheight[39m=[32m"18"[39m
          [33mstroke[39m=[32m"currentColor"[39m
          [33mstroke-linecap[39m=[32m"round"[39m
          [33mstroke-linejoin[39m=[32m"round"[39m
          [33mstroke-width[39m=[32m"2"[39m
          [33mviewBox[39m=[32m"0 0 24 24"[39m
          [33mwidth[39m=[32m"18"[39m
          [33mxmlns[39m=[32m"http://www.w3.org/2000/svg"[39m
        [36m>[39m
          [36m<circle[39m
            [33mcx[39m=[32m"11"[39m
            [33mcy[39m=[32m"11"[39m
            [33mr[39m=[32m"8"[39m
          [36m/>[39m
          [36m<path[39m
            [33md[39m=[32m"m21 21-4.3-4.3"[39m
          [36m/>[39m
        [36m</svg>[39m
      [36m</div>[39m
    [36m</div>[39m
    [36m<div[39m
      [33maria-label[39m=[32m"Lista de carpetas disponibles"[39m
      [33mclass[39m=[32m"p-2 max-h-64 overflow-y-auto"[39m
      [33mdata-testid[39m=[32m"folder-menu"[39m
      [33mid[39m=[32m"folder-list"[39m
      [33mrole[39m=[32m"listbox"[39m
      [33mtabindex[39m=[32m"0"[39m
    [36m>[39m
      [36m<div[39m
        [33maria-selected[39m=[32m"false"[39m
        [33mclass[39m=[32m"flex items-center px-3 py-2 rounded-md hover:bg-gray-100 
                   
                  cursor-pointer transition-colors"[39m
        [33mdata-testid[39m=[32m"folder-menu-item"[39m
        [33mrole[39m=[32m"option"[39m
        [33mtabindex[39m=[32m"0"[39m
      [36m>[39m
        [36m<svg[39m
          [33maria-hidden[39m=[32m"true"[39m
          [33mclass[39m=[32m"text-blue-600 mr-2"[39m
          [33mfill[39m=[32m"none"[39m
          [33mheight[39m=[32m"18"[39m
          [33mstroke[39m=[32m"currentColor"[39m
          [33mstroke-linecap[39m=[32m"round"[39m
          [33mstroke-linejoin[39m=[32m"round"[39m
          [33mstroke-width[39m=[32m"2"[39m
          [33mviewBox[39m=[32m"0 0 24 24"[39m
          [33mwidth[39m=[32m"18"[39m
          [33mxmlns[39m=[32m"http://www.w3.org/2000/svg"[39m
        [36m>[39m
          [36m<path[39m
            [33md[39m=[32m"M4 20h16a2 2 0 0 0 2-2V8a2 2 0 0 0-2-2h-7.93a2 2 0 0 1-1.66-.9l-.82-1.2A2 2 0 0 0 7.93 3H4a2 2 0 0 0-2 2v13c0 1.1.9 2 2 2Z"[39m
          [36m/>[39m
        [36m</svg>[39m
        [36m<span[39m
          [33mclass[39m=[32m"flex-grow text-gray-800"[39m
        [36m>[39m
          [0mBandeja de entrada[0m
        [36m</span>[39m
        [36m<button[39m
          [33maria-label[39m=[32m"Seleccionar carpeta Bandeja de entrada"[39m
          [33mclass[39m=[32m"p-1 bg-blue-100 text-blue-600 rounded-full hover:bg-blue-200 focus:ring-2 focus:ring-blue-500 focus:outline-none"[39m
        [36m>[39m
          [36m<svg[39m
            [33maria-hidden[39m=[32m"true"[39m
            [33mclass[39m=[32m"lucide lucide-check"[39m
            [33mfill[39m=[32m"none"[39m
            [33mheight[39m=[32m"16"[39m
            [33mstroke[39m=[32m"currentColor"[39m
            [33mstroke-linecap[39m=[32m"round"[39m
            [33mstroke-linejoin[39m=[32m"round"[39m
            [33mstroke-width[39m=[32m"2"[39m
            [33mviewBox[39m=[32m"0 0 24 24"[39m
            [33mwidth[39m=[32m"16"[39m
            [33mxmlns[39m=[32m"http://www.w3.org/2000/svg"[39m
          [36m>[39m
            [36m<polyline[39m
              [33mpoints[39m=[32m"20 6 9 17 4 12"[39m
            [36m/>[39m
          [36m</svg>[39m
        [36m</button>[39m
      [36m</div>[39m
      [36m<div[39m
        [33maria-selected[39m=[32m"false"[39m
        [33mclass[39m=[32m"flex items-center px-3 py-2 rounded-md hover:bg-gray-100 
                   
                  cursor-pointer transition-colors"[39m
        [33mdata-testid[39m=[32m"folder-menu-item"[39m
     ...

(If this is intentional, then use the `*AllBy*` variant of the query (like `queryAllByText`, `getAllByText`, or `findAllByText`)).

Ignored nodes: comments, script, style
[36m<body>[39m
  [36m<div />[39m
  [36m<div>[39m
    [36m<div[39m
      [33maria-labelledby[39m=[32m"folder-modal-title"[39m
      [33maria-modal[39m=[32m"true"[39m
      [33mclass[39m=[32m"fixed inset-0 bg-black/50 backdrop-blur-sm z-50 flex items-center justify-center p-4"[39m
      [33mrole[39m=[32m"dialog"[39m
    [36m>[39m
      [36m<div[39m
        [33mclass[39m=[32m"bg-white rounded-lg shadow-lg w-full max-w-md"[39m
        [33mtabindex[39m=[32m"-1"[39m
      [36m>[39m
        [36m<header[39m
          [33mclass[39m=[32m"flex items-center justify-between p-4 border-b"[39m
        [36m>[39m
          [36m<h2[39m
            [33mclass[39m=[32m"text-lg font-semibold text-gray-800"[39m
            [33mid[39m=[32m"folder-modal-title"[39m
          [36m>[39m
            [0mMover a carpeta[0m
          [36m</h2>[39m
          [36m<button[39m
            [33maria-label[39m=[32m"Cerrar di├ílogo"[39m
            [33mclass[39m=[32m"text-gray-500 hover:text-gray-700 focus:outline-none focus:ring-2 focus:ring-blue-500 p-1 rounded-full"[39m
          [36m>[39m
            [36m<svg[39m
              [33mclass[39m=[32m"lucide lucide-x"[39m
              [33mfill[39m=[32m"none"[39m
              [33mheight[39m=[32m"20"[39m
              [33mstroke[39m=[32m"currentColor"[39m
              [33mstroke-linecap[39m=[32m"round"[39m
              [33mstroke-linejoin[39m=[32m"round"[39m
              [33mstroke-width[39m=[32m"2"[39m
              [33mviewBox[39m=[32m"0 0 24 24"[39m
              [33mwidth[39m=[32m"20"[39m
              [33mxmlns[39m=[32m"http://www.w3.org/2000/svg"[39m
            [36m>[39m
              [36m<path[39m
                [33md[39m=[32m"M18 6 6 18"[39m
              [36m/>[39m
              [36m<path[39m
                [33md[39m=[32m"m6 6 12 12"[39m
              [36m/>[39m
            [36m</svg>[39m
          [36m</button>[39m
        [36m</header>[39m
        [36m<div[39m
          [33mclass[39m=[32m"p-4 border-b"[39m
        [36m>[39m
          [36m<p[39m
            [33mclass[39m=[32m"text-sm text-gray-700"[39m
            [33mid[39m=[32m"folder-modal-description"[39m
          [36m>[39m
            [0mSelecciona una carpeta para mover el correo[0m
          [36m</p>[39m
          [36m<div[39m
            [33mclass[39m=[32m"mt-3 relative"[39m
          [36m>[39m
            [36m<label[39m
              [33mclass[39m=[32m"sr-only"[39m
              [33mfor[39m=[32m"folder-search"[39m
            [36m>[39m
              [0mBuscar carpetas[0m
            [36m</label>[39m
            [36m<input[39m
              [33maria-controls[39m=[32m"folder-list"[39m
              [33maria-describedby[39m=[32m"folder-modal-description"[39m
              [33mclass[39m=[32m"w-full py-2 pl-10 pr-4 border rounded-md focus:ring-blue-500 focus:border-blue-500 text-gray-800"[39m
              [33mid[39m=[32m"folder-search"[39m
              [33mplaceholder[39m=[32m"Buscar carpetas..."[39m
              [33mtype[39m=[32m"text"[39m
              [33mvalue[39m=[32m""[39m
            [36m/>[39m
            [36m<svg[39m
              [33maria-hidden[39m=[32m"true"[39m
              [33mclass[39m=[32m"absolute left-3 top-2.5 text-gray-500"[39m
              [33mfill[39m=[32m"none"[39m
              [33mheight[39m=[32m"18"[39m
              [33mstroke[39m=[32m"currentColor"[39m
              [33mstroke-linecap[39m=[32m"round"[39m
              [33mstroke-linejoin[39m=[32m"round"[39m
              [33mstroke-width[39m=[32m"2"[39m
              [33mviewBox[39m=[32m"0 0 24 24"[39m
              [33mwidth[39m=[32m"18"[39m
              [33mxmlns[39m=[32m"http://www.w3.org/2000/svg"[39m
            [36m>[39m
              [36m<circle[39m
                [33mcx[39m=[32m"11"[39m
                [33mcy[39m=[32m"11"[39m
                [33mr[39m=[32m"8"[39m
              [36m/>[39m
              [36m<path[39m
                [33md[39m=[32m"m21 21-4.3-4.3"[39m
              [36m/>[39m
            [36m</svg>[39m
          [36m</div>[39m
        [36m</div>[39m
        [36m<div[39m
          [33maria-label[39m=[32m"Lista de carpetas disponibles"[39m
          [33mclass[39m=[32m"p-2 max-h-64 overflow-y-auto"[39m
          [33mdata-testid[39m=[32m"folder-menu"[39m
          [33mid[39m=[32m"folder-list"[39m
          [33mrole[39m=[32m"listbox"[39m
          [33mtabindex[39m=[32m"0"[39m
        [36m>[39m
          [36m<div[39m
            [33maria-selected[39m=[32m"false"[39m
            [33mclass[39m=[32m"flex items-center px-3 py-2 rounded-md hover:bg-gray-100 
                   
                  cursor-pointer transition-colors"[39m
            [33mdata-testid[39m=[32m"folder-menu-item"[39m
            [33mrole[39m=[32m"option"[39m
            [33mtabindex[39m=[32m"0"[39m
          [36m>[39m
            [36m<svg[39m
              [33maria-hidden[39m=[32m"true"[39m
              [33mclass[39m=[32m"text-blue-600 mr-2"[39m
              [33mfill[39m=[32m"none"[39m
              [33mheight[39m=[32m"18"[39m
              [33mstroke[39m=[32m"currentColor"[39m
              [33mstroke-linecap[39m=[32m"round"[39m
              [33mstroke-linejoin[39m=[32m"round"[39m
              [33mstroke-width[39m=[32m"2"[39m
              [33mviewBox[39m=[32m"0 0 24 24"[39m
              [33mwidth[39m=[32m"18"[39m
              [33mxmlns[39m=[32m"http://www.w3.org/2000/svg"[39m
            [36m>[39m
              [36m<path[39m
                [33md[39m=[32m"M4 20h16a2 2 0 0 0 2-2V8a2 2 0 0 0-2-2h-7.93a2 2 0 0 1-1.66-.9l-.82-1.2A2 2 0 0 0 7.93 3H4a2 2 0 0 0-2 2v13c0 1.1.9 2 2 2Z"[39m
              [36m/>[39m
            [36m</svg>[39m
            [36m<span[39m
              [33mclass[39m=[32m"flex-grow text-gray-800"[39m
            [36m>[39m
              [0mBandeja de entrada[0m
            [36m</span>[39m
            [36m<button[39m
              [33maria-label[39m=[32m"Seleccionar carpeta Bandeja de entrada"[39m
              [33mclass[39m=[32m"p-1 bg-blue-100 text-blue-600 rounded-full hover:bg-blue-200 focus:ring-2 focus:ring-blue-500 focus:outline-none"[39m
            [36m>[39m
              [36m<svg[39m
                [33maria-hidden[39m=[32m"true"[39m
                [33mclass[39m=[32m"lucide lucide-check"[39m
                [33mfill[39m=[32m"none"[39m
                [33mheight[39m=[32m"16"[39m
                [33mstroke[39m=[32m"currentColor"[39m
                [33mstroke-linecap[39m=[32m"round"[39m
                [33mstroke-linejoin[39m=[32m"round"[39m
                [33mstroke-width[39m=[32m"2"[39m
                [33mviewBox[39m=[32m"0 ...
 ÔØ» src/test/unit/EmailFilters.test.jsx (10 tests | 10 failed) 519ms
   ├ù EmailFilters > renderiza correctamente en estado colapsado 161ms
     ÔåÆ Invalid Chai property: toBeInTheDocument
   ├ù EmailFilters > expande y colapsa el panel de filtros al hacer clic en la cabecera 16ms
     ÔåÆ Invalid Chai property: toBeInTheDocument
   ├ù EmailFilters > aplica los filtros cuando se hace clic en el bot├│n "Aplicar filtros" 65ms
     ÔåÆ Found multiple elements with the text: Filtros avanzados

Here are the matching elements:

Ignored nodes: comments, script, style
[36m<h3[39m
  [33mclass[39m=[32m"font-medium"[39m
[36m>[39m
  [0mFiltros avanzados[0m
[36m</h3>[39m

Ignored nodes: comments, script, style
[36m<h3[39m
  [33mclass[39m=[32m"font-medium"[39m
[36m>[39m
  [0mFiltros avanzados[0m
[36m</h3>[39m

Ignored nodes: comments, script, style
[36m<h3[39m
  [33mclass[39m=[32m"font-medium"[39m
[36m>[39m
  [0mFiltros avanzados[0m
[36m</h3>[39m

(If this is intentional, then use the `*AllBy*` variant of the query (like `queryAllByText`, `getAllByText`, or `findAllByText`)).

Ignored nodes: comments, script, style
[36m<body>[39m
  [36m<div>[39m
    [36m<div[39m
      [33mclass[39m=[32m"bg-white border rounded-md shadow-sm mb-4"[39m
    [36m>[39m
      [36m<div[39m
        [33mclass[39m=[32m"flex justify-between items-center p-3 cursor-pointer"[39m
      [36m>[39m
        [36m<div[39m
          [33mclass[39m=[32m"flex items-center"[39m
        [36m>[39m
          [36m<svg[39m
            [33mclass[39m=[32m"text-gray-500 mr-2"[39m
            [33mfill[39m=[32m"none"[39m
            [33mheight[39m=[32m"16"[39m
            [33mstroke[39m=[32m"currentColor"[39m
            [33mstroke-linecap[39m=[32m"round"[39m
            [33mstroke-linejoin[39m=[32m"round"[39m
            [33mstroke-width[39m=[32m"2"[39m
            [33mviewBox[39m=[32m"0 0 24 24"[39m
            [33mwidth[39m=[32m"16"[39m
            [33mxmlns[39m=[32m"http://www.w3.org/2000/svg"[39m
          [36m>[39m
            [36m<polygon[39m
              [33mpoints[39m=[32m"22 3 2 3 10 12.46 10 19 14 21 14 12.46 22 3"[39m
            [36m/>[39m
          [36m</svg>[39m
          [36m<h3[39m
            [33mclass[39m=[32m"font-medium"[39m
          [36m>[39m
            [0mFiltros avanzados[0m
          [36m</h3>[39m
        [36m</div>[39m
        [36m<div>[39m
          [36m<svg[39m
            [33mclass[39m=[32m"text-gray-500"[39m
            [33mfill[39m=[32m"none"[39m
            [33mheight[39m=[32m"16"[39m
            [33mstroke[39m=[32m"currentColor"[39m
            [33mstroke-linecap[39m=[32m"round"[39m
            [33mstroke-linejoin[39m=[32m"round"[39m
            [33mstroke-width[39m=[32m"2"[39m
            [33mviewBox[39m=[32m"0 0 24 24"[39m
            [33mwidth[39m=[32m"16"[39m
            [33mxmlns[39m=[32m"http://www.w3.org/2000/svg"[39m
          [36m>[39m
            [36m<path[39m
              [33md[39m=[32m"m6 9 6 6 6-6"[39m
            [36m/>[39m
          [36m</svg>[39m
        [36m</div>[39m
      [36m</div>[39m
    [36m</div>[39m
  [36m</div>[39m
  [36m<div>[39m
    [36m<div[39m
      [33mclass[39m=[32m"bg-white border rounded-md shadow-sm mb-4"[39m
    [36m>[39m
      [36m<div[39m
        [33mclass[39m=[32m"flex justify-between items-center p-3 cursor-pointer"[39m
      [36m>[39m
        [36m<div[39m
          [33mclass[39m=[32m"flex items-center"[39m
        [36m>[39m
          [36m<svg[39m
            [33mclass[39m=[32m"text-gray-500 mr-2"[39m
            [33mfill[39m=[32m"none"[39m
            [33mheight[39m=[32m"16"[39m
            [33mstroke[39m=[32m"currentColor"[39m
            [33mstroke-linecap[39m=[32m"round"[39m
            [33mstroke-linejoin[39m=[32m"round"[39m
            [33mstroke-width[39m=[32m"2"[39m
            [33mviewBox[39m=[32m"0 0 24 24"[39m
            [33mwidth[39m=[32m"16"[39m
            [33mxmlns[39m=[32m"http://www.w3.org/2000/svg"[39m
          [36m>[39m
            [36m<polygon[39m
              [33mpoints[39m=[32m"22 3 2 3 10 12.46 10 19 14 21 14 12.46 22 3"[39m
            [36m/>[39m
          [36m</svg>[39m
          [36m<h3[39m
            [33mclass[39m=[32m"font-medium"[39m
          [36m>[39m
            [0mFiltros avanzados[0m
          [36m</h3>[39m
        [36m</div>[39m
        [36m<div>[39m
          [36m<svg[39m
            [33mclass[39m=[32m"text-gray-500"[39m
            [33mfill[39m=[32m"none"[39m
            [33mheight[39m=[32m"16"[39m
            [33mstroke[39m=[32m"currentColor"[39m
            [33mstroke-linecap[39m=[32m"round"[39m
            [33mstroke-linejoin[39m=[32m"round"[39m
            [33mstroke-width[39m=[32m"2"[39m
            [33mviewBox[39m=[32m"0 0 24 24"[39m
            [33mwidth[39m=[32m"16"[39m
            [33mxmlns[39m=[32m"http://www.w3.org/2000/svg"[39m
          [36m>[39m
            [36m<path[39m
              [33md[39m=[32m"m6 9 6 6 6-6"[39m
            [36m/>[39m
          [36m</svg>[39m
        [36m</div>[39m
      [36m</div>[39m
    [36m</div>[39m
  [36m</div>[39m
  [36m<div>[39m
    [36m<div[39m
      [33mclass[39m=[32m"bg-white border rounded-md shadow-sm mb-4"[39m
    [36m>[39m
      [36m<div[39m
        [33mclass[39m=[32m"flex justify-between items-center p-3 cursor-pointer"[39m
      [36m>[39m
        [36m<div[39m
          [33mclass[39m=[32m"flex items-center"[39m
        [36m>[39m
          [36m<svg[39m
            [33mclass[39m=[32m"text-gray-500 mr-2"[39m
            [33mfill[39m=[32m"none"[39m
            [33mheight[39m=[32m"16"[39m
            [33mstroke[39m=[32m"currentColor"[39m
            [33mstroke-linecap[39m=[32m"round"[39m
            [33mstroke-linejoin[39m=[32m"round"[39m
            [33mstroke-width[39m=[32m"2"[39m
            [33mviewBox[39m=[32m"0 0 24 24"[39m
            [33mwidth[39m=[32m"16"[39m
            [33mxmlns[39m=[32m"http://www.w3.org/2000/svg"[39m
          [36m>[39m
            [36m<polygon[39m
              [33mpoints[39m=[32m"22 3 2 3 10 12.46 10 19 14 21 14 12.46 22 3"[39m
            [36m/>[39m
          [36m</svg>[39m
          [36m<h3[39m
            [33mclass[39m=[32m"font-medium"[39m
          [36m>[39m
            [0mFiltros avanzados[0m
          [36m</h3>[39m
        [36m</div>[39m
        [36m<div>[39m
          [36m<svg[39m
            [33mclass[39m=[32m"text-gray-500"[39m
            [33mfill[39m=[32m"none"[39m
            [33mheight[39m=[32m"16"[39m
            [33mstroke[39m=[32m"currentColor"[39m
            [33mstroke-linecap[39m=[32m"round"[39m
            [33mstroke-linejoin[39m=[32m"round"[39m
            [33mstroke-width[39m=[32m"2"[39m
            [33mviewBox[39m=[32m"0 0 24 24"[39m
            [33mwidth[39m=[32m"16"[39m
            [33mxmlns[39m=[32m"http://www.w3.org/2000/svg"[39m
          [36m>[39m
            [36m<path[39m
              [33md[39m=[32m"m6 9 6 6 6-6"[39m
            [36m/>[39m
          [36m</svg>[39m
        [36m</div>[39m
      [36m</div>[39m
    [36m</div>[39m
  [36m</div>[39m
[36m</body>[39m
   ├ù EmailFilters > limpia todos los filtros cuando se hace clic en "Limpiar filtros" 12ms
     ÔåÆ Found multiple elements with the text: Filtros avanzados

Here are the matching elements:

Ignored nodes: comments, script, style
[36m<h3[39m
  [33mclass[39m=[32m"font-medium"[39m
[36m>[39m
  [0mFiltros avanzados[0m
[36m</h3>[39m

Ignored nodes: comments, script, style
[36m<h3[39m
  [33mclass[39m=[32m"font-medium"[39m
[36m>[39m
  [0mFiltros avanzados[0m
[36m</h3>[39m

Ignored nodes: comments, script, style
[36m<h3[39m
  [33mclass[39m=[32m"font-medium"[39m
[36m>[39m
  [0mFiltros avanzados[0m
[36m</h3>[39m

Ignored nodes: comments, script, style
[36m<h3[39m
  [33mclass[39m=[32m"font-medium"[39m
[36m>[39m
  [0mFiltros avanzados[0m
[36m</h3>[39m

(If this is intentional, then use the `*AllBy*` variant of the query (like `queryAllByText`, `getAllByText`, or `findAllByText`)).

Ignored nodes: comments, script, style
[36m<body>[39m
  [36m<div>[39m
    [36m<div[39m
      [33mclass[39m=[32m"bg-white border rounded-md shadow-sm mb-4"[39m
    [36m>[39m
      [36m<div[39m
        [33mclass[39m=[32m"flex justify-between items-center p-3 cursor-pointer"[39m
      [36m>[39m
        [36m<div[39m
          [33mclass[39m=[32m"flex items-center"[39m
        [36m>[39m
          [36m<svg[39m
            [33mclass[39m=[32m"text-gray-500 mr-2"[39m
            [33mfill[39m=[32m"none"[39m
            [33mheight[39m=[32m"16"[39m
            [33mstroke[39m=[32m"currentColor"[39m
            [33mstroke-linecap[39m=[32m"round"[39m
            [33mstroke-linejoin[39m=[32m"round"[39m
            [33mstroke-width[39m=[32m"2"[39m
            [33mviewBox[39m=[32m"0 0 24 24"[39m
            [33mwidth[39m=[32m"16"[39m
            [33mxmlns[39m=[32m"http://www.w3.org/2000/svg"[39m
          [36m>[39m
            [36m<polygon[39m
              [33mpoints[39m=[32m"22 3 2 3 10 12.46 10 19 14 21 14 12.46 22 3"[39m
            [36m/>[39m
          [36m</svg>[39m
          [36m<h3[39m
            [33mclass[39m=[32m"font-medium"[39m
          [36m>[39m
            [0mFiltros avanzados[0m
          [36m</h3>[39m
        [36m</div>[39m
        [36m<div>[39m
          [36m<svg[39m
            [33mclass[39m=[32m"text-gray-500"[39m
            [33mfill[39m=[32m"none"[39m
            [33mheight[39m=[32m"16"[39m
            [33mstroke[39m=[32m"currentColor"[39m
            [33mstroke-linecap[39m=[32m"round"[39m
            [33mstroke-linejoin[39m=[32m"round"[39m
            [33mstroke-width[39m=[32m"2"[39m
            [33mviewBox[39m=[32m"0 0 24 24"[39m
            [33mwidth[39m=[32m"16"[39m
            [33mxmlns[39m=[32m"http://www.w3.org/2000/svg"[39m
          [36m>[39m
            [36m<path[39m
              [33md[39m=[32m"m6 9 6 6 6-6"[39m
            [36m/>[39m
          [36m</svg>[39m
        [36m</div>[39m
      [36m</div>[39m
    [36m</div>[39m
  [36m</div>[39m
  [36m<div>[39m
    [36m<div[39m
      [33mclass[39m=[32m"bg-white border rounded-md shadow-sm mb-4"[39m
    [36m>[39m
      [36m<div[39m
        [33mclass[39m=[32m"flex justify-between items-center p-3 cursor-pointer"[39m
      [36m>[39m
        [36m<div[39m
          [33mclass[39m=[32m"flex items-center"[39m
        [36m>[39m
          [36m<svg[39m
            [33mclass[39m=[32m"text-gray-500 mr-2"[39m
            [33mfill[39m=[32m"none"[39m
            [33mheight[39m=[32m"16"[39m
            [33mstroke[39m=[32m"currentColor"[39m
            [33mstroke-linecap[39m=[32m"round"[39m
            [33mstroke-linejoin[39m=[32m"round"[39m
            [33mstroke-width[39m=[32m"2"[39m
            [33mviewBox[39m=[32m"0 0 24 24"[39m
            [33mwidth[39m=[32m"16"[39m
            [33mxmlns[39m=[32m"http://www.w3.org/2000/svg"[39m
          [36m>[39m
            [36m<polygon[39m
              [33mpoints[39m=[32m"22 3 2 3 10 12.46 10 19 14 21 14 12.46 22 3"[39m
            [36m/>[39m
          [36m</svg>[39m
          [36m<h3[39m
            [33mclass[39m=[32m"font-medium"[39m
          [36m>[39m
            [0mFiltros avanzados[0m
          [36m</h3>[39m
        [36m</div>[39m
        [36m<div>[39m
          [36m<svg[39m
            [33mclass[39m=[32m"text-gray-500"[39m
            [33mfill[39m=[32m"none"[39m
            [33mheight[39m=[32m"16"[39m
            [33mstroke[39m=[32m"currentColor"[39m
            [33mstroke-linecap[39m=[32m"round"[39m
            [33mstroke-linejoin[39m=[32m"round"[39m
            [33mstroke-width[39m=[32m"2"[39m
            [33mviewBox[39m=[32m"0 0 24 24"[39m
            [33mwidth[39m=[32m"16"[39m
            [33mxmlns[39m=[32m"http://www.w3.org/2000/svg"[39m
          [36m>[39m
            [36m<path[39m
              [33md[39m=[32m"m6 9 6 6 6-6"[39m
            [36m/>[39m
          [36m</svg>[39m
        [36m</div>[39m
      [36m</div>[39m
    [36m</div>[39m
  [36m</div>[39m
  [36m<div>[39m
    [36m<div[39m
      [33mclass[39m=[32m"bg-white border rounded-md shadow-sm mb-4"[39m
    [36m>[39m
      [36m<div[39m
        [33mclass[39m=[32m"flex justify-between items-center p-3 cursor-pointer"[39m
      [36m>[39m
        [36m<div[39m
          [33mclass[39m=[32m"flex items-center"[39m
        [36m>[39m
          [36m<svg[39m
            [33mclass[39m=[32m"text-gray-500 mr-2"[39m
            [33mfill[39m=[32m"none"[39m
            [33mheight[39m=[32m"16"[39m
            [33mstroke[39m=[32m"currentColor"[39m
            [33mstroke-linecap[39m=[32m"round"[39m
            [33mstroke-linejoin[39m=[32m"round"[39m
            [33mstroke-width[39m=[32m"2"[39m
            [33mviewBox[39m=[32m"0 0 24 24"[39m
            [33mwidth[39m=[32m"16"[39m
            [33mxmlns[39m=[32m"http://www.w3.org/2000/svg"[39m
          [36m>[39m
            [36m<polygon[39m
              [33mpoints[39m=[32m"22 3 2 3 10 12.46 10 19 14 21 14 12.46 22 3"[39m
            [36m/>[39m
          [36m</svg>[39m
          [36m<h3[39m
            [33mclass[39m=[32m"font-medium"[39m
          [36m>[39m
            [0mFiltros avanzados[0m
          [36m</h3>[39m
        [36m</div>[39m
        [36m<div>[39m
          [36m<svg[39m
            [33mclass[39m=[32m"text-gray-500"[39m
            [33mfill[39m=[32m"none"[39m
            [33mheight[39m=[32m"16"[39m
            [33mstroke[39m=[32m"currentColor"[39m
            [33mstroke-linecap[39m=[32m"round"[39m
            [33mstroke-linejoin[39m=[32m"round"[39m
            [33mstroke-width[39m=[32m"2"[39m
            [33mviewBox[39m=[32m"0 0 24 24"[39m
            [33mwidth[39m=[32m"16"[39m
            [33mxmlns[39m=[32m"http://www.w3.org/2000/svg"[39m
          [36m>[39m
            [36m<path[39m
              [33md[39m=[32m"m6 9 6 6 6-6"[39m
            [36m/>[39m
          [36m</svg>[39m
        [36m</div>[39m
      [36m</div>[39m
    [36m</div>[39m
  [36m</div>[39m
  [36m<div>[39m
    [36m<div[39m
      [33mclass[39m=[32m"bg-white border rounded-md shadow-sm mb-4"[39m
    [36m>[39m
      [36m<div[39m
        [33mclass[39m=[32m"flex justify-between items-center p-3 cursor-pointer"[39m
      [36m>[39m
        [36m<div[39m
          [33mclass[39m=[32m"flex items-center"[39m
        [36m>[39m
          [36m<svg[39m
            [33mclass[39m=[32m"text-gray-500 mr-2"[39m
            [33mfill[39m=[32m"none"[39m
            [33mheight[39m=[32m"16"[39m
            [33mstroke[39m=[32m"currentColor"[39m
            [33mstroke-linecap[39m=[32m"round"[39m
            [33mstroke-linejoin[39m=[32m"round"[39m
            [33mstroke-width[39m=[32m"2"[39m
            [33mviewBox[39m=[32m"0 0 24 24"[39m
            [33mwidth[39m=[32m"16"[39m
            [33mxmlns[39m=[32m"http://www.w3.org/2000/svg"[39m
          [36m>[39m
            [36m<polygon[39m
              [33mpoints[39m=[32m"22 3 2 3 10 12.46 10 19 14 21 14 12.46 22 3"[39m
            [36m/>[39m
          [36m</svg>[39m
          [36m<h3[39m
            [33mclass[39m=[32m"font-medium"[39m
          [36m>[39m
            [0mFiltros avanzados[0m
          [36m</h3>[39m
        [36m</div>[39m
        [36m<div>[39m
          [36m<svg[39m
            [33mclass[39m=[32m"text-gray-500"[39m
            [33mfill[39m=[32m"none"[39m
            [33mheight[39m=[32m"16"[39m
            [33mstroke[39m=[32m"currentColor"[39m
            [33mstroke-linecap[39m=[32m"round"[39m
            [33mstroke-linejoin[39m=[32m"round"[39m
            [33mstroke-width[39m=[32m"2"[39m
            [33mviewBox[39m=[32m"0 0 24 24"[39m
            [33mwidth[39m=[32m"16"[39m
            [33mxmlns[39m=[32m"http://www.w3.org/2000/svg"[39m
          [36m>[39m
            [36m<path[39m
              [33md[39m=[32m"m6 9 6 6 6-6"[39m
            [36m/>[39m
          [36m</svg>[39m
        [36m</div>[39m
      [36m</div>[39m
    [36m</div>[39m
  [36m</div>[39m
[36m</body>[39m
   ├ù EmailFilters > permite seleccionar y deseleccionar etiquetas 30ms
     ÔåÆ Found multiple elements with the text: Filtros avanzados

Here are the matching elements:

Ignored nodes: comments, script, style
[36m<h3[39m
  [33mclass[39m=[32m"font-medium"[39m
[36m>[39m
  [0mFiltros avanzados[0m
[36m</h3>[39m

Ignored nodes: comments, script, style
[36m<h3[39m
  [33mclass[39m=[32m"font-medium"[39m
[36m>[39m
  [0mFiltros avanzados[0m
[36m</h3>[39m

Ignored nodes: comments, script, style
[36m<h3[39m
  [33mclass[39m=[32m"font-medium"[39m
[36m>[39m
  [0mFiltros avanzados[0m
[36m</h3>[39m

Ignored nodes: comments, script, style
[36m<h3[39m
  [33mclass[39m=[32m"font-medium"[39m
[36m>[39m
  [0mFiltros avanzados[0m
[36m</h3>[39m

Ignored nodes: comments, script, style
[36m<h3[39m
  [33mclass[39m=[32m"font-medium"[39m
[36m>[39m
  [0mFiltros avanzados[0m
[36m</h3>[39m

(If this is intentional, then use the `*AllBy*` variant of the query (like `queryAllByText`, `getAllByText`, or `findAllByText`)).

Ignored nodes: comments, script, style
[36m<body>[39m
  [36m<div>[39m
    [36m<div[39m
      [33mclass[39m=[32m"bg-white border rounded-md shadow-sm mb-4"[39m
    [36m>[39m
      [36m<div[39m
        [33mclass[39m=[32m"flex justify-between items-center p-3 cursor-pointer"[39m
      [36m>[39m
        [36m<div[39m
          [33mclass[39m=[32m"flex items-center"[39m
        [36m>[39m
          [36m<svg[39m
            [33mclass[39m=[32m"text-gray-500 mr-2"[39m
            [33mfill[39m=[32m"none"[39m
            [33mheight[39m=[32m"16"[39m
            [33mstroke[39m=[32m"currentColor"[39m
            [33mstroke-linecap[39m=[32m"round"[39m
            [33mstroke-linejoin[39m=[32m"round"[39m
            [33mstroke-width[39m=[32m"2"[39m
            [33mviewBox[39m=[32m"0 0 24 24"[39m
            [33mwidth[39m=[32m"16"[39m
            [33mxmlns[39m=[32m"http://www.w3.org/2000/svg"[39m
          [36m>[39m
            [36m<polygon[39m
              [33mpoints[39m=[32m"22 3 2 3 10 12.46 10 19 14 21 14 12.46 22 3"[39m
            [36m/>[39m
          [36m</svg>[39m
          [36m<h3[39m
            [33mclass[39m=[32m"font-medium"[39m
          [36m>[39m
            [0mFiltros avanzados[0m
          [36m</h3>[39m
        [36m</div>[39m
        [36m<div>[39m
          [36m<svg[39m
            [33mclass[39m=[32m"text-gray-500"[39m
            [33mfill[39m=[32m"none"[39m
            [33mheight[39m=[32m"16"[39m
            [33mstroke[39m=[32m"currentColor"[39m
            [33mstroke-linecap[39m=[32m"round"[39m
            [33mstroke-linejoin[39m=[32m"round"[39m
            [33mstroke-width[39m=[32m"2"[39m
            [33mviewBox[39m=[32m"0 0 24 24"[39m
            [33mwidth[39m=[32m"16"[39m
            [33mxmlns[39m=[32m"http://www.w3.org/2000/svg"[39m
          [36m>[39m
            [36m<path[39m
              [33md[39m=[32m"m6 9 6 6 6-6"[39m
            [36m/>[39m
          [36m</svg>[39m
        [36m</div>[39m
      [36m</div>[39m
    [36m</div>[39m
  [36m</div>[39m
  [36m<div>[39m
    [36m<div[39m
      [33mclass[39m=[32m"bg-white border rounded-md shadow-sm mb-4"[39m
    [36m>[39m
      [36m<div[39m
        [33mclass[39m=[32m"flex justify-between items-center p-3 cursor-pointer"[39m
      [36m>[39m
        [36m<div[39m
          [33mclass[39m=[32m"flex items-center"[39m
        [36m>[39m
          [36m<svg[39m
            [33mclass[39m=[32m"text-gray-500 mr-2"[39m
            [33mfill[39m=[32m"none"[39m
            [33mheight[39m=[32m"16"[39m
            [33mstroke[39m=[32m"currentColor"[39m
            [33mstroke-linecap[39m=[32m"round"[39m
            [33mstroke-linejoin[39m=[32m"round"[39m
            [33mstroke-width[39m=[32m"2"[39m
            [33mviewBox[39m=[32m"0 0 24 24"[39m
            [33mwidth[39m=[32m"16"[39m
            [33mxmlns[39m=[32m"http://www.w3.org/2000/svg"[39m
          [36m>[39m
            [36m<polygon[39m
              [33mpoints[39m=[32m"22 3 2 3 10 12.46 10 19 14 21 14 12.46 22 3"[39m
            [36m/>[39m
          [36m</svg>[39m
          [36m<h3[39m
            [33mclass[39m=[32m"font-medium"[39m
          [36m>[39m
            [0mFiltros avanzados[0m
          [36m</h3>[39m
        [36m</div>[39m
        [36m<div>[39m
          [36m<svg[39m
            [33mclass[39m=[32m"text-gray-500"[39m
            [33mfill[39m=[32m"none"[39m
            [33mheight[39m=[32m"16"[39m
            [33mstroke[39m=[32m"currentColor"[39m
            [33mstroke-linecap[39m=[32m"round"[39m
            [33mstroke-linejoin[39m=[32m"round"[39m
            [33mstroke-width[39m=[32m"2"[39m
            [33mviewBox[39m=[32m"0 0 24 24"[39m
            [33mwidth[39m=[32m"16"[39m
            [33mxmlns[39m=[32m"http://www.w3.org/2000/svg"[39m
          [36m>[39m
            [36m<path[39m
              [33md[39m=[32m"m6 9 6 6 6-6"[39m
            [36m/>[39m
          [36m</svg>[39m
        [36m</div>[39m
      [36m</div>[39m
    [36m</div>[39m
  [36m</div>[39m
  [36m<div>[39m
    [36m<div[39m
      [33mclass[39m=[32m"bg-white border rounded-md shadow-sm mb-4"[39m
    [36m>[39m
      [36m<div[39m
        [33mclass[39m=[32m"flex justify-between items-center p-3 cursor-pointer"[39m
      [36m>[39m
        [36m<div[39m
          [33mclass[39m=[32m"flex items-center"[39m
        [36m>[39m
          [36m<svg[39m
            [33mclass[39m=[32m"text-gray-500 mr-2"[39m
            [33mfill[39m=[32m"none"[39m
            [33mheight[39m=[32m"16"[39m
            [33mstroke[39m=[32m"currentColor"[39m
            [33mstroke-linecap[39m=[32m"round"[39m
            [33mstroke-linejoin[39m=[32m"round"[39m
            [33mstroke-width[39m=[32m"2"[39m
            [33mviewBox[39m=[32m"0 0 24 24"[39m
            [33mwidth[39m=[32m"16"[39m
            [33mxmlns[39m=[32m"http://www.w3.org/2000/svg"[39m
          [36m>[39m
            [36m<polygon[39m
              [33mpoints[39m=[32m"22 3 2 3 10 12.46 10 19 14 21 14 12.46 22 3"[39m
            [36m/>[39m
          [36m</svg>[39m
          [36m<h3[39m
            [33mclass[39m=[32m"font-medium"[39m
          [36m>[39m
            [0mFiltros avanzados[0m
          [36m</h3>[39m
        [36m</div>[39m
        [36m<div>[39m
          [36m<svg[39m
            [33mclass[39m=[32m"text-gray-500"[39m
            [33mfill[39m=[32m"none"[39m
            [33mheight[39m=[32m"16"[39m
            [33mstroke[39m=[32m"currentColor"[39m
            [33mstroke-linecap[39m=[32m"round"[39m
            [33mstroke-linejoin[39m=[32m"round"[39m
            [33mstroke-width[39m=[32m"2"[39m
            [33mviewBox[39m=[32m"0 0 24 24"[39m
            [33mwidth[39m=[32m"16"[39m
            [33mxmlns[39m=[32m"http://www.w3.org/2000/svg"[39m
          [36m>[39m
            [36m<path[39m
              [33md[39m=[32m"m6 9 6 6 6-6"[39m
            [36m/>[39m
          [36m</svg>[39m
        [36m</div>[39m
      [36m</div>[39m
    [36m</div>[39m
  [36m</div>[39m
  [36m<div>[39m
    [36m<div[39m
      [33mclass[39m=[32m"bg-white border rounded-md shadow-sm mb-4"[39m
    [36m>[39m
      [36m<div[39m
        [33mclass[39m=[32m"flex justify-between items-center p-3 cursor-pointer"[39m
      [36m>[39m
        [36m<div[39m
          [33mclass[39m=[32m"flex items-center"[39m
        [36m>[39m
          [36m<svg[39m
            [33mclass[39m=[32m"text-gray-500 mr-2"[39m
            [33mfill[39m=[32m"none"[39m
            [33mheight[39m=[32m"16"[39m
            [33mstroke[39m=[32m"currentColor"[39m
            [33mstroke-linecap[39m=[32m"round"[39m
            [33mstroke-linejoin[39m=[32m"round"[39m
            [33mstroke-width[39m=[32m"2"[39m
            [33mviewBox[39m=[32m"0 0 24 24"[39m
            [33mwidth[39m=[32m"16"[39m
            [33mxmlns[39m=[32m"http://www.w3.org/2000/svg"[39m
          [36m>[39m
            [36m<polygon[39m
              [33mpoints[39m=[32m"22 3 2 3 10 12.46 10 19 14 21 14 12.46 22 3"[39m
            [36m/>[39m
          [36m</svg>[39m
          [36m<h3[39m
            [33mclass[39m=[32m"font-medium"[39m
          [36m>[39m
            [0mFiltros avanzados[0m
          [36m</h3>[39m
        [36m</div>[39m
        [36m<div>[39m
          [36m<svg[39m
            [33mclass[39m=[32m"text-gray-500"[39m
            [33mfill[39m=[32m"none"[39m
            [33mheight[39m=[32m"16"[39m
            [33mstroke[39m=[32m"currentColor"[39m
            [33mstroke-linecap[39m=[32m"round"[39m
            [33mstroke-linejoin[39m=[32m"round"[39m
            [33mstroke-width[39m=[32m"2"[39m
            [33mviewBox[39m=[32m"0 0 24 24"[39m
            [33mwidth[39m=[32m"16"[39m
            [33mxmlns[39m=[32m"http://www.w3.org/2000/svg"[39m
          [36m>[39m
            [36m<path[39m
              [33md[39m=[32m"m6 9 6 6 6-6"[39m
            [36m/>[39m
          [36m</svg>[39m
        [36m</div>[39m
      [36m</div>[39m
    [36m</div>[39m
  [36m</div>[39m
  [36m<div>[39m
    [36m<div[39m
      [33mclass[39m=[32m"bg-white border rounded-md shadow-sm mb-4"[39m
    [36m>[39m
      [36m<div[39m
        [33mclass[39m=[32m"flex justify-between items-center p-3 cursor-pointer"[39m
      [36m>[39m
        [36m<div[39m
          [33mclass[39m=[32m"flex items-center"[39m
        [36m>[39m
          [36m<svg[39m
            [33mclass[39m=[32m"text-gray-500 mr-2"[39m
            [33mfill[39m=[32m"none"[39m
            [33mheight[39m=[32m"16"[39m
            [33mstroke[39m=[32m"currentColor"[39m
            [33mstroke-linecap[39m=[32m"round"[39m
            [33mstroke-linejoin[39m=[32m"round"[39m
            [33mstroke-width[39m=[32m"2"[39m
            [33mviewBox[39m=[32m"0 0 24 24"[39m
            [33mwidth[39m=[32m"16"[39m
            [33mxmlns[39m=[32m"http://www.w3.org/2000/svg"[39m
          [36m>[39m
            [36m<polygon[39m
              [33mpoints[39m=[32m"22 3 2 3 10 12.46 10 19 14 21 14 12.46 22 3"[39m
            [36m/>[39m
          [36m</svg>[39m
          [36m<h3[39m
            [33mclass[39m=[32m"font-medium"[39m
          [36m>[39m
            [0mFiltros avanzados[0m
          [36m</h3>[39m
        [36m</div>[39m
        [36m<div>[39m
          [36m<svg[39m
            [33mclass[39m=[32m"text-gray-500"[39m
            [33mfill[39m=[32m"none"[39m
            [33mheight[39m=[32m"16"[39m
            [33mstroke[39m=[32m"currentColor"[39m
            [33mstroke-linecap[39m=[32m"round"[39m
            [33mstroke-linejoin[39m=[32m"round"[39m
            [33mstroke-width[39m=[32m"2"[39m
            [33mviewBox[39m=[32m"0 0 24 24"[39m
            [33mwidth[39m=[32m"16"[39m
            [33mxmlns[39m=[32m"http://www.w3.org/2000/svg"[39m
          [36m>[39m
            [36m<path[39m
              [33md[39m=[32m"m6 9 6 6 6-6"[39m
            [36m/>[39m
          [36m</svg>[39m
        [36m</div>[39m
      [36m</div>[39m
    [36m</div>[39m
  [36m</div>[39m
[36m</body>[39m
   ├ù EmailFilters > carga filtros iniciales correctamente 73ms
     ÔåÆ Found multiple elements with the text: Filtros avanzados

Here are the matching elements:

Ignored nodes: comments, script, style
[36m<h3[39m
  [33mclass[39m=[32m"font-medium"[39m
[36m>[39m
  [0mFiltros avanzados[0m
[36m</h3>[39m

Ignored nodes: comments, script, style
[36m<h3[39m
  [33mclass[39m=[32m"font-medium"[39m
[36m>[39m
  [0mFiltros avanzados[0m
[36m</h3>[39m

Ignored nodes: comments, script, style
[36m<h3[39m
  [33mclass[39m=[32m"font-medium"[39m
[36m>[39m
  [0mFiltros avanzados[0m
[36m</h3>[39m

Ignored nodes: comments, script, style
[36m<h3[39m
  [33mclass[39m=[32m"font-medium"[39m
[36m>[39m
  [0mFiltros avanzados[0m
[36m</h3>[39m

Ignored nodes: comments, script, style
[36m<h3[39m
  [33mclass[39m=[32m"font-medium"[39m
[36m>[39m
  [0mFiltros avanzados[0m
[36m</h3>[39m

Ignored nodes: comments, script, style
[36m<h3[39m
  [33mclass[39m=[32m"font-medium"[39m
[36m>[39m
  [0mFiltros avanzados[0m
[36m</h3>[39m

(If this is intentional, then use the `*AllBy*` variant of the query (like `queryAllByText`, `getAllByText`, or `findAllByText`)).

Ignored nodes: comments, script, style
[36m<body>[39m
  [36m<div>[39m
    [36m<div[39m
      [33mclass[39m=[32m"bg-white border rounded-md shadow-sm mb-4"[39m
    [36m>[39m
      [36m<div[39m
        [33mclass[39m=[32m"flex justify-between items-center p-3 cursor-pointer"[39m
      [36m>[39m
        [36m<div[39m
          [33mclass[39m=[32m"flex items-center"[39m
        [36m>[39m
          [36m<svg[39m
            [33mclass[39m=[32m"text-gray-500 mr-2"[39m
            [33mfill[39m=[32m"none"[39m
            [33mheight[39m=[32m"16"[39m
            [33mstroke[39m=[32m"currentColor"[39m
            [33mstroke-linecap[39m=[32m"round"[39m
            [33mstroke-linejoin[39m=[32m"round"[39m
            [33mstroke-width[39m=[32m"2"[39m
            [33mviewBox[39m=[32m"0 0 24 24"[39m
            [33mwidth[39m=[32m"16"[39m
            [33mxmlns[39m=[32m"http://www.w3.org/2000/svg"[39m
          [36m>[39m
            [36m<polygon[39m
              [33mpoints[39m=[32m"22 3 2 3 10 12.46 10 19 14 21 14 12.46 22 3"[39m
            [36m/>[39m
          [36m</svg>[39m
          [36m<h3[39m
            [33mclass[39m=[32m"font-medium"[39m
          [36m>[39m
            [0mFiltros avanzados[0m
          [36m</h3>[39m
        [36m</div>[39m
        [36m<div>[39m
          [36m<svg[39m
            [33mclass[39m=[32m"text-gray-500"[39m
            [33mfill[39m=[32m"none"[39m
            [33mheight[39m=[32m"16"[39m
            [33mstroke[39m=[32m"currentColor"[39m
            [33mstroke-linecap[39m=[32m"round"[39m
            [33mstroke-linejoin[39m=[32m"round"[39m
            [33mstroke-width[39m=[32m"2"[39m
            [33mviewBox[39m=[32m"0 0 24 24"[39m
            [33mwidth[39m=[32m"16"[39m
            [33mxmlns[39m=[32m"http://www.w3.org/2000/svg"[39m
          [36m>[39m
            [36m<path[39m
              [33md[39m=[32m"m6 9 6 6 6-6"[39m
            [36m/>[39m
          [36m</svg>[39m
        [36m</div>[39m
      [36m</div>[39m
    [36m</div>[39m
  [36m</div>[39m
  [36m<div>[39m
    [36m<div[39m
      [33mclass[39m=[32m"bg-white border rounded-md shadow-sm mb-4"[39m
    [36m>[39m
      [36m<div[39m
        [33mclass[39m=[32m"flex justify-between items-center p-3 cursor-pointer"[39m
      [36m>[39m
        [36m<div[39m
          [33mclass[39m=[32m"flex items-center"[39m
        [36m>[39m
          [36m<svg[39m
            [33mclass[39m=[32m"text-gray-500 mr-2"[39m
            [33mfill[39m=[32m"none"[39m
            [33mheight[39m=[32m"16"[39m
            [33mstroke[39m=[32m"currentColor"[39m
            [33mstroke-linecap[39m=[32m"round"[39m
            [33mstroke-linejoin[39m=[32m"round"[39m
            [33mstroke-width[39m=[32m"2"[39m
            [33mviewBox[39m=[32m"0 0 24 24"[39m
            [33mwidth[39m=[32m"16"[39m
            [33mxmlns[39m=[32m"http://www.w3.org/2000/svg"[39m
          [36m>[39m
            [36m<polygon[39m
              [33mpoints[39m=[32m"22 3 2 3 10 12.46 10 19 14 21 14 12.46 22 3"[39m
            [36m/>[39m
          [36m</svg>[39m
          [36m<h3[39m
            [33mclass[39m=[32m"font-medium"[39m
          [36m>[39m
            [0mFiltros avanzados[0m
          [36m</h3>[39m
        [36m</div>[39m
        [36m<div>[39m
          [36m<svg[39m
            [33mclass[39m=[32m"text-gray-500"[39m
            [33mfill[39m=[32m"none"[39m
            [33mheight[39m=[32m"16"[39m
            [33mstroke[39m=[32m"currentColor"[39m
            [33mstroke-linecap[39m=[32m"round"[39m
            [33mstroke-linejoin[39m=[32m"round"[39m
            [33mstroke-width[39m=[32m"2"[39m
            [33mviewBox[39m=[32m"0 0 24 24"[39m
            [33mwidth[39m=[32m"16"[39m
            [33mxmlns[39m=[32m"http://www.w3.org/2000/svg"[39m
          [36m>[39m
            [36m<path[39m
              [33md[39m=[32m"m6 9 6 6 6-6"[39m
            [36m/>[39m
          [36m</svg>[39m
        [36m</div>[39m
      [36m</div>[39m
    [36m</div>[39m
  [36m</div>[39m
  [36m<div>[39m
    [36m<div[39m
      [33mclass[39m=[32m"bg-white border rounded-md shadow-sm mb-4"[39m
    [36m>[39m
      [36m<div[39m
        [33mclass[39m=[32m"flex justify-between items-center p-3 cursor-pointer"[39m
      [36m>[39m
        [36m<div[39m
          [33mclass[39m=[32m"flex items-center"[39m
        [36m>[39m
          [36m<svg[39m
            [33mclass[39m=[32m"text-gray-500 mr-2"[39m
            [33mfill[39m=[32m"none"[39m
            [33mheight[39m=[32m"16"[39m
            [33mstroke[39m=[32m"currentColor"[39m
            [33mstroke-linecap[39m=[32m"round"[39m
            [33mstroke-linejoin[39m=[32m"round"[39m
            [33mstroke-width[39m=[32m"2"[39m
            [33mviewBox[39m=[32m"0 0 24 24"[39m
            [33mwidth[39m=[32m"16"[39m
            [33mxmlns[39m=[32m"http://www.w3.org/2000/svg"[39m
          [36m>[39m
            [36m<polygon[39m
              [33mpoints[39m=[32m"22 3 2 3 10 12.46 10 19 14 21 14 12.46 22 3"[39m
            [36m/>[39m
          [36m</svg>[39m
          [36m<h3[39m
            [33mclass[39m=[32m"font-medium"[39m
          [36m>[39m
            [0mFiltros avanzados[0m
          [36m</h3>[39m
        [36m</div>[39m
        [36m<div>[39m
          [36m<svg[39m
            [33mclass[39m=[32m"text-gray-500"[39m
            [33mfill[39m=[32m"none"[39m
            [33mheight[39m=[32m"16"[39m
            [33mstroke[39m=[32m"currentColor"[39m
            [33mstroke-linecap[39m=[32m"round"[39m
            [33mstroke-linejoin[39m=[32m"round"[39m
            [33mstroke-width[39m=[32m"2"[39m
            [33mviewBox[39m=[32m"0 0 24 24"[39m
            [33mwidth[39m=[32m"16"[39m
            [33mxmlns[39m=[32m"http://www.w3.org/2000/svg"[39m
          [36m>[39m
            [36m<path[39m
              [33md[39m=[32m"m6 9 6 6 6-6"[39m
            [36m/>[39m
          [36m</svg>[39m
        [36m</div>[39m
      [36m</div>[39m
    [36m</div>[39m
  [36m</div>[39m
  [36m<div>[39m
    [36m<div[39m
      [33mclass[39m=[32m"bg-white border rounded-md shadow-sm mb-4"[39m
    [36m>[39m
      [36m<div[39m
        [33mclass[39m=[32m"flex justify-between items-center p-3 cursor-pointer"[39m
      [36m>[39m
        [36m<div[39m
          [33mclass[39m=[32m"flex items-center"[39m
        [36m>[39m
          [36m<svg[39m
            [33mclass[39m=[32m"text-gray-500 mr-2"[39m
            [33mfill[39m=[32m"none"[39m
            [33mheight[39m=[32m"16"[39m
            [33mstroke[39m=[32m"currentColor"[39m
            [33mstroke-linecap[39m=[32m"round"[39m
            [33mstroke-linejoin[39m=[32m"round"[39m
            [33mstroke-width[39m=[32m"2"[39m
            [33mviewBox[39m=[32m"0 0 24 24"[39m
            [33mwidth[39m=[32m"16"[39m
            [33mxmlns[39m=[32m"http://www.w3.org/2000/svg"[39m
          [36m>[39m
            [36m<polygon[39m
              [33mpoints[39m=[32m"22 3 2 3 10 12.46 10 19 14 21 14 12.46 22 3"[39m
            [36m/>[39m
          [36m</svg>[39m
          [36m<h3[39m
            [33mclass[39m=[32m"font-medium"[39m
          [36m>[39m
            [0mFiltros avanzados[0m
          [36m</h3>[39m
        [36m</div>[39m
        [36m<div>[39m
          [36m<svg[39m
            [33mclass[39m=[32m"text-gray-500"[39m
            [33mfill[39m=[32m"none"[39m
            [33mheight[39m=[32m"16"[39m
            [33mstroke[39m=[32m"currentColor"[39m
            [33mstroke-linecap[39m=[32m"round"[39m
            [33mstroke-linejoin[39m=[32m"round"[39m
            [33mstroke-width[39m=[32m"2"[39m
            [33mviewBox[39m=[32m"0 0 24 24"[39m
            [33mwidth[39m=[32m"16"[39m
            [33mxmlns[39m=[32m"http://www.w3.org/2000/svg"[39m
          [36m>[39m
            [36m<path[39m
              [33md[39m=[32m"m6 9 6 6 6-6"[39m
            [36m/>[39m
          [36m</svg>[39m
        [36m</div>[39m
      [36m</div>[39m
    [36m</div>[39m
  [36m</div>[39m
  [36m<div>[39m
    [36m<div[39m
      [33mclass[39m=[32m"bg-white border rounded-md shadow-sm mb-4"[39m
    [36m>[39m
      [36m<div[39m
        [33mclass[39m=[32m"flex justify-between items-center p-3 cursor-pointer"[39m
      [36m>[39m
        [36m<div[39m
          [33mclass[39m=[32m"flex items-center"[39m
        [36m>[39m
          [36m<svg[39m
            [33mclass[39m=[32m"text-gray-500 mr-2"[39m
            [33mfill[39m=[32m"none"[39m
            [33mheight[39m=[32m"16"[39m
            [33mstroke[39m=[32m"currentColor"[39m
            [33mstroke-linecap[39m=[32m"round"[39m
            [33mstroke-linejoin[39m=[32m"round"[39m
            [33mstroke-width[39m=[32m"2"[39m
            [33mviewBox[39m=[32m"0 0 24 24"[39m
            [33mwidth[39m=[32m"16"[39m
            [33mxmlns[39m=[32m"http://www.w3.org/2000/svg"[39m
          [36m>[39m
            [36m<polygon[39m
              [33mpoints[39m=[32m"22 3 2 3 10 12.46 10 19 14 21 14 12.46 22 3"[39m
            [36m/>[39m
          [36m</svg>[39m
          [36m<h3[39m
            [33mclass[39m=[32m"font-medium"[39m
          [36m>[39m
            [0mFiltros avanzados[0m
          [36m</h3>[39m
        [36m</div>[39m
        [36m<div>[39m
          [36m<svg[39m
            [33mclass[39m=[32m"text-gray-500"[39m
            [33mfill[39m=[32m"none"[39m
            [33mheight[39m=[32m"16"[39m
            [33mstroke[39m=[32m"currentColor"[39m
            [33mstroke-linecap[39m=[32m"round"[39m
            [33mstroke-linejoin[39m=[32m"round"[39m
            [33mstroke-width[39m=[32m"2"[39m
            [33mviewBox[39m=[32m"0 0 24 24"[39m
            [33mwidth[39m=[32m"16"[39m
            [33mxmlns[39m=[32m"http://www.w3.org/2000/svg"[39m
          [36m>[39m
            [36m<path[39m
              [33md[39m=[32m"m6 9 6 6 6-6"[39m
            [36m/>[39m
          [36m</svg>[39m
        [36m</div>[39m
      [36m</div>[39m
    [36m</div>[39m
  [36m</div>[39m
  [36m<div>[39m
    [36m<div[39m
      [33mclass[39m=[32m"bg-white border rounded-md shadow-sm mb-4"[39m
    [36m>[39m
      [36m<div[39m
        [33mclass[39m=[32m"flex justify-between items-center p-3 cursor-pointer"[39m
      [36m>[39m
        [36m<div[39m
          [33mclass[39m=[32m"flex items-center"[39m
        [36m>[39m
          [36m<svg[39m
            [33mclass[39m=[32m"text-gray-500 mr-2"[39m
            [33mfill[39m=[32m"none"[39m
            [33mheight[39m=[32m"16"[39m
            [33mstroke[39m=[32m"currentColor"[39m
            [33mstroke-linecap[39m=[32m"round"[39m
            [33mstroke-linejoin[39m=[32m"round"[39m
            [33mstroke-width[39m=[32m"2"[39m
            [33mviewBox[39m=[32m"0 0 24 24"[39m
            [33mwidth[39m=[32m"16"[39m
            [33mxmlns[39m=[32m"http://www.w3.org/2000/svg"[39m
          [36m>[39m
            [36m<polygon[39m
              [33mpoints[39m=[32m"22 3 2 3 10 12.46 10 19 14 21 14 12.46 22 3"[39m
            [36m/>[39m
          [36m</svg>[39m
          [36m<h3[39m
            [33mclass[39m=[32m"font-medium"[39m
          [36m>[39m
            [0mFiltros avanzados[0m
          [36m</h3>[39m
        [36m</div>[39m
        [36m<div>[39m
          [36m<svg[39m
            [33mclass[39m=[32m"text-gray-500"[39m
            [33mfill[39m=[32m"none"[39m
            [33mheight[39m=[32m"16"[39m
            [33mstroke[39m=[32m"currentColor"[39m
            [33mstroke-linecap[39m=[32m"round"[39m
            [33mstroke-linejoin[39m=[32m"round"[39m
            [33mstroke-width[39m=[32m"2"[39m
            [33mviewBox[39m=[32m"0 0 24 24"[39m
            [33mwidth[39m=[32m"16"[39m
            [33mxmlns[39m=[32m"http://www.w3.org/2000/svg"[39m
          [36m>[39m
            [36m<path[39m
              [33md[39m=[32m"m6 9 6 6 6-6"[39m
            [36m/>[39m
          [36m</svg>[39m
        [36m</div>[39m
      [36m</div>[39m
    [36m</div>[39m
  [36m</div>[39m
[36m</body>[39m
   ├ù EmailFilters > maneja correctamente cambios en los campos de texto 16ms
     ÔåÆ Found multiple elements with the text: Filtros avanzados

Here are the matching elements:

Ignored nodes: comments, script, style
[36m<h3[39m
  [33mclass[39m=[32m"font-medium"[39m
[36m>[39m
  [0mFiltros avanzados[0m
[36m</h3>[39m

Ignored nodes: comments, script, style
[36m<h3[39m
  [33mclass[39m=[32m"font-medium"[39m
[36m>[39m
  [0mFiltros avanzados[0m
[36m</h3>[39m

Ignored nodes: comments, script, style
[36m<h3[39m
  [33mclass[39m=[32m"font-medium"[39m
[36m>[39m
  [0mFiltros avanzados[0m
[36m</h3>[39m

Ignored nodes: comments, script, style
[36m<h3[39m
  [33mclass[39m=[32m"font-medium"[39m
[36m>[39m
  [0mFiltros avanzados[0m
[36m</h3>[39m

Ignored nodes: comments, script, style
[36m<h3[39m
  [33mclass[39m=[32m"font-medium"[39m
[36m>[39m
  [0mFiltros avanzados[0m
[36m</h3>[39m

Ignored nodes: comments, script, style
[36m<h3[39m
  [33mclass[39m=[32m"font-medium"[39m
[36m>[39m
  [0mFiltros avanzados[0m
[36m</h3>[39m

Ignored nodes: comments, script, style
[36m<h3[39m
  [33mclass[39m=[32m"font-medium"[39m
[36m>[39m
  [0mFiltros avanzados[0m
[36m</h3>[39m

(If this is intentional, then use the `*AllBy*` variant of the query (like `queryAllByText`, `getAllByText`, or `findAllByText`)).

Ignored nodes: comments, script, style
[36m<body>[39m
  [36m<div>[39m
    [36m<div[39m
      [33mclass[39m=[32m"bg-white border rounded-md shadow-sm mb-4"[39m
    [36m>[39m
      [36m<div[39m
        [33mclass[39m=[32m"flex justify-between items-center p-3 cursor-pointer"[39m
      [36m>[39m
        [36m<div[39m
          [33mclass[39m=[32m"flex items-center"[39m
        [36m>[39m
          [36m<svg[39m
            [33mclass[39m=[32m"text-gray-500 mr-2"[39m
            [33mfill[39m=[32m"none"[39m
            [33mheight[39m=[32m"16"[39m
            [33mstroke[39m=[32m"currentColor"[39m
            [33mstroke-linecap[39m=[32m"round"[39m
            [33mstroke-linejoin[39m=[32m"round"[39m
            [33mstroke-width[39m=[32m"2"[39m
            [33mviewBox[39m=[32m"0 0 24 24"[39m
            [33mwidth[39m=[32m"16"[39m
            [33mxmlns[39m=[32m"http://www.w3.org/2000/svg"[39m
          [36m>[39m
            [36m<polygon[39m
              [33mpoints[39m=[32m"22 3 2 3 10 12.46 10 19 14 21 14 12.46 22 3"[39m
            [36m/>[39m
          [36m</svg>[39m
          [36m<h3[39m
            [33mclass[39m=[32m"font-medium"[39m
          [36m>[39m
            [0mFiltros avanzados[0m
          [36m</h3>[39m
        [36m</div>[39m
        [36m<div>[39m
          [36m<svg[39m
            [33mclass[39m=[32m"text-gray-500"[39m
            [33mfill[39m=[32m"none"[39m
            [33mheight[39m=[32m"16"[39m
            [33mstroke[39m=[32m"currentColor"[39m
            [33mstroke-linecap[39m=[32m"round"[39m
            [33mstroke-linejoin[39m=[32m"round"[39m
            [33mstroke-width[39m=[32m"2"[39m
            [33mviewBox[39m=[32m"0 0 24 24"[39m
            [33mwidth[39m=[32m"16"[39m
            [33mxmlns[39m=[32m"http://www.w3.org/2000/svg"[39m
          [36m>[39m
            [36m<path[39m
              [33md[39m=[32m"m6 9 6 6 6-6"[39m
            [36m/>[39m
          [36m</svg>[39m
        [36m</div>[39m
      [36m</div>[39m
    [36m</div>[39m
  [36m</div>[39m
  [36m<div>[39m
    [36m<div[39m
      [33mclass[39m=[32m"bg-white border rounded-md shadow-sm mb-4"[39m
    [36m>[39m
      [36m<div[39m
        [33mclass[39m=[32m"flex justify-between items-center p-3 cursor-pointer"[39m
      [36m>[39m
        [36m<div[39m
          [33mclass[39m=[32m"flex items-center"[39m
        [36m>[39m
          [36m<svg[39m
            [33mclass[39m=[32m"text-gray-500 mr-2"[39m
            [33mfill[39m=[32m"none"[39m
            [33mheight[39m=[32m"16"[39m
            [33mstroke[39m=[32m"currentColor"[39m
            [33mstroke-linecap[39m=[32m"round"[39m
            [33mstroke-linejoin[39m=[32m"round"[39m
            [33mstroke-width[39m=[32m"2"[39m
            [33mviewBox[39m=[32m"0 0 24 24"[39m
            [33mwidth[39m=[32m"16"[39m
            [33mxmlns[39m=[32m"http://www.w3.org/2000/svg"[39m
          [36m>[39m
            [36m<polygon[39m
              [33mpoints[39m=[32m"22 3 2 3 10 12.46 10 19 14 21 14 12.46 22 3"[39m
            [36m/>[39m
          [36m</svg>[39m
          [36m<h3[39m
            [33mclass[39m=[32m"font-medium"[39m
          [36m>[39m
            [0mFiltros avanzados[0m
          [36m</h3>[39m
        [36m</div>[39m
        [36m<div>[39m
          [36m<svg[39m
            [33mclass[39m=[32m"text-gray-500"[39m
            [33mfill[39m=[32m"none"[39m
            [33mheight[39m=[32m"16"[39m
            [33mstroke[39m=[32m"currentColor"[39m
            [33mstroke-linecap[39m=[32m"round"[39m
            [33mstroke-linejoin[39m=[32m"round"[39m
            [33mstroke-width[39m=[32m"2"[39m
            [33mviewBox[39m=[32m"0 0 24 24"[39m
            [33mwidth[39m=[32m"16"[39m
            [33mxmlns[39m=[32m"http://www.w3.org/2000/svg"[39m
          [36m>[39m
            [36m<path[39m
              [33md[39m=[32m"m6 9 6 6 6-6"[39m
            [36m/>[39m
          [36m</svg>[39m
        [36m</div>[39m
      [36m</div>[39m
    [36m</div>[39m
  [36m</div>[39m
  [36m<div>[39m
    [36m<div[39m
      [33mclass[39m=[32m"bg-white border rounded-md shadow-sm mb-4"[39m
    [36m>[39m
      [36m<div[39m
        [33mclass[39m=[32m"flex justify-between items-center p-3 cursor-pointer"[39m
      [36m>[39m
        [36m<div[39m
          [33mclass[39m=[32m"flex items-center"[39m
        [36m>[39m
          [36m<svg[39m
            [33mclass[39m=[32m"text-gray-500 mr-2"[39m
            [33mfill[39m=[32m"none"[39m
            [33mheight[39m=[32m"16"[39m
            [33mstroke[39m=[32m"currentColor"[39m
            [33mstroke-linecap[39m=[32m"round"[39m
            [33mstroke-linejoin[39m=[32m"round"[39m
            [33mstroke-width[39m=[32m"2"[39m
            [33mviewBox[39m=[32m"0 0 24 24"[39m
            [33mwidth[39m=[32m"16"[39m
            [33mxmlns[39m=[32m"http://www.w3.org/2000/svg"[39m
          [36m>[39m
            [36m<polygon[39m
              [33mpoints[39m=[32m"22 3 2 3 10 12.46 10 19 14 21 14 12.46 22 3"[39m
            [36m/>[39m
          [36m</svg>[39m
          [36m<h3[39m
            [33mclass[39m=[32m"font-medium"[39m
          [36m>[39m
            [0mFiltros avanzados[0m
          [36m</h3>[39m
        [36m</div>[39m
        [36m<div>[39m
          [36m<svg[39m
            [33mclass[39m=[32m"text-gray-500"[39m
            [33mfill[39m=[32m"none"[39m
            [33mheight[39m=[32m"16"[39m
            [33mstroke[39m=[32m"currentColor"[39m
            [33mstroke-linecap[39m=[32m"round"[39m
            [33mstroke-linejoin[39m=[32m"round"[39m
            [33mstroke-width[39m=[32m"2"[39m
            [33mviewBox[39m=[32m"0 0 24 24"[39m
            [33mwidth[39m=[32m"16"[39m
            [33mxmlns[39m=[32m"http://www.w3.org/2000/svg"[39m
          [36m>[39m
            [36m<path[39m
              [33md[39m=[32m"m6 9 6 6 6-6"[39m
            [36m/>[39m
          [36m</svg>[39m
        [36m</div>[39m
      [36m</div>[39m
    [36m</div>[39m
  [36m</div>[39m
  [36m<div>[39m
    [36m<div[39m
      [33mclass[39m=[32m"bg-white border rounded-md shadow-sm mb-4"[39m
    [36m>[39m
      [36m<div[39m
        [33mclass[39m=[32m"flex justify-between items-center p-3 cursor-pointer"[39m
      [36m>[39m
        [36m<div[39m
          [33mclass[39m=[32m"flex items-center"[39m
        [36m>[39m
          [36m<svg[39m
            [33mclass[39m=[32m"text-gray-500 mr-2"[39m
            [33mfill[39m=[32m"none"[39m
            [33mheight[39m=[32m"16"[39m
            [33mstroke[39m=[32m"currentColor"[39m
            [33mstroke-linecap[39m=[32m"round"[39m
            [33mstroke-linejoin[39m=[32m"round"[39m
            [33mstroke-width[39m=[32m"2"[39m
            [33mviewBox[39m=[32m"0 0 24 24"[39m
            [33mwidth[39m=[32m"16"[39m
            [33mxmlns[39m=[32m"http://www.w3.org/2000/svg"[39m
          [36m>[39m
            [36m<polygon[39m
              [33mpoints[39m=[32m"22 3 2 3 10 12.46 10 19 14 21 14 12.46 22 3"[39m
            [36m/>[39m
          [36m</svg>[39m
          [36m<h3[39m
            [33mclass[39m=[32m"font-medium"[39m
          [36m>[39m
            [0mFiltros avanzados[0m
          [36m</h3>[39m
        [36m</div>[39m
        [36m<div>[39m
          [36m<svg[39m
            [33mclass[39m=[32m"text-gray-500"[39m
            [33mfill[39m=[32m"none"[39m
            [33mheight[39m=[32m"16"[39m
            [33mstroke[39m=[32m"currentColor"[39m
            [33mstroke-linecap[39m=[32m"round"[39m
            [33mstroke-linejoin[39m=[32m"round"[39m
            [33mstroke-width[39m=[32m"2"[39m
            [33mviewBox[39m=[32m"0 0 24 24"[39m
            [33mwidth[39m=[32m"16"[39m
            [33mxmlns[39m=[32m"http://www.w3.org/2000/svg"[39m
          [36m>[39m
            [36m<path[39m
              [33md[39m=[32m"m6 9 6 6 6-6"[39m
            [36m/>[39m
          [36m</svg>[39m
        [36m</div>[39m
      [36m</div>[39m
    [36m</div>[39m
  [36m</div>[39m
  [36m<div>[39m
    [36m<div[39m
      [33mclass[39m=[32m"bg-white border rounded-md shadow-sm mb-4"[39m
    [36m>[39m
      [36m<div[39m
        [33mclass[39m=[32m"flex justify-between items-center p-3 cursor-pointer"[39m
      [36m>[39m
        [36m<div[39m
          [33mclass[39m=[32m"flex items-center"[39m
        [36m>[39m
          [36m<svg[39m
            [33mclass[39m=[32m"text-gray-500 mr-2"[39m
            [33mfill[39m=[32m"none"[39m
            [33mheight[39m=[32m"16"[39m
            [33mstroke[39m=[32m"currentColor"[39m
            [33mstroke-linecap[39m=[32m"round"[39m
            [33mstroke-linejoin[39m=[32m"round"[39m
            [33mstroke-width[39m=[32m"2"[39m
            [33mviewBox[39m=[32m"0 0 24 24"[39m
            [33mwidth[39m=[32m"16"[39m
            [33mxmlns[39m=[32m"http://www.w3.org/2000/svg"[39m
          [36m>[39m
            [36m<polygon[39m
              [33mpoints[39m=[32m"22 3 2 3 10 12.46 10 19 14 21 14 12.46 22 3"[39m
            [36m/>[39m
          [36m</svg>[39m
          [36m<h3[39m
            [33mclass[39m=[32m"font-medium"[39m
          [36m>[39m
            [0mFiltros avanzados[0m
          [36m</h3>[39m
        [36m</div>[39m
        [36m<div>[39m
          [36m<svg[39m
            [33mclass[39m=[32m"text-gray-500"[39m
            [33mfill[39m=[32m"none"[39m
            [33mheight[39m=[32m"16"[39m
            [33mstroke[39m=[32m"currentColor"[39m
            [33mstroke-linecap[39m=[32m"round"[39m
            [33mstroke-linejoin[39m=[32m"round"[39m
            [33mstroke-width[39m=[32m"2"[39m
            [33mviewBox[39m=[32m"0 0 24 24"[39m
            [33mwidth[39m=[32m"16"[39m
            [33mxmlns[39m=[32m"http://www.w3.org/2000/svg"[39m
          [36m>[39m
            [36m<path[39m
              [33md[39m=[32m"m6 9 6 6 6-6"[39m
            [36m/>[39m
          [36m</svg>[39m
        [36m</div>[39m
      [36m</div>[39m
    [36m</div>[39m
  [36m</div>[39m
  [36m<div>[39m
    [36m<div[39m
      [33mclass[39m=[32m"bg-white border rounded-md shadow-sm mb-4"[39m
    [36m>[39m
      [36m<div[39m
        [33mclass[39m=[32m"flex justify-between items-center p-3 cursor-pointer"[39m
      [36m>[39m
        [36m<div[39m
          [33mclass[39m=[32m"flex items-center"[39m
        [36m>[39m
          [36m<svg[39m
            [33mclass[39m=[32m"text-gray-500 mr-2"[39m
            [33mfill[39m=[32m"none"[39m
            [33mheight[39m=[32m"16"[39m
            [33mstroke[39m=[32m"currentColor"[39m
            [33mstroke-linecap[39m=[32m"round"[39m
            [33mstroke-linejoin[39m=[32m"round"[39m
            [33mstroke-width[39m=[32m"2"[39m
            [33mviewBox[39m=[32m"0 0 24 24"[39m
            [33mwidth[39m=[32m"16"[39m
            [33mxmlns[39m=[32m"http://www.w3.org/2000/svg"[39m
          [36m>[39m
            [36m<polygon[39m
              [33mpoints[39m=[32m"22 3 2 3 10 12.46 10 19 14 21 14 12.46 22 3"[39m
            [36m/>[39m
          [36m</svg>[39m
          [36m<h3[39m
            [33mclass[39m=[32m"font-medium"[39m
          [36m>[39m
            [0mFiltros avanzados[0m
          [36m</h3>[39m
        [36m</div>[39m
        [36m<div>[39m
          [36m<svg[39m
            [33mclass[39m=[32m"text-gray-500"[39m
            [33mfill[39m=[32m"none"[39m
            [33mheight[39m=[32m"16"[39m
            [33mstroke[39m=[32m"currentColor"[39m
            [33mstroke-linecap[39m=[32m"round"[39m
            [33mstroke-linejoin[39m=[32m"round"[39m
            [33mstroke-width[39m=[32m"2"[39m
            [33mviewBox[39m=[32m"0 0 24 24"[39m
            [33mwidth[39m=[32m"16"[39m
            [33mxmlns[39m=[32m"http://www.w3.org/2000/svg"[39m
          [36m>[39m
            [36m<path[39m
              [33md[39m=[32m"m6 9 6 6 6-6"[39m
            [36m/>[39m
          [36m</svg>[39m
        [36m</div>[39m
      [36m</div>[39m
    [36m</div>[39m
  [36m</div>[39m
  [36m<div>[39m
    [36m<div[39m
      [33mclass[39m=[32m"bg-white border rounded-md shadow-sm mb-4"[39m
    [36m>[39m
      [36m<div[39m
        [33mclass[39m=[32m"flex justify-between items-center p-3 cursor-pointer"[39m
      [36m>[39m
        [36m<div[39m
          [33mclass[39m=[32m"flex items-center"[39m
        [36m>[39m
          [36m<svg[39m
            [33mclass[39m=[32m"text-gray-500 mr-2"[39m
            [33mfill[39m=[32m"none"[39m
            [33mheight[39m=[32m"16"[39m
            [33mstroke[39m=[32m"currentColor"[39m
            [33mstroke-linecap[39m=[32m"round"[39m
            [33mstroke-linejoin[39m=[32m"round"[39m
            [33mstroke-width[39m=[32m"2"[39m
            [33mviewBox[39m=[32m"0 0 24 24"[39m
            [33mwidth[39m=[32m"16"[39m
            [33mxmlns[39m=[32m"http://www.w3.org/2000/svg"[39m
          [36m>[39m
            [36m<polygon[39m
              [33mpoints[39m=[32m"22 3 2 3 10 12.46 10 19 14 21 14 12.46 22 3"[39m
            [36m/>[39m
          [36m</svg>[39m
          [36m<h3[39m
            [33mclass[39m=[32m"font-medium"[39m
          [36m>[39m
            [0mFiltros avanzados[0m
          [36m</h3>[39m
        [36m</div>[39m
        [36m<div>[39m
          [36m<svg[39m
            [33mclass[39m=[32m"text-gray-500"[39m
            [33mfill[39m=[32m"none"[39m
            [33mheight[39m=[32m"16"[39m
            [33mstroke[39m=[32m"currentColor"[39m
            [33mstroke-linecap[39m=[32m"round"[39m
            [33mstroke-linejoin[39m=[32m"round"[39m
            [33mstroke-width[39m=[32m"2"[39m
            [33mviewBox[39m=[32m"0 0 24 24"[39m
            [33mwidth[39m=[32m"16"[39m
            [33mxmlns[39m=[32m"http://www.w3.org/2000/svg"[39m
          [36m>[39m
            [36m<path[39m
              [33md[39m=[32m"m6 9 6 6 6-6"[39m
            [36m/>[39m
          [36m</svg>[39m
        [36m</div>[39m
      [36m</div>[39m
    [36m</div>[39m
  [36m</div>[39m
[36m</body>[39m
   ├ù EmailFilters > maneja correctamente los cambios en los campos de fecha 77ms
     ÔåÆ Found multiple elements with the text: Filtros avanzados

Here are the matching elements:

Ignored nodes: comments, script, style
[36m<h3[39m
  [33mclass[39m=[32m"font-medium"[39m
[36m>[39m
  [0mFiltros avanzados[0m
[36m</h3>[39m

Ignored nodes: comments, script, style
[36m<h3[39m
  [33mclass[39m=[32m"font-medium"[39m
[36m>[39m
  [0mFiltros avanzados[0m
[36m</h3>[39m

Ignored nodes: comments, script, style
[36m<h3[39m
  [33mclass[39m=[32m"font-medium"[39m
[36m>[39m
  [0mFiltros avanzados[0m
[36m</h3>[39m

Ignored nodes: comments, script, style
[36m<h3[39m
  [33mclass[39m=[32m"font-medium"[39m
[36m>[39m
  [0mFiltros avanzados[0m
[36m</h3>[39m

Ignored nodes: comments, script, style
[36m<h3[39m
  [33mclass[39m=[32m"font-medium"[39m
[36m>[39m
  [0mFiltros avanzados[0m
[36m</h3>[39m

Ignored nodes: comments, script, style
[36m<h3[39m
  [33mclass[39m=[32m"font-medium"[39m
[36m>[39m
  [0mFiltros avanzados[0m
[36m</h3>[39m

Ignored nodes: comments, script, style
[36m<h3[39m
  [33mclass[39m=[32m"font-medium"[39m
[36m>[39m
  [0mFiltros avanzados[0m
[36m</h3>[39m

Ignored nodes: comments, script, style
[36m<h3[39m
  [33mclass[39m=[32m"font-medium"[39m
[36m>[39m
  [0mFiltros avanzados[0m
[36m</h3>[39m

(If this is intentional, then use the `*AllBy*` variant of the query (like `queryAllByText`, `getAllByText`, or `findAllByText`)).

Ignored nodes: comments, script, style
[36m<body>[39m
  [36m<div>[39m
    [36m<div[39m
      [33mclass[39m=[32m"bg-white border rounded-md shadow-sm mb-4"[39m
    [36m>[39m
      [36m<div[39m
        [33mclass[39m=[32m"flex justify-between items-center p-3 cursor-pointer"[39m
      [36m>[39m
        [36m<div[39m
          [33mclass[39m=[32m"flex items-center"[39m
        [36m>[39m
          [36m<svg[39m
            [33mclass[39m=[32m"text-gray-500 mr-2"[39m
            [33mfill[39m=[32m"none"[39m
            [33mheight[39m=[32m"16"[39m
            [33mstroke[39m=[32m"currentColor"[39m
            [33mstroke-linecap[39m=[32m"round"[39m
            [33mstroke-linejoin[39m=[32m"round"[39m
            [33mstroke-width[39m=[32m"2"[39m
            [33mviewBox[39m=[32m"0 0 24 24"[39m
            [33mwidth[39m=[32m"16"[39m
            [33mxmlns[39m=[32m"http://www.w3.org/2000/svg"[39m
          [36m>[39m
            [36m<polygon[39m
              [33mpoints[39m=[32m"22 3 2 3 10 12.46 10 19 14 21 14 12.46 22 3"[39m
            [36m/>[39m
          [36m</svg>[39m
          [36m<h3[39m
            [33mclass[39m=[32m"font-medium"[39m
          [36m>[39m
            [0mFiltros avanzados[0m
          [36m</h3>[39m
        [36m</div>[39m
        [36m<div>[39m
          [36m<svg[39m
            [33mclass[39m=[32m"text-gray-500"[39m
            [33mfill[39m=[32m"none"[39m
            [33mheight[39m=[32m"16"[39m
            [33mstroke[39m=[32m"currentColor"[39m
            [33mstroke-linecap[39m=[32m"round"[39m
            [33mstroke-linejoin[39m=[32m"round"[39m
            [33mstroke-width[39m=[32m"2"[39m
            [33mviewBox[39m=[32m"0 0 24 24"[39m
            [33mwidth[39m=[32m"16"[39m
            [33mxmlns[39m=[32m"http://www.w3.org/2000/svg"[39m
          [36m>[39m
            [36m<path[39m
              [33md[39m=[32m"m6 9 6 6 6-6"[39m
            [36m/>[39m
          [36m</svg>[39m
        [36m</div>[39m
      [36m</div>[39m
    [36m</div>[39m
  [36m</div>[39m
  [36m<div>[39m
    [36m<div[39m
      [33mclass[39m=[32m"bg-white border rounded-md shadow-sm mb-4"[39m
    [36m>[39m
      [36m<div[39m
        [33mclass[39m=[32m"flex justify-between items-center p-3 cursor-pointer"[39m
      [36m>[39m
        [36m<div[39m
          [33mclass[39m=[32m"flex items-center"[39m
        [36m>[39m
          [36m<svg[39m
            [33mclass[39m=[32m"text-gray-500 mr-2"[39m
            [33mfill[39m=[32m"none"[39m
            [33mheight[39m=[32m"16"[39m
            [33mstroke[39m=[32m"currentColor"[39m
            [33mstroke-linecap[39m=[32m"round"[39m
            [33mstroke-linejoin[39m=[32m"round"[39m
            [33mstroke-width[39m=[32m"2"[39m
            [33mviewBox[39m=[32m"0 0 24 24"[39m
            [33mwidth[39m=[32m"16"[39m
            [33mxmlns[39m=[32m"http://www.w3.org/2000/svg"[39m
          [36m>[39m
            [36m<polygon[39m
              [33mpoints[39m=[32m"22 3 2 3 10 12.46 10 19 14 21 14 12.46 22 3"[39m
            [36m/>[39m
          [36m</svg>[39m
          [36m<h3[39m
            [33mclass[39m=[32m"font-medium"[39m
          [36m>[39m
            [0mFiltros avanzados[0m
          [36m</h3>[39m
        [36m</div>[39m
        [36m<div>[39m
          [36m<svg[39m
            [33mclass[39m=[32m"text-gray-500"[39m
            [33mfill[39m=[32m"none"[39m
            [33mheight[39m=[32m"16"[39m
            [33mstroke[39m=[32m"currentColor"[39m
            [33mstroke-linecap[39m=[32m"round"[39m
            [33mstroke-linejoin[39m=[32m"round"[39m
            [33mstroke-width[39m=[32m"2"[39m
            [33mviewBox[39m=[32m"0 0 24 24"[39m
            [33mwidth[39m=[32m"16"[39m
            [33mxmlns[39m=[32m"http://www.w3.org/2000/svg"[39m
          [36m>[39m
            [36m<path[39m
              [33md[39m=[32m"m6 9 6 6 6-6"[39m
            [36m/>[39m
          [36m</svg>[39m
        [36m</div>[39m
      [36m</div>[39m
    [36m</div>[39m
  [36m</div>[39m
  [36m<div>[39m
    [36m<div[39m
      [33mclass[39m=[32m"bg-white border rounded-md shadow-sm mb-4"[39m
    [36m>[39m
      [36m<div[39m
        [33mclass[39m=[32m"flex justify-between items-center p-3 cursor-pointer"[39m
      [36m>[39m
        [36m<div[39m
          [33mclass[39m=[32m"flex items-center"[39m
        [36m>[39m
          [36m<svg[39m
            [33mclass[39m=[32m"text-gray-500 mr-2"[39m
            [33mfill[39m=[32m"none"[39m
            [33mheight[39m=[32m"16"[39m
            [33mstroke[39m=[32m"currentColor"[39m
            [33mstroke-linecap[39m=[32m"round"[39m
            [33mstroke-linejoin[39m=[32m"round"[39m
            [33mstroke-width[39m=[32m"2"[39m
            [33mviewBox[39m=[32m"0 0 24 24"[39m
            [33mwidth[39m=[32m"16"[39m
            [33mxmlns[39m=[32m"http://www.w3.org/2000/svg"[39m
          [36m>[39m
            [36m<polygon[39m
              [33mpoints[39m=[32m"22 3 2 3 10 12.46 10 19 14 21 14 12.46 22 3"[39m
            [36m/>[39m
          [36m</svg>[39m
          [36m<h3[39m
            [33mclass[39m=[32m"font-medium"[39m
          [36m>[39m
            [0mFiltros avanzados[0m
          [36m</h3>[39m
        [36m</div>[39m
        [36m<div>[39m
          [36m<svg[39m
            [33mclass[39m=[32m"text-gray-500"[39m
            [33mfill[39m=[32m"none"[39m
            [33mheight[39m=[32m"16"[39m
            [33mstroke[39m=[32m"currentColor"[39m
            [33mstroke-linecap[39m=[32m"round"[39m
            [33mstroke-linejoin[39m=[32m"round"[39m
            [33mstroke-width[39m=[32m"2"[39m
            [33mviewBox[39m=[32m"0 0 24 24"[39m
            [33mwidth[39m=[32m"16"[39m
            [33mxmlns[39m=[32m"http://www.w3.org/2000/svg"[39m
          [36m>[39m
            [36m<path[39m
              [33md[39m=[32m"m6 9 6 6 6-6"[39m
            [36m/>[39m
          [36m</svg>[39m
        [36m</div>[39m
      [36m</div>[39m
    [36m</div>[39m
  [36m</div>[39m
  [36m<div>[39m
    [36m<div[39m
      [33mclass[39m=[32m"bg-white border rounded-md shadow-sm mb-4"[39m
    [36m>[39m
      [36m<div[39m
        [33mclass[39m=[32m"flex justify-between items-center p-3 cursor-pointer"[39m
      [36m>[39m
        [36m<div[39m
          [33mclass[39m=[32m"flex items-center"[39m
        [36m>[39m
          [36m<svg[39m
            [33mclass[39m=[32m"text-gray-500 mr-2"[39m
            [33mfill[39m=[32m"none"[39m
            [33mheight[39m=[32m"16"[39m
            [33mstroke[39m=[32m"currentColor"[39m
            [33mstroke-linecap[39m=[32m"round"[39m
            [33mstroke-linejoin[39m=[32m"round"[39m
            [33mstroke-width[39m=[32m"2"[39m
            [33mviewBox[39m=[32m"0 0 24 24"[39m
            [33mwidth[39m=[32m"16"[39m
            [33mxmlns[39m=[32m"http://www.w3.org/2000/svg"[39m
          [36m>[39m
            [36m<polygon[39m
              [33mpoints[39m=[32m"22 3 2 3 10 12.46 10 19 14 21 14 12.46 22 3"[39m
            [36m/>[39m
          [36m</svg>[39m
          [36m<h3[39m
            [33mclass[39m=[32m"font-medium"[39m
          [36m>[39m
            [0mFiltros avanzados[0m
          [36m</h3>[39m
        [36m</div>[39m
        [36m<div>[39m
          [36m<svg[39m
            [33mclass[39m=[32m"text-gray-500"[39m
            [33mfill[39m=[32m"none"[39m
            [33mheight[39m=[32m"16"[39m
            [33mstroke[39m=[32m"currentColor"[39m
            [33mstroke-linecap[39m=[32m"round"[39m
            [33mstroke-linejoin[39m=[32m"round"[39m
            [33mstroke-width[39m=[32m"2"[39m
            [33mviewBox[39m=[32m"0 0 24 24"[39m
            [33mwidth[39m=[32m"16"[39m
            [33mxmlns[39m=[32m"http://www.w3.org/2000/svg"[39m
          [36m>[39m
            [36m<path[39m
              [33md[39m=[32m"m6 9 6 6 6-6"[39m
            [36m/>[39m
          [36m</svg>[39m
        [36m</div>[39m
      [36m</div>[39m
    [36m</div>[39m
  [36m</div>[39m
  [36m<div>[39m
    [36m<div[39m
      [33mclass[39m=[32m"bg-white border rounded-md shadow-sm mb-4"[39m
    [36m>[39m
      [36m<div[39m
        [33mclass[39m=[32m"flex justify-between items-center p-3 cursor-pointer"[39m
      [36m>[39m
        [36m<div[39m
          [33mclass[39m=[32m"flex items-center"[39m
        [36m>[39m
          [36m<svg[39m
            [33mclass[39m=[32m"text-gray-500 mr-2"[39m
            [33mfill[39m=[32m"none"[39m
            [33mheight[39m=[32m"16"[39m
            [33mstroke[39m=[32m"currentColor"[39m
            [33mstroke-linecap[39m=[32m"round"[39m
            [33mstroke-linejoin[39m=[32m"round"[39m
            [33mstroke-width[39m=[32m"2"[39m
            [33mviewBox[39m=[32m"0 0 24 24"[39m
            [33mwidth[39m=[32m"16"[39m
            [33mxmlns[39m=[32m"http://www.w3.org/2000/svg"[39m
          [36m>[39m
            [36m<polygon[39m
              [33mpoints[39m=[32m"22 3 2 3 10 12.46 10 19 14 21 14 12.46 22 3"[39m
            [36m/>[39m
          [36m</svg>[39m
          [36m<h3[39m
            [33mclass[39m=[32m"font-medium"[39m
          [36m>[39m
            [0mFiltros avanzados[0m
          [36m</h3>[39m
        [36m</div>[39m
        [36m<div>[39m
          [36m<svg[39m
            [33mclass[39m=[32m"text-gray-500"[39m
            [33mfill[39m=[32m"none"[39m
            [33mheight[39m=[32m"16"[39m
            [33mstroke[39m=[32m"currentColor"[39m
            [33mstroke-linecap[39m=[32m"round"[39m
            [33mstroke-linejoin[39m=[32m"round"[39m
            [33mstroke-width[39m=[32m"2"[39m
            [33mviewBox[39m=[32m"0 0 24 24"[39m
            [33mwidth[39m=[32m"16"[39m
            [33mxmlns[39m=[32m"http://www.w3.org/2000/svg"[39m
          [36m>[39m
            [36m<path[39m
              [33md[39m=[32m"m6 9 6 6 6-6"[39m
            [36m/>[39m
          [36m</svg>[39m
        [36m</div>[39m
      [36m</div>[39m
    [36m</div>[39m
  [36m</div>[39m
  [36m<div>[39m
    [36m<div[39m
      [33mclass[39m=[32m"bg-white border rounded-md shadow-sm mb-4"[39m
    [36m>[39m
      [36m<div[39m
        [33mclass[39m=[32m"flex justify-between items-center p-3 cursor-pointer"[39m
      [36m>[39m
        [36m<div[39m
          [33mclass[39m=[32m"flex items-center"[39m
        [36m>[39m
          [36m<svg[39m
            [33mclass[39m=[32m"text-gray-500 mr-2"[39m
            [33mfill[39m=[32m"none"[39m
            [33mheight[39m=[32m"16"[39m
            [33mstroke[39m=[32m"currentColor"[39m
            [33mstroke-linecap[39m=[32m"round"[39m
            [33mstroke-linejoin[39m=[32m"round"[39m
            [33mstroke-width[39m=[32m"2"[39m
            [33mviewBox[39m=[32m"0 0 24 24"[39m
            [33mwidth[39m=[32m"16"[39m
            [33mxmlns[39m=[32m"http://www.w3.org/2000/svg"[39m
          [36m>[39m
            [36m<polygon[39m
              [33mpoints[39m=[32m"22 3 2 3 10 12.46 10 19 14 21 14 12.46 22 3"[39m
            [36m/>[39m
          [36m</svg>[39m
          [36m<h3[39m
            [33mclass[39m=[32m"font-medium"[39m
          [36m>[39m
            [0mFiltros avanzados[0m
          [36m</h3>[39m
        [36m</div>[39m
        [36m<div>[39m
          [36m<svg[39m
            [33mclass[39m=[32m"text-gray-500"[39m
            [33mfill[39m=[32m"none"[39m
            [33mheight[39m=[32m"16"[39m
            [33mstroke[39m=[32m"currentColor"[39m
            [33mstroke-linecap[39m=[32m"round"[39m
            [33mstroke-linejoin[39m=[32m"round"[39m
            [33mstroke-width[39m=[32m"2"[39m
            [33mviewBox[39m=[32m"0 0 24 24"[39m
            [33mwidth[39m=[32m"16"[39m
            [33mxmlns[39m=[32m"http://www.w3.org/2000/svg"[39m
          [36m>[39m
            [36m<path[39m
              [33md[39m=[32m"m6 9 6 6 6-6"[39m
            [36m/>[39m
          [36m</svg>[39m
        [36m</div>[39m
      [36m</div>[39m
    [36m</div>[39m
  [36m</div>[39m
  [36m<div>[39m
    [36m<div[39m
      [33mclass[39m=[32m"bg-white border rounded-md shadow-sm mb-4"[39m
    [36m>[39m
      [36m<div[39m
        [33mclass[39m=[32m"flex justify-between items-center p-3 cursor-pointer"[39m
      [36m>[39m
        [36m<div[39m
          [33mclass[39m=[32m"flex items-center"[39m
        [36m>[39m
          [36m<svg[39m
            [33mclass[39m=[32m"text-gray-500 mr-2"[39m
            [33mfill[39m=[32m"none"[39m
            [33mheight[39m=[32m"16"[39m
            [33mstroke[39m=[32m"currentColor"[39m
            [33mstroke-linecap[39m=[32m"round"[39m
            [33mstroke-linejoin[39m=[32m"round"[39m
            [33mstroke-width[39m=[32m"2"[39m
            [33mviewBox[39m=[32m"0 0 24 24"[39m
            [33mwidth[39m=[32m"16"[39m
            [33mxmlns[39m=[32m"http://www.w3.org/2000/svg"[39m
          [36m>[39m
            [36m<polygon[39m
              [33mpoints[39m=[32m"22 3 2 3 10 12.46 10 19 14 21 14 12.46 22 3"[39m
            [36m/>[39m
          [36m</svg>[39m
          [36m<h3[39m
            [33mclass[39m=[32m"font-medium"[39m
          [36m>[39m
            [0mFiltros avanzados[0m
          [36m</h3>[39m
        [36m</div>[39m
        [36m<div>[39m
          [36m<svg[39m
            [33mclass[39m=[32m"text-gray-500"[39m
            [33mfill[39m=[32m"none"[39m
            [33mheight[39m=[32m"16"[39m
            [33mstroke[39m=[32m"currentColor"[39m
            [33mstroke-linecap[39m=[32m"round"[39m
            [33mstroke-linejoin[39m=[32m"round"[39m
            [33mstroke-width[39m=[32m"2"[39m
            [33mviewBox[39m=[32m"0 0 24 24"[39m
            [33mwidth[39m=[32m"16"[39m
            [33mxmlns[39m=[32m"http://www.w3.org/2000/svg"[39m
          [36m>[39m
            [36m<path[39m
              [33md[39m=[32m"m6 9 6 6 6-6"[39m
            [36m/>[39m
          [36m</svg>[39m
        [36m</div>[39m
      [36m</div>[39m
    [36m</div>[39m
  [36m</div>[39m
  [36m<div>[39m
    [36m<div[39m
      [33mclass[39m=[32m"bg-white border rounded-md shadow-sm mb-4"[39m
    [36m>[39m
      [36m<div[39m
        [33mclass[39m=[32m"flex justify-between items-center p-3 cursor-pointer"[39m
      [36m>[39m
        [36m<div[39m
          [33mclass[39m=[32m"flex items-center"[39m
        [36m>[39m
          [36m<svg[39m
            [33mclass[39m=[32m"text-gray-500 mr-2"[39m
            [33mfill[39m=[32m"none"[39m
            [33mheight[39m=[32m"16"[39m
            [33mstroke[39m=[32m"currentColor"[39m
            [33mstroke-linecap[39m=[32m"round"[39m
            [33mstroke-linejoin[39m=[32m"round"[39m
            [33mstroke-width[39m=[32m"2"[39m
            [33mviewBox[39m=[32m"0 0 24 24"[39m
            [33mwidth[39m=[32m"16"[39m
            [33mxmlns[39m=[32m"http://www.w3.org/2000/svg"[39m
          [36m>[39m
            [36m<polygon[39m
              [33mpoints[39m=[32m"22 3 2 3 10 12.46 10 19 14 21 14 12.46 22 3"[39m
            [36m/>[39m
          [36m</svg>[39m
          [36m<h3[39m
            [33mclass[39m=[32m"font-medium"[39m
          [36m>[39m
            [0mFiltros avanzados[0m
          [36m</h3>[39m
        [36m</div>[39m
        [36m<div>[39m
          [36m<svg[39m
            [33mclass[39m=[32m"text-gray-500"[39m
            [33mfill[39m=[32m"none"[39m
            [33mheight[39m=[32m"16"[39m
            [33mstroke[39m=[32m"currentColor"[39m
            [33mstroke-linecap[39m=[32m"round"[39m
            [33mstroke-linejoin[39m=[32m"round"[39m
            [33mstroke-width[39m=[32m"2"[39m
            [33mviewBox[39m=[32m"0 0 24 24"[39m
            [33mwidth[39m=[32m"16"[39m
            [33mxmlns[39m=[32m"http://www.w3.org/2000/svg"[39m
          [36m>[39m
            [36m<path[39m
              [33md[39m=[32m"m6 9 6 6 6-6"[39m
            [36m/>[39m
          [36m</svg>[39m
        [36m</div>[39m
      [36m</div>[39m
    [36m</div>[39m
  [36m</div>[39m
[36m</body>[39m
   ├ù EmailFilters > maneja correctamente los cambios en las casillas de verificaci├│n 49ms
     ÔåÆ Found multiple elements with the text: Filtros avanzados

Here are the matching elements:

Ignored nodes: comments, script, style
[36m<h3[39m
  [33mclass[39m=[32m"font-medium"[39m
[36m>[39m
  [0mFiltros avanzados[0m
[36m</h3>[39m

Ignored nodes: comments, script, style
[36m<h3[39m
  [33mclass[39m=[32m"font-medium"[39m
[36m>[39m
  [0mFiltros avanzados[0m
[36m</h3>[39m

Ignored nodes: comments, script, style
[36m<h3[39m
  [33mclass[39m=[32m"font-medium"[39m
[36m>[39m
  [0mFiltros avanzados[0m
[36m</h3>[39m

Ignored nodes: comments, script, style
[36m<h3[39m
  [33mclass[39m=[32m"font-medium"[39m
[36m>[39m
  [0mFiltros avanzados[0m
[36m</h3>[39m

Ignored nodes: comments, script, style
[36m<h3[39m
  [33mclass[39m=[32m"font-medium"[39m
[36m>[39m
  [0mFiltros avanzados[0m
[36m</h3>[39m

Ignored nodes: comments, script, style
[36m<h3[39m
  [33mclass[39m=[32m"font-medium"[39m
[36m>[39m
  [0mFiltros avanzados[0m
[36m</h3>[39m

Ignored nodes: comments, script, style
[36m<h3[39m
  [33mclass[39m=[32m"font-medium"[39m
[36m>[39m
  [0mFiltros avanzados[0m
[36m</h3>[39m

Ignored nodes: comments, script, style
[36m<h3[39m
  [33mclass[39m=[32m"font-medium"[39m
[36m>[39m
  [0mFiltros avanzados[0m
[36m</h3>[39m

Ignored nodes: comments, script, style
[36m<h3[39m
  [33mclass[39m=[32m"font-medium"[39m
[36m>[39m
  [0mFiltros avanzados[0m
[36m</h3>[39m

(If this is intentional, then use the `*AllBy*` variant of the query (like `queryAllByText`, `getAllByText`, or `findAllByText`)).

Ignored nodes: comments, script, style
[36m<body>[39m
  [36m<div>[39m
    [36m<div[39m
      [33mclass[39m=[32m"bg-white border rounded-md shadow-sm mb-4"[39m
    [36m>[39m
      [36m<div[39m
        [33mclass[39m=[32m"flex justify-between items-center p-3 cursor-pointer"[39m
      [36m>[39m
        [36m<div[39m
          [33mclass[39m=[32m"flex items-center"[39m
        [36m>[39m
          [36m<svg[39m
            [33mclass[39m=[32m"text-gray-500 mr-2"[39m
            [33mfill[39m=[32m"none"[39m
            [33mheight[39m=[32m"16"[39m
            [33mstroke[39m=[32m"currentColor"[39m
            [33mstroke-linecap[39m=[32m"round"[39m
            [33mstroke-linejoin[39m=[32m"round"[39m
            [33mstroke-width[39m=[32m"2"[39m
            [33mviewBox[39m=[32m"0 0 24 24"[39m
            [33mwidth[39m=[32m"16"[39m
            [33mxmlns[39m=[32m"http://www.w3.org/2000/svg"[39m
          [36m>[39m
            [36m<polygon[39m
              [33mpoints[39m=[32m"22 3 2 3 10 12.46 10 19 14 21 14 12.46 22 3"[39m
            [36m/>[39m
          [36m</svg>[39m
          [36m<h3[39m
            [33mclass[39m=[32m"font-medium"[39m
          [36m>[39m
            [0mFiltros avanzados[0m
          [36m</h3>[39m
        [36m</div>[39m
        [36m<div>[39m
          [36m<svg[39m
            [33mclass[39m=[32m"text-gray-500"[39m
            [33mfill[39m=[32m"none"[39m
            [33mheight[39m=[32m"16"[39m
            [33mstroke[39m=[32m"currentColor"[39m
            [33mstroke-linecap[39m=[32m"round"[39m
            [33mstroke-linejoin[39m=[32m"round"[39m
            [33mstroke-width[39m=[32m"2"[39m
            [33mviewBox[39m=[32m"0 0 24 24"[39m
            [33mwidth[39m=[32m"16"[39m
            [33mxmlns[39m=[32m"http://www.w3.org/2000/svg"[39m
          [36m>[39m
            [36m<path[39m
              [33md[39m=[32m"m6 9 6 6 6-6"[39m
            [36m/>[39m
          [36m</svg>[39m
        [36m</div>[39m
      [36m</div>[39m
    [36m</div>[39m
  [36m</div>[39m
  [36m<div>[39m
    [36m<div[39m
      [33mclass[39m=[32m"bg-white border rounded-md shadow-sm mb-4"[39m
    [36m>[39m
      [36m<div[39m
        [33mclass[39m=[32m"flex justify-between items-center p-3 cursor-pointer"[39m
      [36m>[39m
        [36m<div[39m
          [33mclass[39m=[32m"flex items-center"[39m
        [36m>[39m
          [36m<svg[39m
            [33mclass[39m=[32m"text-gray-500 mr-2"[39m
            [33mfill[39m=[32m"none"[39m
            [33mheight[39m=[32m"16"[39m
            [33mstroke[39m=[32m"currentColor"[39m
            [33mstroke-linecap[39m=[32m"round"[39m
            [33mstroke-linejoin[39m=[32m"round"[39m
            [33mstroke-width[39m=[32m"2"[39m
            [33mviewBox[39m=[32m"0 0 24 24"[39m
            [33mwidth[39m=[32m"16"[39m
            [33mxmlns[39m=[32m"http://www.w3.org/2000/svg"[39m
          [36m>[39m
            [36m<polygon[39m
              [33mpoints[39m=[32m"22 3 2 3 10 12.46 10 19 14 21 14 12.46 22 3"[39m
            [36m/>[39m
          [36m</svg>[39m
          [36m<h3[39m
            [33mclass[39m=[32m"font-medium"[39m
          [36m>[39m
            [0mFiltros avanzados[0m
          [36m</h3>[39m
        [36m</div>[39m
        [36m<div>[39m
          [36m<svg[39m
            [33mclass[39m=[32m"text-gray-500"[39m
            [33mfill[39m=[32m"none"[39m
            [33mheight[39m=[32m"16"[39m
            [33mstroke[39m=[32m"currentColor"[39m
            [33mstroke-linecap[39m=[32m"round"[39m
            [33mstroke-linejoin[39m=[32m"round"[39m
            [33mstroke-width[39m=[32m"2"[39m
            [33mviewBox[39m=[32m"0 0 24 24"[39m
            [33mwidth[39m=[32m"16"[39m
            [33mxmlns[39m=[32m"http://www.w3.org/2000/svg"[39m
          [36m>[39m
            [36m<path[39m
              [33md[39m=[32m"m6 9 6 6 6-6"[39m
            [36m/>[39m
          [36m</svg>[39m
        [36m</div>[39m
      [36m</div>[39m
    [36m</div>[39m
  [36m</div>[39m
  [36m<div>[39m
    [36m<div[39m
      [33mclass[39m=[32m"bg-white border rounded-md shadow-sm mb-4"[39m
    [36m>[39m
      [36m<div[39m
        [33mclass[39m=[32m"flex justify-between items-center p-3 cursor-pointer"[39m
      [36m>[39m
        [36m<div[39m
          [33mclass[39m=[32m"flex items-center"[39m
        [36m>[39m
          [36m<svg[39m
            [33mclass[39m=[32m"text-gray-500 mr-2"[39m
            [33mfill[39m=[32m"none"[39m
            [33mheight[39m=[32m"16"[39m
            [33mstroke[39m=[32m"currentColor"[39m
            [33mstroke-linecap[39m=[32m"round"[39m
            [33mstroke-linejoin[39m=[32m"round"[39m
            [33mstroke-width[39m=[32m"2"[39m
            [33mviewBox[39m=[32m"0 0 24 24"[39m
            [33mwidth[39m=[32m"16"[39m
            [33mxmlns[39m=[32m"http://www.w3.org/2000/svg"[39m
          [36m>[39m
            [36m<polygon[39m
              [33mpoints[39m=[32m"22 3 2 3 10 12.46 10 19 14 21 14 12.46 22 3"[39m
            [36m/>[39m
          [36m</svg>[39m
          [36m<h3[39m
            [33mclass[39m=[32m"font-medium"[39m
          [36m>[39m
            [0mFiltros avanzados[0m
          [36m</h3>[39m
        [36m</div>[39m
        [36m<div>[39m
          [36m<svg[39m
            [33mclass[39m=[32m"text-gray-500"[39m
            [33mfill[39m=[32m"none"[39m
            [33mheight[39m=[32m"16"[39m
            [33mstroke[39m=[32m"currentColor"[39m
            [33mstroke-linecap[39m=[32m"round"[39m
            [33mstroke-linejoin[39m=[32m"round"[39m
            [33mstroke-width[39m=[32m"2"[39m
            [33mviewBox[39m=[32m"0 0 24 24"[39m
            [33mwidth[39m=[32m"16"[39m
            [33mxmlns[39m=[32m"http://www.w3.org/2000/svg"[39m
          [36m>[39m
            [36m<path[39m
              [33md[39m=[32m"m6 9 6 6 6-6"[39m
            [36m/>[39m
          [36m</svg>[39m
        [36m</div>[39m
      [36m</div>[39m
    [36m</div>[39m
  [36m</div>[39m
  [36m<div>[39m
    [36m<div[39m
      [33mclass[39m=[32m"bg-white border rounded-md shadow-sm mb-4"[39m
    [36m>[39m
      [36m<div[39m
        [33mclass[39m=[32m"flex justify-between items-center p-3 cursor-pointer"[39m
      [36m>[39m
        [36m<div[39m
          [33mclass[39m=[32m"flex items-center"[39m
        [36m>[39m
          [36m<svg[39m
            [33mclass[39m=[32m"text-gray-500 mr-2"[39m
            [33mfill[39m=[32m"none"[39m
            [33mheight[39m=[32m"16"[39m
            [33mstroke[39m=[32m"currentColor"[39m
            [33mstroke-linecap[39m=[32m"round"[39m
            [33mstroke-linejoin[39m=[32m"round"[39m
            [33mstroke-width[39m=[32m"2"[39m
            [33mviewBox[39m=[32m"0 0 24 24"[39m
            [33mwidth[39m=[32m"16"[39m
            [33mxmlns[39m=[32m"http://www.w3.org/2000/svg"[39m
          [36m>[39m
            [36m<polygon[39m
              [33mpoints[39m=[32m"22 3 2 3 10 12.46 10 19 14 21 14 12.46 22 3"[39m
            [36m/>[39m
          [36m</svg>[39m
          [36m<h3[39m
            [33mclass[39m=[32m"font-medium"[39m
          [36m>[39m
            [0mFiltros avanzados[0m
          [36m</h3>[39m
        [36m</div>[39m
        [36m<div>[39m
          [36m<svg[39m
            [33mclass[39m=[32m"text-gray-500"[39m
            [33mfill[39m=[32m"none"[39m
            [33mheight[39m=[32m"16"[39m
            [33mstroke[39m=[32m"currentColor"[39m
            [33mstroke-linecap[39m=[32m"round"[39m
            [33mstroke-linejoin[39m=[32m"round"[39m
            [33mstroke-width[39m=[32m"2"[39m
            [33mviewBox[39m=[32m"0 0 24 24"[39m
            [33mwidth[39m=[32m"16"[39m
            [33mxmlns[39m=[32m"http://www.w3.org/2000/svg"[39m
          [36m>[39m
            [36m<path[39m
              [33md[39m=[32m"m6 9 6 6 6-6"[39m
            [36m/>[39m
          [36m</svg>[39m
        [36m</div>[39m
      [36m</div>[39m
    [36m</div>[39m
  [36m</div>[39m
  [36m<div>[39m
    [36m<div[39m
      [33mclass[39m=[32m"bg-white border rounded-md shadow-sm mb-4"[39m
    [36m>[39m
      [36m<div[39m
        [33mclass[39m=[32m"flex justify-between items-center p-3 cursor-pointer"[39m
      [36m>[39m
        [36m<div[39m
          [33mclass[39m=[32m"flex items-center"[39m
        [36m>[39m
          [36m<svg[39m
            [33mclass[39m=[32m"text-gray-500 mr-2"[39m
            [33mfill[39m=[32m"none"[39m
            [33mheight[39m=[32m"16"[39m
            [33mstroke[39m=[32m"currentColor"[39m
            [33mstroke-linecap[39m=[32m"round"[39m
            [33mstroke-linejoin[39m=[32m"round"[39m
            [33mstroke-width[39m=[32m"2"[39m
            [33mviewBox[39m=[32m"0 0 24 24"[39m
            [33mwidth[39m=[32m"16"[39m
            [33mxmlns[39m=[32m"http://www.w3.org/2000/svg"[39m
          [36m>[39m
            [36m<polygon[39m
              [33mpoints[39m=[32m"22 3 2 3 10 12.46 10 19 14 21 14 12.46 22 3"[39m
            [36m/>[39m
          [36m</svg>[39m
          [36m<h3[39m
            [33mclass[39m=[32m"font-medium"[39m
          [36m>[39m
            [0mFiltros avanzados[0m
          [36m</h3>[39m
        [36m</div>[39m
        [36m<div>[39m
          [36m<svg[39m
            [33mclass[39m=[32m"text-gray-500"[39m
            [33mfill[39m=[32m"none"[39m
            [33mheight[39m=[32m"16"[39m
            [33mstroke[39m=[32m"currentColor"[39m
            [33mstroke-linecap[39m=[32m"round"[39m
            [33mstroke-linejoin[39m=[32m"round"[39m
            [33mstroke-width[39m=[32m"2"[39m
            [33mviewBox[39m=[32m"0 0 24 24"[39m
            [33mwidth[39m=[32m"16"[39m
            [33mxmlns[39m=[32m"http://www.w3.org/2000/svg"[39m
          [36m>[39m
            [36m<path[39m
              [33md[39m=[32m"m6 9 6 6 6-6"[39m
            [36m/>[39m
          [36m</svg>[39m
        [36m</div>[39m
      [36m</div>[39m
    [36m</div>[39m
  [36m</div>[39m
  [36m<div>[39m
    [36m<div[39m
      [33mclass[39m=[32m"bg-white border rounded-md shadow-sm mb-4"[39m
    [36m>[39m
      [36m<div[39m
        [33mclass[39m=[32m"flex justify-between items-center p-3 cursor-pointer"[39m
      [36m>[39m
        [36m<div[39m
          [33mclass[39m=[32m"flex items-center"[39m
        [36m>[39m
          [36m<svg[39m
            [33mclass[39m=[32m"text-gray-500 mr-2"[39m
            [33mfill[39m=[32m"none"[39m
            [33mheight[39m=[32m"16"[39m
            [33mstroke[39m=[32m"currentColor"[39m
            [33mstroke-linecap[39m=[32m"round"[39m
            [33mstroke-linejoin[39m=[32m"round"[39m
            [33mstroke-width[39m=[32m"2"[39m
            [33mviewBox[39m=[32m"0 0 24 24"[39m
            [33mwidth[39m=[32m"16"[39m
            [33mxmlns[39m=[32m"http://www.w3.org/2000/svg"[39m
          [36m>[39m
            [36m<polygon[39m
              [33mpoints[39m=[32m"22 3 2 3 10 12.46 10 19 14 21 14 12.46 22 3"[39m
            [36m/>[39m
          [36m</svg>[39m
          [36m<h3[39m
            [33mclass[39m=[32m"font-medium"[39m
          [36m>[39m
            [0mFiltros avanzados[0m
          [36m</h3>[39m
        [36m</div>[39m
        [36m<div>[39m
          [36m<svg[39m
            [33mclass[39m=[32m"text-gray-500"[39m
            [33mfill[39m=[32m"none"[39m
            [33mheight[39m=[32m"16"[39m
            [33mstroke[39m=[32m"currentColor"[39m
            [33mstroke-linecap[39m=[32m"round"[39m
            [33mstroke-linejoin[39m=[32m"round"[39m
            [33mstroke-width[39m=[32m"2"[39m
            [33mviewBox[39m=[32m"0 0 24 24"[39m
            [33mwidth[39m=[32m"16"[39m
            [33mxmlns[39m=[32m"http://www.w3.org/2000/svg"[39m
          [36m>[39m
            [36m<path[39m
              [33md[39m=[32m"m6 9 6 6 6-6"[39m
            [36m/>[39m
          [36m</svg>[39m
        [36m</div>[39m
      [36m</div>[39m
    [36m</div>[39m
  [36m</div>[39m
  [36m<div>[39m
    [36m<div[39m
      [33mclass[39m=[32m"bg-white border rounded-md shadow-sm mb-4"[39m
    [36m>[39m
      [36m<div[39m
        [33mclass[39m=[32m"flex justify-between items-center p-3 cursor-pointer"[39m
      [36m>[39m
        [36m<div[39m
          [33mclass[39m=[32m"flex items-center"[39m
        [36m>[39m
          [36m<svg[39m
            [33mclass[39m=[32m"text-gray-500 mr-2"[39m
            [33mfill[39m=[32m"none"[39m
            [33mheight[39m=[32m"16"[39m
            [33mstroke[39m=[32m"currentColor"[39m
            [33mstroke-linecap[39m=[32m"round"[39m
            [33mstroke-linejoin[39m=[32m"round"[39m
            [33mstroke-width[39m=[32m"2"[39m
            [33mviewBox[39m=[32m"0 0 24 24"[39m
            [33mwidth[39m=[32m"16"[39m
            [33mxmlns[39m=[32m"http://www.w3.org/2000/svg"[39m
          [36m>[39m
            [36m<polygon[39m
              [33mpoints[39m=[32m"22 3 2 3 10 12.46 10 19 14 21 14 12.46 22 3"[39m
            [36m/>[39m
          [36m</svg>[39m
          [36m<h3[39m
            [33mclass[39m=[32m"font-medium"[39m
          [36m>[39m
            [0mFiltros avanzados[0m
          [36m</h3>[39m
        [36m</div>[39m
        [36m<div>[39m
          [36m<svg[39m
            [33mclass[39m=[32m"text-gray-500"[39m
            [33mfill[39m=[32m"none"[39m
            [33mheight[39m=[32m"16"[39m
            [33mstroke[39m=[32m"currentColor"[39m
            [33mstroke-linecap[39m=[32m"round"[39m
            [33mstroke-linejoin[39m=[32m"round"[39m
            [33mstroke-width[39m=[32m"2"[39m
            [33mviewBox[39m=[32m"0 0 24 24"[39m
            [33mwidth[39m=[32m"16"[39m
            [33mxmlns[39m=[32m"http://www.w3.org/2000/svg"[39m
          [36m>[39m
            [36m<path[39m
              [33md[39m=[32m"m6 9 6 6 6-6"[39m
            [36m/>[39m
          [36m</svg>[39m
        [36m</div>[39m
      [36m</div>[39m
    [36m</div>[39m
  [36m</div>[39m
  [36m<div>[39m
    [36m<div[39m
      [33mclass[39m=[32m"bg-white border rounded-md shadow-sm mb-4"[39m
    [36m>[39m
      [36m<div[39m
        [33mclass[39m=[32m"flex justify-between items-center p-3 cursor-pointer"[39m
      [36m>[39m
        [36m<div[39m
          [33mclass[39m=[32m"flex items-center"[39m
        [36m>[39m
          [36m<svg[39m
            [33mclass[39m=[32m"text-gray-500 mr-2"[39m
            [33mfill[39m=[32m"none"[39m
            [33mheight[39m=[32m"16"[39m
            [33mstroke[39m=[32m"currentColor"[39m
            [33mstroke-linecap[39m=[32m"round"[39m
            [33mstroke-linejoin[39m=[32m"round"[39m
            [33mstroke-width[39m=[32m"2"[39m
            [33mviewBox[39m=[32m"0 0 24 24"[39m
            [33mwidth[39m=[32m"16"[39m
            [33mxmlns[39m=[32m"http://www.w3.org/2000/svg"[39m
          [36m>[39m
            [36m<polygon[39m
              [33mpoints[39m=[32m"22 3 2 3 10 12.46 10 19 14 21 14 12.46 22 3"[39m
            [36m/>[39m
          [36m</svg>[39m
          [36m<h3[39m
            [33mclass[39m=[32m"font-medium"[39m
          [36m>[39m
            [0mFiltros avanzados[0m
          [36m</h3>[39m
        [36m</div>[39m
        [36m<div>[39m
          [36m<svg[39m
            [33mclass[39m=[32m"text-gray-500"[39m
            [33mfill[39m=[32m"none"[39m
            [33mheight[39m=[32m"16"[39m
            [33mstroke[39m=[32m"currentColor"[39m
            [33mstroke-linecap[39m=[32m"round"[39m
            [33mstroke-linejoin[39m=[32m"round"[39m
            [33mstroke-width[39m=[32m"2"[39m
            [33mviewBox[39m=[32m"0 0 24 24"[39m
            [33mwidth[39m=[32m"16"[39m
            [33mxmlns[39m=[32m"http://www.w3.org/2000/svg"[39m
          [36m>[39m
            [36m<path[39m
              [33md[39m=[32m"m6 9 6 6 6-6"[39m
            [36m/>[39m
          [36m</svg>[39m
        [36m</div>[39m
      [36m</div>[39m
    [36m</div>[39m
  [36m</div>[39m
  [36m<div>[39m
    [36m<div[39m
      [33mclass[39m=[32m"bg-white border rounded-md shadow-sm mb-4"[39m
    [36m>[39m
      [36m<div[39m
        [33mclass[39m=[32m"flex justify-between items-center p-3 cursor-pointer"[39m
      [36m>[39m
        [36m<div[39m
          [33mclass[39m=[32m"flex items-center"[39m
        [36m>[39m
          [36m<svg[39m
            [33mclass[39m=[32m"text-gray-500 mr-2"[39m
            [33mfill[39m=[32m"none"[39m
            [33mheight[39m=[32m"16"[39m
            [33mstroke[39m=[32m"currentColor"[39m
            [33mstroke-linecap[39m=[32m"round"[39m
            [33mstroke-linejoin[39m=[32m"round"[39m
            [33mstroke-width[39m=[32m"2"[39m
            [33mviewBox[39m=[32m"0 0 24 24"[39m
            [33mwidth[39m=[32m"16"[39m
            [33mxmlns[39m=[32m"http://www.w3.org/2000/svg"[39m
          [36m>[39m
            [36m<polygon[39m
              [33mpoints[39m=[32m"22 3 2 3 10 12.46 10 19 14 21 14 12.46 22 3"[39m
            [36m/>[39m
          [36m</svg>[39m
          [36m<h3[39m
            [33mclass[39m=[32m"font-medium"[39m
          [36m>[39m
            [0mFiltros avanzados[0m
          [36m</h3>[39m
        [36m</div>[39m
        [36m<div>[39m
          [36m<svg[39m
            [33mclass[39m=[32m"text-gray-500"[39m
            [33mfill[39m=[32m"none"[39m
            [33mheight[39m=[32m"16"[39m
            [33mstroke[39m=[32m"currentColor"[39m
            [33mstroke-linecap[39m=[32m"round"[39m
            [33mstroke-linejoin[39m=[32m"round"[39m
            [33mstroke-width[39m=[32m"2"[39m
            [33mviewBox[39m=[32m"0 0 24 24"[39m
            [33mwidth[39m=[32m"16"[39m
            [33mxmlns[39m=[32m"http://www.w3.org/2000/svg"[39m
          [36m>[39m
            [36m<path[39m
              [33md[39m=[32m"m6 9 6 6 6-6"[39m
            [36m/>[39m
          [36m</svg>[39m
        [36m</div>[39m
      [36m</div>[39m
    [36m</div>[39m
  [36m</div>[39m
[36m</body>[39m
   ├ù EmailFilters > permite seleccionar m├║ltiples etiquetas simult├íneamente 16ms
     ÔåÆ Found multiple elements with the text: Filtros avanzados

Here are the matching elements:

Ignored nodes: comments, script, style
[36m<h3[39m
  [33mclass[39m=[32m"font-medium"[39m
[36m>[39m
  [0mFiltros avanzados[0m
[36m</h3>[39m

Ignored nodes: comments, script, style
[36m<h3[39m
  [33mclass[39m=[32m"font-medium"[39m
[36m>[39m
  [0mFiltros avanzados[0m
[36m</h3>[39m

Ignored nodes: comments, script, style
[36m<h3[39m
  [33mclass[39m=[32m"font-medium"[39m
[36m>[39m
  [0mFiltros avanzados[0m
[36m</h3>[39m

Ignored nodes: comments, script, style
[36m<h3[39m
  [33mclass[39m=[32m"font-medium"[39m
[36m>[39m
  [0mFiltros avanzados[0m
[36m</h3>[39m

Ignored nodes: comments, script, style
[36m<h3[39m
  [33mclass[39m=[32m"font-medium"[39m
[36m>[39m
  [0mFiltros avanzados[0m
[36m</h3>[39m

Ignored nodes: comments, script, style
[36m<h3[39m
  [33mclass[39m=[32m"font-medium"[39m
[36m>[39m
  [0mFiltros avanzados[0m
[36m</h3>[39m

Ignored nodes: comments, script, style
[36m<h3[39m
  [33mclass[39m=[32m"font-medium"[39m
[36m>[39m
  [0mFiltros avanzados[0m
[36m</h3>[39m

Ignored nodes: comments, script, style
[36m<h3[39m
  [33mclass[39m=[32m"font-medium"[39m
[36m>[39m
  [0mFiltros avanzados[0m
[36m</h3>[39m

Ignored nodes: comments, script, style
[36m<h3[39m
  [33mclass[39m=[32m"font-medium"[39m
[36m>[39m
  [0mFiltros avanzados[0m
[36m</h3>[39m

Ignored nodes: comments, script, style
[36m<h3[39m
  [33mclass[39m=[32m"font-medium"[39m
[36m>[39m
  [0mFiltros avanzados[0m
[36m</h3>[39m

(If this is intentional, then use the `*AllBy*` variant of the query (like `queryAllByText`, `getAllByText`, or `findAllByText`)).

Ignored nodes: comments, script, style
[36m<body>[39m
  [36m<div>[39m
    [36m<div[39m
      [33mclass[39m=[32m"bg-white border rounded-md shadow-sm mb-4"[39m
    [36m>[39m
      [36m<div[39m
        [33mclass[39m=[32m"flex justify-between items-center p-3 cursor-pointer"[39m
      [36m>[39m
        [36m<div[39m
          [33mclass[39m=[32m"flex items-center"[39m
        [36m>[39m
          [36m<svg[39m
            [33mclass[39m=[32m"text-gray-500 mr-2"[39m
            [33mfill[39m=[32m"none"[39m
            [33mheight[39m=[32m"16"[39m
            [33mstroke[39m=[32m"currentColor"[39m
            [33mstroke-linecap[39m=[32m"round"[39m
            [33mstroke-linejoin[39m=[32m"round"[39m
            [33mstroke-width[39m=[32m"2"[39m
            [33mviewBox[39m=[32m"0 0 24 24"[39m
            [33mwidth[39m=[32m"16"[39m
            [33mxmlns[39m=[32m"http://www.w3.org/2000/svg"[39m
          [36m>[39m
            [36m<polygon[39m
              [33mpoints[39m=[32m"22 3 2 3 10 12.46 10 19 14 21 14 12.46 22 3"[39m
            [36m/>[39m
          [36m</svg>[39m
          [36m<h3[39m
            [33mclass[39m=[32m"font-medium"[39m
          [36m>[39m
            [0mFiltros avanzados[0m
          [36m</h3>[39m
        [36m</div>[39m
        [36m<div>[39m
          [36m<svg[39m
            [33mclass[39m=[32m"text-gray-500"[39m
            [33mfill[39m=[32m"none"[39m
            [33mheight[39m=[32m"16"[39m
            [33mstroke[39m=[32m"currentColor"[39m
            [33mstroke-linecap[39m=[32m"round"[39m
            [33mstroke-linejoin[39m=[32m"round"[39m
            [33mstroke-width[39m=[32m"2"[39m
            [33mviewBox[39m=[32m"0 0 24 24"[39m
            [33mwidth[39m=[32m"16"[39m
            [33mxmlns[39m=[32m"http://www.w3.org/2000/svg"[39m
          [36m>[39m
            [36m<path[39m
              [33md[39m=[32m"m6 9 6 6 6-6"[39m
            [36m/>[39m
          [36m</svg>[39m
        [36m</div>[39m
      [36m</div>[39m
    [36m</div>[39m
  [36m</div>[39m
  [36m<div>[39m
    [36m<div[39m
      [33mclass[39m=[32m"bg-white border rounded-md shadow-sm mb-4"[39m
    [36m>[39m
      [36m<div[39m
        [33mclass[39m=[32m"flex justify-between items-center p-3 cursor-pointer"[39m
      [36m>[39m
        [36m<div[39m
          [33mclass[39m=[32m"flex items-center"[39m
        [36m>[39m
          [36m<svg[39m
            [33mclass[39m=[32m"text-gray-500 mr-2"[39m
            [33mfill[39m=[32m"none"[39m
            [33mheight[39m=[32m"16"[39m
            [33mstroke[39m=[32m"currentColor"[39m
            [33mstroke-linecap[39m=[32m"round"[39m
            [33mstroke-linejoin[39m=[32m"round"[39m
            [33mstroke-width[39m=[32m"2"[39m
            [33mviewBox[39m=[32m"0 0 24 24"[39m
            [33mwidth[39m=[32m"16"[39m
            [33mxmlns[39m=[32m"http://www.w3.org/2000/svg"[39m
          [36m>[39m
            [36m<polygon[39m
              [33mpoints[39m=[32m"22 3 2 3 10 12.46 10 19 14 21 14 12.46 22 3"[39m
            [36m/>[39m
          [36m</svg>[39m
          [36m<h3[39m
            [33mclass[39m=[32m"font-medium"[39m
          [36m>[39m
            [0mFiltros avanzados[0m
          [36m</h3>[39m
        [36m</div>[39m
        [36m<div>[39m
          [36m<svg[39m
            [33mclass[39m=[32m"text-gray-500"[39m
            [33mfill[39m=[32m"none"[39m
            [33mheight[39m=[32m"16"[39m
            [33mstroke[39m=[32m"currentColor"[39m
            [33mstroke-linecap[39m=[32m"round"[39m
            [33mstroke-linejoin[39m=[32m"round"[39m
            [33mstroke-width[39m=[32m"2"[39m
            [33mviewBox[39m=[32m"0 0 24 24"[39m
            [33mwidth[39m=[32m"16"[39m
            [33mxmlns[39m=[32m"http://www.w3.org/2000/svg"[39m
          [36m>[39m
            [36m<path[39m
              [33md[39m=[32m"m6 9 6 6 6-6"[39m
            [36m/>[39m
          [36m</svg>[39m
        [36m</div>[39m
      [36m</div>[39m
    [36m</div>[39m
  [36m</div>[39m
  [36m<div>[39m
    [36m<div[39m
      [33mclass[39m=[32m"bg-white border rounded-md shadow-sm mb-4"[39m
    [36m>[39m
      [36m<div[39m
        [33mclass[39m=[32m"flex justify-between items-center p-3 cursor-pointer"[39m
      [36m>[39m
        [36m<div[39m
          [33mclass[39m=[32m"flex items-center"[39m
        [36m>[39m
          [36m<svg[39m
            [33mclass[39m=[32m"text-gray-500 mr-2"[39m
            [33mfill[39m=[32m"none"[39m
            [33mheight[39m=[32m"16"[39m
            [33mstroke[39m=[32m"currentColor"[39m
            [33mstroke-linecap[39m=[32m"round"[39m
            [33mstroke-linejoin[39m=[32m"round"[39m
            [33mstroke-width[39m=[32m"2"[39m
            [33mviewBox[39m=[32m"0 0 24 24"[39m
            [33mwidth[39m=[32m"16"[39m
            [33mxmlns[39m=[32m"http://www.w3.org/2000/svg"[39m
          [36m>[39m
            [36m<polygon[39m
              [33mpoints[39m=[32m"22 3 2 3 10 12.46 10 19 14 21 14 12.46 22 3"[39m
            [36m/>[39m
          [36m</svg>[39m
          [36m<h3[39m
            [33mclass[39m=[32m"font-medium"[39m
          [36m>[39m
            [0mFiltros avanzados[0m
          [36m</h3>[39m
        [36m</div>[39m
        [36m<div>[39m
          [36m<svg[39m
            [33mclass[39m=[32m"text-gray-500"[39m
            [33mfill[39m=[32m"none"[39m
            [33mheight[39m=[32m"16"[39m
            [33mstroke[39m=[32m"currentColor"[39m
            [33mstroke-linecap[39m=[32m"round"[39m
            [33mstroke-linejoin[39m=[32m"round"[39m
            [33mstroke-width[39m=[32m"2"[39m
            [33mviewBox[39m=[32m"0 0 24 24"[39m
            [33mwidth[39m=[32m"16"[39m
            [33mxmlns[39m=[32m"http://www.w3.org/2000/svg"[39m
          [36m>[39m
            [36m<path[39m
              [33md[39m=[32m"m6 9 6 6 6-6"[39m
            [36m/>[39m
          [36m</svg>[39m
        [36m</div>[39m
      [36m</div>[39m
    [36m</div>[39m
  [36m</div>[39m
  [36m<div>[39m
    [36m<div[39m
      [33mclass[39m=[32m"bg-white border rounded-md shadow-sm mb-4"[39m
    [36m>[39m
      [36m<div[39m
        [33mclass[39m=[32m"flex justify-between items-center p-3 cursor-pointer"[39m
      [36m>[39m
        [36m<div[39m
          [33mclass[39m=[32m"flex items-center"[39m
        [36m>[39m
          [36m<svg[39m
            [33mclass[39m=[32m"text-gray-500 mr-2"[39m
            [33mfill[39m=[32m"none"[39m
            [33mheight[39m=[32m"16"[39m
            [33mstroke[39m=[32m"currentColor"[39m
            [33mstroke-linecap[39m=[32m"round"[39m
            [33mstroke-linejoin[39m=[32m"round"[39m
            [33m...
 ÔØ» src/test/unit/EmailTagsManager.test.jsx (12 tests | 8 failed) 1055ms
   ├ù EmailTagsManager > renderiza correctamente las etiquetas actuales del correo 223ms
     ÔåÆ Invalid Chai property: toBeInTheDocument
   ├ù EmailTagsManager > muestra el bot├│n para a├▒adir etiquetas 55ms
     ÔåÆ Found multiple elements with the text: A├▒adir etiqueta

Here are the matching elements:

Ignored nodes: comments, script, style
[36m<button[39m
  [33mclass[39m=[32m"inline-flex items-center rounded-full border border-dashed border-gray-300 px-2.5 py-0.5 text-xs text-gray-500 hover:border-gray-400 hover:bg-gray-50"[39m
  [33mdata-testid[39m=[32m"tag-menu-button"[39m
[36m>[39m
  [36m<div[39m
    [33mdata-testid[39m=[32m"icon-plus"[39m
  [36m>[39m
    [0mPlus Icon[0m
  [36m</div>[39m
  [0mA├▒adir etiqueta[0m
[36m</button>[39m

Ignored nodes: comments, script, style
[36m<button[39m
  [33mclass[39m=[32m"inline-flex items-center rounded-full border border-dashed border-gray-300 px-2.5 py-0.5 text-xs text-gray-500 hover:border-gray-400 hover:bg-gray-50"[39m
  [33mdata-testid[39m=[32m"tag-menu-button"[39m
[36m>[39m
  [36m<div[39m
    [33mdata-testid[39m=[32m"icon-plus"[39m
  [36m>[39m
    [0mPlus Icon[0m
  [36m</div>[39m
  [0mA├▒adir etiqueta[0m
[36m</button>[39m

(If this is intentional, then use the `*AllBy*` variant of the query (like `queryAllByText`, `getAllByText`, or `findAllByText`)).

Ignored nodes: comments, script, style
[36m<body>[39m
  [36m<div>[39m
    [36m<div[39m
      [33mclass[39m=[32m"mt-2"[39m
    [36m>[39m
      [36m<div[39m
        [33mclass[39m=[32m"flex flex-wrap gap-2 mb-2"[39m
      [36m>[39m
        [36m<div[39m
          [33mclass[39m=[32m"inline-flex items-center rounded-full px-2.5 py-0.5 text-xs font-medium"[39m
          [33mdata-testid[39m=[32m"email-tag"[39m
          [33mstyle[39m=[32m"background-color: rgba(255, 0, 0, 0.125); color: rgb(255, 0, 0); border-color: rgba(255, 0, 0, 0.314); border-width: 1px;"[39m
        [36m>[39m
          [36m<span>[39m
            [0mImportante[0m
          [36m</span>[39m
          [36m<button[39m
            [33mclass[39m=[32m"ml-1 rounded-full hover:bg-opacity-20 hover:bg-gray-600 remove-tag-button"[39m
            [33mdata-testid[39m=[32m"remove-tag-button"[39m
          [36m>[39m
            [36m<div[39m
              [33mdata-testid[39m=[32m"icon-x"[39m
            [36m>[39m
              [0mX Icon[0m
            [36m</div>[39m
          [36m</button>[39m
        [36m</div>[39m
        [36m<div[39m
          [33mclass[39m=[32m"inline-flex items-center rounded-full px-2.5 py-0.5 text-xs font-medium"[39m
          [33mdata-testid[39m=[32m"email-tag"[39m
          [33mstyle[39m=[32m"background-color: rgba(0, 255, 0, 0.125); color: rgb(0, 255, 0); border-color: rgba(0, 255, 0, 0.314); border-width: 1px;"[39m
        [36m>[39m
          [36m<span>[39m
            [0mPersonal[0m
          [36m</span>[39m
          [36m<button[39m
            [33mclass[39m=[32m"ml-1 rounded-full hover:bg-opacity-20 hover:bg-gray-600 remove-tag-button"[39m
            [33mdata-testid[39m=[32m"remove-tag-button"[39m
          [36m>[39m
            [36m<div[39m
              [33mdata-testid[39m=[32m"icon-x"[39m
            [36m>[39m
              [0mX Icon[0m
            [36m</div>[39m
          [36m</button>[39m
        [36m</div>[39m
        [36m<button[39m
          [33mclass[39m=[32m"inline-flex items-center rounded-full border border-dashed border-gray-300 px-2.5 py-0.5 text-xs text-gray-500 hover:border-gray-400 hover:bg-gray-50"[39m
          [33mdata-testid[39m=[32m"tag-menu-button"[39m
        [36m>[39m
          [36m<div[39m
            [33mdata-testid[39m=[32m"icon-plus"[39m
          [36m>[39m
            [0mPlus Icon[0m
          [36m</div>[39m
          [0mA├▒adir etiqueta[0m
        [36m</button>[39m
      [36m</div>[39m
    [36m</div>[39m
  [36m</div>[39m
  [36m<div>[39m
    [36m<div[39m
      [33mclass[39m=[32m"mt-2"[39m
    [36m>[39m
      [36m<div[39m
        [33mclass[39m=[32m"flex flex-wrap gap-2 mb-2"[39m
      [36m>[39m
        [36m<div[39m
          [33mclass[39m=[32m"inline-flex items-center rounded-full px-2.5 py-0.5 text-xs font-medium"[39m
          [33mdata-testid[39m=[32m"email-tag"[39m
          [33mstyle[39m=[32m"background-color: rgba(255, 0, 0, 0.125); color: rgb(255, 0, 0); border-color: rgba(255, 0, 0, 0.314); border-width: 1px;"[39m
        [36m>[39m
          [36m<span>[39m
            [0mImportante[0m
          [36m</span>[39m
          [36m<button[39m
            [33mclass[39m=[32m"ml-1 rounded-full hover:bg-opacity-20 hover:bg-gray-600 remove-tag-button"[39m
            [33mdata-testid[39m=[32m"remove-tag-button"[39m
          [36m>[39m
            [36m<div[39m
              [33mdata-testid[39m=[32m"icon-x"[39m
            [36m>[39m
              [0mX Icon[0m
            [36m</div>[39m
          [36m</button>[39m
        [36m</div>[39m
        [36m<div[39m
          [33mclass[39m=[32m"inline-flex items-center rounded-full px-2.5 py-0.5 text-xs font-medium"[39m
          [33mdata-testid[39m=[32m"email-tag"[39m
          [33mstyle[39m=[32m"background-color: rgba(0, 255, 0, 0.125); color: rgb(0, 255, 0); border-color: rgba(0, 255, 0, 0.314); border-width: 1px;"[39m
        [36m>[39m
          [36m<span>[39m
            [0mPersonal[0m
          [36m</span>[39m
          [36m<button[39m
            [33mclass[39m=[32m"ml-1 rounded-full hover:bg-opacity-20 hover:bg-gray-600 remove-tag-button"[39m
            [33mdata-testid[39m=[32m"remove-tag-button"[39m
          [36m>[39m
            [36m<div[39m
              [33mdata-testid[39m=[32m"icon-x"[39m
            [36m>[39m
              [0mX Icon[0m
            [36m</div>[39m
          [36m</button>[39m
        [36m</div>[39m
        [36m<button[39m
          [33mclass[39m=[32m"inline-flex items-center rounded-full border border-dashed border-gray-300 px-2.5 py-0.5 text-xs text-gray-500 hover:border-gray-400 hover:bg-gray-50"[39m
          [33mdata-testid[39m=[32m"tag-menu-button"[39m
        [36m>[39m
          [36m<div[39m
            [33mdata-testid[39m=[32m"icon-plus"[39m
          [36m>[39m
            [0mPlus Icon[0m
          [36m</div>[39m
          [0mA├▒adir etiqueta[0m
        [36m</button>[39m
      [36m</div>[39m
    [36m</div>[39m
  [36m</div>[39m
[36m</body>[39m
   ├ù EmailTagsManager > muestra el selector de etiquetas al hacer clic en "A├▒adir etiqueta" 26ms
     ÔåÆ Found multiple elements with the text: A├▒adir etiqueta

Here are the matching elements:

Ignored nodes: comments, script, style
[36m<button[39m
  [33mclass[39m=[32m"inline-flex items-center rounded-full border border-dashed border-gray-300 px-2.5 py-0.5 text-xs text-gray-500 hover:border-gray-400 hover:bg-gray-50"[39m
  [33mdata-testid[39m=[32m"tag-menu-button"[39m
[36m>[39m
  [36m<div[39m
    [33mdata-testid[39m=[32m"icon-plus"[39m
  [36m>[39m
    [0mPlus Icon[0m
  [36m</div>[39m
  [0mA├▒adir etiqueta[0m
[36m</button>[39m

Ignored nodes: comments, script, style
[36m<button[39m
  [33mclass[39m=[32m"inline-flex items-center rounded-full border border-dashed border-gray-300 px-2.5 py-0.5 text-xs text-gray-500 hover:border-gray-400 hover:bg-gray-50"[39m
  [33mdata-testid[39m=[32m"tag-menu-button"[39m
[36m>[39m
  [36m<div[39m
    [33mdata-testid[39m=[32m"icon-plus"[39m
  [36m>[39m
    [0mPlus Icon[0m
  [36m</div>[39m
  [0mA├▒adir etiqueta[0m
[36m</button>[39m

Ignored nodes: comments, script, style
[36m<button[39m
  [33mclass[39m=[32m"inline-flex items-center rounded-full border border-dashed border-gray-300 px-2.5 py-0.5 text-xs text-gray-500 hover:border-gray-400 hover:bg-gray-50"[39m
  [33mdata-testid[39m=[32m"tag-menu-button"[39m
[36m>[39m
  [36m<div[39m
    [33mdata-testid[39m=[32m"icon-plus"[39m
  [36m>[39m
    [0mPlus Icon[0m
  [36m</div>[39m
  [0mA├▒adir etiqueta[0m
[36m</button>[39m

(If this is intentional, then use the `*AllBy*` variant of the query (like `queryAllByText`, `getAllByText`, or `findAllByText`)).

Ignored nodes: comments, script, style
[36m<body>[39m
  [36m<div>[39m
    [36m<div[39m
      [33mclass[39m=[32m"mt-2"[39m
    [36m>[39m
      [36m<div[39m
        [33mclass[39m=[32m"flex flex-wrap gap-2 mb-2"[39m
      [36m>[39m
        [36m<div[39m
          [33mclass[39m=[32m"inline-flex items-center rounded-full px-2.5 py-0.5 text-xs font-medium"[39m
          [33mdata-testid[39m=[32m"email-tag"[39m
          [33mstyle[39m=[32m"background-color: rgba(255, 0, 0, 0.125); color: rgb(255, 0, 0); border-color: rgba(255, 0, 0, 0.314); border-width: 1px;"[39m
        [36m>[39m
          [36m<span>[39m
            [0mImportante[0m
          [36m</span>[39m
          [36m<button[39m
            [33mclass[39m=[32m"ml-1 rounded-full hover:bg-opacity-20 hover:bg-gray-600 remove-tag-button"[39m
            [33mdata-testid[39m=[32m"remove-tag-button"[39m
          [36m>[39m
            [36m<div[39m
              [33mdata-testid[39m=[32m"icon-x"[39m
            [36m>[39m
              [0mX Icon[0m
            [36m</div>[39m
          [36m</button>[39m
        [36m</div>[39m
        [36m<div[39m
          [33mclass[39m=[32m"inline-flex items-center rounded-full px-2.5 py-0.5 text-xs font-medium"[39m
          [33mdata-testid[39m=[32m"email-tag"[39m
          [33mstyle[39m=[32m"background-color: rgba(0, 255, 0, 0.125); color: rgb(0, 255, 0); border-color: rgba(0, 255, 0, 0.314); border-width: 1px;"[39m
        [36m>[39m
          [36m<span>[39m
            [0mPersonal[0m
          [36m</span>[39m
          [36m<button[39m
            [33mclass[39m=[32m"ml-1 rounded-full hover:bg-opacity-20 hover:bg-gray-600 remove-tag-button"[39m
            [33mdata-testid[39m=[32m"remove-tag-button"[39m
          [36m>[39m
            [36m<div[39m
              [33mdata-testid[39m=[32m"icon-x"[39m
            [36m>[39m
              [0mX Icon[0m
            [36m</div>[39m
          [36m</button>[39m
        [36m</div>[39m
        [36m<button[39m
          [33mclass[39m=[32m"inline-flex items-center rounded-full border border-dashed border-gray-300 px-2.5 py-0.5 text-xs text-gray-500 hover:border-gray-400 hover:bg-gray-50"[39m
          [33mdata-testid[39m=[32m"tag-menu-button"[39m
        [36m>[39m
          [36m<div[39m
            [33mdata-testid[39m=[32m"icon-plus"[39m
          [36m>[39m
            [0mPlus Icon[0m
          [36m</div>[39m
          [0mA├▒adir etiqueta[0m
        [36m</button>[39m
      [36m</div>[39m
    [36m</div>[39m
  [36m</div>[39m
  [36m<div>[39m
    [36m<div[39m
      [33mclass[39m=[32m"mt-2"[39m
    [36m>[39m
      [36m<div[39m
        [33mclass[39m=[32m"flex flex-wrap gap-2 mb-2"[39m
      [36m>[39m
        [36m<div[39m
          [33mclass[39m=[32m"inline-flex items-center rounded-full px-2.5 py-0.5 text-xs font-medium"[39m
          [33mdata-testid[39m=[32m"email-tag"[39m
          [33mstyle[39m=[32m"background-color: rgba(255, 0, 0, 0.125); color: rgb(255, 0, 0); border-color: rgba(255, 0, 0, 0.314); border-width: 1px;"[39m
        [36m>[39m
          [36m<span>[39m
            [0mImportante[0m
          [36m</span>[39m
          [36m<button[39m
            [33mclass[39m=[32m"ml-1 rounded-full hover:bg-opacity-20 hover:bg-gray-600 remove-tag-button"[39m
            [33mdata-testid[39m=[32m"remove-tag-button"[39m
          [36m>[39m
            [36m<div[39m
              [33mdata-testid[39m=[32m"icon-x"[39m
            [36m>[39m
              [0mX Icon[0m
            [36m</div>[39m
          [36m</button>[39m
        [36m</div>[39m
        [36m<div[39m
          [33mclass[39m=[32m"inline-flex items-center rounded-full px-2.5 py-0.5 text-xs font-medium"[39m
          [33mdata-testid[39m=[32m"email-tag"[39m
          [33mstyle[39m=[32m"background-color: rgba(0, 255, 0, 0.125); color: rgb(0, 255, 0); border-color: rgba(0, 255, 0, 0.314); border-width: 1px;"[39m
        [36m>[39m
          [36m<span>[39m
            [0mPersonal[0m
          [36m</span>[39m
          [36m<button[39m
            [33mclass[39m=[32m"ml-1 rounded-full hover:bg-opacity-20 hover:bg-gray-600 remove-tag-button"[39m
            [33mdata-testid[39m=[32m"remove-tag-button"[39m
          [36m>[39m
            [36m<div[39m
              [33mdata-testid[39m=[32m"icon-x"[39m
            [36m>[39m
              [0mX Icon[0m
            [36m</div>[39m
          [36m</button>[39m
        [36m</div>[39m
        [36m<button[39m
          [33mclass[39m=[32m"inline-flex items-center rounded-full border border-dashed border-gray-300 px-2.5 py-0.5 text-xs text-gray-500 hover:border-gray-400 hover:bg-gray-50"[39m
          [33mdata-testid[39m=[32m"tag-menu-button"[39m
        [36m>[39m
          [36m<div[39m
            [33mdata-testid[39m=[32m"icon-plus"[39m
          [36m>[39m
            [0mPlus Icon[0m
          [36m</div>[39m
          [0mA├▒adir etiqueta[0m
        [36m</button>[39m
      [36m</div>[39m
    [36m</div>[39m
  [36m</div>[39m
  [36m<div>[39m
    [36m<div[39m
      [33mclass[39m=[32m"mt-2"[39m
    [36m>[39m
      [36m<div[39m
        [33mclass[39m=[32m"flex flex-wrap gap-2 mb-2"[39m
      [36m>[39m
        [36m<div[39m
          [33mclass[39m=[32m"inline-flex items-center rounded-full px-2.5 py-0.5 text-xs font-medium"[39m
          [33mdata-testid[39m=[32m"email-tag"[39m
          [33mstyle[39m=[32m"background-color: rgba(255, 0, 0, 0.125); color: rgb(255, 0, 0); border-color: rgba(255, 0, 0, 0.314); border-width: 1px;"[39m
        [36m>[39m
          [36m<span>[39m
            [0mImportante[0m
          [36m</span>[39m
          [36m<button[39m
            [33mclass[39m=[32m"ml-1 rounded-full hover:bg-opacity-20 hover:bg-gray-600 remove-tag-button"[39m
            [33mdata-testid[39m=[32m"remove-tag-button"[39m
          [36m>[39m
            [36m<div[39m
              [33mdata-testid[39m=[32m"icon-x"[39m
            [36m>[39m
              [0mX Icon[0m
            [36m</div>[39m
          [36m</button>[39m
        [36m</div>[39m
        [36m<div[39m
          [33mclass[39m=[32m"inline-flex items-center rounded-full px-2.5 py-0.5 text-xs font-medium"[39m
          [33mdata-testid[39m=[32m"email-tag"[39m
          [33mstyle[39m=[32m"background-color: rgba(0, 255, 0, 0.125); color: rgb(0, 255, 0); border-color: rgba(0, 255, 0, 0.314); border-width: 1px;"[39m
        [36m>[39m
          [36m<span>[39m
            [0mPersonal[0m
          [36m</span>[39m
          [36m<button[39m
            [33mclass[39m=[32m"ml-1 rounded-full hover:bg-opacity-20 hover:bg-gray-600 remove-tag-button"[39m
            [33mdata-testid[39m=[32m"remove-tag-button"[39m
          [36m>[39m
            [36m<div[39m
              [33mdata-testid[39m=[32m"icon-x"[39m
            [36m>[39m
              [0mX Icon[0m
            [36m</div>[39m
          [36m</button>[39m
        [36m</div>[39m
        [36m<button[39m
          [33mclass[39m=[32m"inline-flex items-center rounded-full border border-dashed border-gray-300 px-2.5 py-0.5 text-xs text-gray-500 hover:border-gray-400 hover:bg-gray-50"[39m
          [33mdata-testid[39m=[32m"tag-menu-button"[39m
        [36m>[39m
          [36m<div[39m
            [33mdata-testid[39m=[32m"icon-plus"[39m
          [36m>[39m
            [0mPlus Icon[0m
          [36m</div>[39m
          [0mA├▒adir etiqueta[0m
        [36m</button>[39m
      [36m</div>[39m
    [36m</div>[39m
  [36m</div>[39m
[36m</body>[39m
   ├ù EmailTagsManager > permite a├▒adir una nueva etiqueta 22ms
     ÔåÆ Found multiple elements with the text: A├▒adir etiqueta

Here are the matching elements:

Ignored nodes: comments, script, style
[36m<button[39m
  [33mclass[39m=[32m"inline-flex items-center rounded-full border border-dashed border-gray-300 px-2.5 py-0.5 text-xs text-gray-500 hover:border-gray-400 hover:bg-gray-50"[39m
  [33mdata-testid[39m=[32m"tag-menu-button"[39m
[36m>[39m
  [36m<div[39m
    [33mdata-testid[39m=[32m"icon-plus"[39m
  [36m>[39m
    [0mPlus Icon[0m
  [36m</div>[39m
  [0mA├▒adir etiqueta[0m
[36m</button>[39m

Ignored nodes: comments, script, style
[36m<button[39m
  [33mclass[39m=[32m"inline-flex items-center rounded-full border border-dashed border-gray-300 px-2.5 py-0.5 text-xs text-gray-500 hover:border-gray-400 hover:bg-gray-50"[39m
  [33mdata-testid[39m=[32m"tag-menu-button"[39m
[36m>[39m
  [36m<div[39m
    [33mdata-testid[39m=[32m"icon-plus"[39m
  [36m>[39m
    [0mPlus Icon[0m
  [36m</div>[39m
  [0mA├▒adir etiqueta[0m
[36m</button>[39m

Ignored nodes: comments, script, style
[36m<button[39m
  [33mclass[39m=[32m"inline-flex items-center rounded-full border border-dashed border-gray-300 px-2.5 py-0.5 text-xs text-gray-500 hover:border-gray-400 hover:bg-gray-50"[39m
  [33mdata-testid[39m=[32m"tag-menu-button"[39m
[36m>[39m
  [36m<div[39m
    [33mdata-testid[39m=[32m"icon-plus"[39m
  [36m>[39m
    [0mPlus Icon[0m
  [36m</div>[39m
  [0mA├▒adir etiqueta[0m
[36m</button>[39m

Ignored nodes: comments, script, style
[36m<button[39m
  [33mclass[39m=[32m"inline-flex items-center rounded-full border border-dashed border-gray-300 px-2.5 py-0.5 text-xs text-gray-500 hover:border-gray-400 hover:bg-gray-50"[39m
  [33mdata-testid[39m=[32m"tag-menu-button"[39m
[36m>[39m
  [36m<div[39m
    [33mdata-testid[39m=[32m"icon-plus"[39m
  [36m>[39m
    [0mPlus Icon[0m
  [36m</div>[39m
  [0mA├▒adir etiqueta[0m
[36m</button>[39m

(If this is intentional, then use the `*AllBy*` variant of the query (like `queryAllByText`, `getAllByText`, or `findAllByText`)).

Ignored nodes: comments, script, style
[36m<body>[39m
  [36m<div>[39m
    [36m<div[39m
      [33mclass[39m=[32m"mt-2"[39m
    [36m>[39m
      [36m<div[39m
        [33mclass[39m=[32m"flex flex-wrap gap-2 mb-2"[39m
      [36m>[39m
        [36m<div[39m
          [33mclass[39m=[32m"inline-flex items-center rounded-full px-2.5 py-0.5 text-xs font-medium"[39m
          [33mdata-testid[39m=[32m"email-tag"[39m
          [33mstyle[39m=[32m"background-color: rgba(255, 0, 0, 0.125); color: rgb(255, 0, 0); border-color: rgba(255, 0, 0, 0.314); border-width: 1px;"[39m
        [36m>[39m
          [36m<span>[39m
            [0mImportante[0m
          [36m</span>[39m
          [36m<button[39m
            [33mclass[39m=[32m"ml-1 rounded-full hover:bg-opacity-20 hover:bg-gray-600 remove-tag-button"[39m
            [33mdata-testid[39m=[32m"remove-tag-button"[39m
          [36m>[39m
            [36m<div[39m
              [33mdata-testid[39m=[32m"icon-x"[39m
            [36m>[39m
              [0mX Icon[0m
            [36m</div>[39m
          [36m</button>[39m
        [36m</div>[39m
        [36m<div[39m
          [33mclass[39m=[32m"inline-flex items-center rounded-full px-2.5 py-0.5 text-xs font-medium"[39m
          [33mdata-testid[39m=[32m"email-tag"[39m
          [33mstyle[39m=[32m"background-color: rgba(0, 255, 0, 0.125); color: rgb(0, 255, 0); border-color: rgba(0, 255, 0, 0.314); border-width: 1px;"[39m
        [36m>[39m
          [36m<span>[39m
            [0mPersonal[0m
          [36m</span>[39m
          [36m<button[39m
            [33mclass[39m=[32m"ml-1 rounded-full hover:bg-opacity-20 hover:bg-gray-600 remove-tag-button"[39m
            [33mdata-testid[39m=[32m"remove-tag-button"[39m
          [36m>[39m
            [36m<div[39m
              [33mdata-testid[39m=[32m"icon-x"[39m
            [36m>[39m
              [0mX Icon[0m
            [36m</div>[39m
          [36m</button>[39m
        [36m</div>[39m
        [36m<button[39m
          [33mclass[39m=[32m"inline-flex items-center rounded-full border border-dashed border-gray-300 px-2.5 py-0.5 text-xs text-gray-500 hover:border-gray-400 hover:bg-gray-50"[39m
          [33mdata-testid[39m=[32m"tag-menu-button"[39m
        [36m>[39m
          [36m<div[39m
            [33mdata-testid[39m=[32m"icon-plus"[39m
          [36m>[39m
            [0mPlus Icon[0m
          [36m</div>[39m
          [0mA├▒adir etiqueta[0m
        [36m</button>[39m
      [36m</div>[39m
    [36m</div>[39m
  [36m</div>[39m
  [36m<div>[39m
    [36m<div[39m
      [33mclass[39m=[32m"mt-2"[39m
    [36m>[39m
      [36m<div[39m
        [33mclass[39m=[32m"flex flex-wrap gap-2 mb-2"[39m
      [36m>[39m
        [36m<div[39m
          [33mclass[39m=[32m"inline-flex items-center rounded-full px-2.5 py-0.5 text-xs font-medium"[39m
          [33mdata-testid[39m=[32m"email-tag"[39m
          [33mstyle[39m=[32m"background-color: rgba(255, 0, 0, 0.125); color: rgb(255, 0, 0); border-color: rgba(255, 0, 0, 0.314); border-width: 1px;"[39m
        [36m>[39m
          [36m<span>[39m
            [0mImportante[0m
          [36m</span>[39m
          [36m<button[39m
            [33mclass[39m=[32m"ml-1 rounded-full hover:bg-opacity-20 hover:bg-gray-600 remove-tag-button"[39m
            [33mdata-testid[39m=[32m"remove-tag-button"[39m
          [36m>[39m
            [36m<div[39m
              [33mdata-testid[39m=[32m"icon-x"[39m
            [36m>[39m
              [0mX Icon[0m
            [36m</div>[39m
          [36m</button>[39m
        [36m</div>[39m
        [36m<div[39m
          [33mclass[39m=[32m"inline-flex items-center rounded-full px-2.5 py-0.5 text-xs font-medium"[39m
          [33mdata-testid[39m=[32m"email-tag"[39m
          [33mstyle[39m=[32m"background-color: rgba(0, 255, 0, 0.125); color: rgb(0, 255, 0); border-color: rgba(0, 255, 0, 0.314); border-width: 1px;"[39m
        [36m>[39m
          [36m<span>[39m
            [0mPersonal[0m
          [36m</span>[39m
          [36m<button[39m
            [33mclass[39m=[32m"ml-1 rounded-full hover:bg-opacity-20 hover:bg-gray-600 remove-tag-button"[39m
            [33mdata-testid[39m=[32m"remove-tag-button"[39m
          [36m>[39m
            [36m<div[39m
              [33mdata-testid[39m=[32m"icon-x"[39m
            [36m>[39m
              [0mX Icon[0m
            [36m</div>[39m
          [36m</button>[39m
        [36m</div>[39m
        [36m<button[39m
          [33mclass[39m=[32m"inline-flex items-center rounded-full border border-dashed border-gray-300 px-2.5 py-0.5 text-xs text-gray-500 hover:border-gray-400 hover:bg-gray-50"[39m
          [33mdata-testid[39m=[32m"tag-menu-button"[39m
        [36m>[39m
          [36m<div[39m
            [33mdata-testid[39m=[32m"icon-plus"[39m
          [36m>[39m
            [0mPlus Icon[0m
          [36m</div>[39m
          [0mA├▒adir etiqueta[0m
        [36m</button>[39m
      [36m</div>[39m
    [36m</div>[39m
  [36m</div>[39m
  [36m<div>[39m
    [36m<div[39m
      [33mclass[39m=[32m"mt-2"[39m
    [36m>[39m
      [36m<div[39m
        [33mclass[39m=[32m"flex flex-wrap gap-2 mb-2"[39m
      [36m>[39m
        [36m<div[39m
          [33mclass[39m=[32m"inline-flex items-center rounded-full px-2.5 py-0.5 text-xs font-medium"[39m
          [33mdata-testid[39m=[32m"email-tag"[39m
          [33mstyle[39m=[32m"background-color: rgba(255, 0, 0, 0.125); color: rgb(255, 0, 0); border-color: rgba(255, 0, 0, 0.314); border-width: 1px;"[39m
        [36m>[39m
          [36m<span>[39m
            [0mImportante[0m
          [36m</span>[39m
          [36m<button[39m
            [33mclass[39m=[32m"ml-1 rounded-full hover:bg-opacity-20 hover:bg-gray-600 remove-tag-button"[39m
            [33mdata-testid[39m=[32m"remove-tag-button"[39m
          [36m>[39m
            [36m<div[39m
              [33mdata-testid[39m=[32m"icon-x"[39m
            [36m>[39m
              [0mX Icon[0m
            [36m</div>[39m
          [36m</button>[39m
        [36m</div>[39m
        [36m<div[39m
          [33mclass[39m=[32m"inline-flex items-center rounded-full px-2.5 py-0.5 text-xs font-medium"[39m
          [33mdata-testid[39m=[32m"email-tag"[39m
          [33mstyle[39m=[32m"background-color: rgba(0, 255, 0, 0.125); color: rgb(0, 255, 0); border-color: rgba(0, 255, 0, 0.314); border-width: 1px;"[39m
        [36m>[39m
          [36m<span>[39m
            [0mPersonal[0m
          [36m</span>[39m
          [36m<button[39m
            [33mclass[39m=[32m"ml-1 rounded-full hover:bg-opacity-20 hover:bg-gray-600 remove-tag-button"[39m
            [33mdata-testid[39m=[32m"remove-tag-button"[39m
          [36m>[39m
            [36m<div[39m
              [33mdata-testid[39m=[32m"icon-x"[39m
            [36m>[39m
              [0mX Icon[0m
            [36m</div>[39m
          [36m</button>[39m
        [36m</div>[39m
        [36m<button[39m
          [33mclass[39m=[32m"inline-flex items-center rounded-full border border-dashed border-gray-300 px-2.5 py-0.5 text-xs text-gray-500 hover:border-gray-400 hover:bg-gray-50"[39m
          [33mdata-testid[39m=[32m"tag-menu-button"[39m
        [36m>[39m
          [36m<div[39m
            [33mdata-testid[39m=[32m"icon-plus"[39m
          [36m>[39m
            [0mPlus Icon[0m
          [36m</div>[39m
          [0mA├▒adir etiqueta[0m
        [36m</button>[39m
      [36m</div>[39m
    [36m</div>[39m
  [36m</div>[39m
  [36m<div>[39m
    [36m<div[39m
      [33mclass[39m=[32m"mt-2"[39m
    [36m>[39m
      [36m<div[39m
        [33mclass[39m=[32m"flex flex-wrap gap-2 mb-2"[39m
      [36m>[39m
        [36m<div[39m
          [33mclass[39m=[32m"inline-flex items-center rounded-full px-2.5 py-0.5 text-xs font-medium"[39m
          [33mdata-testid[39m=[32m"email-tag"[39m
          [33mstyle[39m=[32m"background-color: rgba(255, 0, 0, 0.125); color: rgb(255, 0, 0); border-color: rgba(255, 0, 0, 0.314); border-width: 1px;"[39m
        [36m>[39m
          [36m<span>[39m
            [0mImportante[0m
          [36m</span>[39m
          [36m<button[39m
            [33mclass[39m=[32m"ml-1 rounded-full hover:bg-opacity-20 hover:bg-gray-600 remove-tag-button"[39m
            [33mdata-testid[39m=[32m"remove-tag-button"[39m
          [36m>[39m
            [36m<div[39m
              [33mdata-testid[39m=[32m"icon-x"[39m
            [36m>[39m
              [0mX Icon[0m
            [36m</div>[39m
          [36m</button>[39m
        [36m</div>[39m
        [36m<div[39m
          [33mclass[39m=[32m"inline-flex items-center rounded-full px-2.5 py-0.5 text-xs font-medium"[39m
          [33mdata-testid[39m=[32m"email-tag"[39m
          [33mstyle[39m=[32m"background-color: rgba(0, 255, 0, 0.125); color: rgb(0, 255, 0); border-color: rgba(0, 255, 0, 0.314); border-width: 1px;"[39m
        [36m>[39m
          [36m<span>[39m
            [0mPersonal[0m
          [36m</span>[39m
          [36m<button[39m
            [33mclass[39m=[32m"ml-1 rounded-full hover:bg-opacity-20 hover:bg-gray-600 remove-tag-button"[39m
            [33mdata-testid[39m=[32m"remove-tag-button"[39m
          [36m>[39m
            [36m<div[39m
              [33mdata-testid[39m=[32m"icon-x"[39m
            [36m>[39m
              [0mX Icon[0m
            [36m</div>[39m
          [36m</button>[39m
        [36m</div>[39m
        [36m<button[39m
          [33mclass[39m=[32m"inline-flex items-center rounded-full border border-dashed border-gray-300 px-2.5 py-0.5 text-xs text-gray-500 hover:border-gray-400 hover:bg-gray-50"[39m
          [33mdata-testid[39m=[32m"tag-menu-button"[39m
        [36m>[39m
          [36m<div[39m
            [33mdata-testid[39m=[32m"icon-plus"[39m
          [36m>[39m
            [0mPlus Icon[0m
          [36m</div>[39m
          [0mA├▒adir etiqueta[0m
        [36m</button>[39m
      [36m</div>[39m
    [36m</div>[39m
  [36m</div>[39m
[36m</body>[39m
   Ô£ô EmailTagsManager > permite eliminar una etiqueta  500ms
   ├ù EmailTagsManager > muestra mensaje cuando no hay m├ís etiquetas disponibles para a├▒adir 31ms
     ÔåÆ Found multiple elements with the text: A├▒adir etiqueta

Here are the matching elements:

Ignored nodes: comments, script, style
[36m<button[39m
  [33mclass[39m=[32m"inline-flex items-center rounded-full border border-dashed border-gray-300 px-2.5 py-0.5 text-xs text-gray-500 hover:border-gray-400 hover:bg-gray-50"[39m
  [33mdata-testid[39m=[32m"tag-menu-button"[39m
[36m>[39m
  [36m<div[39m
    [33mdata-testid[39m=[32m"icon-plus"[39m
  [36m>[39m
    [0mPlus Icon[0m
  [36m</div>[39m
  [0mA├▒adir etiqueta[0m
[36m</button>[39m

Ignored nodes: comments, script, style
[36m<button[39m
  [33mclass[39m=[32m"inline-flex items-center rounded-full border border-dashed border-gray-300 px-2.5 py-0.5 text-xs text-gray-500 hover:border-gray-400 hover:bg-gray-50"[39m
  [33mdata-testid[39m=[32m"tag-menu-button"[39m
[36m>[39m
  [36m<div[39m
    [33mdata-testid[39m=[32m"icon-plus"[39m
  [36m>[39m
    [0mPlus Icon[0m
  [36m</div>[39m
  [0mA├▒adir etiqueta[0m
[36m</button>[39m

Ignored nodes: comments, script, style
[36m<button[39m
  [33mclass[39m=[32m"inline-flex items-center rounded-full border border-dashed border-gray-300 px-2.5 py-0.5 text-xs text-gray-500 hover:border-gray-400 hover:bg-gray-50"[39m
  [33mdata-testid[39m=[32m"tag-menu-button"[39m
[36m>[39m
  [36m<div[39m
    [33mdata-testid[39m=[32m"icon-plus"[39m
  [36m>[39m
    [0mPlus Icon[0m
  [36m</div>[39m
  [0mA├▒adir etiqueta[0m
[36m</button>[39m

Ignored nodes: comments, script, style
[36m<button[39m
  [33mclass[39m=[32m"inline-flex items-center rounded-full border border-dashed border-gray-300 px-2.5 py-0.5 text-xs text-gray-500 hover:border-gray-400 hover:bg-gray-50"[39m
  [33mdata-testid[39m=[32m"tag-menu-button"[39m
[36m>[39m
  [36m<div[39m
    [33mdata-testid[39m=[32m"icon-plus"[39m
  [36m>[39m
    [0mPlus Icon[0m
  [36m</div>[39m
  [0mA├▒adir etiqueta[0m
[36m</button>[39m

Ignored nodes: comments, script, style
[36m<button[39m
  [33mclass[39m=[32m"inline-flex items-center rounded-full border border-dashed border-gray-300 px-2.5 py-0.5 text-xs text-gray-500 hover:border-gray-400 hover:bg-gray-50"[39m
  [33mdata-testid[39m=[32m"tag-menu-button"[39m
[36m>[39m
  [36m<div[39m
    [33mdata-testid[39m=[32m"icon-plus"[39m
  [36m>[39m
    [0mPlus Icon[0m
  [36m</div>[39m
  [0mA├▒adir etiqueta[0m
[36m</button>[39m

Ignored nodes: comments, script, style
[36m<button[39m
  [33mclass[39m=[32m"inline-flex items-center rounded-full border border-dashed border-gray-300 px-2.5 py-0.5 text-xs text-gray-500 hover:border-gray-400 hover:bg-gray-50"[39m
  [33mdata-testid[39m=[32m"tag-menu-button"[39m
[36m>[39m
  [36m<div[39m
    [33mdata-testid[39m=[32m"icon-plus"[39m
  [36m>[39m
    [0mPlus Icon[0m
  [36m</div>[39m
  [0mA├▒adir etiqueta[0m
[36m</button>[39m

(If this is intentional, then use the `*AllBy*` variant of the query (like `queryAllByText`, `getAllByText`, or `findAllByText`)).

Ignored nodes: comments, script, style
[36m<body>[39m
  [36m<div>[39m
    [36m<div[39m
      [33mclass[39m=[32m"mt-2"[39m
    [36m>[39m
      [36m<div[39m
        [33mclass[39m=[32m"flex flex-wrap gap-2 mb-2"[39m
      [36m>[39m
        [36m<div[39m
          [33mclass[39m=[32m"inline-flex items-center rounded-full px-2.5 py-0.5 text-xs font-medium"[39m
          [33mdata-testid[39m=[32m"email-tag"[39m
          [33mstyle[39m=[32m"background-color: rgba(0, 255, 0, 0.125); color: rgb(0, 255, 0); border-color: rgba(0, 255, 0, 0.314); border-width: 1px;"[39m
        [36m>[39m
          [36m<span>[39m
            [0mPersonal[0m
          [36m</span>[39m
          [36m<button[39m
            [33mclass[39m=[32m"ml-1 rounded-full hover:bg-opacity-20 hover:bg-gray-600 remove-tag-button"[39m
            [33mdata-testid[39m=[32m"remove-tag-button"[39m
          [36m>[39m
            [36m<div[39m
              [33mdata-testid[39m=[32m"icon-x"[39m
            [36m>[39m
              [0mX Icon[0m
            [36m</div>[39m
          [36m</button>[39m
        [36m</div>[39m
        [36m<button[39m
          [33mclass[39m=[32m"inline-flex items-center rounded-full border border-dashed border-gray-300 px-2.5 py-0.5 text-xs text-gray-500 hover:border-gray-400 hover:bg-gray-50"[39m
          [33mdata-testid[39m=[32m"tag-menu-button"[39m
        [36m>[39m
          [36m<div[39m
            [33mdata-testid[39m=[32m"icon-plus"[39m
          [36m>[39m
            [0mPlus Icon[0m
          [36m</div>[39m
          [0mA├▒adir etiqueta[0m
        [36m</button>[39m
      [36m</div>[39m
    [36m</div>[39m
  [36m</div>[39m
  [36m<div>[39m
    [36m<div[39m
      [33mclass[39m=[32m"mt-2"[39m
    [36m>[39m
      [36m<div[39m
        [33mclass[39m=[32m"flex flex-wrap gap-2 mb-2"[39m
      [36m>[39m
        [36m<div[39m
          [33mclass[39m=[32m"inline-flex items-center rounded-full px-2.5 py-0.5 text-xs font-medium"[39m
          [33mdata-testid[39m=[32m"email-tag"[39m
          [33mstyle[39m=[32m"background-color: rgba(255, 0, 0, 0.125); color: rgb(255, 0, 0); border-color: rgba(255, 0, 0, 0.314); border-width: 1px;"[39m
        [36m>[39m
          [36m<span>[39m
            [0mImportante[0m
          [36m</span>[39m
          [36m<button[39m
            [33mclass[39m=[32m"ml-1 rounded-full hover:bg-opacity-20 hover:bg-gray-600 remove-tag-button"[39m
            [33mdata-testid[39m=[32m"remove-tag-button"[39m
          [36m>[39m
            [36m<div[39m
              [33mdata-testid[39m=[32m"icon-x"[39m
            [36m>[39m
              [0mX Icon[0m
            [36m</div>[39m
          [36m</button>[39m
        [36m</div>[39m
        [36m<div[39m
          [33mclass[39m=[32m"inline-flex items-center rounded-full px-2.5 py-0.5 text-xs font-medium"[39m
          [33mdata-testid[39m=[32m"email-tag"[39m
          [33mstyle[39m=[32m"background-color: rgba(0, 255, 0, 0.125); color: rgb(0, 255, 0); border-color: rgba(0, 255, 0, 0.314); border-width: 1px;"[39m
        [36m>[39m
          [36m<span>[39m
            [0mPersonal[0m
          [36m</span>[39m
          [36m<button[39m
            [33mclass[39m=[32m"ml-1 rounded-full hover:bg-opacity-20 hover:bg-gray-600 remove-tag-button"[39m
            [33mdata-testid[39m=[32m"remove-tag-button"[39m
          [36m>[39m
            [36m<div[39m
              [33mdata-testid[39m=[32m"icon-x"[39m
            [36m>[39m
              [0mX Icon[0m
            [36m</div>[39m
          [36m</button>[39m
        [36m</div>[39m
        [36m<button[39m
          [33mclass[39m=[32m"inline-flex items-center rounded-full border border-dashed border-gray-300 px-2.5 py-0.5 text-xs text-gray-500 hover:border-gray-400 hover:bg-gray-50"[39m
          [33mdata-testid[39m=[32m"tag-menu-button"[39m
        [36m>[39m
          [36m<div[39m
            [33mdata-testid[39m=[32m"icon-plus"[39m
          [36m>[39m
            [0mPlus Icon[0m
          [36m</div>[39m
          [0mA├▒adir etiqueta[0m
        [36m</button>[39m
      [36m</div>[39m
    [36m</div>[39m
  [36m</div>[39m
  [36m<div>[39m
    [36m<div[39m
      [33mclass[39m=[32m"mt-2"[39m
    [36m>[39m
      [36m<div[39m
        [33mclass[39m=[32m"flex flex-wrap gap-2 mb-2"[39m
      [36m>[39m
        [36m<div[39m
          [33mclass[39m=[32m"inline-flex items-center rounded-full px-2.5 py-0.5 text-xs font-medium"[39m
          [33mdata-testid[39m=[32m"email-tag"[39m
          [33mstyle[39m=[32m"background-color: rgba(255, 0, 0, 0.125); color: rgb(255, 0, 0); border-color: rgba(255, 0, 0, 0.314); border-width: 1px;"[39m
        [36m>[39m
          [36m<span>[39m
            [0mImportante[0m
          [36m</span>[39m
          [36m<button[39m
            [33mclass[39m=[32m"ml-1 rounded-full hover:bg-opacity-20 hover:bg-gray-600 remove-tag-button"[39m
            [33mdata-testid[39m=[32m"remove-tag-button"[39m
          [36m>[39m
            [36m<div[39m
              [33mdata-testid[39m=[32m"icon-x"[39m
            [36m>[39m
              [0mX Icon[0m
            [36m</div>[39m
          [36m</button>[39m
        [36m</div>[39m
        [36m<div[39m
          [33mclass[39m=[32m"inline-flex items-center rounded-full px-2.5 py-0.5 text-xs font-medium"[39m
          [33mdata-testid[39m=[32m"email-tag"[39m
          [33mstyle[39m=[32m"background-color: rgba(0, 255, 0, 0.125); color: rgb(0, 255, 0); border-color: rgba(0, 255, 0, 0.314); border-width: 1px;"[39m
        [36m>[39m
          [36m<span>[39m
            [0mPersonal[0m
          [36m</span>[39m
          [36m<button[39m
            [33mclass[39m=[32m"ml-1 rounded-full hover:bg-opacity-20 hover:bg-gray-600 remove-tag-button"[39m
            [33mdata-testid[39m=[32m"remove-tag-button"[39m
          [36m>[39m
            [36m<div[39m
              [33mdata-testid[39m=[32m"icon-x"[39m
            [36m>[39m
              [0mX Icon[0m
            [36m</div>[39m
          [36m</button>[39m
        [36m</div>[39m
        [36m<button[39m
          [33mclass[39m=[32m"inline-flex items-center rounded-full border border-dashed border-gray-300 px-2.5 py-0.5 text-xs text-gray-500 hover:border-gray-400 hover:bg-gray-50"[39m
          [33mdata-testid[39m=[32m"tag-menu-button"[39m
        [36m>[39m
          [36m<div[39m
            [33mdata-testid[39m=[32m"icon-plus"[39m
          [36m>[39m
            [0mPlus Icon[0m
          [36m</div>[39m
          [0mA├▒adir etiqueta[0m
        [36m</button>[39m
      [36m</div>[39m
    [36m</div>[39m
  [36m</div>[39m
  [36m<div>[39m
    [36m<div[39m
      [33mclass[39m=[32m"mt-2"[39m
    [36m>[39m
      [36m<div[39m
        [33mclass[39m=[32m"flex flex-wrap gap-2 mb-2"[39m
      [36m>[39m
        [36m<div[39m
          [33mclass[39m=[32m"inline-flex items-center rounded-full px-2.5 py-0.5 text-xs font-medium"[39m
          [33mdata-testid[39m=[32m"email-tag"[39m
          [33mstyle[39m=[32m"background-color: rgba(255, 0, 0, 0.125); color: rgb(255, 0, 0); border-color: rgba(255, 0, 0, 0.314); border-width: 1px;"[39m
        [36m>[39m
          [36m<span>[39m
            [0mImportante[0m
          [36m</span>[39m
          [36m<button[39m
            [33mclass[39m=[32m"ml-1 rounded-full hover:bg-opacity-20 hover:bg-gray-600 remove-tag-button"[39m
            [33mdata-testid[39m=[32m"remove-tag-button"[39m
          [36m>[39m
            [36m<div[39m
              [33mdata-testid[39m=[32m"icon-x"[39m
            [36m>[39m
              [0mX Icon[0m
            [36m</div>[39m
          [36m</button>[39m
        [36m</div>[39m
        [36m<div[39m
          [33mclass[39m=[32m"inline-flex items-center rounded-full px-2.5 py-0.5 text-xs font-medium"[39m
          [33mdata-testid[39m=[32m"email-tag"[39m
          [33mstyle[39m=[32m"background-color: rgba(0, 255, 0, 0.125); color: rgb(0, 255, 0); border-color: rgba(0, 255, 0, 0.314); border-width: 1px;"[39m
        [36m>[39m
          [36m<span>[39m
            [0mPersonal[0m
          [36m</span>[39m
          [36m<button[39m
            [33mclass[39m=[32m"ml-1 rounded-full hover:bg-opacity-20 hover:bg-gray-600 remove-tag-button"[39m
            [33mdata-testid[39m=[32m"remove-tag-button"[39m
          [36m>[39m
            [36m<div[39m
              [33mdata-testid[39m=[32m"icon-x"[39m
            [36m>[39m
              [0mX Icon[0m
            [36m</div>[39m
          [36m</button>[39m
        [36m</div>[39m
        [36m<button[39m
          [33mclass[39m=[32m"inline-flex items-center rounded-full border border-dashed border-gray-300 px-2.5 py-0.5 text-xs text-gray-500 hover:border-gray-400 hover:bg-gray-50"[39m
          [33mdata-testid[39m=[32m"tag-menu-button"[39m
        [36m>[39m
          [36m<div[39m
            [33mdata-testid[39m=[32m"icon-plus"[39m
          [36m>[39m
            [0mPlus Icon[0m
          [36m</div>[39m
          [0mA├▒adir etiqueta[0m
        [36m</button>[39m
      [36m</div>[39m
    [36m</div>[39m
  [36m</div>[39m
  [36m<div>[39m
    [36m<div[39m
      [33mclass[39m=[32m"mt-2"[39m
    [36m>[39m
      [36m<div[39m
        [33mclass[39m=[32m"flex flex-wrap gap-2 mb-2"[39m
      [36m>[39m
        [36m<div[39m
          [33mclass[39m=[32m"inline-flex items-center rounded-full px-2.5 py-0.5 text-xs font-medium"[39m
          [33mdata-testid[39m=[32m"email-tag"[39m
          [33mstyle[39m=[32m"background-color: rgba(255, 0, 0, 0.125); color: rgb(255, 0, 0); border-color: rgba(255, 0, 0, 0.314); border-width: 1px;"[39m
        [36m>[39m
          [36m<span>[39m
            [0mImportante[0m
          [36m</span>[39m
          [36m<button[39m
            [33mclass[39m=[32m"ml-1 rounded-full hover:bg-opacity-20 hover:bg-gray-600 remove-tag-button"[39m
            [33mdata-testid[39m=[32m"remove-tag-button"[39m
          [36m>[39m
            [36m<div[39m
              [33mdata-testid[39m=[32m"icon-x"[39m
            [36m>[39m
              [0mX Icon[0m
            [36m</div>[39m
          [36m</button>[39m
        [36m</div>[39m
        [36m<div[39m
          [33mclass[39m=[32m"inline-flex items-center rounded-full px-2.5 py-0.5 text-xs font-medium"[39m
          [33mdata-testid[39m=[32m"email-tag"[39m
          [33mstyle[39m=[32m"background-color: rgba(0, 255, 0, 0.125); color: rgb(0, 255, 0); border-color: rgba(0, 255, 0, 0.314); border-width: 1px;"[39m
        [36m>[39m
          [36m<span>[39m
            [0mPersonal[0m
          [36m</span>[39m
          [36m<button[39m
            [33mclass[39m=[32m"ml-1 rounded-full hover:bg-opacity-20 hover:bg-gray-600 remove-tag-button"[39m
            [33mdata-testid[39m=[32m"remove-tag-button"[39m
          [36m>[39m
            [36m<div[39m
              [33mdata-testid[39m=[32m"icon-x"[39m
            [36m>[39m
              [0mX Icon[0m
            [36m</div>[39m
          [36m</button>[39m
        [36m</div>[39m
        [36m<button[39m
          [33mclass[39m=[32m"inline-flex items-center rounded-full border border-dashed border-gray-300 px-2.5 py-0.5 text-xs text-gray-500 hover:border-gray-400 hover:bg-gray-50"[39m
          [33mdata-testid[39m=[32m"tag-menu-button"[39m
        [36m>[39m
          [36m<div[39m
            [33mdata-testid[39m=[32m"icon-plus"[39m
          [36m>[39m
            [0mPlus Icon[0m
          [36m</div>[39m
          [0mA├▒adir etiqueta[0m
        [36m</button>[39m
      [36m</div>[39m
    [36m</div>[39m
  [36m</div>[39m
  [36m<div>[39m
    [36m<div[39m
      [33mclass[39m=[32m"mt-2"[39m
    [36m>[39m
      [36m<div[39m
        [33mclass[39m=[32m"flex flex-wrap gap-2 mb-2"[39m
      [36m>[39m
        [36m<div[39m
          [33mclass[39m=[32m"inline-flex items-center rounded-full px-2.5 py-0.5 text-xs font-medium"[39m
          [33mdata-testid[39m=[32m"email-tag"[39m
          [33mstyle[39m=[32m"background-color: rgba(255, 0, 0, 0.125); color: rgb(255, 0, 0); border-color: rgba(255, 0, 0, 0.314); border-width: 1px;"[39m
        [36m>[39m
          [36m<span>[39m
            [0mImportante[0m
          [36m</span>[39m
          [36m<button[39m
            [33mclass[39m=[32m"ml-1 rounded-full hover:bg-opacity-20 hover:bg-gray-600 remove-tag-button"[39m
            [33mdata-testid[39m=[32m"remove-tag-button"[39m
          [36m>[39m
            [36m<div[39m
              [33mdata-testid[39m=[32m"icon-x"[39m
            [36m>[39m
              [0mX Icon[0m
            [36m</div>[39m
          [36m</button>[39m
        [36m</div>[39m
        [36m<div[39m
          [33mclass[39m=[32m"inline-flex items-center rounded-full px-2.5 py-0.5 text-xs font-medium"[39m
          [33mdata-testid[39m=[32m"email-tag"[39m
          [33mstyle[39m=[32m"background-color: rgba(0, 255, 0, 0.125); color: rgb(0, 255, 0); border-color: rgba(0, 255, 0, 0.314); border-width: 1px;"[39m
        [36m>[39m
          [36m<span>[39m
            [0mPersonal[0m
          [36m</span>[39m
          [36m<button[39m
            [33mclass[39m=[32m"ml-1 rounded-full hover:bg-opacity-20 hover:bg-gray-600 remove-tag-button"[39m
            [33mdata-testid[39m=[32m"remove-tag-button"[39m
          [36m>[39m
            [36m<div[39m
              [33mdata-testid[39m=[32m"icon-x"[39m
            [36m>[39m
              [0mX Icon[0m
            [36m</div>[39m
          [36m</button>[39m
        [36m</div>[39m
        [36m<button[39m
          [33mclass[39m=[32m"inline-flex items-center rounded-full border border-dashed border-gray-300 px-2.5 py-0.5 text-xs text-gray-500 hover:border-gray-400 hover:bg-gray-50"[39m
          [33mdata-testid[39m=[32m"tag-menu-button"[39m
        [36m>[39m
          [36m<div[39m
            [33mdata-testid[39m=[32m"icon-plus"[39m
          [36m>[39m
            [0mPlus Icon[0m
          [36m</div>[39m
          [0mA├▒adir etiqueta[0m
        [36m</button>[39m
      [36m</div>[39m
    [36m</div>[39m
  [36m</div>[39m
[36m</body>[39m
   ├ù EmailTagsManager > cierra el selector de etiquetas al hacer clic en "Cancelar" 19ms
     ÔåÆ Found multiple elements with the text: A├▒adir etiqueta

Here are the matching elements:

Ignored nodes: comments, script, style
[36m<button[39m
  [33mclass[39m=[32m"inline-flex items-center rounded-full border border-dashed border-gray-300 px-2.5 py-0.5 text-xs text-gray-500 hover:border-gray-400 hover:bg-gray-50"[39m
  [33mdata-testid[39m=[32m"tag-menu-button"[39m
[36m>[39m
  [36m<div[39m
    [33mdata-testid[39m=[32m"icon-plus"[39m
  [36m>[39m
    [0mPlus Icon[0m
  [36m</div>[39m
  [0mA├▒adir etiqueta[0m
[36m</button>[39m

Ignored nodes: comments, script, style
[36m<button[39m
  [33mclass[39m=[32m"inline-flex items-center rounded-full border border-dashed border-gray-300 px-2.5 py-0.5 text-xs text-gray-500 hover:border-gray-400 hover:bg-gray-50"[39m
  [33mdata-testid[39m=[32m"tag-menu-button"[39m
[36m>[39m
  [36m<div[39m
    [33mdata-testid[39m=[32m"icon-plus"[39m
  [36m>[39m
    [0mPlus Icon[0m
  [36m</div>[39m
  [0mA├▒adir etiqueta[0m
[36m</button>[39m

Ignored nodes: comments, script, style
[36m<button[39m
  [33mclass[39m=[32m"inline-flex items-center rounded-full border border-dashed border-gray-300 px-2.5 py-0.5 text-xs text-gray-500 hover:border-gray-400 hover:bg-gray-50"[39m
  [33mdata-testid[39m=[32m"tag-menu-button"[39m
[36m>[39m
  [36m<div[39m
    [33mdata-testid[39m=[32m"icon-plus"[39m
  [36m>[39m
    [0mPlus Icon[0m
  [36m</div>[39m
  [0mA├▒adir etiqueta[0m
[36m</button>[39m

Ignored nodes: comments, script, style
[36m<button[39m
  [33mclass[39m=[32m"inline-flex items-center rounded-full border border-dashed border-gray-300 px-2.5 py-0.5 text-xs text-gray-500 hover:border-gray-400 hover:bg-gray-50"[39m
  [33mdata-testid[39m=[32m"tag-menu-button"[39m
[36m>[39m
  [36m<div[39m
    [33mdata-testid[39m=[32m"icon-plus"[39m
  [36m>[39m
    [0mPlus Icon[0m
  [36m</div>[39m
  [0mA├▒adir etiqueta[0m
[36m</button>[39m

Ignored nodes: comments, script, style
[36m<button[39m
  [33mclass[39m=[32m"inline-flex items-center rounded-full border border-dashed border-gray-300 px-2.5 py-0.5 text-xs text-gray-500 hover:border-gray-400 hover:bg-gray-50"[39m
  [33mdata-testid[39m=[32m"tag-menu-button"[39m
[36m>[39m
  [36m<div[39m
    [33mdata-testid[39m=[32m"icon-plus"[39m
  [36m>[39m
    [0mPlus Icon[0m
  [36m</div>[39m
  [0mA├▒adir etiqueta[0m
[36m</button>[39m

Ignored nodes: comments, script, style
[36m<button[39m
  [33mclass[39m=[32m"inline-flex items-center rounded-full border border-dashed border-gray-300 px-2.5 py-0.5 text-xs text-gray-500 hover:border-gray-400 hover:bg-gray-50"[39m
  [33mdata-testid[39m=[32m"tag-menu-button"[39m
[36m>[39m
  [36m<div[39m
    [33mdata-testid[39m=[32m"icon-plus"[39m
  [36m>[39m
    [0mPlus Icon[0m
  [36m</div>[39m
  [0mA├▒adir etiqueta[0m
[36m</button>[39m

Ignored nodes: comments, script, style
[36m<button[39m
  [33mclass[39m=[32m"inline-flex items-center rounded-full border border-dashed border-gray-300 px-2.5 py-0.5 text-xs text-gray-500 hover:border-gray-400 hover:bg-gray-50"[39m
  [33mdata-testid[39m=[32m"tag-menu-button"[39m
[36m>[39m
  [36m<div[39m
    [33mdata-testid[39m=[32m"icon-plus"[39m
  [36m>[39m
    [0mPlus Icon[0m
  [36m</div>[39m
  [0mA├▒adir etiqueta[0m
[36m</button>[39m

(If this is intentional, then use the `*AllBy*` variant of the query (like `queryAllByText`, `getAllByText`, or `findAllByText`)).

Ignored nodes: comments, script, style
[36m<body>[39m
  [36m<div>[39m
    [36m<div[39m
      [33mclass[39m=[32m"mt-2"[39m
    [36m>[39m
      [36m<div[39m
        [33mclass[39m=[32m"flex flex-wrap gap-2 mb-2"[39m
      [36m>[39m
        [36m<div[39m
          [33mclass[39m=[32m"inline-flex items-center rounded-full px-2.5 py-0.5 text-xs font-medium"[39m
          [33mdata-testid[39m=[32m"email-tag"[39m
          [33mstyle[39m=[32m"background-color: rgba(0, 255, 0, 0.125); color: rgb(0, 255, 0); border-color: rgba(0, 255, 0, 0.314); border-width: 1px;"[39m
        [36m>[39m
          [36m<span>[39m
            [0mPersonal[0m
          [36m</span>[39m
          [36m<button[39m
            [33mclass[39m=[32m"ml-1 rounded-full hover:bg-opacity-20 hover:bg-gray-600 remove-tag-button"[39m
            [33mdata-testid[39m=[32m"remove-tag-button"[39m
          [36m>[39m
            [36m<div[39m
              [33mdata-testid[39m=[32m"icon-x"[39m
            [36m>[39m
              [0mX Icon[0m
            [36m</div>[39m
          [36m</button>[39m
        [36m</div>[39m
        [36m<button[39m
          [33mclass[39m=[32m"inline-flex items-center rounded-full border border-dashed border-gray-300 px-2.5 py-0.5 text-xs text-gray-500 hover:border-gray-400 hover:bg-gray-50"[39m
          [33mdata-testid[39m=[32m"tag-menu-button"[39m
        [36m>[39m
          [36m<div[39m
            [33mdata-testid[39m=[32m"icon-plus"[39m
          [36m>[39m
            [0mPlus Icon[0m
          [36m</div>[39m
          [0mA├▒adir etiqueta[0m
        [36m</button>[39m
      [36m</div>[39m
    [36m</div>[39m
  [36m</div>[39m
  [36m<div>[39m
    [36m<div[39m
      [33mclass[39m=[32m"mt-2"[39m
    [36m>[39m
      [36m<div[39m
        [33mclass[39m=[32m"flex flex-wrap gap-2 mb-2"[39m
      [36m>[39m
        [36m<div[39m
          [33mclass[39m=[32m"inline-flex items-center rounded-full px-2.5 py-0.5 text-xs font-medium"[39m
          [33mdata-testid[39m=[32m"email-tag"[39m
          [33mstyle[39m=[32m"background-color: rgba(255, 0, 0, 0.125); color: rgb(255, 0, 0); border-color: rgba(255, 0, 0, 0.314); border-width: 1px;"[39m
        [36m>[39m
          [36m<span>[39m
            [0mImportante[0m
          [36m</span>[39m
          [36m<button[39m
            [33mclass[39m=[32m"ml-1 rounded-full hover:bg-opacity-20 hover:bg-gray-600 remove-tag-button"[39m
            [33mdata-testid[39m=[32m"remove-tag-button"[39m
          [36m>[39m
            [36m<div[39m
              [33mdata-testid[39m=[32m"icon-x"[39m
            [36m>[39m
              [0mX Icon[0m
            [36m</div>[39m
          [36m</button>[39m
        [36m</div>[39m
        [36m<div[39m
          [33mclass[39m=[32m"inline-flex items-center rounded-full px-2.5 py-0.5 text-xs font-medium"[39m
          [33mdata-testid[39m=[32m"email-tag"[39m
          [33mstyle[39m=[32m"background-color: rgba(0, 255, 0, 0.125); color: rgb(0, 255, 0); border-color: rgba(0, 255, 0, 0.314); border-width: 1px;"[39m
        [36m>[39m
          [36m<span>[39m
            [0mPersonal[0m
          [36m</span>[39m
          [36m<button[39m
            [33mclass[39m=[32m"ml-1 rounded-full hover:bg-opacity-20 hover:bg-gray-600 remove-tag-button"[39m
            [33mdata-testid[39m=[32m"remove-tag-button"[39m
          [36m>[39m
            [36m<div[39m
              [33mdata-testid[39m=[32m"icon-x"[39m
            [36m>[39m
              [0mX Icon[0m
            [36m</div>[39m
          [36m</button>[39m
        [36m</div>[39m
        [36m<button[39m
          [33mclass[39m=[32m"inline-flex items-center rounded-full border border-dashed border-gray-300 px-2.5 py-0.5 text-xs text-gray-500 hover:border-gray-400 hover:bg-gray-50"[39m
          [33mdata-testid[39m=[32m"tag-menu-button"[39m
        [36m>[39m
          [36m<div[39m
            [33mdata-testid[39m=[32m"icon-plus"[39m
          [36m>[39m
            [0mPlus Icon[0m
          [36m</div>[39m
          [0mA├▒adir etiqueta[0m
        [36m</button>[39m
      [36m</div>[39m
    [36m</div>[39m
  [36m</div>[39m
  [36m<div>[39m
    [36m<div[39m
      [33mclass[39m=[32m"mt-2"[39m
    [36m>[39m
      [36m<div[39m
        [33mclass[39m=[32m"flex flex-wrap gap-2 mb-2"[39m
      [36m>[39m
        [36m<div[39m
          [33mclass[39m=[32m"inline-flex items-center rounded-full px-2.5 py-0.5 text-xs font-medium"[39m
          [33mdata-testid[39m=[32m"email-tag"[39m
          [33mstyle[39m=[32m"background-color: rgba(255, 0, 0, 0.125); color: rgb(255, 0, 0); border-color: rgba(255, 0, 0, 0.314); border-width: 1px;"[39m
        [36m>[39m
          [36m<span>[39m
            [0mImportante[0m
          [36m</span>[39m
          [36m<button[39m
            [33mclass[39m=[32m"ml-1 rounded-full hover:bg-opacity-20 hover:bg-gray-600 remove-tag-button"[39m
            [33mdata-testid[39m=[32m"remove-tag-button"[39m
          [36m>[39m
            [36m<div[39m
              [33mdata-testid[39m=[32m"icon-x"[39m
            [36m>[39m
              [0mX Icon[0m
            [36m</div>[39m
          [36m</button>[39m
        [36m</div>[39m
        [36m<div[39m
          [33mclass[39m=[32m"inline-flex items-center rounded-full px-2.5 py-0.5 text-xs font-medium"[39m
          [33mdata-testid[39m=[32m"email-tag"[39m
          [33mstyle[39m=[32m"background-color: rgba(0, 255, 0, 0.125); color: rgb(0, 255, 0); border-color: rgba(0, 255, 0, 0.314); border-width: 1px;"[39m
        [36m>[39m
          [36m<span>[39m
            [0mPersonal[0m
          [36m</span>[39m
          [36m<button[39m
            [33mclass[39m=[32m"ml-1 rounded-full hover:bg-opacity-20 hover:bg-gray-600 remove-tag-button"[39m
            [33mdata-testid[39m=[32m"remove-tag-button"[39m
          [36m>[39m
            [36m<div[39m
              [33mdata-testid[39m=[32m"icon-x"[39m
            [36m>[39m
              [0mX Icon[0m
            [36m</div>[39m
          [36m</button>[39m
        [36m</div>[39m
        [36m<button[39m
          [33mclass[39m=[32m"inline-flex items-center rounded-full border border-dashed border-gray-300 px-2.5 py-0.5 text-xs text-gray-500 hover:border-gray-400 hover:bg-gray-50"[39m
          [33mdata-testid[39m=[32m"tag-menu-button"[39m
        [36m>[39m
          [36m<div[39m
            [33mdata-testid[39m=[32m"icon-plus"[39m
          [36m>[39m
            [0mPlus Icon[0m
          [36m</div>[39m
          [0mA├▒adir etiqueta[0m
        [36m</button>[39m
      [36m</div>[39m
    [36m</div>[39m
  [36m</div>[39m
  [36m<div>[39m
    [36m<div[39m
      [33mclass[39m=[32m"mt-2"[39m
    [36m>[39m
      [36m<div[39m
        [33mclass[39m=[32m"flex flex-wrap gap-2 mb-2"[39...
   Ô£ô EmailTagsManager > no realiza operaciones si no hay usuario autenticado 4ms
   Ô£ô EmailTagsManager > no realiza operaciones si no hay ID de correo 4ms
   ├ù EmailTagsManager > maneja errores al a├▒adir una etiqueta 16ms
     ÔåÆ Found multiple elements with the text: A├▒adir etiqueta

Here are the matching elements:

Ignored nodes: comments, script, style
[36m<button[39m
  [33mclass[39m=[32m"inline-flex items-center rounded-full border border-dashed border-gray-300 px-2.5 py-0.5 text-xs text-gray-500 hover:border-gray-400 hover:bg-gray-50"[39m
  [33mdata-testid[39m=[32m"tag-menu-button"[39m
[36m>[39m
  [36m<div[39m
    [33mdata-testid[39m=[32m"icon-plus"[39m
  [36m>[39m
    [0mPlus Icon[0m
  [36m</div>[39m
  [0mA├▒adir etiqueta[0m
[36m</button>[39m

Ignored nodes: comments, script, style
[36m<button[39m
  [33mclass[39m=[32m"inline-flex items-center rounded-full border border-dashed border-gray-300 px-2.5 py-0.5 text-xs text-gray-500 hover:border-gray-400 hover:bg-gray-50"[39m
  [33mdata-testid[39m=[32m"tag-menu-button"[39m
[36m>[39m
  [36m<div[39m
    [33mdata-testid[39m=[32m"icon-plus"[39m
  [36m>[39m
    [0mPlus Icon[0m
  [36m</div>[39m
  [0mA├▒adir etiqueta[0m
[36m</button>[39m

Ignored nodes: comments, script, style
[36m<button[39m
  [33mclass[39m=[32m"inline-flex items-center rounded-full border border-dashed border-gray-300 px-2.5 py-0.5 text-xs text-gray-500 hover:border-gray-400 hover:bg-gray-50"[39m
  [33mdata-testid[39m=[32m"tag-menu-button"[39m
[36m>[39m
  [36m<div[39m
    [33mdata-testid[39m=[32m"icon-plus"[39m
  [36m>[39m
    [0mPlus Icon[0m
  [36m</div>[39m
  [0mA├▒adir etiqueta[0m
[36m</button>[39m

Ignored nodes: comments, script, style
[36m<button[39m
  [33mclass[39m=[32m"inline-flex items-center rounded-full border border-dashed border-gray-300 px-2.5 py-0.5 text-xs text-gray-500 hover:border-gray-400 hover:bg-gray-50"[39m
  [33mdata-testid[39m=[32m"tag-menu-button"[39m
[36m>[39m
  [36m<div[39m
    [33mdata-testid[39m=[32m"icon-plus"[39m
  [36m>[39m
    [0mPlus Icon[0m
  [36m</div>[39m
  [0mA├▒adir etiqueta[0m
[36m</button>[39m

Ignored nodes: comments, script, style
[36m<button[39m
  [33mclass[39m=[32m"inline-flex items-center rounded-full border border-dashed border-gray-300 px-2.5 py-0.5 text-xs text-gray-500 hover:border-gray-400 hover:bg-gray-50"[39m
  [33mdata-testid[39m=[32m"tag-menu-button"[39m
[36m>[39m
  [36m<div[39m
    [33mdata-testid[39m=[32m"icon-plus"[39m
  [36m>[39m
    [0mPlus Icon[0m
  [36m</div>[39m
  [0mA├▒adir etiqueta[0m
[36m</button>[39m

Ignored nodes: comments, script, style
[36m<button[39m
  [33mclass[39m=[32m"inline-flex items-center rounded-full border border-dashed border-gray-300 px-2.5 py-0.5 text-xs text-gray-500 hover:border-gray-400 hover:bg-gray-50"[39m
  [33mdata-testid[39m=[32m"tag-menu-button"[39m
[36m>[39m
  [36m<div[39m
    [33mdata-testid[39m=[32m"icon-plus"[39m
  [36m>[39m
    [0mPlus Icon[0m
  [36m</div>[39m
  [0mA├▒adir etiqueta[0m
[36m</button>[39m

Ignored nodes: comments, script, style
[36m<button[39m
  [33mclass[39m=[32m"inline-flex items-center rounded-full border border-dashed border-gray-300 px-2.5 py-0.5 text-xs text-gray-500 hover:border-gray-400 hover:bg-gray-50"[39m
  [33mdata-testid[39m=[32m"tag-menu-button"[39m
[36m>[39m
  [36m<div[39m
    [33mdata-testid[39m=[32m"icon-plus"[39m
  [36m>[39m
    [0mPlus Icon[0m
  [36m</div>[39m
  [0mA├▒adir etiqueta[0m
[36m</button>[39m

Ignored nodes: comments, script, style
[36m<button[39m
  [33mclass[39m=[32m"inline-flex items-center rounded-full border border-dashed border-gray-300 px-2.5 py-0.5 text-xs text-gray-500 hover:border-gray-400 hover:bg-gray-50"[39m
  [33mdata-testid[39m=[32m"tag-menu-button"[39m
[36m>[39m
  [36m<div[39m
    [33mdata-testid[39m=[32m"icon-plus"[39m
  [36m>[39m
    [0mPlus Icon[0m
  [36m</div>[39m
  [0mA├▒adir etiqueta[0m
[36m</button>[39m

Ignored nodes: comments, script, style
[36m<button[39m
  [33mclass[39m=[32m"inline-flex items-center rounded-full border border-dashed border-gray-300 px-2.5 py-0.5 text-xs text-gray-500 hover:border-gray-400 hover:bg-gray-50"[39m
  [33mdata-testid[39m=[32m"tag-menu-button"[39m
[36m>[39m
  [36m<div[39m
    [33mdata-testid[39m=[32m"icon-plus"[39m
  [36m>[39m
    [0mPlus Icon[0m
  [36m</div>[39m
  [0mA├▒adir etiqueta[0m
[36m</button>[39m

Ignored nodes: comments, script, style
[36m<button[39m
  [33mclass[39m=[32m"inline-flex items-center rounded-full border border-dashed border-gray-300 px-2.5 py-0.5 text-xs text-gray-500 hover:border-gray-400 hover:bg-gray-50"[39m
  [33mdata-testid[39m=[32m"tag-menu-button"[39m
[36m>[39m
  [36m<div[39m
    [33mdata-testid[39m=[32m"icon-plus"[39m
  [36m>[39m
    [0mPlus Icon[0m
  [36m</div>[39m
  [0mA├▒adir etiqueta[0m
[36m</button>[39m

(If this is intentional, then use the `*AllBy*` variant of the query (like `queryAllByText`, `getAllByText`, or `findAllByText`)).

Ignored nodes: comments, script, style
[36m<body>[39m
  [36m<div>[39m
    [36m<div[39m
      [33mclass[39m=[32m"mt-2"[39m
    [36m>[39m
      [36m<div[39m
        [33mclass[39m=[32m"flex flex-wrap gap-2 mb-2"[39m
      [36m>[39m
        [36m<div[39m
          [33mclass[39m=[32m"inline-flex items-center rounded-full px-2.5 py-0.5 text-xs font-medium"[39m
          [33mdata-testid[39m=[32m"email-tag"[39m
          [33mstyle[39m=[32m"background-color: rgba(0, 255, 0, 0.125); color: rgb(0, 255, 0); border-color: rgba(0, 255, 0, 0.314); border-width: 1px;"[39m
        [36m>[39m
          [36m<span>[39m
            [0mPersonal[0m
          [36m</span>[39m
          [36m<button[39m
            [33mclass[39m=[32m"ml-1 rounded-full hover:bg-opacity-20 hover:bg-gray-600 remove-tag-button"[39m
            [33mdata-testid[39m=[32m"remove-tag-button"[39m
          [36m>[39m
            [36m<div[39m
              [33mdata-testid[39m=[32m"icon-x"[39m
            [36m>[39m
              [0mX Icon[0m
            [36m</div>[39m
          [36m</button>[39m
        [36m</div>[39m
        [36m<button[39m
          [33mclass[39m=[32m"inline-flex items-center rounded-full border border-dashed border-gray-300 px-2.5 py-0.5 text-xs text-gray-500 hover:border-gray-400 hover:bg-gray-50"[39m
          [33mdata-testid[39m=[32m"tag-menu-button"[39m
        [36m>[39m
          [36m<div[39m
            [33mdata-testid[39m=[32m"icon-plus"[39m
          [36m>[39m
            [0mPlus Icon[0m
          [36m</div>[39m
          [0mA├▒adir etiqueta[0m
        [36m</button>[39m
      [36m</div>[39m
    [36m</div>[39m
  [36m</div>[39m
  [36m<div>[39m
    [36m<div[39m
      [33mclass[39m=[32m"mt-2"[39m
    [36m>[39m
      [36m<div[39m
        [33mclass[39m=[32m"flex flex-wrap gap-2 mb-2"[39m
      [36m>[39m
        [36m<div[39m
          [33mclass[39m=[32m"inline-flex items-center rounded-full px-2.5 py-0.5 text-xs font-medium"[39m
          [33mdata-testid[39m=[32m"email-tag"[39m
          [33mstyle[39m=[32m"background-color: rgba(255, 0, 0, 0.125); color: rgb(255, 0, 0); border-color: rgba(255, 0, 0, 0.314); border-width: 1px;"[39m
        [36m>[39m
          [36m<span>[39m
            [0mImportante[0m
          [36m</span>[39m
          [36m<button[39m
            [33mclass[39m=[32m"ml-1 rounded-full hover:bg-opacity-20 hover:bg-gray-600 remove-tag-button"[39m
            [33mdata-testid[39m=[32m"remove-tag-button"[39m
          [36m>[39m
            [36m<div[39m
              [33mdata-testid[39m=[32m"icon-x"[39m
            [36m>[39m
              [0mX Icon[0m
            [36m</div>[39m
          [36m</button>[39m
        [36m</div>[39m
        [36m<div[39m
          [33mclass[39m=[32m"inline-flex items-center rounded-full px-2.5 py-0.5 text-xs font-medium"[39m
          [33mdata-testid[39m=[32m"email-tag"[39m
          [33mstyle[39m=[32m"background-color: rgba(0, 255, 0, 0.125); color: rgb(0, 255, 0); border-color: rgba(0, 255, 0, 0.314); border-width: 1px;"[39m
        [36m>[39m
          [36m<span>[39m
            [0mPersonal[0m
          [36m</span>[39m
          [36m<button[39m
            [33mclass[39m=[32m"ml-1 rounded-full hover:bg-opacity-20 hover:bg-gray-600 remove-tag-button"[39m
            [33mdata-testid[39m=[32m"remove-tag-button"[39m
          [36m>[39m
            [36m<div[39m
              [33mdata-testid[39m=[32m"icon-x"[39m
            [36m>[39m
              [0mX Icon[0m
            [36m</div>[39m
          [36m</button>[39m
        [36m</div>[39m
        [36m<button[39m
          [33mclass[39m=[32m"inline-flex items-center rounded-full border border-dashed border-gray-300 px-2.5 py-0.5 text-xs text-gray-500 hover:border-gray-400 hover:bg-gray-50"[39m
          [33mdata-testid[39m=[32m"tag-menu-button"[39m
        [36m>[39m
          [36m<div[39m
            [33mdata-testid[39m=[32m"icon-plus"[39m
          [36m>[39m
            [0mPlus Icon[0m
          [36m</div>[39m
          [0mA├▒adir etiqueta[0m
        [36m</button>[39m
      [36m</div>[39m
    [36m</div>[39m
  [36m</div>[39m
  [36m<div>[39m
    [36m<div[39m
      [33mclass[39m=[32m"mt-2"[39m
    [36m>[39m
      [36m<div[39m
        [33mclass[39m=[32m"flex flex-wrap gap-2 mb-2"[39m
      [36m>[39m
        [36m<div[39m
          [33mclass[39m=[32m"inline-flex items-center rounded-full px-2.5 py-0.5 text-xs font-medium"[39m
          [33mdata-testid[39m=[32m"email-tag"[39m
          [33mstyle[39m=[32m"background-color: rgba(255, 0, 0, 0.125); color: rgb(255, 0, 0); border-color: rgba(255, 0, 0, 0.314); border-width: 1px;"[39m
        [36m>[39m
          [36m<span>[39m
            [0mImportante[0m
          [36m</span>[39m
          [36m<button[39m
            [33mclass[39m=[32m"ml-1 rounded-full hover:bg-opacity-20 hover:bg-gray-600 remove-tag-button"[39m
            [33mdata-testid[39m=[32m"remove-tag-button"[39m
          [36m>[39m
            [36m<div[39m
              [33mdata-testid[39m=[32m"icon-x"[39m
            [36m>[39m
              [0mX Icon[0m
            [36m</div>[39m
          [36m</button>[39m
        [36m</div>[39m
        [36m<div[39m
          [33mclass[39m=[32m"inline-flex items-center rounded-full px-2.5 py-0.5 text-xs font-medium"[39m
          [33mdata-testid[39m=[32m"email-tag"[39m
          [33mstyle[39m=[32m"background-color: rgba(0, 255, 0, 0.125); color: rgb(0, 255, 0); border-color: rgba(0, 255, 0, 0.314); border-width: 1px;"[39m
        [36m>[39m
          [36m<span>[39m
            [0mPersonal[0m
          [36m</span>[39m
          [36m<button[39m
            [33mclass[39m=[32m"ml-1 rounded-full hover:bg-opacity-20 hover:bg-gray-600 remove-tag-button"[39m
            [33mdata-testid[39m=[32m"remove-tag-button"[39m
          [36m>[39m
            [36m<div[39m
              [33mdata-testid[39m=[32m"icon-x"[39m
            [36m>[39m
              [0mX Icon[0m
            [36m</div>[39m
          [36m</button>[39m
        [36m</div>[39m
        [36m<button[39m
          [33mclass[39m=[32m"inline-flex items-center rounded-full border border-dashed border-gray-300 px-2.5 py-0.5 text-xs text-gray-500 hover:border-gray-400 hover:bg-gray-50"[39m
          [33mdata-testid[39m=[32m"tag-menu-button"[39m
        [36m>[39m
          [36m<div[39m
            [33mdata-testid[39m=[32m"icon-plus"[39m
          [36m>[39m
            [0mPlus Icon[0m
          [36m</div>[39m
          [0mA├▒adir etiqueta[0m
        [36m</button>[39m
      [36m</div>[39m
    [36m</div>[39m
  [36m</div>[39m
  [36m<div>[39m
    [36m<div[39m
      [33mclass[39m=[32m"mt-2"[39m
    [36m>[39m
      [36m<div[39m
        [33mclass[39m=[32m"flex flex-wrap gap-2 mb-2"[39...
   Ô£ô EmailTagsManager > maneja errores al quitar una etiqueta 122ms
   ├ù EmailTagsManager > aplica los estilos de color correctamente a las etiquetas 27ms
     ÔåÆ expected 'rgba(0, 255, 0, 0.125)' to be '#00FF0020' // Object.is equality
 ÔØ» src/test/unit/EmailStats.test.jsx (9 tests | 8 failed) 4466ms
   ├ù EmailStats > muestra indicador de carga al iniciar 109ms
     ÔåÆ Invalid Chai property: toBeInTheDocument
   ├ù EmailStats > carga estad├¡sticas desde localStorage si est├ín disponibles y no desactualizadas 131ms
     ÔåÆ Unable to find an element with the text: 150. This could be because the text is broken up by multiple elements. In this case, you can provide a function for your text matcher to make your matcher more flexible.

Ignored nodes: comments, script, style
[36m<body>[39m
  [36m<div>[39m
    [36m<div[39m
      [33mclass[39m=[32m"flex items-center justify-center p-8"[39m
    [36m>[39m
      [36m<div[39m
        [33mclass[39m=[32m"animate-spin mr-2"[39m
      [36m>[39m
        [36m<svg[39m
          [33mclass[39m=[32m"lucide lucide-refresh-cw"[39m
          [33mfill[39m=[32m"none"[39m
          [33mheight[39m=[32m"24"[39m
          [33mstroke[39m=[32m"currentColor"[39m
          [33mstroke-linecap[39m=[32m"round"[39m
          [33mstroke-linejoin[39m=[32m"round"[39m
          [33mstroke-width[39m=[32m"2"[39m
          [33mviewBox[39m=[32m"0 0 24 24"[39m
          [33mwidth[39m=[32m"24"[39m
          [33mxmlns[39m=[32m"http://www.w3.org/2000/svg"[39m
        [36m>[39m
          [36m<path[39m
            [33md[39m=[32m"M3 12a9 9 0 0 1 9-9 9.75 9.75 0 0 1 6.74 2.74L21 8"[39m
          [36m/>[39m
          [36m<path[39m
            [33md[39m=[32m"M21 3v5h-5"[39m
          [36m/>[39m
          [36m<path[39m
            [33md[39m=[32m"M21 12a9 9 0 0 1-9 9 9.75 9.75 0 0 1-6.74-2.74L3 16"[39m
          [36m/>[39m
          [36m<path[39m
            [33md[39m=[32m"M8 16H3v5"[39m
          [36m/>[39m
        [36m</svg>[39m
      [36m</div>[39m
      [36m<span>[39m
        [0mCargando estad├¡sticas...[0m
      [36m</span>[39m
    [36m</div>[39m
  [36m</div>[39m
  [36m<div />[39m
[36m</body>[39m
   ├ù EmailStats > genera nuevas estad├¡sticas si no hay datos en localStorage 49ms
     ÔåÆ Unable to find an element with the text: 150. This could be because the text is broken up by multiple elements. In this case, you can provide a function for your text matcher to make your matcher more flexible.

Ignored nodes: comments, script, style
[36m<body>[39m
  [36m<div>[39m
    [36m<div[39m
      [33mclass[39m=[32m"flex items-center justify-center p-8"[39m
    [36m>[39m
      [36m<div[39m
        [33mclass[39m=[32m"animate-spin mr-2"[39m
      [36m>[39m
        [36m<svg[39m
          [33mclass[39m=[32m"lucide lucide-refresh-cw"[39m
          [33mfill[39m=[32m"none"[39m
          [33mheight[39m=[32m"24"[39m
          [33mstroke[39m=[32m"currentColor"[39m
          [33mstroke-linecap[39m=[32m"round"[39m
          [33mstroke-linejoin[39m=[32m"round"[39m
          [33mstroke-width[39m=[32m"2"[39m
          [33mviewBox[39m=[32m"0 0 24 24"[39m
          [33mwidth[39m=[32m"24"[39m
          [33mxmlns[39m=[32m"http://www.w3.org/2000/svg"[39m
        [36m>[39m
          [36m<path[39m
            [33md[39m=[32m"M3 12a9 9 0 0 1 9-9 9.75 9.75 0 0 1 6.74 2.74L21 8"[39m
          [36m/>[39m
          [36m<path[39m
            [33md[39m=[32m"M21 3v5h-5"[39m
          [36m/>[39m
          [36m<path[39m
            [33md[39m=[32m"M21 12a9 9 0 0 1-9 9 9.75 9.75 0 0 1-6.74-2.74L3 16"[39m
          [36m/>[39m
          [36m<path[39m
            [33md[39m=[32m"M8 16H3v5"[39m
          [36m/>[39m
        [36m</svg>[39m
      [36m</div>[39m
      [36m<span>[39m
        [0mCargando estad├¡sticas...[0m
      [36m</span>[39m
    [36m</div>[39m
  [36m</div>[39m
  [36m<div />[39m
  [36m<div />[39m
[36m</body>[39m
   Ô£ô EmailStats > genera nuevas estad├¡sticas si los datos est├ín desactualizados 106ms
   ├ù EmailStats > muestra mensaje de error si falla la carga de estad├¡sticas 1024ms
     ÔåÆ Invalid Chai property: toBeInTheDocument

Ignored nodes: comments, script, style
[36m<html>[39m
  [36m<head />[39m
  [36m<body>[39m
    [36m<div>[39m
      [36m<div[39m
        [33mclass[39m=[32m"flex items-center justify-center p-8"[39m
      [36m>[39m
        [36m<div[39m
          [33mclass[39m=[32m"animate-spin mr-2"[39m
        [36m>[39m
          [36m<svg[39m
            [33mclass[39m=[32m"lucide lucide-refresh-cw"[39m
            [33mfill[39m=[32m"none"[39m
            [33mheight[39m=[32m"24"[39m
            [33mstroke[39m=[32m"currentColor"[39m
            [33mstroke-linecap[39m=[32m"round"[39m
            [33mstroke-linejoin[39m=[32m"round"[39m
            [33mstroke-width[39m=[32m"2"[39m
            [33mviewBox[39m=[32m"0 0 24 24"[39m
            [33mwidth[39m=[32m"24"[39m
            [33mxmlns[39m=[32m"http://www.w3.org/2000/svg"[39m
          [36m>[39m
            [36m<path[39m
              [33md[39m=[32m"M3 12a9 9 0 0 1 9-9 9.75 9.75 0 0 1 6.74 2.74L21 8"[39m
            [36m/>[39m
            [36m<path[39m
              [33md[39m=[32m"M21 3v5h-5"[39m
            [36m/>[39m
            [36m<path[39m
              [33md[39m=[32m"M21 12a9 9 0 0 1-9 9 9.75 9.75 0 0 1-6.74-2.74L3 16"[39m
            [36m/>[39m
            [36m<path[39m
              [33md[39m=[32m"M8 16H3v5"[39m
            [36m/>[39m
          [36m</svg>[39m
        [36m</div>[39m
        [36m<span>[39m
          [0mCargando estad├¡sticas...[0m
        [36m</span>[39m
      [36m</div>[39m
    [36m</div>[39m
    [36m<div />[39m
    [36m<div />[39m
    [36m<div />[39m
    [36m<div>[39m
      [36m<div[39m
        [33mclass[39m=[32m"p-4 bg-red-50 text-red-700 rounded-md"[39m
      [36m>[39m
        [36m<p>[39m
          [0mNo se pudieron cargar las estad├¡sticas[0m
        [36m</p>[39m
        [36m<button[39m
          [33mclass[39m=[32m"inline-flex items-center justify-center font-medium transition-colors focus:outline-none focus:ring-2 focus:ring-blue-500 focus:ring-offset-2 bg-transparent border border-gray-300 hover:bg-gray-50 text-gray-700 text-sm px-4 py-2 rounded-md cursor-pointer mt-2"[39m
          [33mtype[39m=[32m"button"[39m
        [36m>[39m
          [0mReintentar[0m
        [36m</button>[39m
      [36m</div>[39m
    [36m</div>[39m
  [36m</body>[39m
[36m</html>[39m
   ├ù EmailStats > permite actualizar manualmente las estad├¡sticas 1010ms
     ÔåÆ Unable to find an element with the text: 150. This could be because the text is broken up by multiple elements. In this case, you can provide a function for your text matcher to make your matcher more flexible.

Ignored nodes: comments, script, style
[36m<body>[39m
  [36m<div>[39m
    [36m<div[39m
      [33mclass[39m=[32m"flex items-center justify-center p-8"[39m
    [36m>[39m
      [36m<div[39m
        [33mclass[39m=[32m"animate-spin mr-2"[39m
      [36m>[39m
        [36m<svg[39m
          [33mclass[39m=[32m"lucide lucide-refresh-cw"[39m
          [33mfill[39m=[32m"none"[39m
          [33mheight[39m=[32m"24"[39m
          [33mstroke[39m=[32m"currentColor"[39m
          [33mstroke-linecap[39m=[32m"round"[39m
          [33mstroke-linejoin[39m=[32m"round"[39m
          [33mstroke-width[39m=[32m"2"[39m
          [33mviewBox[39m=[32m"0 0 24 24"[39m
          [33mwidth[39m=[32m"24"[39m
          [33mxmlns[39m=[32m"http://www.w3.org/2000/svg"[39m
        [36m>[39m
          [36m<path[39m
            [33md[39m=[32m"M3 12a9 9 0 0 1 9-9 9.75 9.75 0 0 1 6.74 2.74L21 8"[39m
          [36m/>[39m
          [36m<path[39m
            [33md[39m=[32m"M21 3v5h-5"[39m
          [36m/>[39m
          [36m<path[39m
            [33md[39m=[32m"M21 12a9 9 0 0 1-9 9 9.75 9.75 0 0 1-6.74-2.74L3 16"[39m
          [36m/>[39m
          [36m<path[39m
            [33md[39m=[32m"M8 16H3v5"[39m
          [36m/>[39m
        [36m</svg>[39m
      [36m</div>[39m
      [36m<span>[39m
        [0mCargando estad├¡sticas...[0m
      [36m</span>[39m
    [36m</div>[39m
  [36m</div>[39m
  [36m<div />[39m
  [36m<div />[39m
  [36m<div />[39m
  [36m<div>[39m
    [36m<div[39m
      [33mclass[39m=[32m"p-4 bg-red-50 text-red-700 rounded-md"[39m
    [36m>[39m
      [36m<p>[39m
        [0mNo se pudieron cargar las estad├¡sticas[0m
      [36m</p>[39m
      [36m<button[39m
        [33mclass[39m=[32m"inline-flex items-center justify-center font-medium transition-colors focus:outline-none focus:ring-2 focus:ring-blue-500 focus:ring-offset-2 bg-transparent border border-gray-300 hover:bg-gray-50 text-gray-700 text-sm px-4 py-2 rounded-md cursor-pointer mt-2"[39m
        [33mtype[39m=[32m"button"[39m
      [36m>[39m
        [0mReintentar[0m
      [36m</button>[39m
    [36m</div>[39m
  [36m</div>[39m
  [36m<div />[39m
[36m</body>[39m

Ignored nodes: comments, script, style
[36m<html>[39m
  [36m<head />[39m
  [36m<body>[39m
    [36m<div>[39m
      [36m<div[39m
        [33mclass[39m=[32m"flex items-center justify-center p-8"[39m
      [36m>[39m
        [36m<div[39m
          [33mclass[39m=[32m"animate-spin mr-2"[39m
        [36m>[39m
          [36m<svg[39m
            [33mclass[39m=[32m"lucide lucide-refresh-cw"[39m
            [33mfill[39m=[32m"none"[39m
            [33mheight[39m=[32m"24"[39m
            [33mstroke[39m=[32m"currentColor"[39m
            [33mstroke-linecap[39m=[32m"round"[39m
            [33mstroke-linejoin[39m=[32m"round"[39m
            [33mstroke-width[39m=[32m"2"[39m
            [33mviewBox[39m=[32m"0 0 24 24"[39m
            [33mwidth[39m=[32m"24"[39m
            [33mxmlns[39m=[32m"http://www.w3.org/2000/svg"[39m
          [36m>[39m
            [36m<path[39m
              [33md[39m=[32m"M3 12a9 9 0 0 1 9-9 9.75 9.75 0 0 1 6.74 2.74L21 8"[39m
            [36m/>[39m
            [36m<path[39m
              [33md[39m=[32m"M21 3v5h-5"[39m
            [36m/>[39m
            [36m<path[39m
              [33md[39m=[32m"M21 12a9 9 0 0 1-9 9 9.75 9.75 0 0 1-6.74-2.74L3 16"[39m
            [36m/>[39m
            [36m<path[39m
              [33md[39m=[32m"M8 16H3v5"[39m
            [36m/>[39m
          [36m</svg>[39m
        [36m</div>[39m
        [36m<span>[39m
          [0mCargando estad├¡sticas...[0m
        [36m</span>[39m
      [36m</div>[39m
    [36m</div>[39m
    [36m<div />[39m
    [36m<div />[39m
    [36m<div />[39m
    [36m<div>[39m
      [36m<div[39m
        [33mclass[39m=[32m"p-4 bg-red-50 text-red-700 rounded-md"[39m
      [36m>[39m
        [36m<p>[39m
          [0mNo se pudieron cargar las estad├¡sticas[0m
        [36m</p>[39m
        [36m<button[39m
          [33mclass[39m=[32m"inline-flex items-center justify-center font-medium transition-colors focus:outline-none focus:ring-2 focus:ring-blue-500 focus:ring-offset-2 bg-transparent border border-gray-300 hover:bg-gray-50 text-gray-700 text-sm px-4 py-2 rounded-md cursor-pointer mt-2"[39m
          [33mtype[39m=[32m"button"[39m
        [36m>[39m
          [0mReintentar[0m
        [36m</button>[39m
      [36m</div>[39m
    [36m</div>[39m
    [36m<div />[39m
  [36m</body>[39m
[36m</html>[39m
   ├ù EmailStats > renderiza correctamente todas las secciones del dashboard 1015ms
     ÔåÆ Unable to find an element with the text: Correos. This could be because the text is broken up by multiple elements. In this case, you can provide a function for your text matcher to make your matcher more flexible.

Ignored nodes: comments, script, style
[36m<body>[39m
  [36m<div>[39m
    [36m<div[39m
      [33mclass[39m=[32m"flex items-center justify-center p-8"[39m
    [36m>[39m
      [36m<div[39m
        [33mclass[39m=[32m"animate-spin mr-2"[39m
      [36m>[39m
        [36m<svg[39m
          [33mclass[39m=[32m"lucide lucide-refresh-cw"[39m
          [33mfill[39m=[32m"none"[39m
          [33mheight[39m=[32m"24"[39m
          [33mstroke[39m=[32m"currentColor"[39m
          [33mstroke-linecap[39m=[32m"round"[39m
          [33mstroke-linejoin[39m=[32m"round"[39m
          [33mstroke-width[39m=[32m"2"[39m
          [33mviewBox[39m=[32m"0 0 24 24"[39m
          [33mwidth[39m=[32m"24"[39m
          [33mxmlns[39m=[32m"http://www.w3.org/2000/svg"[39m
        [36m>[39m
          [36m<path[39m
            [33md[39m=[32m"M3 12a9 9 0 0 1 9-9 9.75 9.75 0 0 1 6.74 2.74L21 8"[39m
          [36m/>[39m
          [36m<path[39m
            [33md[39m=[32m"M21 3v5h-5"[39m
          [36m/>[39m
          [36m<path[39m
            [33md[39m=[32m"M21 12a9 9 0 0 1-9 9 9.75 9.75 0 0 1-6.74-2.74L3 16"[39m
          [36m/>[39m
          [36m<path[39m
            [33md[39m=[32m"M8 16H3v5"[39m
          [36m/>[39m
        [36m</svg>[39m
      [36m</div>[39m
      [36m<span>[39m
        [0mCargando estad├¡sticas...[0m
      [36m</span>[39m
    [36m</div>[39m
  [36m</div>[39m
  [36m<div />[39m
  [36m<div />[39m
  [36m<div />[39m
  [36m<div>[39m
    [36m<div[39m
      [33mclass[39m=[32m"p-4 bg-red-50 text-red-700 rounded-md"[39m
    [36m>[39m
      [36m<p>[39m
        [0mNo se pudieron cargar las estad├¡sticas[0m
      [36m</p>[39m
      [36m<button[39m
        [33mclass[39m=[32m"inline-flex items-center justify-center font-medium transition-colors focus:outline-none focus:ring-2 focus:ring-blue-500 focus:ring-offset-2 bg-transparent border border-gray-300 hover:bg-gray-50 text-gray-700 text-sm px-4 py-2 rounded-md cursor-pointer mt-2"[39m
        [33mtype[39m=[32m"button"[39m
      [36m>[39m
        [0mReintentar[0m
      [36m</button>[39m
    [36m</div>[39m
  [36m</div>[39m
  [36m<div />[39m
  [36m<div />[39m
[36m</body>[39m

Ignored nodes: comments, script, style
[36m<html>[39m
  [36m<head />[39m
  [36m<body>[39m
    [36m<div>[39m
      [36m<div[39m
        [33mclass[39m=[32m"flex items-center justify-center p-8"[39m
      [36m>[39m
        [36m<div[39m
          [33mclass[39m=[32m"animate-spin mr-2"[39m
        [36m>[39m
          [36m<svg[39m
            [33mclass[39m=[32m"lucide lucide-refresh-cw"[39m
            [33mfill[39m=[32m"none"[39m
            [33mheight[39m=[32m"24"[39m
            [33mstroke[39m=[32m"currentColor"[39m
            [33mstroke-linecap[39m=[32m"round"[39m
            [33mstroke-linejoin[39m=[32m"round"[39m
            [33mstroke-width[39m=[32m"2"[39m
            [33mviewBox[39m=[32m"0 0 24 24"[39m
            [33mwidth[39m=[32m"24"[39m
            [33mxmlns[39m=[32m"http://www.w3.org/2000/svg"[39m
          [36m>[39m
            [36m<path[39m
              [33md[39m=[32m"M3 12a9 9 0 0 1 9-9 9.75 9.75 0 0 1 6.74 2.74L21 8"[39m
            [36m/>[39m
            [36m<path[39m
              [33md[39m=[32m"M21 3v5h-5"[39m
            [36m/>[39m
            [36m<path[39m
              [33md[39m=[32m"M21 12a9 9 0 0 1-9 9 9.75 9.75 0 0 1-6.74-2.74L3 16"[39m
            [36m/>[39m
            [36m<path[39m
              [33md[39m=[32m"M8 16H3v5"[39m
            [36m/>[39m
          [36m</svg>[39m
        [36m</div>[39m
        [36m<span>[39m
          [0mCargando estad├¡sticas...[0m
        [36m</span>[39m
      [36m</div>[39m
    [36m</div>[39m
    [36m<div />[39m
    [36m<div />[39m
    [36m<div />[39m
    [36m<div>[39m
      [36m<div[39m
        [33mclass[39m=[32m"p-4 bg-red-50 text-red-700 rounded-md"[39m
      [36m>[39m
        [36m<p>[39m
          [0mNo se pudieron cargar las estad├¡sticas[0m
        [36m</p>[39m
        [36m<button[39m
          [33mclass[39m=[32m"inline-flex items-center justify-center font-medium transition-colors focus:outline-none focus:ring-2 focus:ring-blue-500 focus:ring-offset-2 bg-transparent border border-gray-300 hover:bg-gray-50 text-gray-700 text-sm px-4 py-2 rounded-md cursor-pointer mt-2"[39m
          [33mtype[39m=[32m"button"[39m
        [36m>[39m
          [0mReintentar[0m
        [36m</button>[39m
      [36m</div>[39m
    [36m</div>[39m
    [36m<div />[39m
    [36m<div />[39m
  [36m</body>[39m
[36m</html>[39m
   ├ù EmailStats > no hace nada si no hay userId 8ms
     ÔåÆ Unable to find an element with the text: No hay estad├¡sticas disponibles. This could be because the text is broken up by multiple elements. In this case, you can provide a function for your text matcher to make your matcher more flexible.

Ignored nodes: comments, script, style
[36m<body>[39m
  [36m<div>[39m
    [36m<div[39m
      [33mclass[39m=[32m"flex items-center justify-center p-8"[39m
    [36m>[39m
      [36m<div[39m
        [33mclass[39m=[32m"animate-spin mr-2"[39m
      [36m>[39m
        [36m<svg[39m
          [33mclass[39m=[32m"lucide lucide-refresh-cw"[39m
          [33mfill[39m=[32m"none"[39m
          [33mheight[39m=[32m"24"[39m
          [33mstroke[39m=[32m"currentColor"[39m
          [33mstroke-linecap[39m=[32m"round"[39m
          [33mstroke-linejoin[39m=[32m"round"[39m
          [33mstroke-width[39m=[32m"2"[39m
          [33mviewBox[39m=[32m"0 0 24 24"[39m
          [33mwidth[39m=[32m"24"[39m
          [33mxmlns[39m=[32m"http://www.w3.org/2000/svg"[39m
        [36m>[39m
          [36m<path[39m
            [33md[39m=[32m"M3 12a9 9 0 0 1 9-9 9.75 9.75 0 0 1 6.74 2.74L21 8"[39m
          [36m/>[39m
          [36m<path[39m
            [33md[39m=[32m"M21 3v5h-5"[39m
          [36m/>[39m
          [36m<path[39m
            [33md[39m=[32m"M21 12a9 9 0 0 1-9 9 9.75 9.75 0 0 1-6.74-2.74L3 16"[39m
          [36m/>[39m
          [36m<path[39m
            [33md[39m=[32m"M8 16H3v5"[39m
          [36m/>[39m
        [36m</svg>[39m
      [36m</div>[39m
      [36m<span>[39m
        [0mCargando estad├¡sticas...[0m
      [36m</span>[39m
    [36m</div>[39m
  [36m</div>[39m
  [36m<div />[39m
  [36m<div />[39m
  [36m<div />[39m
  [36m<div>[39m
    [36m<div[39m
      [33mclass[39m=[32m"p-4 bg-red-50 text-red-700 rounded-md"[39m
    [36m>[39m
      [36m<p>[39m
        [0mNo se pudieron cargar las estad├¡sticas[0m
      [36m</p>[39m
      [36m<button[39m
        [33mclass[39m=[32m"inline-flex items-center justify-center font-medium transition-colors focus:outline-none focus:ring-2 focus:ring-blue-500 focus:ring-offset-2 bg-transparent border border-gray-300 hover:bg-gray-50 text-gray-700 text-sm px-4 py-2 rounded-md cursor-pointer mt-2"[39m
        [33mtype[39m=[32m"button"[39m
      [36m>[39m
        [0mReintentar[0m
      [36m</button>[39m
    [36m</div>[39m
  [36m</div>[39m
  [36m<div />[39m
  [36m<div />[39m
  [36m<div>[39m
    [36m<div[39m
      [33mclass[39m=[32m"flex items-center justify-center p-8"[39m
    [36m>[39m
      [36m<div[39m
        [33mclass[39m=[32m"animate-spin mr-2"[39m
      [36m>[39m
        [36m<svg[39m
          [33mclass[39m=[32m"lucide lucide-refresh-cw"[39m
          [33mfill[39m=[32m"none"[39m
          [33mheight[39m=[32m"24"[39m
          [33mstroke[39m=[32m"currentColor"[39m
          [33mstroke-linecap[39m=[32m"round"[39m
          [33mstroke-linejoin[39m=[32m"round"[39m
          [33mstroke-width[39m=[32m"2"[39m
          [33mviewBox[39m=[32m"0 0 24 24"[39m
          [33mwidth[39m=[32m"24"[39m
          [33mxmlns[39m=[32m"http://www.w3.org/2000/svg"[39m
        [36m>[39m
          [36m<path[39m
            [33md[39m=[32m"M3 12a9 9 0 0 1 9-9 9.75 9.75 0 0 1 6.74 2.74L21 8"[39m
          [36m/>[39m
          [36m<path[39m
            [33md[39m=[32m"M21 3v5h-5"[39m
          [36m/>[39m
          [36m<path[39m
            [33md[39m=[32m"M21 12a9 9 0 0 1-9 9 9.75 9.75 0 0 1-6.74-2.74L3 16"[39m
          [36m/>[39m
          [36m<path[39m
            [33md[39m=[32m"M8 16H3v5"[39m
          [36m/>[39m
        [36m</svg>[39m
      [36m</div>[39m
      [36m<span>[39m
        [0mCargando estad├¡sticas...[0m
      [36m</span>[39m
    [36m</div>[39m
  [36m</div>[39m
[36m</body>[39m
   ├ù EmailStats > muestra mensaje cuando no hay suficientes datos para estad├¡sticas 1007ms
     ÔåÆ Unable to find an element with the text: /no hay suficientes datos/i. This could be because the text is broken up by multiple elements. In this case, you can provide a function for your text matcher to make your matcher more flexible.

Ignored nodes: comments, script, style
[36m<body>[39m
  [36m<div>[39m
    [36m<div[39m
      [33mclass[39m=[32m"flex items-center justify-center p-8"[39m
    [36m>[39m
      [36m<div[39m
        [33mclass[39m=[32m"animate-spin mr-2"[39m
      [36m>[39m
        [36m<svg[39m
          [33mclass[39m=[32m"lucide lucide-refresh-cw"[39m
          [33mfill[39m=[32m"none"[39m
          [33mheight[39m=[32m"24"[39m
          [33mstroke[39m=[32m"currentColor"[39m
          [33mstroke-linecap[39m=[32m"round"[39m
          [33mstroke-linejoin[39m=[32m"round"[39m
          [33mstroke-width[39m=[32m"2"[39m
          [33mviewBox[39m=[32m"0 0 24 24"[39m
          [33mwidth[39m=[32m"24"[39m
          [33mxmlns[39m=[32m"http://www.w3.org/2000/svg"[39m
        [36m>[39m
          [36m<path[39m
            [33md[39m=[32m"M3 12a9 9 0 0 1 9-9 9.75 9.75 0 0 1 6.74 2.74L21 8"[39m
          [36m/>[39m
          [36m<path[39m
            [33md[39m=[32m"M21 3v5h-5"[39m
          [36m/>[39m
          [36m<path[39m
            [33md[39m=[32m"M21 12a9 9 0 0 1-9 9 9.75 9.75 0 0 1-6.74-2.74L3 16"[39m
          [36m/>[39m
          [36m<path[39m
            [33md[39m=[32m"M8 16H3v5"[39m
          [36m/>[39m
        [36m</svg>[39m
      [36m</div>[39m
      [36m<span>[39m
        [0mCargando estad├¡sticas...[0m
      [36m</span>[39m
    [36m</div>[39m
  [36m</div>[39m
  [36m<div />[39m
  [36m<div />[39m
  [36m<div />[39m
  [36m<div>[39m
    [36m<div[39m
      [33mclass[39m=[32m"p-4 bg-red-50 text-red-700 rounded-md"[39m
    [36m>[39m
      [36m<p>[39m
        [0mNo se pudieron cargar las estad├¡sticas[0m
      [36m</p>[39m
      [36m<button[39m
        [33mclass[39m=[32m"inline-flex items-center justify-center font-medium transition-colors focus:outline-none focus:ring-2 focus:ring-blue-500 focus:ring-offset-2 bg-transparent border border-gray-300 hover:bg-gray-50 text-gray-700 text-sm px-4 py-2 rounded-md cursor-pointer mt-2"[39m
        [33mtype[39m=[32m"button"[39m
      [36m>[39m
        [0mReintentar[0m
      [36m</button>[39m
    [36m</div>[39m
  [36m</div>[39m
  [36m<div />[39m
  [36m<div />[39m
  [36m<div>[39m
    [36m<div[39m
      [33mclass[39m=[32m"flex items-center justify-center p-8"[39m
    [36m>[39m
      [36m<div[39m
        [33mclass[39m=[32m"animate-spin mr-2"[39m
      [36m>[39m
        [36m<svg[39m
          [33mclass[39m=[32m"lucide lucide-refresh-cw"[39m
          [33mfill[39m=[32m"none"[39m
          [33mheight[39m=[32m"24"[39m
          [33mstroke[39m=[32m"currentColor"[39m
          [33mstroke-linecap[39m=[32m"round"[39m
          [33mstroke-linejoin[39m=[32m"round"[39m
          [33mstroke-width[39m=[32m"2"[39m
          [33mviewBox[39m=[32m"0 0 24 24"[39m
          [33mwidth[39m=[32m"24"[39m
          [33mxmlns[39m=[32m"http://www.w3.org/2000/svg"[39m
        [36m>[39m
          [36m<path[39m
            [33md[39m=[32m"M3 12a9 9 0 0 1 9-9 9.75 9.75 0 0 1 6.74 2.74L21 8"[39m
          [36m/>[39m
          [36m<path[39m
            [33md[39m=[32m"M21 3v5h-5"[39m
          [36m/>[39m
          [36m<path[39m
            [33md[39m=[32m"M21 12a9 9 0 0 1-9 9 9.75 9.75 0 0 1-6.74-2.74L3 16"[39m
          [36m/>[39m
          [36m<path[39m
            [33md[39m=[32m"M8 16H3v5"[39m
          [36m/>[39m
        [36m</svg>[39m
      [36m</div>[39m
      [36m<span>[39m
        [0mCargando estad├¡sticas...[0m
      [36m</span>[39m
    [36m</div>[39m
  [36m</div>[39m
  [36m<div />[39m
[36m</body>[39m

Ignored nodes: comments, script, style
[36m<html>[39m
  [36m<head />[39m
  [36m<body>[39m
    [36m<div>[39m
      [36m<div[39m
        [33mclass[39m=[32m"flex items-center justify-center p-8"[39m
      [36m>[39m
        [36m<div[39m
          [33mclass[39m=[32m"animate-spin mr-2"[39m
        [36m>[39m
          [36m<svg[39m
            [33mclass[39m=[32m"lucide lucide-refresh-cw"[39m
            [33mfill[39m=[32m"none"[39m
            [33mheight[39m=[32m"24"[39m
            [33mstroke[39m=[32m"currentColor"[39m
            [33mstroke-linecap[39m=[32m"round"[39m
            [33mstroke-linejoin[39m=[32m"round"[39m
            [33mstroke-width[39m=[32m"2"[39m
            [33mviewBox[39m=[32m"0 0 24 24"[39m
            [33mwidth[39m=[32m"24"[39m
            [33mxmlns[39m=[32m"http://www.w3.org/2000/svg"[39m
          [36m>[39m
            [36m<path[39m
              [33md[39m=[32m"M3 12a9 9 0 0 1 9-9 9.75 9.75 0 0 1 6.74 2.74L21 8"[39m
            [36m/>[39m
            [36m<path[39m
              [33md[39m=[32m"M21 3v5h-5"[39m
            [36m/>[39m
            [36m<path[39m
              [33md[39m=[32m"M21 12a9 9 0 0 1-9 9 9.75 9.75 0 0 1-6.74-2.74L3 16"[39m
            [36m/>[39m
            [36m<path[39m
              [33md[39m=[32m"M8 16H3v5"[39m
            [36m/>[39m
          [36m</svg>[39m
        [36m</div>[39m
        [36m<span>[39m
          [0mCargando estad├¡sticas...[0m
        [36m</span>[39m
      [36m</div>[39m
    [36m</div>[39m
    [36m<div />[39m
    [36m<div />[39m
    [36m<div />[39m
    [36m<div>[39m
      [36m<div[39m
        [33mclass[39m=[32m"p-4 bg-red-50 text-red-700 rounded-md"[39m
      [36m>[39m
        [36m<p>[39m
          [0mNo se pudieron cargar las estad├¡sticas[0m
        [36m</p>[39m
        [36m<button[39m
          [33mclass[39m=[32m"inline-flex items-center justify-center font-medium transition-colors focus:outline-none focus:ring-2 focus:ring-blue-500 focus:ring-offset-2 bg-transparent border border-gray-300 hover:bg-gray-50 text-gray-700 text-sm px-4 py-2 rounded-md cursor-pointer mt-2"[39m
          [33mtype[39m=[32m"button"[39m
        [36m>[39m
          [0mReintentar[0m
        [36m</button>[39m
      [36m</div>[39m
    [36m</div>[39m
    [36m<div />[39m
    [36m<div />[39m
    [36m<div>[39m
      [36m<div[39m
        [33mclass[39m=[32m"flex items-center justify-center p-8"[39m
      [36m>[39m
        [36m<div[39m
          [33mclass[39m=[32m"animate-spin mr-2"[39m
        [36m>[39m
          [36m<svg[39m
            [33mclass[39m=[32m"lucide lucide-refresh-cw"[39m
            [33mfill[39m=[32m"none"[39m
            [33mheight[39m=[32m"24"[39m
            [33mstroke[39m=[32m"currentColor"[39m
            [33mstroke-linecap[39m=[32m"round"[39m
            [33mstroke-linejoin[39m=[32m"round"[39m
            [33mstroke-width[39m=[32m"2"[39m
            [33mviewBox[39m=[32m"0 0 24 24"[39m
            [33mwidth[39m=[32m"24"[39m
            [33mxmlns[39m=[32m"http://www.w3.org/2000/svg"[39m
          [36m>[39m
            [36m<path[39m
              [33md[39m=[32m"M3 12a9 9 0 0 1 9-9 9.75 9.75 0 0 1 6.74 2.74L21 8"[39m
            [36m/>[39m
            [36m<path[39m
              [33md[39m=[32m"M21 3v5h-5"[39m
            [36m/>[39m
            [36m<path[39m
              [33md[39m=[32m"M21 12a9 9 0 0 1-9 9 9.75 9.75 0 0 1-6.74-2.74L3 16"[39m
            [36m/>[39m
            [36m<path[39m
              [33md[39m=[32m"M8 16H3v5"[39m
            [36m/>[39m
          [36m</svg>[39m
        [36m</div>[39m
        [36m<span>[39m
          [0mCargando estad├¡sticas...[0m
        [36m</span>[39m
      [36m</div>[39m
    [36m</div>[39m
    [36m<div />[39m
  [36m</body>[39m
[36m</html>[39m
 ÔØ» src/test/integration/EmailWorkflow.test.jsx (5 tests | 5 failed) 3296ms
   ├ù Pruebas de integraci├│n del sistema de correo electr├│nico > Muestra correctamente los emails recibidos y permite verlos en detalle 120ms
     ÔåÆ Invalid Chai property: toBeInTheDocument
   ├ù Pruebas de integraci├│n del sistema de correo electr├│nico > Permite componer y enviar un nuevo correo 107ms
     ÔåÆ [vitest] No "setAuthContext" export is defined on the "../../services/EmailService" mock. Did you forget to return it from "vi.mock"?
If you need to partially mock a module, you can use "importOriginal" helper inside:

   ├ù Pruebas de integraci├│n del sistema de correo electr├│nico > Permite mover un correo a otra carpeta 1021ms
     ÔåÆ Invalid Chai property: toBeInTheDocument

Ignored nodes: comments, script, style
[36m<html>[39m
  [36m<head />[39m
  [36m<body>[39m
    [36m<div>[39m
      [36m<div[39m
        [33mclass[39m=[32m"space-y-4"[39m
      [36m>[39m
        [36m<div[39m
          [33mclass[39m=[32m"bg-blue-50 p-3 rounded-lg"[39m
        [36m>[39m
          [36m<p[39m
            [33mclass[39m=[32m"text-sm text-blue-700"[39m
          [36m>[39m
            [0m­ƒôº Usuario: [0m
            [36m<span[39m
              [33mclass[39m=[32m"font-medium"[39m
            [36m>[39m
              [0musuario@example.com[0m
            [36m</span>[39m
            [0m | ­ƒôè [0m
            [0m2[0m
            [0m emails en [0m
            [0mRecibidos[0m
          [36m</p>[39m
        [36m</div>[39m
        [36m<div[39m
          [33mclass[39m=[32m"flex flex-col sm:flex-row gap-4"[39m
        [36m>[39m
          [36m<div[39m
            [33mclass[39m=[32m"flex bg-gray-100 rounded-lg p-1"[39m
          [36m>[39m
            [36m<button[39m
              [33mclass[39m=[32m"px-4 py-2 rounded-md transition-colors bg-white text-blue-600 shadow-sm"[39m
            [36m>[39m
              [0m­ƒôÑ Recibidos[0m
            [36m</button>[39m
            [36m<button[39m
              [33mclass[39m=[32m"px-4 py-2 rounded-md transition-colors text-gray-600 hover:text-gray-800"[39m
            [36m>[39m
              [0m­ƒôñ Enviados[0m
            [36m</button>[39m
          [36m</div>[39m
          [36m<div[39m
            [33mclass[39m=[32m"flex-1"[39m
          [36m>[39m
            [36m<input[39m
              [33mclass[39m=[32m"w-full px-4 py-2 border border-gray-300 rounded-lg focus:ring-2 focus:ring-blue-500 focus:border-transparent"[39m
              [33mplaceholder[39m=[32m"­ƒöì Buscar emails..."[39m
              [33mtype[39m=[32m"text"[39m
              [33mvalue[39m=[32m""[39m
            [36m/>[39m
          [36m</div>[39m
          [36m<button[39m
            [33mclass[39m=[32m"px-4 py-2 rounded-lg transition-colors bg-gray-300 text-gray-500 cursor-not-allowed"[39m
            [33mdisabled[39m=[32m""[39m
          [36m>[39m
            [0m­ƒùæ´©Å Eliminar ([0m
            [0m0[0m
            [0m)[0m
          [36m</button>[39m
        [36m</div>[39m
        [36m<div[39m
          [33mclass[39m=[32m"bg-white rounded-lg shadow overflow-hidden"[39m
          [33mdata-testid[39m=[32m"email-list"[39m
        [36m>[39m
          [36m<table[39m
            [33mclass[39m=[32m"w-full"[39m
          [36m>[39m
            [36m<thead[39m
              [33mclass[39m=[32m"bg-gray-50"[39m
            [36m>[39m
              [36m<tr>[39m
                [36m<th[39m
                  [33mclass[39m=[32m"px-4 py-3 text-left"[39m
                [36m>[39m
                  [36m<input[39m
                    [33maria-label[39m=[32m"Seleccionar todos"[39m
                    [33mclass[39m=[32m"rounded border-gray-300 text-blue-600 focus:ring-blue-500"[39m
                    [33mtype[39m=[32m"checkbox"[39m
                  [36m/>[39m
                [36m</th>[39m
                [36m<th[39m
                  [33mclass[39m=[32m"px-4 py-3 text-left"[39m
                [36m>[39m
                  [36m<button[39m
                    [33mclass[39m=[32m"flex items-center space-x-1 text-gray-700 hover:text-gray-900 font-medium"[39m
                  [36m>[39m
                    [36m<span>[39m
                      [0mAsunto[0m
                    [36m</span>[39m
                    [36m<span[39m
                      [33mclass[39m=[32m"text-xs"[39m
                    [36m>[39m
                      [0mÔåò´©Å[0m
                    [36m</span>[39m
                  [36m</button>[39m
                [36m</th>[39m
                [36m<th[39m
                  [33mclass[39m=[32m"px-4 py-3 text-left text-gray-700 font-medium"[39m
                [36m>[39m
                  [0mDe[0m
                [36m</th>[39m
                [36m<th[39m
                  [33mclass[39m=[32m"px-4 py-3 text-left text-gray-700 font-medium"[39m
                [36m>[39m
                  [0mFecha[0m
                [36m</th>[39m
              [36m</tr>[39m
            [36m</thead>[39m
            [36m<tbody[39m
              [33mclass[39m=[32m"divide-y divide-gray-200"[39m
            [36m>[39m
              [36m<tr[39m
                [33mclass[39m=[32m"hover:bg-gray-50 cursor-pointer transition-colors"[39m
                [33mrole[39m=[32m"row"[39m
              [36m>[39m
                [36m<td[39m
                  [33mclass[39m=[32m"px-4 py-3"[39m
                [36m>[39m
                  [36m<input[39m
                    [33mclass[39m=[32m"rounded border-gray-300 text-blue-600 focus:ring-blue-500"[39m
                    [33mrole[39m=[32m"checkbox"[39m
                    [33mtype[39m=[32m"checkbox"[39m
                  [36m/>[39m
                [36m</td>[39m
                [36m<td[39m
                  [33mclass[39m=[32m"px-4 py-3"[39m
                [36m>[39m
                  [36m<div[39m
                    [33mclass[39m=[32m"font-medium text-gray-900"[39m
                  [36m>[39m
                    [0mPropuesta de colaboraci├│n[0m
                  [36m</div>[39m
                  [36m<div[39m
                    [33mclass[39m=[32m"text-sm text-gray-500 truncate max-w-xs"[39m
                  [36m>[39m
                    [0m&lt;p&gt;Hola, me gustar├¡a discutir una posible colaboraci├│n.&lt;/p&gt;[0m
                    [0m...[0m
                  [36m</div>[39m
                [36m</td>[39m
                [36m<td[39m
                  [33mclass[39m=[32m"px-4 py-3 text-sm text-gray-600"[39m
                [36m>[39m
                  [0msocio@empresa.com[0m
                [36m</td>[39m
                [36m<td[39m
                  [33mclass[39m=[32m"px-4 py-3 text-sm text-gray-500"[39m
                [36m>[39m
                  [0m10/7/2025[0m
                [36m</td>[39m
              [36m</tr>[39m
              [36m<tr[39m
                [33mclass[39m=[32m"hover:bg-gray-50 cursor-pointer transition-colors"[39m
                [33mrole[39m=[32m"row"[39m
              [36m>[39m
                [36m<td[39m
                  [33mclass[39m=[32m"px-4 py-3"[39m
                [36m>[39m
                  [36m<input[39m
                    [33mclass[39m=[32m"rounded border-gray-300 text-blue-600 focus:ring-blue-500"[39m
                    [33mrole[39m=[32m"checkbox"[39m
                    [33mtype[39m=[32m"checkbox"[39m
                  [36m/>[39m
                [36m</td>[39m
                [36m<td[39m
                  [33mclass[39m=[32m"px-4 py-3"[39m
                [36m>[39m
                  [36m<div[39m
                    [33mclass[39m=[32m"font-medium text-gray-900"[39m
                  [36m>[39m
                    [0mConfirmaci├│n de pedido[0m
                  [36m</div>[39m
                  [36m<div[39m
                    [33mclass[39m=[32m"text-sm text-gray-500 truncate max-w-xs"[39m
                  [36m>[39m
                    [0m&lt;p&gt;Su pedido ha sido confirmado.&lt;/p&gt;[0m
                    [0m...[0m
                  [36m</div>[39m
                [36m</td>[39m
                [36m<td[39m
                  [33mclass[39m=[32m"px-4 py-3 text-sm text-gray-600"[39m
                [36m>[39m
                  [0mventas@tienda.com[0m
                [36m</td>[39m
                [36m<td[39m
                  [33mclass[39m=[32m"px-4 py-3 text-sm text-gray-500"[39m
                [36m>[39m
                  [0m9/7/2025[0m
                [36m</td>[39m
              [36m</tr>[39m
            [36m</tbody>[39m
          [36m</table>[39m
        [36m</div>[39m
      [36m</div>[39m
    [36m</div>[39m
    [36m<div />[39m
    [36m<div>[39m
      [36m<div[39m
        [33mclass[39m=[32m"space-y-4"[39m
      [36m>[39m
        [36m<div[39m
          [33mclass[39m=[32m"bg-blue-50 p-3 rounded-lg"[39m
        [36m>[39m
          [36m<p[39m
            [33mclass[39m=[32m"text-sm text-blue-700"[39m
          [36m>[39m
            [0m­ƒôº Usuario: [0m
            [36m<span[39m
              [33mclass[39m=[32m"font-medium"[39m
            [36m>[39m
              [0musuario@example.com[0m
            [36m</span>[39m
            [0m | ­ƒôè [0m
            [0m2[0m
            [0m emails en [0m
            [0mRecibidos[0m
          [36m</p>[39m
        [36m</div>[39m
        [36m<div[39m
          [33mclass[39m=[32m"flex flex-col sm:flex-row gap-4"[39m
        [36m>[39m
          [36m<div[39m
            [33mclass[39m=[32m"flex bg-gray-100 rounded-lg p-1"[39m
          [36m>[39m
            [36m<button[39m
              [33mclass[39m=[32m"px-4 py-2 rounded-md transition-colors bg-white text-blue-600 shadow-sm"[39m
            [36m>[39m
              [0m­ƒôÑ Recibidos[0m
            [36m</button>[39m
            [36m<button[39m
              [33mclass[39m=[32m"px-4 py-2 rounded-md transition-colors text-gray-600 hover:text-gray-800"[39m
            [36m>[39m
              [0m­ƒôñ Enviados[0m
            [36m</button>[39m
          [36m</div>[39m
          [36m<div[39m
            [33mclass[39m=[32m"flex-1"[39m
          [36m>[39m
            [36m<input[39m
              [33mclass[39m=[32m"w-full px-4 py-2 border border-gray-300 rounded-lg focus:ring-2 focus:ring-blue-500 focus:border-transparent"[39m
              [33mplaceholder[39m=[32m"­ƒöì Buscar emails..."[39m
              [33mtype[39m=[32m"text"[39m
              [33mvalue[39m=[32m""[39m
            [36m/>[39m
          [36m</div>[39m
          [36m<button[39m
            [33mclass[39m=[32m"px-4 py-2 rounded-lg transition-colors bg-gray-300 text-gray-500 cursor-not-allowed"[39m
            [33mdisabled[39m=[32m""[39m
          [36m>[39m
            [0m­ƒùæ´©Å Eliminar ([0m
            [0m0[0m
            [0m)[0m
          [36m</button>[39m
        [36m</div>[39m
        [36m<div[39m
          [33mclass[39m=[32m"bg-white rounded-lg shadow overflow-hidden"[39m
          [33mdata-testid[39m=[32m"email-list"[39m
        [36m>[39m
          [36m<table[39m
            [33mclass[39m=[32m"w-full"[39m
          [36m>[39m
            [36m<thead[39m
              [33mclass[39m=[32m"bg-gray-50"[39m
            [36m>[39m
              [36m<tr>[39m
                [36m<th[39m
                  [33mclass[39m=[32m"px-4 py-3 text-left"[39m
                [36m>[39m
                  [36m<input[39m
                    [33maria-label[39m=[32m"Seleccionar todos"[39m
                    [33mclass[39m=[32m"rounded border-gray-300 text-blue-600 focus:ring-blue-500"[39m
                    [33mtype[39m=[32m"checkbox"[39m
                  [36m/>[39m
                [36m</th>[39m
                [36m<th[39m
                  [33mclass[39m=[32m"px-4 py-3 text-left"[39m
                [36m>[39m
                  [36m<button[39m
                    [33mclass[39m=[32m"flex items-center space-x-1 text-gray-700 hover:text-gray-900 font-medium"[39m
                  [36m>[39m
                    [36m<span>[39m
                      [0mAsunto[0m
                    [36m</span>[39m
                    [36m<span[39m
                      [33mclass[39m=[32m"text-xs"[39m
                    [36m>[39m
                      [0mÔåò´©Å[0m
                    [36m</span>[39m
                  [36m</button>[39m
                [36m</th>[39m
                [36m<th[39m
                  [33mclass[39m=[32m"px-4 py-3 text-left text-gray-700 font-medium"[39m
                [36m>[39m
                  [0mDe[0m
                [36m</th>[39m
                [36m<th[39m
                  [33mclass[39m=[32m"px-4 py-3 text-left text-gray-700 font-medium"[39m
                [36m>[39m
                  [0mFecha[0m
                [36m</th>[39m
              [36m</tr>[39m
            [36m</thead>[39m
            [36m<tbody[39m
              [33mclass[39m=[32m"divide-y divide-gray-200"[39m
            [36m>[39m
              [36m<tr[39m
                [33mclass[39m=[32m"hover:bg-gray-50 cursor-pointer transition-colors"[39m
                [33mrole[39m=[32m"row"[39m
              [36m>[39m
                [36m<td[39m
                  [33mclass[39m=[32m"px-4 py-3"[39m
                [36m>[39m
                  [36m<input[39m
                    [33mclass[39m=[32m"rounded border-gray-300 text-blue-600 focus:ring-blue-500"[39m
                    [33mrole[39m=[32m"checkbox"[39m
                    [33mtype[39m=[32m"checkbox"[39m
                  [36m/>[39m
                [36m</td>[39m
                [36m<td[39m
                  [33mclass[39m=[32m"px-4 py-3"[39m
                [36m>[39m
                  [36m<div[39m
                    [33mclass[39m=[32m"font-medium text-gray-900"[39m
                  [36m>[39m
                    [0mPropuesta de colaboraci├│n[0m
                  [36m</div>[39m
                  [36m<div[39m
                    [33mclass[39m=[32m"text-sm text-gray-500 truncate max-w-xs"[39m
                  [36m>[39m
                    [0m&lt;p&gt;Hola, me gustar├¡a discutir una posible colaboraci├│n.&lt;/p&gt;[0m
                    [0m...[0m
                  [36m</div>[39m
                [36m</td>[39m
                [36m<td[39m
                  [33mclass[39m=[32m"px-4 py-3 text-sm text-gray-600"[39m
                [36m>[39m
                  [0msocio@empresa.com[0m
                [36m</td>[39m
                [36m<td[39m
                  [33mclass[39m=[32m"px-4 py-3 text-sm text-gray-500"[39m
                [36m>[39m
                  [0m10/7/2025[0m
                [36m</td>[39m
              [36m</tr>[39m
              [36m<tr[39m
                [33mclass[39m=[32m"hover:bg-gray-50 cursor-pointer transition-colors"[39m
                [33mrole[39m=[32m"row"[39m
              [36m>[39m
                [36m<td[39m
                  [33mclass[39m=[32m"px-4 py-3"[39m
                [36m>[39m
                  [36m<input[39m
                    [33mclass[39m=[32m"rounded border-gray-300 text-blue-600 focus:ring-blue-500"[39m
                    [33mrole[39m=[32m"checkbox"[39m
                    [33mtype[39m=[32m"checkbox"[39m
                  [36m/>[39m
                [36m</td>[39m
                [36m<td[39m
                  [33mclass[39m=[32m"px-4 py-3"[39m
                [36m>[39m
                  [36m<div[39m
                    [33mclass[39m=[32m"font-medium text-gray-900"[39m
                  [36m>[39m
                    [0mConfirmaci├│n de pedido[0m
                  [36m</div>[39m
                  [36m<div[39m
                    [33mclass[39m=[32m"text-sm text-gray-500 truncate max-w-xs"[39m
                  [36m>[39m
                    [0m&lt;p&gt;Su pedido ha sido confirmado.&lt;/p&gt;[0m
                    [0m...[0m
                  [36m</div>[39m
                [36m</td>[39m
                [36m<td[39m
                  [33mclass[39m=[32m"px-4 py-3 text-sm text-gray-600"[39m
                [36m>[39m
                  [0mventas@tienda.com[0m
                [36m</td>[39m
                [36m<td[39m
                  [33mclass[39m=[32m"px-4 py-3 text-sm text-gray-500"[39m
                [36m>[39m
                  [0m9/7/2025[0m
                [36m</td>[39m
              [36m</tr>[39m
            [36m</tbody>[39m
          [36m</table>[39m
        [36m</div>[39m
      [36m</div>[39m
    [36m</div>[39m
  [36m</body>[39m
[36m</html>[39m
   ├ù Pruebas de integraci├│n del sistema de correo electr├│nico > Permite filtrar emails por carpeta 1018ms
     ÔåÆ Invalid Chai property: toBeInTheDocument

Ignored nodes: comments, script, style
[36m<html>[39m
  [36m<head />[39m
  [36m<body>[39m
    [36m<div>[39m
      [36m<div[39m
        [33mclass[39m=[32m"space-y-4"[39m
      [36m>[39m
        [36m<div[39m
          [33mclass[39m=[32m"bg-blue-50 p-3 rounded-lg"[39m
        [36m>[39m
          [36m<p[39m
            [33mclass[39m=[32m"text-sm text-blue-700"[39m
          [36m>[39m
            [0m­ƒôº Usuario: [0m
            [36m<span[39m
              [33mclass[39m=[32m"font-medium"[39m
            [36m>[39m
              [0musuario@example.com[0m
            [36m</span>[39m
            [0m | ­ƒôè [0m
            [0m2[0m
            [0m emails en [0m
            [0mRecibidos[0m
          [36m</p>[39m
        [36m</div>[39m
        [36m<div[39m
          [33mclass[39m=[32m"flex flex-col sm:flex-row gap-4"[39m
        [36m>[39m
          [36m<div[39m
            [33mclass[39m=[32m"flex bg-gray-100 rounded-lg p-1"[39m
          [36m>[39m
            [36m<button[39m
              [33mclass[39m=[32m"px-4 py-2 rounded-md transition-colors bg-white text-blue-600 shadow-sm"[39m
            [36m>[39m
              [0m­ƒôÑ Recibidos[0m
            [36m</button>[39m
            [36m<button[39m
              [33mclass[39m=[32m"px-4 py-2 rounded-md transition-colors text-gray-600 hover:text-gray-800"[39m
            [36m>[39m
              [0m­ƒôñ Enviados[0m
            [36m</button>[39m
          [36m</div>[39m
          [36m<div[39m
            [33mclass[39m=[32m"flex-1"[39m
          [36m>[39m
            [36m<input[39m
              [33mclass[39m=[32m"w-full px-4 py-2 border border-gray-300 rounded-lg focus:ring-2 focus:ring-blue-500 focus:border-transparent"[39m
              [33mplaceholder[39m=[32m"­ƒöì Buscar emails..."[39m
              [33mtype[39m=[32m"text"[39m
              [33mvalue[39m=[32m""[39m
            [36m/>[39m
          [36m</div>[39m
          [36m<button[39m
            [33mclass[39m=[32m"px-4 py-2 rounded-lg transition-colors bg-gray-300 text-gray-500 cursor-not-allowed"[39m
            [33mdisabled[39m=[32m""[39m
          [36m>[39m
            [0m­ƒùæ´©Å Eliminar ([0m
            [0m0[0m
            [0m)[0m
          [36m</button>[39m
        [36m</div>[39m
        [36m<div[39m
          [33mclass[39m=[32m"bg-white rounded-lg shadow overflow-hidden"[39m
          [33mdata-testid[39m=[32m"email-list"[39m
        [36m>[39m
          [36m<table[39m
            [33mclass[39m=[32m"w-full"[39m
          [36m>[39m
            [36m<thead[39m
              [33mclass[39m=[32m"bg-gray-50"[39m
            [36m>[39m
              [36m<tr>[39m
                [36m<th[39m
                  [33mclass[39m=[32m"px-4 py-3 text-left"[39m
                [36m>[39m
                  [36m<input[39m
                    [33maria-label[39m=[32m"Seleccionar todos"[39m
                    [33mclass[39m=[32m"rounded border-gray-300 text-blue-600 focus:ring-blue-500"[39m
                    [33mtype[39m=[32m"checkbox"[39m
                  [36m/>[39m
                [36m</th>[39m
                [36m<th[39m
                  [33mclass[39m=[32m"px-4 py-3 text-left"[39m
                [36m>[39m
                  [36m<button[39m
                    [33mclass[39m=[32m"flex items-center space-x-1 text-gray-700 hover:text-gray-900 font-medium"[39m
                  [36m>[39m
                    [36m<span>[39m
                      [0mAsunto[0m
                    [36m</span>[39m
                    [36m<span[39m
                      [33mclass[39m=[32m"text-xs"[39m
                    [36m>[39m
                      [0mÔåò´©Å[0m
                    [36m</span>[39m
                  [36m</button>[39m
                [36m</th>[39m
                [36m<th[39m
                  [33mclass[39m=[32m"px-4 py-3 text-left text-gray-700 font-medium"[39m
                [36m>[39m
                  [0mDe[0m
                [36m</th>[39m
                [36m<th[39m
                  [33mclass[39m=[32m"px-4 py-3 text-left text-gray-700 font-medium"[39m
                [36m>[39m
                  [0mFecha[0m
                [36m</th>[39m
              [36m</tr>[39m
            [36m</thead>[39m
            [36m<tbody[39m
              [33mclass[39m=[32m"divide-y divide-gray-200"[39m
            [36m>[39m
              [36m<tr[39m
                [33mclass[39m=[32m"hover:bg-gray-50 cursor-pointer transition-colors"[39m
                [33mrole[39m=[32m"row"[39m
              [36m>[39m
                [36m<td[39m
                  [33mclass[39m=[32m"px-4 py-3"[39m
                [36m>[39m
                  [36m<input[39m
                    [33mclass[39m=[32m"rounded border-gray-300 text-blue-600 focus:ring-blue-500"[39m
                    [33mrole[39m=[32m"checkbox"[39m
                    [33mtype[39m=[32m"checkbox"[39m
                  [36m/>[39m
                [36m</td>[39m
                [36m<td[39m
                  [33mclass[39m=[32m"px-4 py-3"[39m
                [36m>[39m
                  [36m<div[39m
                    [33mclass[39m=[32m"font-medium text-gray-900"[39m
                  [36m>[39m
                    [0mPropuesta de colaboraci├│n[0m
                  [36m</div>[39m
                  [36m<div[39m
                    [33mclass[39m=[32m"text-sm text-gray-500 truncate max-w-xs"[39m
                  [36m>[39m
                    [0m&lt;p&gt;Hola, me gustar├¡a discutir una posible colaboraci├│n.&lt;/p&gt;[0m
                    [0m...[0m
                  [36m</div>[39m
                [36m</td>[39m
                [36m<td[39m
                  [33mclass[39m=[32m"px-4 py-3 text-sm text-gray-600"[39m
                [36m>[39m
                  [0msocio@empresa.com[0m
                [36m</td>[39m
                [36m<td[39m
                  [33mclass[39m=[32m"px-4 py-3 text-sm text-gray-500"[39m
                [36m>[39m
                  [0m10/7/2025[0m
                [36m</td>[39m
              [36m</tr>[39m
              [36m<tr[39m
                [33mclass[39m=[32m"hover:bg-gray-50 cursor-pointer transition-colors"[39m
                [33mrole[39m=[32m"row"[39m
              [36m>[39m
                [36m<td[39m
                  [33mclass[39m=[32m"px-4 py-3"[39m
                [36m>[39m
                  [36m<input[39m
                    [33mclass[39m=[32m"rounded border-gray-300 text-blue-600 focus:ring-blue-500"[39m
                    [33mrole[39m=[32m"checkbox"[39m
                    [33mtype[39m=[32m"checkbox"[39m
                  [36m/>[39m
                [36m</td>[39m
                [36m<td[39m
                  [33mclass[39m=[32m"px-4 py-3"[39m
                [36m>[39m
                  [36m<di...
   ├ù Pruebas de integraci├│n del sistema de correo electr├│nico > Muestra y permite gestionar etiquetas en los correos 1026ms
     ÔåÆ Invalid Chai property: toBeInTheDocument

Ignored nodes: comments, script, style
[36m<html>[39m
  [36m<head />[39m
  [36m<body>[39m
    [36m<div>[39m
      [36m<div[39m
        [33mclass[39m=[32m"space-y-4"[39m
      [36m>[39m
        [36m<div[39m
          [33mclass[39m=[32m"bg-blue-50 p-3 rounded-lg"[39m
        [36m>[39m
          [36m<p[39m
            [33mclass[39m=[32m"text-sm text-blue-700"[39m
          [36m>[39m
            [0m­ƒôº Usuario: [0m
            [36m<span[39m
              [33mclass[39m=[32m"font-medium"[39m
            [36m>[39m
              [0musuario@example.com[0m
            [36m</span>[39m
            [0m | ­ƒôè [0m
            [0m2[0m
            [0m emails en [0m
            [0mRecibidos[0m
          [36m</p>[39m
        [36m</div>[39m
        [36m<div[39m
          [33mclass[39m=[32m"flex flex-col sm:flex-row gap-4"[39m
        [36m>[39m
          [36m<div[39m
            [33mclass[39m=[32m"flex bg-gray-100 rounded-lg p-1"[39m
          [36m>[39m
            [36m<button[39m
              [33mclass[39m=[32m"px-4 py-2 rounded-md transition-colors bg-white text-blue-600 shadow-sm"[39m
            [36m>[39m
              [0m­ƒôÑ Recibidos[0m
            [36m</button>[39m
            [36m<button[39m
              [33mclass[39m=[32m"px-4 py-2 rounded-md transition-colors text-gray-600 hover:text-gray-800"[39m
            [36m>[39m
              [0m­ƒôñ Enviados[0m
            [36m</button>[39m
          [36m</div>[39m
          [36m<div[39m
            [33mclass[39m=[32m"flex-1"[39m
          [36m>[39m
            [36m<input[39m
              [33mclass[39m=[32m"w-full px-4 py-2 border border-gray-300 rounded-lg focus:ring-2 focus:ring-blue-500 focus:border-transparent"[39m
              [33mplaceholder[39m=[32m"­ƒöì Buscar emails..."[39m
              [33mtype[39m=[32m"text"[39m
              [33mvalue[39m=[32m""[39m
            [36m/>[39m
          [36m</div>[39m
          [36m<button[39m
            [33mclass[39m=[32m"px-4 py-2 rounded-lg transition-colors bg-gray-300 text-gray-500 cursor-not-allowed"[39m
            [33mdisabled[39m=[32m""[39m
          [36m>[39m
            [0m­ƒùæ´©Å Eliminar ([0m
            [0m0[0m
            [0m)[0m
          [36m</button>[39m
        [36m</div>[39m
        [36m<div[39m
          [33mclass[39m=[32m"bg-white rounded-lg shadow overflow-hidden"[39m
          [33mdata-testid[39m=[32m"email-list"[39m
        [36m>[39m
          [36m<table[39m
            [33mclass[39m=[32m"w-full"[39m
          [36m>[39m
            [36m<thead[39m
              [33mclass[39m=[32m"bg-gray-50"[39m
            [36m>[39m
              [36m<tr>[39m
                [36m<th[39m
                  [33mclass[39m=[32m"px-4 py-3 text-left"[39m
                [36m>[39m
                  [36m<input[39m
                    [33maria-label[39m=[32m"Seleccionar todos"[39m
                    [33mclass[39m=[32m"rounded border-gray-300 text-blue-600 focus:ring-blue-500"[39m
                    [33mtype[39m=[32m"checkbox"[39m
                  [36m/>[39m
                [36m</th>[39m
                [36m<th[39m
                  [33mclass[39m=[32m"px-4 py-3 text-left"[39m
                [36m>[39m
                  [36m<button[39m
                    [33mclass[39m=[32m"flex items-center space-x-1 text-gray-700 hover:text-gray-900 font-medium"[39m
                  [36m>[39m
                    [36m<span>[39m
                      [0mAsunto[0m
                    [36m</span>[39m
                    [36m<span[39m
                      [33mclass[39m=[32m"text-xs"[39m
                    [36m>[39m
                      [0mÔåò´©Å[0m
                    [36m</span>[39m
                  [36m</button>[39m
                [36m</th>[39m
                [36m<th[39m
                  [33mclass[39m=[32m"px-4 py-3 text-left text-gray-700 font-medium"[39m
                [36m>[39m
                  [0mDe[0m
                [36m</th>[39m
                [36m<th[39m
                  [33mclass[39m=[32m"px-4 py-3 text-left text-gray-700 font-medium"[39m
                [36m>[39m
                  [0mFecha[0m
                [36m</th>[39m
              [36m</tr>[39m
            [36m</thead>[39m
            [36m<tbody[39m
              [33mclass[39m=[32m"divide-y divide-gray-200"[39m
            [36m>[39m
              [36m<tr[39m
                [33mclass[39m=[32m"hover:bg-gray-50 cursor-pointer transition-colors"[39m
                [33mrole[39m=[32m"row"[39m
              [36m>[39m
                [36m<td[39m
                  [33mclass[39m=[32m"px-4 py-3"[39m
                [36m>[39m
                  [36m<input[39m
                    [33mclass[39m=[32m"rounded border-gray-300 text-blue-600 focus:ring-blue-500"[39m
                    [33mrole[39m=[32m"checkbox"[39m
                    [33mtype[39m=[32m"checkbox"[39m
                  [36m/>[39m
                [36m</td>[39m
                [36m<td[39m
                  [33mclass[39m=[32m"px-4 py-3"[39m
                [36m>[39m
                  [36m<div[39m
                    [33mclass[39m=[32m"font-medium text-gray-900"[39m
                  [36m>[39m
                    [0mPropuesta de colaboraci├│n[0m
                  [36m</div>[39m
                  [36m<div[39m
                    [33mclass[39m=[32m"text-sm text-gray-500 truncate max-w-xs"[39m
                  [36m>[39m
                    [0m&lt;p&gt;Hola, me gustar├¡a discutir una posible colaboraci├│n.&lt;/p&gt;[0m
                    [0m...[0m
                  [36m</div>[39m
                [36m</td>[39m
                [36m<td[39m
                  [33mclass[39m=[32m"px-4 py-3 text-sm text-gray-600"[39m
                [36m>[39m
                  [0msocio@empresa.com[0m
                [36m</td>[39m
                [36m<td[39m
                  [33mclass[39m=[32m"px-4 py-3 text-sm text-gray-500"[39m
                [36m>[39m
                  [0m10/7/2025[0m
                [36m</td>[39m
              [36m</tr>[39m
              [36m<tr[39m
                [33mclass[39m=[32m"hover:bg-gray-50 cursor-pointer transition-colors"[39m
                [33mrole[39m=[32m"row"[39m
              [36m>[39m
                [36m<td[39m
                  [33mclass[39m=[32m"px-4 py-3"[39m
                [36m>[39m
                  [36m<input[39m
                    [33mclass[39m=[32m"rounded border-gray-300 text-blue-600 focus:ring-blue-500"[39m
                    [33mrole[39m=[32m"checkbox"[39m
                    [33mtype[39m=[32m"checkbox"[39m
                  [36m/>[39m
                [36m</td>[39m
                [36m<td[39m
                  [33mclass[39m=[32m"px-4 py-3"[39m
                [36m>[39m
                  [36m<di...
 ÔØ» src/test/components/email/EmailInbox.test.jsx (7 tests | 7 failed) 6810ms
   ├ù EmailInbox Component > carga y muestra correctamente la lista de emails 335ms
     ÔåÆ Invalid Chai property: toBeInTheDocument
   ├ù EmailInbox Component > filtra emails correctamente al buscar 1199ms
     ÔåÆ Invalid Chai property: toBeInTheDocument

Ignored nodes: comments, script, style
[36m<html>[39m
  [36m<head />[39m
  [36m<body>[39m
    [36m<div>[39m
      [36m<div[39m
        [33mclass[39m=[32m"space-y-4"[39m
      [36m>[39m
        [36m<div[39m
          [33mclass[39m=[32m"flex flex-col sm:flex-row gap-4"[39m
        [36m>[39m
          [36m<div[39m
            [33mclass[39m=[32m"flex bg-gray-100 rounded-lg p-1"[39m
          [36m>[39m
            [36m<button[39m
              [33mclass[39m=[32m"px-4 py-2 rounded-md transition-colors bg-white text-blue-600 shadow-sm"[39m
            [36m>[39m
              [0m­ƒôÑ Recibidos[0m
            [36m</button>[39m
            [36m<button[39m
              [33mclass[39m=[32m"px-4 py-2 rounded-md transition-colors text-gray-600 hover:text-gray-800"[39m
            [36m>[39m
              [0m­ƒôñ Enviados[0m
            [36m</button>[39m
          [36m</div>[39m
          [36m<div[39m
            [33mclass[39m=[32m"flex-1"[39m
          [36m>[39m
            [36m<input[39m
              [33mclass[39m=[32m"w-full px-4 py-2 border border-gray-300 rounded-lg focus:ring-2 focus:ring-blue-500 focus:border-transparent"[39m
              [33mplaceholder[39m=[32m"­ƒöì Buscar emails..."[39m
              [33mtype[39m=[32m"text"[39m
              [33mvalue[39m=[32m""[39m
            [36m/>[39m
          [36m</div>[39m
          [36m<button[39m
            [33mclass[39m=[32m"px-4 py-2 rounded-lg transition-colors bg-gray-300 text-gray-500 cursor-not-allowed"[39m
            [33mdisabled[39m=[32m""[39m
          [36m>[39m
            [0m­ƒùæ´©Å Eliminar ([0m
            [0m0[0m
            [0m)[0m
          [36m</button>[39m
        [36m</div>[39m
        [36m<div[39m
          [33mclass[39m=[32m"bg-white rounded-lg shadow overflow-hidden"[39m
          [33mdata-testid[39m=[32m"email-list"[39m
        [36m>[39m
          [36m<table[39m
            [33mclass[39m=[32m"w-full"[39m
          [36m>[39m
            [36m<thead[39m
              [33mclass[39m=[32m"bg-gray-50"[39m
            [36m>[39m
              [36m<tr>[39m
                [36m<th[39m
                  [33mclass[39m=[32m"px-4 py-3 text-left"[39m
                [36m>[39m
                  [36m<input[39m
                    [33maria-label[39m=[32m"Seleccionar todos"[39m
                    [33mclass[39m=[32m"rounded border-gray-300 text-blue-600 focus:ring-blue-500"[39m
                    [33mtype[39m=[32m"checkbox"[39m
                  [36m/>[39m
                [36m</th>[39m
                [36m<th[39m
                  [33mclass[39m=[32m"px-4 py-3 text-left"[39m
                [36m>[39m
                  [36m<button[39m
                    [33mclass[39m=[32m"flex items-center space-x-1 text-gray-700 hover:text-gray-900 font-medium"[39m
                  [36m>[39m
                    [36m<span>[39m
                      [0mAsunto[0m
                    [36m</span>[39m
                    [36m<span[39m
                      [33mclass[39m=[32m"text-xs"[39m
                    [36m>[39m
                      [0mÔåò´©Å[0m
                    [36m</span>[39m
                  [36m</button>[39m
                [36m</th>[39m
                [36m<th[39m
                  [33mclass[39m=[32m"px-4 py-3 text-left text-gray-700 font-medium"[39m
                [36m>[39m
                  [0mDe[0m
                [36m</th>[39m
                [36m<th[39m
                  [33mclass[39m=[32m"px-4 py-3 text-left text-gray-700 font-medium"[39m
                [36m>[39m
                  [0mFecha[0m
                [36m</th>[39m
              [36m</tr>[39m
            [36m</thead>[39m
            [36m<tbody[39m
              [33mclass[39m=[32m"divide-y divide-gray-200"[39m
            [36m>[39m
              [36m<tr[39m
                [33mclass[39m=[32m"hover:bg-gray-50 cursor-pointer transition-colors"[39m
                [33mrole[39m=[32m"row"[39m
              [36m>[39m
                [36m<td[39m
                  [33mclass[39m=[32m"px-4 py-3"[39m
                [36m>[39m
                  [36m<input[39m
                    [33mclass[39m=[32m"rounded border-gray-300 text-blue-600 focus:ring-blue-500"[39m
                    [33mrole[39m=[32m"checkbox"[39m
                    [33mtype[39m=[32m"checkbox"[39m
                  [36m/>[39m
                [36m</td>[39m
                [36m<td[39m
                  [33mclass[39m=[32m"px-4 py-3"[39m
                [36m>[39m
                  [36m<div[39m
                    [33mclass[39m=[32m"font-medium text-gray-900"[39m
                  [36m>[39m
                    [0mAsunto importante[0m
                  [36m</div>[39m
                [36m</td>[39m
                [36m<td[39m
                  [33mclass[39m=[32m"px-4 py-3 text-sm text-gray-600"[39m
                [36m>[39m
                  [0mremitente@ejemplo.com[0m
                [36m</td>[39m
                [36m<td[39m
                  [33mclass[39m=[32m"px-4 py-3 text-sm text-gray-500"[39m
                [36m>[39m
                  [0m10/7/2025[0m
                [36m</td>[39m
              [36m</tr>[39m
              [36m<tr[39m
                [33mclass[39m=[32m"hover:bg-gray-50 cursor-pointer transition-colors"[39m
                [33mrole[39m=[32m"row"[39m
              [36m>[39m
                [36m<td[39m
                  [33mclass[39m=[32m"px-4 py-3"[39m
                [36m>[39m
                  [36m<input[39m
                    [33mclass[39m=[32m"rounded border-gray-300 text-blue-600 focus:ring-blue-500"[39m
                    [33mrole[39m=[32m"checkbox"[39m
                    [33mtype[39m=[32m"checkbox"[39m
                  [36m/>[39m
                [36m</td>[39m
                [36m<td[39m
                  [33mclass[39m=[32m"px-4 py-3"[39m
                [36m>[39m
                  [36m<div[39m
                    [33mclass[39m=[32m"font-medium text-gray-900"[39m
                  [36m>[39m
                    [0mRecordatorio reuni├│n[0m
                  [36m</div>[39m
                [36m</td>[39m
                [36m<td[39m
                  [33mclass[39m=[32m"px-4 py-3 text-sm text-gray-600"[39m
                [36m>[39m
                  [0mteam@empresa.com[0m
                [36m</td>[39m
                [36m<td[39m
                  [33mclass[39m=[32m"px-4 py-3 text-sm text-gray-500"[39m
                [36m>[39m
                  [0m9/7/2025[0m
                [36m</td>[39m
              [36m</tr>[39m
              [36m<tr[39m
                [33mclass[39m=[32m"hover:bg-gray-50 cursor-pointer transition-colors"[39m
                [33mrole[39m=[32m"row"[39m
              [36m>[39m
                [36m<td[39m
                  [33mclass[39m=[32m"px-4 py-3"[39m
                [36m>[39m
                  [36m<input[39m
                    [33mclass[39m=[32m"rounded border-gray-300 text-blue-600 focus:ring-blue-500"[39m
                    [33mrole[39m=[32m"checkbox"[39m
                    [33mtype[39m=[32m"checkbox"[39m
                  [36m/>[39m
                [36m</td>[39m
                [36m<td[39m
                  [33mclass[39m=[32m"px-4 py-3"[39m
                [36m>[39m
                  [36m<div[39m
                    [33mclass[39m=[32m"font-medium text-gray-900"[39m
                  [36m>[39m
                    [0mBorrador enviado[0m
                  [36m</div>[39m
                [36m</td>[39m
                [36m<td[39m
                  [33mclass[39m=[32m"px-4 py-3 text-sm text-gray-600"[39m
                [36m>[39m
                  [0musuario@lovenda.app[0m
                [36m</td>[39m
                [36m<td[39m
                  [33mclass[39m=[32m"px-4 py-3 text-sm text-gray-500"[39m
                [36m>[39m
                  [0m8/7/2025[0m
                [36m</td>[39m
              [36m</tr>[39m
            [36m</tbody>[39m
          [36m</table>[39m
        [36m</div>[39m
      [36m</div>[39m
    [36m</div>[39m
    [36m<div>[39m
      [36m<div[39m
        [33mclass[39m=[32m"space-y-4"[39m
      [36m>[39m
        [36m<div[39m
          [33mclass[39m=[32m"flex flex-col sm:flex-row gap-4"[39m
        [36m>[39m
          [36m<div[39m
            [33mclass[39m=[32m"flex bg-gray-100 rounded-lg p-1"[39m
          [36m>[39m
            [36m<button[39m
              [33mclass[39m=[32m"px-4 py-2 rounded-md transition-colors bg-white text-blue-600 shadow-sm"[39m
            [36m>[39m
              [0m­ƒôÑ Recibidos[0m
            [36m</button>[39m
            [36m<button[39m
              [33mclass[39m=[32m"px-4 py-2 rounded-md transition-colors text-gray-600 hover:text-gray-800"[39m
            [36m>[39m
              [0m­ƒôñ Enviados[0m
            [36m</button>[39m
          [36m</div>[39m
          [36m<div[39m
            [33mclass[39m=[32m"flex-1"[39m
          [36m>[39m
            [36m<input[39m
              [33mclass[39m=[32m"w-full px-4 py-2 border border-gray-300 rounded-lg focus:ring-2 focus:ring-blue-500 focus:border-transparent"[39m
              [33mplaceholder[39m=[32m"­ƒöì Buscar emails..."[39m
              [33mtype[39m=[32m"text"[39m
              [33mvalue[39m=[32m""[39m
            [36m/>[39m
          [36m</div>[39m
          [36m<button[39m
            [33mclass[39m=[32m"px-4 py-2 rounded-lg transition-colors bg-gray-300 text-gray-500 cursor-not-allowed"[39m
            [33mdisabled[39m=[32m""[39m
          [36m>[39m
            [0m­ƒùæ´©Å Eliminar ([0m
            [0m0[0m
            [0m)[0m
          [36m</button>[39m
        [36m</div>[39m
        [36m<div[39m
          [33mclass[39m=[32m"bg-white rounded-lg shadow overflow-hidden"[39m
          [33mdata-testid[39m=[32m"email-list"[39m
        [36m>[39m
          [36m<table[39m
            [33mclass[39m=[32m"w-full"[39m
          [36m>[39m
            [36m<thead[39m
              [33mclass[39m=[32m"bg-gray-50"[39m
            [36m>[39m
              [36m<tr>[39m
                [36m<th[39m
                  [33mclass[39m=[32m"px-4 py-3 text-left"[39m
                [36m>[39m
                  [36m<input[39m
                    [33maria-label[39m=[32m"Seleccionar todos"[39m
                    [33mclass[39m=[32m"rounded border-gray-300 text-blue-600 focus:ring-blue-500"[39m
                    [33mtype[39m=[32m"checkbox"[39m
                  [36m/>[39m
                [36m</th>[39m
                [36m<th[39m
                  [33mclass[39m=[32m"px-4 py-3 text-left"[39m
                [36m>[39m
                  [36m<button[39m
                    [33mclass[39m=[32m"flex items-center space-x-1 text-gray-700 hover:text-gray-900 font-medium"[39m
                  [36m>[39m
                    [36m<span>[39m
                      [0mAsunto[0m
                    [36m</span>[39m
                    [36m<span[39m
                      [33mclass[39m=[32m"text-xs"[39m
                    [36m>[39m
                      [0mÔåò´©Å[0m
                    [36m</span>[39m
                  [36m</button>[39m
                [36m</th>[39m
                [36m<th[39m
                  [33mclass[39m=[32m"px-4 py-3 text-left text-gray-700 font-medium"[39m
                [36m>[39m
                  [0mDe[0m
                [36m</th>[39m
                [36m<th[39m
                  [33mclass[39m=[32m"px-4 py-3 text-left text-gray-700 font-medium"[39m
                [36m>[39m
                  [0mFecha[0m
                [36m</th>[39m
              [36m</tr>[39m
            [36m</thead>[39m
            [36m<tbody[39m
              [33mclass[39m=[32m"divide-y divide-gray-200"[39m
            [36m>[39m
              [36m<tr[39m
                [33mclass[39m=[32m"hover:bg-gray-50 cursor-pointer transition-colors"[39m
                [33mrole[39m=[32m"row"[39m
              [36m>[39m
                [36m<td[39m
                  [33mclass[39m=[32m"px-4 py-3"[39m
                [36m>[39m
                  [36m<input[39m
                    [33mclass[39m=[32m"rounded border-gray-300 text-blue-600 focus:ring-blue-500"[39m
                    [33mrole[39m=[32m"checkbox"[39m
                    [33mtype[39m=[32m"checkbox"[39m
                  [36m/>[39m
                [36m</td>[39m
                [36m<td[39m
                  [33mclass[39m=[32m"px-4 py-3"[39m
                [36m>[39m
                  [36m<div[39m
                    [33mclass[39m=[32m"font-medium text-gray-900"[39m
                  [36m>[39m
                    [0mAsunto importante[0m
                  [36m</div>[39m
                [36m</td>[39m
                [36m<td[39m
                  [33mclass[39m=[32m"px-4 py-3 text-sm text-gray-600"[39m
                [36m>[39m
                  [0mremitente@ejemplo.com[0m
                [36m</td>[39m
                [36m<td[39m
                  [33mclass[39m=[32m"px-4 py-3 text-sm text-gray-500"[39m
                [36m>[39m
                  [0m10/7/2025[0m
                [36m</td>[39m
              [36m</tr>[39m
              [36m<tr[39m
                [33mclass[39m=[32m"hover:bg-gray-50 cursor-pointer transition-colors"[39m
                [33mrole[39m=[32m"row"[39m
              [36m>[39m
                [36m<td[39m
                  [33mclass[39m=[32m"px-4 py-3"[39m
                [36m>[39m
                  [36m<input[39m
                    [33mclass[39m=[32m"rounded border-gray-300 text-blue-600 focus:ring-blue-500"[39m
                    [33mrole[39m=[32m"checkbox"[39m
                    [33mtype[39m=[32m"checkbox"[39m
                  [36m/>[39m
                [36m</td>[39m
                [36m<td[39m
                  [33mclass[39m=[32m"px-4 py-3"[39m
                [36m>[39m
                  [36m<div[39m
                    [33mclass[39m=[32m"font-medium text-gray-900"[39m
                  [36m>[39m
                    [0mRecordatorio reuni├│n[0m
                  [36m</div>[39m
                [36m</td>[39m
                [36m<td[39m
                  [33mclass[39m=[32m"px-4 py-3 text-sm text-gray-600"[39m
                [36m>[39m
                  [0mteam@empresa.com[0m
                [36m</td>[39m
                [36m<td[39m
                  [33mclass[39m=[32m"px-4 py-3 text-sm text-gray-500"[39m
                [36m>[39m
                  [0m9/7/2025[0m
                [36m</td>[39m
              [36m</tr>[39m
              [36m<tr[39m
                [33mclass[39m=[32m"hover:bg-gray-50 cursor-pointer transition-colors"[39m
                [33mrole[39m=[32m"row"[39m
              [36m>[39m
                [36m<td[39m
                  [33mclass[39m=[32m"px-4 py-3"[39m
                [36m>[39m
                  [36m<input[39m
                    [33mclass[39m=[32m"rounded border-gray-300 text-blue-600 focus:ring-blue-500"[39m
                    [33mrole[39m=[32m"checkbox"[39m
                    [33mtype[39m=[32m"checkbox"[39m
                  [36m/>[39m
                [36m</td>[39m
                [36m<td[39m
                  [33mclass[39m=[32m"px-4 py-3"[39m
                [36m>[39m
                  [36m<div[39m
                    [33mclass[39m=[32m"font-medium text-gray-900"[39m
                  [36m>[39m
                    [0mBorrador enviado[0m
                  [36m</div>[39m
                [36m</td>[39m
                [36m<td[39m
                  [33mclass[39m=[32m"px-4 py-3 text-sm text-gray-600"[39m
                [36m>[39m
                  [0musuario@lovenda.app[0m
                [36m</td>[39m
                [36m<td[39m
                  [33mclass[39m=[32m"px-4 py-3 text-sm text-gray-500"[39m
                [36m>[39m
                  [0m8/7/2025[0m
                [36m</td>[39m
              [36m</tr>[39m
            [36m</tbody>[39m
          [36m</table>[39m
        [36m</div>[39m
      [36m</div>[39m
    [36m</div>[39m
  [36m</body>[39m
[36m</html>[39m
   ├ù EmailInbox Component > permite seleccionar emails y realizar acciones con ellos 1033ms
     ÔåÆ Invalid Chai property: toBeInTheDocument

Ignored nodes: comments, script, style
[36m<html>[39m
  [36m<head />[39m
  [36m<body>[39m
    [36m<div>[39m
      [36m<div[39m
        [33mclass[39m=[32m"space-y-4"[39m
      [36m>[39m
        [36m<div[39m
          [33mclass[39m=[32m"flex flex-col sm:flex-row gap-4"[39m
        [36m>[39m
          [36m<div[39m
            [33mclass[39m=[32m"flex bg-gray-100 rounded-lg p-1"[39m
          [36m>[39m
            [36m<button[39m
              [33mclass[39m=[32m"px-4 py-2 rounded-md transition-colors bg-white text-blue-600 shadow-sm"[39m
            [36m>[39m
              [0m­ƒôÑ Recibidos[0m
            [36m</button>[39m
            [36m<button[39m
              [33mclass[39m=[32m"px-4 py-2 rounded-md transition-colors text-gray-600 hover:text-gray-800"[39m
            [36m>[39m
              [0m­ƒôñ Enviados[0m
            [36m</button>[39m
          [36m</div>[39m
          [36m<div[39m
            [33mclass[39m=[32m"flex-1"[39m
          [36m>[39m
            [36m<input[39m
              [33mclass[39m=[32m"w-full px-4 py-2 border border-gray-300 rounded-lg focus:ring-2 focus:ring-blue-500 focus:border-transparent"[39m
              [33mplaceholder[39m=[32m"­ƒöì Buscar emails..."[39m
              [33mtype[39m=[32m"text"[39m
              [33mvalue[39m=[32m""[39m
            [36m/>[39m
          [36m</div>[39m
          [36m<button[39m
            [33mclass[39m=[32m"px-4 py-2 rounded-lg transition-colors bg-gray-300 text-gray-500 cursor-not-allowed"[39m
            [33mdisabled[39m=[32m""[39m
          [36m>[39m
            [0m­ƒùæ´©Å Eliminar ([0m
            [0m0[0m
            [0m)[0m
          [36m</button>[39m
        [36m</div>[39m
        [36m<div[39m
          [33mclass[39m=[32m"bg-white rounded-lg shadow overflow-hidden"[39m
          [33mdata-testid[39m=[32m"email-list"[39m
        [36m>[39m
          [36m<table[39m
            [33mclass[39m=[32m"w-full"[39m
          [36m>[39m
            [36m<thead[39m
              [33mclass[39m=[32m"bg-gray-50"[39m
            [36m>[39m
              [36m<tr>[39m
                [36m<th[39m
                  [33mclass[39m=[32m"px-4 py-3 text-left"[39m
                [36m>[39m
                  [36m<input[39m
                    [33maria-label[39m=[32m"Seleccionar todos"[39m
                    [33mclass[39m=[32m"rounded border-gray-300 text-blue-600 focus:ring-blue-500"[39m
                    [33mtype[39m=[32m"checkbox"[39m
                  [36m/>[39m
                [36m</th>[39m
                [36m<th[39m
                  [33mclass[39m=[32m"px-4 py-3 text-left"[39m
                [36m>[39m
                  [36m<button[39m
                    [33mclass[39m=[32m"flex items-center space-x-1 text-gray-700 hover:text-gray-900 font-medium"[39m
                  [36m>[39m
                    [36m<span>[39m
                      [0mAsunto[0m
                    [36m</span>[39m
                    [36m<span[39m
                      [33mclass[39m=[32m"text-xs"[39m
                    [36m>[39m
                      [0mÔåò´©Å[0m
                    [36m</span>[39m
                  [36m</button>[39m
                [36m</th>[39m
                [36m<th[39m
                  [33mclass[39m=[32m"px-4 py-3 text-left text-gray-700 font-medium"[39m
                [36m>[39m
                  [0mDe[0m
                [36m</th>[39m
                [36m<th[39m
                  [33mclass[39m=[32m"px-4 py-3 text-left text-gray-700 font-medium"[39m
                [36m>[39m
                  [0mFecha[0m
                [36m</th>[39m
              [36m</tr>[39m
            [36m</thead>[39m
            [36m<tbody[39m
              [33mclass[39m=[32m"divide-y divide-gray-200"[39m
            [36m>[39m
              [36m<tr[39m
                [33mclass[39m=[32m"hover:bg-gray-50 cursor-pointer transition-colors"[39m
                [33mrole[39m=[32m"row"[39m
              [36m>[39m
                [36m<td[39m
                  [33mclass[39m=[32m"px-4 py-3"[39m
                [36m>[39m
                  [36m<input[39m
                    [33mclass[39m=[32m"rounded border-gray-300 text-blue-600 focus:ring-blue-500"[39m
                    [33mrole[39m=[32m"checkbox"[39m
                    [33mtype[39m=[32m"checkbox"[39m
                  [36m/>[39m
                [36m</td>[39m
                [36m<td[39m
                  [33mclass[39m=[32m"px-4 py-3"[39m
                [36m>[39m
                  [36m<div[39m
                    [33mclass[39m=[32m"font-medium text-gray-900"[39m
                  [36m>[39m
                    [0mAsunto importante[0m
                  [36m</div>[39m
                [36m</td>[39m
                [36m<td[39m
                  [33mclass[39m=[32m"px-4 py-3 text-sm text-gray-600"[39m
                [36m>[39m
                  [0mremitente@ejemplo.com[0m
                [36m</td>[39m
                [36m<td[39m
                  [33mclass[39m=[32m"px-4 py-3 text-sm text-gray-500"[39m
                [36m>[39m
                  [0m10/7/2025[0m
                [36m</td>[39m
              [36m</tr>[39m
              [36m<tr[39m
                [33mclass[39m=[32m"hover:bg-gray-50 cursor-pointer transition-colors"[39m
                [33mrole[39m=[32m"row"[39m
              [36m>[39m
                [36m<td[39m
                  [33mclass[39m=[32m"px-4 py-3"[39m
                [36m>[39m
                  [36m<input[39m
                    [33mclass[39m=[32m"rounded border-gray-300 text-blue-600 focus:ring-blue-500"[39m
                    [33mrole[39m=[32m"checkbox"[39m
                    [33mtype[39m=[32m"checkbox"[39m
                  [36m/>[39m
                [36m</td>[39m
                [36m<td[39m
                  [33mclass[39m=[32m"px-4 py-3"[39m
                [36m>[39m
                  [36m<div[39m
                    [33mclass[39m=[32m"font-medium text-gray-900"[39m
                  [36m>[39m
                    [0mRecordatorio reuni├│n[0m
                  [36m</div>[39m
                [36m</td>[39m
                [36m<td[39m
                  [33mclass[39m=[32m"px-4 py-3 text-sm text-gray-600"[39m
                [36m>[39m
                  [0mteam@empresa.com[0m
                [36m</td>[39m
                [36m<td[39m
                  [33mclass[39m=[32m"px-4 py-3 text-sm text-gray-500"[39m
                [36m>[39m
                  [0m9/7/2025[0m
                [36m</td>[39m
              [36m</tr>[39m
              [36m<tr[39m
                [33mclass[39m=[32m"hover:bg-gray-50 cursor-pointer transition-colors"[39m
                [33mrole[39m=[32m"row"[39m
              [36m>[39m
                [36m<td[39m
            ...
   ├ù EmailInbox Component > cambia correctamente entre carpetas 1113ms
     ÔåÆ Invalid Chai property: toBeInTheDocument

Ignored nodes: comments, script, style
[36m<html>[39m
  [36m<head />[39m
  [36m<body>[39m
    [36m<div>[39m
      [36m<div[39m
        [33mclass[39m=[32m"space-y-4"[39m
      [36m>[39m
        [36m<div[39m
          [33mclass[39m=[32m"flex flex-col sm:flex-row gap-4"[39m
        [36m>[39m
          [36m<div[39m
            [33mclass[39m=[32m"flex bg-gray-100 rounded-lg p-1"[39m
          [36m>[39m
            [36m<button[39m
              [33mclass[39m=[32m"px-4 py-2 rounded-md transition-colors bg-white text-blue-600 shadow-sm"[39m
            [36m>[39m
              [0m­ƒôÑ Recibidos[0m
            [36m</button>[39m
            [36m<button[39m
              [33mclass[39m=[32m"px-4 py-2 rounded-md transition-colors text-gray-600 hover:text-gray-800"[39m
            [36m>[39m
              [0m­ƒôñ Enviados[0m
            [36m</button>[39m
          [36m</div>[39m
          [36m<div[39m
            [33mclass[39m=[32m"flex-1"[39m
          [36m>[39m
            [36m<input[39m
              [33mclass[39m=[32m"w-full px-4 py-2 border border-gray-300 rounded-lg focus:ring-2 focus:ring-blue-500 focus:border-transparent"[39m
              [33mplaceholder[39m=[32m"­ƒöì Buscar emails..."[39m
              [33mtype[39m=[32m"text"[39m
              [33mvalue[39m=[32m""[39m
            [36m/>[39m
          [36m</div>[39m
          [36m<button[39m
            [33mclass[39m=[32m"px-4 py-2 rounded-lg transition-colors bg-gray-300 text-gray-500 cursor-not-allowed"[39m
            [33mdisabled[39m=[32m""[39m
          [36m>[39m
            [0m­ƒùæ´©Å Eliminar ([0m
            [0m0[0m
            [0m)[0m
          [36m</button>[39m
        [36m</div>[39m
        [36m<div[39m
          [33mclass[39m=[32m"bg-white rounded-lg shadow overflow-hidden"[39m
          [33mdata-testid[39m=[32m"email-list"[39m
        [36m>[39m
          [36m<table[39m
            [33mclass[39m=[32m"w-full"[39m
          [36m>[39m
            [36m<thead[39m
              [33mclass[39m=[32m"bg-gray-50"[39m
            [36m>[39m
              [36m<tr>[39m
                [36m<th[39m
                  [33mclass[39m=[32m"px-4 py-3 text-left"[39m
                [36m>[39m
                  [36m<input[39m
                    [33maria-label[39m=[32m"Seleccionar todos"[39m
                    [33mclass[39m=[32m"rounded border-gray-300 text-blue-600 focus:ring-blue-500"[39m
                    [33mtype[39m=[32m"checkbox"[39m
                  [36m/>[39m
                [36m</th>[39m
                [36m<th[39m
                  [33mclass[39m=[32m"px-4 py-3 text-left"[39m
                [36m>[39m
                  [36m<button[39m
                    [33mclass[39m=[32m"flex items-center space-x-1 text-gray-700 hover:text-gray-900 font-medium"[39m
                  [36m>[39m
                    [36m<span>[39m
                      [0mAsunto[0m
                    [36m</span>[39m
                    [36m<span[39m
                      [33mclass[39m=[32m"text-xs"[39m
                    [36m>[39m
                      [0mÔåò´©Å[0m
                    [36m</span>[39m
                  [36m</button>[39m
                [36m</th>[39m
                [36m<th[39m
                  [33mclass[39m=[32m"px-4 py-3 text-left text-gray-700 font-medium"[39m
                [36m>[39m
                  [0mDe[0m
                [36m</th>[39m
                [36m<th[39m
                  [33mclass[39m=[32m"px-4 py-3 text-left text-gray-700 font-medium"[39m
                [36m>[39m
                  [0mFecha[0m
                [36m</th>[39m
              [36m</tr>[39m
            [36m</thead>[39m
            [36m<tbody[39m
              [33mclass[39m=[32m"divide-y divide-gray-200"[39m
            [36m>[39m
              [36m<tr[39m
                [33mclass[39m=[32m"hover:bg-gray-50 cursor-pointer transition-colors"[39m
                [33mrole[39m=[32m"row"[39m
              [36m>[39m
                [36m<td[39m
                  [33mclass[39m=[32m"px-4 py-3"[39m
                [36m>[39m
                  [36m<input[39m
                    [33mclass[39m=[32m"rounded border-gray-300 text-blue-600 focus:ring-blue-500"[39m
                    [33mrole[39m=[32m"checkbox"[39m
                    [33mtype[39m=[32m"checkbox"[39m
                  [36m/>[39m
                [36m</td>[39m
                [36m<td[39m
                  [33mclass[39m=[32m"px-4 py-3"[39m
                [36m>[39m
                  [36m<div[39m
                    [33mclass[39m=[32m"font-medium text-gray-900"[39m
                  [36m>[39m
                    [0mAsunto importante[0m
                  [36m</div>[39m
                [36m</td>[39m
                [36m<td[39m
                  [33mclass[39m=[32m"px-4 py-3 text-sm text-gray-600"[39m
                [36m>[39m
                  [0mremitente@ejemplo.com[0m
                [36m</td>[39m
                [36m<td[39m
                  [33mclass[39m=[32m"px-4 py-3 text-sm text-gray-500"[39m
                [36m>[39m
                  [0m10/7/2025[0m
                [36m</td>[39m
              [36m</tr>[39m
              [36m<tr[39m
                [33mclass[39m=[32m"hover:bg-gray-50 cursor-pointer transition-colors"[39m
                [33mrole[39m=[32m"row"[39m
              [36m>[39m
                [36m<td[39m
                  [33mclass[39m=[32m"px-4 py-3"[39m
                [36m>[39m
                  [36m<input[39m
                    [33mclass[39m=[32m"rounded border-gray-300 text-blue-600 focus:ring-blue-500"[39m
                    [33mrole[39m=[32m"checkbox"[39m
                    [33mtype[39m=[32m"checkbox"[39m
                  [36m/>[39m
                [36m</td>[39m
                [36m<td[39m
                  [33mclass[39m=[32m"px-4 py-3"[39m
                [36m>[39m
                  [36m<div[39m
                    [33mclass[39m=[32m"font-medium text-gray-900"[39m
                  [36m>[39m
                    [0mRecordatorio reuni├│n[0m
                  [36m</div>[39m
                [36m</td>[39m
                [36m<td[39m
                  [33mclass[39m=[32m"px-4 py-3 text-sm text-gray-600"[39m
                [36m>[39m
                  [0mteam@empresa.com[0m
                [36m</td>[39m
                [36m<td[39m
                  [33mclass[39m=[32m"px-4 py-3 text-sm text-gray-500"[39m
                [36m>[39m
                  [0m9/7/2025[0m
                [36m</td>[39m
              [36m</tr>[39m
              [36m<tr[39m
                [33mclass[39m=[32m"hover:bg-gray-50 cursor-pointer transition-colors"[39m
                [33mrole[39m=[32m"row"[39m
              [36m>[39m
                [36m<td[39m
            ...
   ├ù EmailInbox Component > cambia el orden de los emails al hacer clic en las cabeceras de columna 1026ms
     ÔåÆ Invalid Chai property: toBeInTheDocument

Ignored nodes: comments, script, style
[36m<html>[39m
  [36m<head />[39m
  [36m<body>[39m
    [36m<div>[39m
      [36m<div[39m
        [33mclass[39m=[32m"space-y-4"[39m
      [36m>[39m
        [36m<div[39m
          [33mclass[39m=[32m"flex flex-col sm:flex-row gap-4"[39m
        [36m>[39m
          [36m<div[39m
            [33mclass[39m=[32m"flex bg-gray-100 rounded-lg p-1"[39m
          [36m>[39m
            [36m<button[39m
              [33mclass[39m=[32m"px-4 py-2 rounded-md transition-colors bg-white text-blue-600 shadow-sm"[39m
            [36m>[39m
              [0m­ƒôÑ Recibidos[0m
            [36m</button>[39m
            [36m<button[39m
              [33mclass[39m=[32m"px-4 py-2 rounded-md transition-colors text-gray-600 hover:text-gray-800"[39m
            [36m>[39m
              [0m­ƒôñ Enviados[0m
            [36m</button>[39m
          [36m</div>[39m
          [36m<div[39m
            [33mclass[39m=[32m"flex-1"[39m
          [36m>[39m
            [36m<input[39m
              [33mclass[39m=[32m"w-full px-4 py-2 border border-gray-300 rounded-lg focus:ring-2 focus:ring-blue-500 focus:border-transparent"[39m
              [33mplaceholder[39m=[32m"­ƒöì Buscar emails..."[39m
              [33mtype[39m=[32m"text"[39m
              [33mvalue[39m=[32m""[39m
            [36m/>[39m
          [36m</div>[39m
          [36m<button[39m
            [33mclass[39m=[32m"px-4 py-2 rounded-lg transition-colors bg-gray-300 text-gray-500 cursor-not-allowed"[39m
            [33mdisabled[39m=[32m""[39m
          [36m>[39m
            [0m­ƒùæ´©Å Eliminar ([0m
            [0m0[0m
            [0m)[0m
          [36m</button>[39m
        [36m</div>[39m
        [36m<div[39m
          [33mclass[39m=[32m"bg-white rounded-lg shadow overflow-hidden"[39m
          [33mdata-testid[39m=[32m"email-list"[39m
        [36m>[39m
          [36m<table[39m
            [33mclass[39m=[32m"w-full"[39m
          [36m>[39m
            [36m<thead[39m
              [33mclass[39m=[32m"bg-gray-50"[39m
            [36m>[39m
              [36m<tr>[39m
                [36m<th[39m
                  [33mclass[39m=[32m"px-4 py-3 text-left"[39m
                [36m>[39m
                  [36m<input[39m
                    [33maria-label[39m=[32m"Seleccionar todos"[39m
                    [33mclass[39m=[32m"rounded border-gray-300 text-blue-600 focus:ring-blue-500"[39m
                    [33mtype[39m=[32m"checkbox"[39m
                  [36m/>[39m
                [36m</th>[39m
                [36m<th[39m
                  [33mclass[39m=[32m"px-4 py-3 text-left"[39m
                [36m>[39m
                  [36m<button[39m
                    [33mclass[39m=[32m"flex items-center space-x-1 text-gray-700 hover:text-gray-900 font-medium"[39m
                  [36m>[39m
                    [36m<span>[39m
                      [0mAsunto[0m
                    [36m</span>[39m
                    [36m<span[39m
                      [33mclass[39m=[32m"text-xs"[39m
                    [36m>[39m
                      [0mÔåò´©Å[0m
                    [36m</span>[39m
                  [36m</button>[39m
                [36m</th>[39m
                [36m<th[39m
                  [33mclass[39m=[32m"px-4 py-3 text-left text-gray-700 font-medium"[39m
                [36m>[39m
                  [0mDe[0m
                [36m</th>[39m
                [36m<th[39m
                  [33mclass[39m=[32m"px-4 py-3 text-left text-gray-700 font-medium"[39m
                [36m>[39m
                  [0mFecha[0m
                [36m</th>[39m
              [36m</tr>[39m
            [36m</thead>[39m
            [36m<tbody[39m
              [33mclass[39m=[32m"divide-y divide-gray-200"[39m
            [36m>[39m
              [36m<tr[39m
                [33mclass[39m=[32m"hover:bg-gray-50 cursor-pointer transition-colors"[39m
                [33mrole[39m=[32m"row"[39m
              [36m>[39m
                [36m<td[39m
                  [33mclass[39m=[32m"px-4 py-3"[39m
                [36m>[39m
                  [36m<input[39m
                    [33mclass[39m=[32m"rounded border-gray-300 text-blue-600 focus:ring-blue-500"[39m
                    [33mrole[39m=[32m"checkbox"[39m
                    [33mtype[39m=[32m"checkbox"[39m
                  [36m/>[39m
                [36m</td>[39m
                [36m<td[39m
                  [33mclass[39m=[32m"px-4 py-3"[39m
                [36m>[39m
                  [36m<div[39m
                    [33mclass[39m=[32m"font-medium text-gray-900"[39m
                  [36m>[39m
                    [0mAsunto importante[0m
                  [36m</div>[39m
                [36m</td>[39m
                [36m<td[39m
                  [33mclass[39m=[32m"px-4 py-3 text-sm text-gray-600"[39m
                [36m>[39m
                  [0mremitente@ejemplo.com[0m
                [36m</td>[39m
                [36m<td[39m
                  [33mclass[39m=[32m"px-4 py-3 text-sm text-gray-500"[39m
                [36m>[39m
                  [0m10/7/2025[0m
                [36m</td>[39m
              [36m</tr>[39m
              [36m<tr[39m
                [33mclass[39m=[32m"hover:bg-gray-50 cursor-pointer transition-colors"[39m
                [33mrole[39m=[32m"row"[39m
              [36m>[39m
                [36m<td[39m
                  [33mclass[39m=[32m"px-4 py-3"[39m
                [36m>[39m
                  [36m<input[39m
                    [33mclass[39m=[32m"rounded border-gray-300 text-blue-600 focus:ring-blue-500"[39m
                    [33mrole[39m=[32m"checkbox"[39m
                    [33mtype[39m=[32m"checkbox"[39m
                  [36m/>[39m
                [36m</td>[39m
                [36m<td[39m
                  [33mclass[39m=[32m"px-4 py-3"[39m
                [36m>[39m
                  [36m<div[39m
                    [33mclass[39m=[32m"font-medium text-gray-900"[39m
                  [36m>[39m
                    [0mRecordatorio reuni├│n[0m
                  [36m</div>[39m
                [36m</td>[39m
                [36m<td[39m
                  [33mclass[39m=[32m"px-4 py-3 text-sm text-gray-600"[39m
                [36m>[39m
                  [0mteam@empresa.com[0m
                [36m</td>[39m
                [36m<td[39m
                  [33mclass[39m=[32m"px-4 py-3 text-sm text-gray-500"[39m
                [36m>[39m
                  [0m9/7/2025[0m
                [36m</td>[39m
              [36m</tr>[39m
              [36m<tr[39m
                [33mclass[39m=[32m"hover:bg-gray-50 cursor-pointer transition-colors"[39m
                [33mrole[39m=[32m"row"[39m
              [36m>[39m
                [36m<td[39m
            ...
   ├ù EmailInbox Component > muestra los detalles de un email al hacer clic en ├®l 1026ms
     ÔåÆ Invalid Chai property: toBeInTheDocument

Ignored nodes: comments, script, style
[36m<html>[39m
  [36m<head />[39m
  [36m<body>[39m
    [36m<div>[39m
      [36m<div[39m
        [33mclass[39m=[32m"space-y-4"[39m
      [36m>[39m
        [36m<div[39m
          [33mclass[39m=[32m"flex flex-col sm:flex-row gap-4"[39m
        [36m>[39m
          [36m<div[39m
            [33mclass[39m=[32m"flex bg-gray-100 rounded-lg p-1"[39m
          [36m>[39m
            [36m<button[39m
              [33mclass[39m=[32m"px-4 py-2 rounded-md transition-colors bg-white text-blue-600 shadow-sm"[39m
            [36m>[39m
              [0m­ƒôÑ Recibidos[0m
            [36m</button>[39m
            [36m<button[39m
              [33mclass[39m=[32m"px-4 py-2 rounded-md transition-colors text-gray-600 hover:text-gray-800"[39m
            [36m>[39m
              [0m­ƒôñ Enviados[0m
            [36m</button>[39m
          [36m</div>[39m
          [36m<div[39m
            [33mclass[39m=[32m"flex-1"[39m
          [36m>[39m
            [36m<input[39m
              [33mclass[39m=[32m"w-full px-4 py-2 border border-gray-300 rounded-lg focus:ring-2 focus:ring-blue-500 focus:border-transparent"[39m
              [33mplaceholder[39m=[32m"­ƒöì Buscar emails..."[39m
              [33mtype[39m=[32m"text"[39m
              [33mvalue[39m=[32m""[39m
            [36m/>[39m
          [36m</div>[39m
          [36m<button[39m
            [33mclass[39m=[32m"px-4 py-2 rounded-lg transition-colors bg-gray-300 text-gray-500 cursor-not-allowed"[39m
            [33mdisabled[39m=[32m""[39m
          [36m>[39m
            [0m­ƒùæ´©Å Eliminar ([0m
            [0m0[0m
            [0m)[0m
          [36m</button>[39m
        [36m</div>[39m
        [36m<div[39m
          [33mclass[39m=[32m"bg-white rounded-lg shadow overflow-hidden"[39m
          [33mdata-testid[39m=[32m"email-list"[39m
        [36m>[39m
          [36m<table[39m
            [33mclass[39m=[32m"w-full"[39m
          [36m>[39m
            [36m<thead[39m
              [33mclass[39m=[32m"bg-gray-50"[39m
            [36m>[39m
              [36m<tr>[39m
                [36m<th[39m
                  [33mclass[39m=[32m"px-4 py-3 text-left"[39m
                [36m>[39m
                  [36m<input[39m
                    [33maria-label[39m=[32m"Seleccionar todos"[39m
                    [33mclass[39m=[32m"rounded border-gray-300 text-blue-600 focus:ring-blue-500"[39m
                    [33mtype[39m=[32m"checkbox"[39m
                  [36m/>[39m
                [36m</th>[39m
                [36m<th[39m
                  [33mclass[39m=[32m"px-4 py-3 text-left"[39m
                [36m>[39m
                  [36m<button[39m
                    [33mclass[39m=[32m"flex items-center space-x-1 text-gray-700 hover:text-gray-900 font-medium"[39m
                  [36m>[39m
                    [36m<span>[39m
                      [0mAsunto[0m
                    [36m</span>[39m
                    [36m<span[39m
                      [33mclass[39m=[32m"text-xs"[39m
                    [36m>[39m
                      [0mÔåò´©Å[0m
                    [36m</span>[39m
                  [36m</button>[39m
                [36m</th>[39m
                [36m<th[39m
                  [33mclass[39m=[32m"px-4 py-3 text-left text-gray-700 font-medium"[39m
                [36m>[39m
                  [0mDe[0m
                [36m</th>[39m
                [36m<th[39m
                  [33mclass[39m=[32m"px-4 py-3 text-left text-gray-700 font-medium"[39m
                [36m>[39m
                  [0mFecha[0m
                [36m</th>[39m
              [36m</tr>[39m
            [36m</thead>[39m
            [36m<tbody[39m
              [33mclass[39m=[32m"divide-y divide-gray-200"[39m
            [36m>[39m
              [36m<tr[39m
                [33mclass[39m=[32m"hover:bg-gray-50 cursor-pointer transition-colors"[39m
                [33mrole[39m=[32m"row"[39m
              [36m>[39m
                [36m<td[39m
                  [33mclass[39m=[32m"px-4 py-3"[39m
                [36m>[39m
                  [36m<input[39m
                    [33mclass[39m=[32m"rounded border-gray-300 text-blue-600 focus:ring-blue-500"[39m
                    [33mrole[39m=[32m"checkbox"[39m
                    [33mtype[39m=[32m"checkbox"[39m
                  [36m/>[39m
                [36m</td>[39m
                [36m<td[39m
                  [33mclass[39m=[32m"px-4 py-3"[39m
                [36m>[39m
                  [36m<div[39m
                    [33mclass[39m=[32m"font-medium text-gray-900"[39m
                  [36m>[39m
                    [0mAsunto importante[0m
                  [36m</div>[39m
                [36m</td>[39m
                [36m<td[39m
                  [33mclass[39m=[32m"px-4 py-3 text-sm text-gray-600"[39m
                [36m>[39m
                  [0mremitente@ejemplo.com[0m
                [36m</td>[39m
                [36m<td[39m
                  [33mclass[39m=[32m"px-4 py-3 text-sm text-gray-500"[39m
                [36m>[39m
                  [0m10/7/2025[0m
                [36m</td>[39m
              [36m</tr>[39m
              [36m<tr[39m
                [33mclass[39m=[32m"hover:bg-gray-50 cursor-pointer transition-colors"[39m
                [33mrole[39m=[32m"row"[39m
              [36m>[39m
                [36m<td[39m
                  [33mclass[39m=[32m"px-4 py-3"[39m
                [36m>[39m
                  [36m<input[39m
                    [33mclass[39m=[32m"rounded border-gray-300 text-blue-600 focus:ring-blue-500"[39m
                    [33mrole[39m=[32m"checkbox"[39m
                    [33mtype[39m=[32m"checkbox"[39m
                  [36m/>[39m
                [36m</td>[39m
                [36m<td[39m
                  [33mclass[39m=[32m"px-4 py-3"[39m
                [36m>[39m
                  [36m<div[39m
                    [33mclass[39m=[32m"font-medium text-gray-900"[39m
                  [36m>[39m
                    [0mRecordatorio reuni├│n[0m
                  [36m</div>[39m
                [36m</td>[39m
                [36m<td[39m
                  [33mclass[39m=[32m"px-4 py-3 text-sm text-gray-600"[39m
                [36m>[39m
                  [0mteam@empresa.com[0m
                [36m</td>[39m
                [36m<td[39m
                  [33mclass[39m=[32m"px-4 py-3 text-sm text-gray-500"[39m
                [36m>[39m
                  [0m9/7/2025[0m
                [36m</td>[39m
              [36m</tr>[39m
              [36m<tr[39m
                [33mclass[39m=[32m"hover:bg-gray-50 cursor-pointer transition-colors"[39m
                [33mrole[39m=[32m"row"[39m
              [36m>[39m
                [36m<td[39m
            ...
   ├ù EmailInbox Component > muestra mensaje de error cuando falla la carga de emails 1073ms
     ÔåÆ Invalid Chai property: toBeInTheDocument

Ignored nodes: comments, script, style
[36m<html>[39m
  [36m<head />[39m
  [36m<body>[39m
    [36m<div>[39m
      [36m<div[39m
        [33mclass[39m=[32m"space-y-4"[39m
      [36m>[39m
        [36m<div[39m
          [33mclass[39m=[32m"flex flex-col sm:flex-row gap-4"[39m
        [36m>[39m
          [36m<div[39m
            [33mclass[39m=[32m"flex bg-gray-100 rounded-lg p-1"[39m
          [36m>[39m
            [36m<button[39m
              [33mclass[39m=[32m"px-4 py-2 rounded-md transition-colors bg-white text-blue-600 shadow-sm"[39m
            [36m>[39m
              [0m­ƒôÑ Recibidos[0m
            [36m</button>[39m
            [36m<button[39m
              [33mclass[39m=[32m"px-4 py-2 rounded-md transition-colors text-gray-600 hover:text-gray-800"[39m
            [36m>[39m
              [0m­ƒôñ Enviados[0m
            [36m</button>[39m
          [36m</div>[39m
          [36m<div[39m
            [33mclass[39m=[32m"flex-1"[39m
          [36m>[39m
            [36m<input[39m
              [33mclass[39m=[32m"w-full px-4 py-2 border border-gray-300 rounded-lg focus:ring-2 focus:ring-blue-500 focus:border-transparent"[39m
              [33mplaceholder[39m=[32m"­ƒöì Buscar emails..."[39m
              [33mtype[39m=[32m"text"[39m
              [33mvalue[39m=[32m""[39m
            [36m/>[39m
          [36m</div>[39m
          [36m<button[39m
            [33mclass[39m=[32m"px-4 py-2 rounded-lg transition-colors bg-gray-300 text-gray-500 cursor-not-allowed"[39m
            [33mdisabled[39m=[32m""[39m
          [36m>[39m
            [0m­ƒùæ´©Å Eliminar ([0m
            [0m0[0m
            [0m)[0m
          [36m</button>[39m
        [36m</div>[39m
        [36m<div[39m
          [33mclass[39m=[32m"bg-white rounded-lg shadow overflow-hidden"[39m
          [33mdata-testid[39m=[32m"email-list"[39m
        [36m>[39m
          [36m<table[39m
            [33mclass[39m=[32m"w-full"[39m
          [36m>[39m
            [36m<thead[39m
              [33mclass[39m=[32m"bg-gray-50"[39m
            [36m>[39m
              [36m<tr>[39m
                [36m<th[39m
                  [33mclass[39m=[32m"px-4 py-3 text-left"[39m
                [36m>[39m
                  [36m<input[39m
                    [33maria-label[39m=[32m"Seleccionar todos"[39m
                    [33mclass[39m=[32m"rounded border-gray-300 text-blue-600 focus:ring-blue-500"[39m
                    [33mtype[39m=[32m"checkbox"[39m
                  [36m/>[39m
                [36m</th>[39m
                [36m<th[39m
                  [33mclass[39m=[32m"px-4 py-3 text-left"[39m
                [36m>[39m
                  [36m<button[39m
                    [33mclass[39m=[32m"flex items-center space-x-1 text-gray-700 hover:text-gray-900 font-medium"[39m
                  [36m>[39m
                    [36m<span>[39m
                      [0mAsunto[0m
                    [36m</span>[39m
                    [36m<span[39m
                      [33mclass[39m=[32m"text-xs"[39m
                    [36m>[39m
                      [0mÔåò´©Å[0m
                    [36m</span>[39m
                  [36m</button>[39m
                [36m</th>[39m
                [36m<th[39m
                  [33mclass[39m=[32m"px-4 py-3 text-left text-gray-700 font-medium"[39m
                [36m>[39m
                  [0mDe[0m
                [36m</th>[39m
                [36m<th[39m
                  [33mclass[39m=[32m"px-4 py-3 text-left text-gray-700 font-medium"[39m
                [36m>[39m
                  [0mFecha[0m
                [36m</th>[39m
              [36m</tr>[39m
            [36m</thead>[39m
            [36m<tbody[39m
              [33mclass[39m=[32m"divide-y divide-gray-200"[39m
            [36m>[39m
              [36m<tr[39m
                [33mclass[39m=[32m"hover:bg-gray-50 cursor-pointer transition-colors"[39m
                [33mrole[39m=[32m"row"[39m
              [36m>[39m
                [36m<td[39m
                  [33mclass[39m=[32m"px-4 py-3"[39m
                [36m>[39m
                  [36m<input[39m
                    [33mclass[39m=[32m"rounded border-gray-300 text-blue-600 focus:ring-blue-500"[39m
                    [33mrole[39m=[32m"checkbox"[39m
                    [33mtype[39m=[32m"checkbox"[39m
                  [36m/>[39m
                [36m</td>[39m
                [36m<td[39m
                  [33mclass[39m=[32m"px-4 py-3"[39m
                [36m>[39m
                  [36m<div[39m
                    [33mclass[39m=[32m"font-medium text-gray-900"[39m
                  [36m>[39m
                    [0mAsunto importante[0m
                  [36m</div>[39m
                [36m</td>[39m
                [36m<td[39m
                  [33mclass[39m=[32m"px-4 py-3 text-sm text-gray-600"[39m
                [36m>[39m
                  [0mremitente@ejemplo.com[0m
                [36m</td>[39m
                [36m<td[39m
                  [33mclass[39m=[32m"px-4 py-3 text-sm text-gray-500"[39m
                [36m>[39m
                  [0m10/7/2025[0m
                [36m</td>[39m
              [36m</tr>[39m
              [36m<tr[39m
                [33mclass[39m=[32m"hover:bg-gray-50 cursor-pointer transition-colors"[39m
                [33mrole[39m=[32m"row"[39m
              [36m>[39m
                [36m<td[39m
                  [33mclass[39m=[32m"px-4 py-3"[39m
                [36m>[39m
                  [36m<input[39m
                    [33mclass[39m=[32m"rounded border-gray-300 text-blue-600 focus:ring-blue-500"[39m
                    [33mrole[39m=[32m"checkbox"[39m
                    [33mtype[39m=[32m"checkbox"[39m
                  [36m/>[39m
                [36m</td>[39m
                [36m<td[39m
                  [33mclass[39m=[32m"px-4 py-3"[39m
                [36m>[39m
                  [36m<div[39m
                    [33mclass[39m=[32m"font-medium text-gray-900"[39m
                  [36m>[39m
                    [0mRecordatorio reuni├│n[0m
                  [36m</div>[39m
                [36m</td>[39m
                [36m<td[39m
                  [33mclass[39m=[32m"px-4 py-3 text-sm text-gray-600"[39m
                [36m>[39m
                  [0mteam@empresa.com[0m
                [36m</td>[39m
                [36m<td[39m
                  [33mclass[39m=[32m"px-4 py-3 text-sm text-gray-500"[39m
                [36m>[39m
                  [0m9/7/2025[0m
                [36m</td>[39m
              [36m</tr>[39m
              [36m<tr[39m
                [33mclass[39m=[32m"hover:bg-gray-50 cursor-pointer transition-colors"[39m
                [33mrole[39m=[32m"row"[39m
              [36m>[39m
                [36m<td[39m
            ...
 ÔØ» src/__tests__/SeatingPlanRefactored.test.jsx (6 tests | 6 failed) 358ms
   ├ù SeatingPlanRefactored Component > should render all main components 152ms
     ÔåÆ Invalid Chai property: toBeInTheDocument
   ├ù SeatingPlanRefactored Component > should have proper layout structure 53ms
     ÔåÆ Found multiple elements by: [data-testid="seating-plan-tabs"]

Here are the matching elements:

Ignored nodes: comments, script, style
[36m<div[39m
  [33mdata-testid[39m=[32m"seating-plan-tabs"[39m
[36m>[39m
  [36m<button>[39m
    [0mCeremonia[0m
  [36m</button>[39m
  [36m<button>[39m
    [0mBanquete[0m
  [36m</button>[39m
[36m</div>[39m

Ignored nodes: comments, script, style
[36m<div[39m
  [33mdata-testid[39m=[32m"seating-plan-tabs"[39m
[36m>[39m
  [36m<button>[39m
    [0mCeremonia[0m
  [36m</button>[39m
  [36m<button>[39m
    [0mBanquete[0m
  [36m</button>[39m
[36m</div>[39m

(If this is intentional, then use the `*AllBy*` variant of the query (like `queryAllByText`, `getAllByText`, or `findAllByText`)).

Ignored nodes: comments, script, style
[36m<body>[39m
  [36m<div>[39m
    [36m<div[39m
      [33mclass[39m=[32m"h-full flex flex-col bg-gray-50"[39m
    [36m>[39m
      [36m<div[39m
        [33mclass[39m=[32m"flex-shrink-0 p-4 pb-0"[39m
      [36m>[39m
        [36m<div[39m
          [33mdata-testid[39m=[32m"seating-plan-tabs"[39m
        [36m>[39m
          [36m<button>[39m
            [0mCeremonia[0m
          [36m</button>[39m
          [36m<button>[39m
            [0mBanquete[0m
          [36m</button>[39m
        [36m</div>[39m
      [36m</div>[39m
      [36m<div[39m
        [33mclass[39m=[32m"flex-shrink-0 p-4 pb-2"[39m
      [36m>[39m
        [36m<div[39m
          [33mdata-testid[39m=[32m"seating-plan-toolbar"[39m
        [36m>[39m
          [36m<button>[39m
            [0mDeshacer[0m
          [36m</button>[39m
          [36m<button>[39m
            [0mRehacer[0m
          [36m</button>[39m
          [36m<button>[39m
            [0mExportar PNG[0m
          [36m</button>[39m
        [36m</div>[39m
      [36m</div>[39m
      [36m<div[39m
        [33mclass[39m=[32m"flex-1 flex"[39m
      [36m>[39m
        [36m<div[39m
          [33mclass[39m=[32m"w-80 flex-shrink-0"[39m
        [36m>[39m
          [36m<div[39m
            [33mdata-testid[39m=[32m"seating-plan-sidebar"[39m
          [36m>[39m
            [0mSin selecci├│n[0m
          [36m</div>[39m
        [36m</div>[39m
        [36m<div[39m
          [33mclass[39m=[32m"flex-1"[39m
        [36m>[39m
          [36m<div[39m
            [33mdata-testid[39m=[32m"seating-plan-canvas"[39m
          [36m>[39m
            [36m<button>[39m
              [0mSeleccionar Mesa 1[0m
            [36m</button>[39m
          [36m</div>[39m
        [36m</div>[39m
      [36m</div>[39m
      [36m<div[39m
        [33mdata-testid[39m=[32m"seating-plan-modals"[39m
      [36m/>[39m
    [36m</div>[39m
  [36m</div>[39m
  [36m<div>[39m
    [36m<div[39m
      [33mclass[39m=[32m"h-full flex flex-col bg-gray-50"[39m
    [36m>[39m
      [36m<div[39m
        [33mclass[39m=[32m"flex-shrink-0 p-4 pb-0"[39m
      [36m>[39m
        [36m<div[39m
          [33mdata-testid[39m=[32m"seating-plan-tabs"[39m
        [36m>[39m
          [36m<button>[39m
            [0mCeremonia[0m
          [36m</button>[39m
          [36m<button>[39m
            [0mBanquete[0m
          [36m</button>[39m
        [36m</div>[39m
      [36m</div>[39m
      [36m<div[39m
        [33mclass[39m=[32m"flex-shrink-0 p-4 pb-2"[39m
      [36m>[39m
        [36m<div[39m
          [33mdata-testid[39m=[32m"seating-plan-toolbar"[39m
        [36m>[39m
          [36m<button>[39m
            [0mDeshacer[0m
          [36m</button>[39m
          [36m<button>[39m
            [0mRehacer[0m
          [36m</button>[39m
          [36m<button>[39m
            [0mExportar PNG[0m
          [36m</button>[39m
        [36m</div>[39m
      [36m</div>[39m
      [36m<div[39m
        [33mclass[39m=[32m"flex-1 flex"[39m
      [36m>[39m
        [36m<div[39m
          [33mclass[39m=[32m"w-80 flex-shrink-0"[39m
        [36m>[39m
          [36m<div[39m
            [33mdata-testid[39m=[32m"seating-plan-sidebar"[39m
          [36m>[39m
            [0mSin selecci├│n[0m
          [36m</div>[39m
        [36m</div>[39m
        [36m<div[39m
          [33mclass[39m=[32m"flex-1"[39m
        [36m>[39m
          [36m<div[39m
            [33mdata-testid[39m=[32m"seating-plan-canvas"[39m
          [36m>[39m
            [36m<button>[39m
              [0mSeleccionar Mesa 1[0m
            [36m</button>[39m
          [36m</div>[39m
        [36m</div>[39m
      [36m</div>[39m
      [36m<div[39m
        [33mdata-testid[39m=[32m"seating-plan-modals"[39m
      [36m/>[39m
    [36m</div>[39m
  [36m</div>[39m
[36m</body>[39m
   ├ù SeatingPlanRefactored Component > should render tabs and toolbar in header area 9ms
     ÔåÆ Found multiple elements by: [data-testid="seating-plan-tabs"]

Here are the matching elements:

Ignored nodes: comments, script, style
[36m<div[39m
  [33mdata-testid[39m=[32m"seating-plan-tabs"[39m
[36m>[39m
  [36m<button>[39m
    [0mCeremonia[0m
  [36m</button>[39m
  [36m<button>[39m
    [0mBanquete[0m
  [36m</button>[39m
[36m</div>[39m

Ignored nodes: comments, script, style
[36m<div[39m
  [33mdata-testid[39m=[32m"seating-plan-tabs"[39m
[36m>[39m
  [36m<button>[39m
    [0mCeremonia[0m
  [36m</button>[39m
  [36m<button>[39m
    [0mBanquete[0m
  [36m</button>[39m
[36m</div>[39m

Ignored nodes: comments, script, style
[36m<div[39m
  [33mdata-testid[39m=[32m"seating-plan-tabs"[39m
[36m>[39m
  [36m<button>[39m
    [0mCeremonia[0m
  [36m</button>[39m
  [36m<button>[39m
    [0mBanquete[0m
  [36m</button>[39m
[36m</div>[39m

(If this is intentional, then use the `*AllBy*` variant of the query (like `queryAllByText`, `getAllByText`, or `findAllByText`)).

Ignored nodes: comments, script, style
[36m<body>[39m
  [36m<div>[39m
    [36m<div[39m
      [33mclass[39m=[32m"h-full flex flex-col bg-gray-50"[39m
    [36m>[39m
      [36m<div[39m
        [33mclass[39m=[32m"flex-shrink-0 p-4 pb-0"[39m
      [36m>[39m
        [36m<div[39m
          [33mdata-testid[39m=[32m"seating-plan-tabs"[39m
        [36m>[39m
          [36m<button>[39m
            [0mCeremonia[0m
          [36m</button>[39m
          [36m<button>[39m
            [0mBanquete[0m
          [36m</button>[39m
        [36m</div>[39m
      [36m</div>[39m
      [36m<div[39m
        [33mclass[39m=[32m"flex-shrink-0 p-4 pb-2"[39m
      [36m>[39m
        [36m<div[39m
          [33mdata-testid[39m=[32m"seating-plan-toolbar"[39m
        [36m>[39m
          [36m<button>[39m
            [0mDeshacer[0m
          [36m</button>[39m
          [36m<button>[39m
            [0mRehacer[0m
          [36m</button>[39m
          [36m<button>[39m
            [0mExportar PNG[0m
          [36m</button>[39m
        [36m</div>[39m
      [36m</div>[39m
      [36m<div[39m
        [33mclass[39m=[32m"flex-1 flex"[39m
      [36m>[39m
        [36m<div[39m
          [33mclass[39m=[32m"w-80 flex-shrink-0"[39m
        [36m>[39m
          [36m<div[39m
            [33mdata-testid[39m=[32m"seating-plan-sidebar"[39m
          [36m>[39m
            [0mSin selecci├│n[0m
          [36m</div>[39m
        [36m</div>[39m
        [36m<div[39m
          [33mclass[39m=[32m"flex-1"[39m
        [36m>[39m
          [36m<div[39m
            [33mdata-testid[39m=[32m"seating-plan-canvas"[39m
          [36m>[39m
            [36m<button>[39m
              [0mSeleccionar Mesa 1[0m
            [36m</button>[39m
          [36m</div>[39m
        [36m</div>[39m
      [36m</div>[39m
      [36m<div[39m
        [33mdata-testid[39m=[32m"seating-plan-modals"[39m
      [36m/>[39m
    [36m</div>[39m
  [36m</div>[39m
  [36m<div>[39m
    [36m<div[39m
      [33mclass[39m=[32m"h-full flex flex-col bg-gray-50"[39m
    [36m>[39m
      [36m<div[39m
        [33mclass[39m=[32m"flex-shrink-0 p-4 pb-0"[39m
      [36m>[39m
        [36m<div[39m
          [33mdata-testid[39m=[32m"seating-plan-tabs"[39m
        [36m>[39m
          [36m<button>[39m
            [0mCeremonia[0m
          [36m</button>[39m
          [36m<button>[39m
            [0mBanquete[0m
          [36m</button>[39m
        [36m</div>[39m
      [36m</div>[39m
      [36m<div[39m
        [33mclass[39m=[32m"flex-shrink-0 p-4 pb-2"[39m
      [36m>[39m
        [36m<div[39m
          [33mdata-testid[39m=[32m"seating-plan-toolbar"[39m
        [36m>[39m
          [36m<button>[39m
            [0mDeshacer[0m
          [36m</button>[39m
          [36m<button>[39m
            [0mRehacer[0m
          [36m</button>[39m
          [36m<button>[39m
            [0mExportar PNG[0m
          [36m</button>[39m
        [36m</div>[39m
      [36m</div>[39m
      [36m<div[39m
        [33mclass[39m=[32m"flex-1 flex"[39m
      [36m>[39m
        [36m<div[39m
          [33mclass[39m=[32m"w-80 flex-shrink-0"[39m
        [36m>[39m
          [36m<div[39m
            [33mdata-testid[39m=[32m"seating-plan-sidebar"[39m
          [36m>[39m
            [0mSin selecci├│n[0m
          [36m</div>[39m
        [36m</div>[39m
        [36m<div[39m
          [33mclass[39m=[32m"flex-1"[39m
        [36m>[39m
          [36m<div[39m
            [33mdata-testid[39m=[32m"seating-plan-canvas"[39m
          [36m>[39m
            [36m<button>[39m
              [0mSeleccionar Mesa 1[0m
            [36m</button>[39m
          [36m</div>[39m
        [36m</div>[39m
      [36m</div>[39m
      [36m<div[39m
        [33mdata-testid[39m=[32m"seating-plan-modals"[39m
      [36m/>[39m
    [36m</div>[39m
  [36m</div>[39m
  [36m<div>[39m
    [36m<div[39m
      [33mclass[39m=[32m"h-full flex flex-col bg-gray-50"[39m
    [36m>[39m
      [36m<div[39m
        [33mclass[39m=[32m"flex-shrink-0 p-4 pb-0"[39m
      [36m>[39m
        [36m<div[39m
          [33mdata-testid[39m=[32m"seating-plan-tabs"[39m
        [36m>[39m
          [36m<button>[39m
            [0mCeremonia[0m
          [36m</button>[39m
          [36m<button>[39m
            [0mBanquete[0m
          [36m</button>[39m
        [36m</div>[39m
      [36m</div>[39m
      [36m<div[39m
        [33mclass[39m=[32m"flex-shrink-0 p-4 pb-2"[39m
      [36m>[39m
        [36m<div[39m
          [33mdata-testid[39m=[32m"seating-plan-toolbar"[39m
        [36m>[39m
          [36m<button>[39m
            [0mDeshacer[0m
          [36m</button>[39m
          [36m<button>[39m
            [0mRehacer[0m
          [36m</button>[39m
          [36m<button>[39m
            [0mExportar PNG[0m
          [36m</button>[39m
        [36m</div>[39m
      [36m</div>[39m
      [36m<div[39m
        [33mclass[39m=[32m"flex-1 flex"[39m
      [36m>[39m
        [36m<div[39m
          [33mclass[39m=[32m"w-80 flex-shrink-0"[39m
        [36m>[39m
          [36m<div[39m
            [33mdata-testid[39m=[32m"seating-plan-sidebar"[39m
          [36m>[39m
            [0mSin selecci├│n[0m
          [36m</div>[39m
        [36m</div>[39m
        [36m<div[39m
          [33mclass[39m=[32m"flex-1"[39m
        [36m>[39m
          [36m<div[39m
            [33mdata-testid[39m=[32m"seating-plan-canvas"[39m
          [36m>[39m
            [36m<button>[39m
              [0mSeleccionar Mesa 1[0m
            [36m</button>[39m
          [36m</div>[39m
        [36m</div>[39m
      [36m</div>[39m
      [36m<div[39m
        [33mdata-testid[39m=[32m"seating-plan-modals"[39m
      [36m/>[39m
    [36m</div>[39m
  [36m</div>[39m
[36m</body>[39m
   ├ù SeatingPlanRefactored Component > should render canvas and sidebar in main content area 11ms
     ÔåÆ Found multiple elements by: [data-testid="seating-plan-canvas"]

Here are the matching elements:

Ignored nodes: comments, script, style
[36m<div[39m
  [33mdata-testid[39m=[32m"seating-plan-canvas"[39m
[36m>[39m
  [36m<button>[39m
    [0mSeleccionar Mesa 1[0m
  [36m</button>[39m
[36m</div>[39m

Ignored nodes: comments, script, style
[36m<div[39m
  [33mdata-testid[39m=[32m"seating-plan-canvas"[39m
[36m>[39m
  [36m<button>[39m
    [0mSeleccionar Mesa 1[0m
  [36m</button>[39m
[36m</div>[39m

Ignored nodes: comments, script, style
[36m<div[39m
  [33mdata-testid[39m=[32m"seating-plan-canvas"[39m
[36m>[39m
  [36m<button>[39m
    [0mSeleccionar Mesa 1[0m
  [36m</button>[39m
[36m</div>[39m

Ignored nodes: comments, script, style
[36m<div[39m
  [33mdata-testid[39m=[32m"seating-plan-canvas"[39m
[36m>[39m
  [36m<button>[39m
    [0mSeleccionar Mesa 1[0m
  [36m</button>[39m
[36m</div>[39m

(If this is intentional, then use the `*AllBy*` variant of the query (like `queryAllByText`, `getAllByText`, or `findAllByText`)).

Ignored nodes: comments, script, style
[36m<body>[39m
  [36m<div>[39m
    [36m<div[39m
      [33mclass[39m=[32m"h-full flex flex-col bg-gray-50"[39m
    [36m>[39m
      [36m<div[39m
        [33mclass[39m=[32m"flex-shrink-0 p-4 pb-0"[39m
      [36m>[39m
        [36m<div[39m
          [33mdata-testid[39m=[32m"seating-plan-tabs"[39m
        [36m>[39m
          [36m<button>[39m
            [0mCeremonia[0m
          [36m</button>[39m
          [36m<button>[39m
            [0mBanquete[0m
          [36m</button>[39m
        [36m</div>[39m
      [36m</div>[39m
      [36m<div[39m
        [33mclass[39m=[32m"flex-shrink-0 p-4 pb-2"[39m
      [36m>[39m
        [36m<div[39m
          [33mdata-testid[39m=[32m"seating-plan-toolbar"[39m
        [36m>[39m
          [36m<button>[39m
            [0mDeshacer[0m
          [36m</button>[39m
          [36m<button>[39m
            [0mRehacer[0m
          [36m</button>[39m
          [36m<button>[39m
            [0mExportar PNG[0m
          [36m</button>[39m
        [36m</div>[39m
      [36m</div>[39m
      [36m<div[39m
        [33mclass[39m=[32m"flex-1 flex"[39m
      [36m>[39m
        [36m<div[39m
          [33mclass[39m=[32m"w-80 flex-shrink-0"[39m
        [36m>[39m
          [36m<div[39m
            [33mdata-testid[39m=[32m"seating-plan-sidebar"[39m
          [36m>[39m
            [0mSin selecci├│n[0m
          [36m</div>[39m
        [36m</div>[39m
        [36m<div[39m
          [33mclass[39m=[32m"flex-1"[39m
        [36m>[39m
          [36m<div[39m
            [33mdata-testid[39m=[32m"seating-plan-canvas"[39m
          [36m>[39m
            [36m<button>[39m
              [0mSeleccionar Mesa 1[0m
            [36m</button>[39m
          [36m</div>[39m
        [36m</div>[39m
      [36m</div>[39m
      [36m<div[39m
        [33mdata-testid[39m=[32m"seating-plan-modals"[39m
      [36m/>[39m
    [36m</div>[39m
  [36m</div>[39m
  [36m<div>[39m
    [36m<div[39m
      [33mclass[39m=[32m"h-full flex flex-col bg-gray-50"[39m
    [36m>[39m
      [36m<div[39m
        [33mclass[39m=[32m"flex-shrink-0 p-4 pb-0"[39m
      [36m>[39m
        [36m<div[39m
          [33mdata-testid[39m=[32m"seating-plan-tabs"[39m
        [36m>[39m
          [36m<button>[39m
            [0mCeremonia[0m
          [36m</button>[39m
          [36m<button>[39m
            [0mBanquete[0m
          [36m</button>[39m
        [36m</div>[39m
      [36m</div>[39m
      [36m<div[39m
        [33mclass[39m=[32m"flex-shrink-0 p-4 pb-2"[39m
      [36m>[39m
        [36m<div[39m
          [33mdata-testid[39m=[32m"seating-plan-toolbar"[39m
        [36m>[39m
          [36m<button>[39m
            [0mDeshacer[0m
          [36m</button>[39m
          [36m<button>[39m
            [0mRehacer[0m
          [36m</button>[39m
          [36m<button>[39m
            [0mExportar PNG[0m
          [36m</button>[39m
        [36m</div>[39m
      [36m</div>[39m
      [36m<div[39m
        [33mclass[39m=[32m"flex-1 flex"[39m
      [36m>[39m
        [36m<div[39m
          [33mclass[39m=[32m"w-80 flex-shrink-0"[39m
        [36m>[39m
          [36m<div[39m
            [33mdata-testid[39m=[32m"seating-plan-sidebar"[39m
          [36m>[39m
            [0mSin selecci├│n[0m
          [36m</div>[39m
        [36m</div>[39m
        [36m<div[39m
          [33mclass[39m=[32m"flex-1"[39m
        [36m>[39m
          [36m<div[39m
            [33mdata-testid[39m=[32m"seating-plan-canvas"[39m
          [36m>[39m
            [36m<button>[39m
              [0mSeleccionar Mesa 1[0m
            [36m</button>[39m
          [36m</div>[39m
        [36m</div>[39m
      [36m</div>[39m
      [36m<div[39m
        [33mdata-testid[39m=[32m"seating-plan-modals"[39m
      [36m/>[39m
    [36m</div>[39m
  [36m</div>[39m
  [36m<div>[39m
    [36m<div[39m
      [33mclass[39m=[32m"h-full flex flex-col bg-gray-50"[39m
    [36m>[39m
      [36m<div[39m
        [33mclass[39m=[32m"flex-shrink-0 p-4 pb-0"[39m
      [36m>[39m
        [36m<div[39m
          [33mdata-testid[39m=[32m"seating-plan-tabs"[39m
        [36m>[39m
          [36m<button>[39m
            [0mCeremonia[0m
          [36m</button>[39m
          [36m<button>[39m
            [0mBanquete[0m
          [36m</button>[39m
        [36m</div>[39m
      [36m</div>[39m
      [36m<div[39m
        [33mclass[39m=[32m"flex-shrink-0 p-4 pb-2"[39m
      [36m>[39m
        [36m<div[39m
          [33mdata-testid[39m=[32m"seating-plan-toolbar"[39m
        [36m>[39m
          [36m<button>[39m
            [0mDeshacer[0m
          [36m</button>[39m
          [36m<button>[39m
            [0mRehacer[0m
          [36m</button>[39m
          [36m<button>[39m
            [0mExportar PNG[0m
          [36m</button>[39m
        [36m</div>[39m
      [36m</div>[39m
      [36m<div[39m
        [33mclass[39m=[32m"flex-1 flex"[39m
      [36m>[39m
        [36m<div[39m
          [33mclass[39m=[32m"w-80 flex-shrink-0"[39m
        [36m>[39m
          [36m<div[39m
            [33mdata-testid[39m=[32m"seating-plan-sidebar"[39m
          [36m>[39m
            [0mSin selecci├│n[0m
          [36m</div>[39m
        [36m</div>[39m
        [36m<div[39m
          [33mclass[39m=[32m"flex-1"[39m
        [36m>[39m
          [36m<div[39m
            [33mdata-testid[39m=[32m"seating-plan-canvas"[39m
          [36m>[39m
            [36m<button>[39m
              [0mSeleccionar Mesa 1[0m
            [36m</button>[39m
          [36m</div>[39m
        [36m</div>[39m
      [36m</div>[39m
      [36m<div[39m
        [33mdata-testid[39m=[32m"seating-plan-modals"[39m
      [36m/>[39m
    [36m</div>[39m
  [36m</div>[39m
  [36m<div>[39m
    [36m<div[39m
      [33mclass[39m=[32m"h-full flex flex-col bg-gray-50"[39m
    [36m>[39m
      [36m<div[39m
        [33mclass[39m=[32m"flex-shrink-0 p-4 pb-0"[39m
      [36m>[39m
        [36m<div[39m
          [33mdata-testid[39m=[32m"seating-plan-tabs"[39m
        [36m>[39m
          [36m<button>[39m
            [0mCeremonia[0m
          [36m</button>[39m
          [36m<button>[39m
            [0mBanquete[0m
          [36m</button>[39m
        [36m</div>[39m
      [36m</div>[39m
      [36m<div[39m
        [33mclass[39m=[32m"flex-shrink-0 p-4 pb-2"[39m
      [36m>[39m
        [36m<div[39m
          [33mdata-testid[39m=[32m"seating-plan-toolbar"[39m
        [36m>[39m
          [36m<button>[39m
            [0mDeshacer[0m
          [36m</button>[39m
          [36m<button>[39m
            [0mRehacer[0m
          [36m</button>[39m
          [36m<button>[39m
            [0mExportar PNG[0m
          [36m</button>[39m
        [36m</div>[39m
      [36m</div>[39m
      [36m<div[39m
        [33mclass[39m=[32m"flex-1 flex"[39m
      [36m>[39m
        [36m<div[39m
          [33mclass[39m=[32m"w-80 flex-shrink-0"[39m
        [36m>[39m
          [36m<div[39m
            [33mdata-testid[39m=[32m"seating-plan-sidebar"[39m
          [36m>[39m
            [0mSin selecci├│n[0m
          [36m</div>[39m
        [36m</div>[39m
        [36m<div[39m
          [33mclass[39m=[32m"flex-1"[39m
        [36m>[39m
          [36m<div[39m
            [33mdata-testid[39m=[32m"seating-plan-canvas"[39m
          [36m>[39m
            [36m<button>[39m
              [0mSeleccionar Mesa 1[0m
            [36m</button>[39m
          [36m</div>[39m
        [36m</div>[39m
      [36m</div>[39m
      [36m<div[39m
        [33mdata-testid[39m=[32m"seating-plan-modals"[39m
      [36m/>[39m
    [36m</div>[39m
  [36m</div>[39m
[36m</body>[39m
   ├ù SeatingPlanRefactored Component > should handle tab changes 108ms
     ÔåÆ Cannot find module 'C:\Users\Administrator\Documents\Lovenda\lovenda13123123 - copia\src\firebaseConfig' imported from C:\Users\Administrator\Documents\Lovenda\lovenda13123123 - copia\src\hooks\useSeatingPlan.js
   ├ù SeatingPlanRefactored Component > should integrate with all subcomponents correctly 18ms
     ÔåÆ Found multiple elements by: [data-testid="seating-plan-tabs"]

Here are the matching elements:

Ignored nodes: comments, script, style
[36m<div[39m
  [33mdata-testid[39m=[32m"seating-plan-tabs"[39m
[36m>[39m
  [36m<button>[39m
    [0mCeremonia[0m
  [36m</button>[39m
  [36m<button>[39m
    [0mBanquete[0m
  [36m</button>[39m
[36m</div>[39m

Ignored nodes: comments, script, style
[36m<div[39m
  [33mdata-testid[39m=[32m"seating-plan-tabs"[39m
[36m>[39m
  [36m<button>[39m
    [0mCeremonia[0m
  [36m</button>[39m
  [36m<button>[39m
    [0mBanquete[0m
  [36m</button>[39m
[36m</div>[39m

Ignored nodes: comments, script, style
[36m<div[39m
  [33mdata-testid[39m=[32m"seating-plan-tabs"[39m
[36m>[39m
  [36m<button>[39m
    [0mCeremonia[0m
  [36m</button>[39m
  [36m<button>[39m
    [0mBanquete[0m
  [36m</button>[39m
[36m</div>[39m

Ignored nodes: comments, script, style
[36m<div[39m
  [33mdata-testid[39m=[32m"seating-plan-tabs"[39m
[36m>[39m
  [36m<button>[39m
    [0mCeremonia[0m
  [36m</button>[39m
  [36m<button>[39m
    [0mBanquete[0m
  [36m</button>[39m
[36m</div>[39m

Ignored nodes: comments, script, style
[36m<div[39m
  [33mdata-testid[39m=[32m"seating-plan-tabs"[39m
[36m>[39m
  [36m<button>[39m
    [0mCeremonia[0m
  [36m</button>[39m
  [36m<button>[39m
    [0mBanquete[0m
  [36m</button>[39m
[36m</div>[39m

(If this is intentional, then use the `*AllBy*` variant of the query (like `queryAllByText`, `getAllByText`, or `findAllByText`)).

Ignored nodes: comments, script, style
[36m<body>[39m
  [36m<div>[39m
    [36m<div[39m
      [33mclass[39m=[32m"h-full flex flex-col bg-gray-50"[39m
    [36m>[39m
      [36m<div[39m
        [33mclass[39m=[32m"flex-shrink-0 p-4 pb-0"[39m
      [36m>[39m
        [36m<div[39m
          [33mdata-testid[39m=[32m"seating-plan-tabs"[39m
        [36m>[39m
          [36m<button>[39m
            [0mCeremonia[0m
          [36m</button>[39m
          [36m<button>[39m
            [0mBanquete[0m
          [36m</button>[39m
        [36m</div>[39m
      [36m</div>[39m
      [36m<div[39m
        [33mclass[39m=[32m"flex-shrink-0 p-4 pb-2"[39m
      [36m>[39m
        [36m<div[39m
          [33mdata-testid[39m=[32m"seating-plan-toolbar"[39m
        [36m>[39m
          [36m<button>[39m
            [0mDeshacer[0m
          [36m</button>[39m
          [36m<button>[39m
            [0mRehacer[0m
          [36m</button>[39m
          [36m<button>[39m
            [0mExportar PNG[0m
          [36m</button>[39m
        [36m</div>[39m
      [36m</div>[39m
      [36m<div[39m
        [33mclass[39m=[32m"flex-1 flex"[39m
      [36m>[39m
        [36m<div[39m
          [33mclass[39m=[32m"w-80 flex-shrink-0"[39m
        [36m>[39m
          [36m<div[39m
            [33mdata-testid[39m=[32m"seating-plan-sidebar"[39m
          [36m>[39m
            [0mSin selecci├│n[0m
          [36m</div>[39m
        [36m</div>[39m
        [36m<div[39m
          [33mclass[39m=[32m"flex-1"[39m
        [36m>[39m
          [36m<div[39m
            [33mdata-testid[39m=[32m"seating-plan-canvas"[39m
          [36m>[39m
            [36m<button>[39m
              [0mSeleccionar Mesa 1[0m
            [36m</button>[39m
          [36m</div>[39m
        [36m</div>[39m
      [36m</div>[39m
      [36m<div[39m
        [33mdata-testid[39m=[32m"seating-plan-modals"[39m
      [36m/>[39m
    [36m</div>[39m
  [36m</div>[39m
  [36m<div>[39m
    [36m<div[39m
      [33mclass[39m=[32m"h-full flex flex-col bg-gray-50"[39m
    [36m>[39m
      [36m<div[39m
        [33mclass[39m=[32m"flex-shrink-0 p-4 pb-0"[39m
      [36m>[39m
        [36m<div[39m
          [33mdata-testid[39m=[32m"seating-plan-tabs"[39m
        [36m>[39m
          [36m<button>[39m
            [0mCeremonia[0m
          [36m</button>[39m
          [36m<button>[39m
            [0mBanquete[0m
          [36m</button>[39m
        [36m</div>[39m
      [36m</div>[39m
      [36m<div[39m
        [33mclass[39m=[32m"flex-shrink-0 p-4 pb-2"[39m
      [36m>[39m
        [36m<div[39m
          [33mdata-testid[39m=[32m"seating-plan-toolbar"[39m
        [36m>[39m
          [36m<button>[39m
            [0mDeshacer[0m
          [36m</button>[39m
          [36m<button>[39m
            [0mRehacer[0m
          [36m</button>[39m
          [36m<button>[39m
            [0mExportar PNG[0m
          [36m</button>[39m
        [36m</div>[39m
      [36m</div>[39m
      [36m<div[39m
        [33mclass[39m=[32m"flex-1 flex"[39m
      [36m>[39m
        [36m<div[39m
          [33mclass[39m=[32m"w-80 flex-shrink-0"[39m
        [36m>[39m
          [36m<div[39m
            [33mdata-testid[39m=[32m"seating-plan-sidebar"[39m
          [36m>[39m
            [0mSin selecci├│n[0m
          [36m</div>[39m
        [36m</div>[39m
        [36m<div[39m
          [33mclass[39m=[32m"flex-1"[39m
        [36m>[39m
          [36m<div[39m
            [33mdata-testid[39m=[32m"seating-plan-canvas"[39m
          [36m>[39m
            [36m<button>[39m
              [0mSeleccionar Mesa 1[0m
            [36m</button>[39m
          [36m</div>[39m
        [36m</div>[39m
      [36m</div>[39m
      [36m<div[39m
        [33mdata-testid[39m=[32m"seating-plan-modals"[39m
      [36m/>[39m
    [36m</div>[39m
  [36m</div>[39m
  [36m<div>[39m
    [36m<div[39m
      [33mclass[39m=[32m"h-full flex flex-col bg-gray-50"[39m
    [36m>[39m
      [36m<div[39m
        [33mclass[39m=[32m"flex-shrink-0 p-4 pb-0"[39m
      [36m>[39m
        [36m<div[39m
          [33mdata-testid[39m=[32m"seating-plan-tabs"[39m
        [36m>[39m
          [36m<button>[39m
            [0mCeremonia[0m
          [36m</button>[39m
          [36m<button>[39m
            [0mBanquete[0m
          [36m</button>[39m
        [36m</div>[39m
      [36m</div>[39m
      [36m<div[39m
        [33mclass[39m=[32m"flex-shrink-0 p-4 pb-2"[39m
      [36m>[39m
        [36m<div[39m
          [33mdata-testid[39m=[32m"seating-plan-toolbar"[39m
        [36m>[39m
          [36m<button>[39m
            [0mDeshacer[0m
          [36m</button>[39m
          [36m<button>[39m
            [0mRehacer[0m
          [36m</button>[39m
          [36m<button>[39m
            [0mExportar PNG[0m
          [36m</button>[39m
        [36m</div>[39m
      [36m</div>[39m
      [36m<div[39m
        [33mclass[39m=[32m"flex-1 flex"[39m
      [36m>[39m
        [36m<div[39m
          [33mclass[39m=[32m"w-80 flex-shrink-0"[39m
        [36m>[39m
          [36m<div[39m
            [33mdata-testid[39m=[32m"seating-plan-sidebar"[39m
          [36m>[39m
            [0mSin selecci├│n[0m
          [36m</div>[39m
        [36m</div>[39m
        [36m<div[39m
          [33mclass[39m=[32m"flex-1"[39m
        [36m>[39m
          [36m<div[39m
            [33mdata-testid[39m=[32m"seating-plan-canvas"[39m
          [36m>[39m
            [36m<button>[39m
              [0mSeleccionar Mesa 1[0m
            [36m</button>[39m
          [36m</div>[39m
        [36m</div>[39m
      [36m</div>[39m
      [36m<div[39m
        [33mdata-testid[39m=[32m"seating-plan-modals"[39m
      [36m/>[39m
    [36m</div>[39m
  [36m</div>[39m
  [36m<div>[39m
    [36m<div[39m
      [33mclass[39m=[32m"h-full flex flex-col bg-gray-50"[39m
    [36m>[39m
      [36m<div[39m
        [33mclass[39m=[32m"flex-shrink-0 p-4 pb-0"[39m
      [36m>[39m
        [36m<div[39m
          [33mdata-testid[39m=[32m"seating-plan-tabs"[39m
        [36m>[39m
          [36m<button>[39m
            [0mCeremonia[0m
          [36m</button>[39m
          [36m<button>[39m
            [0mBanquete[0m
          [36m</button>[39m
        [36m</div>[39m
      [36m</div>[39m
      [36m<div[39m
        [33mclass[39m=[32m"flex-shrink-0 p-4 pb-2"[39m
      [36m>[39m
        [36m<div[39m
          [33mdata-testid[39m=[32m"seating-plan-toolbar"[39m
        [36m>[39m
          [36m<button>[39m
            [0mDeshacer[0m
          [36m</button>[39m
          [36m<button>[39m
            [0mRehacer[0m
          [36m</button>[39m
          [36m<button>[39m
            [0mExportar PNG[0m
          [36m</button>[39m
        [36m</div>[39m
      [36m</div>[39m
      [36m<div[39m
        [33mclass[39m=[32m"flex-1 flex"[39m
      [36m>[39m
        [36m<div[39m
          [33mclass[39m=[32m"w-80 flex-shrink-0"[39m
        [36m>[39m
          [36m<div[39m
            [33mdata-testid[39m=[32m"seating-plan-sidebar"[39m
          [36m>[39m
            [0mSin selecci├│n[0m
          [36m</div>[39m
        [36m</div>[39m
        [36m<div[39m
          [33mclass[39m=[32m"flex-1"[39m
        [36m>[39m
          [36m<div[39m
            [33mdata-testid[39m=[32m"seating-plan-canvas"[39m
          [36m>[39m
            [36m<button>[39m
              [0mSeleccionar Mesa 1[0m
            [36m</button>[39m
          [36m</div>[39m
        [36m</div>[39m
      [36m</div>[39m
      [36m<div[39m
        [33mdata-testid[39m=[32m"seating-plan-modals"[39m
      [36m/>[39m
    [36m</div>[39m
  [36m</div>[39m
  [36m<div>[39m
    [36m<div[39m
      [33mclass[39m=[32m"h-full flex flex-col bg-gray-50"[39m
    [36m>[39m
      [36m<div[39m
        [33mclass[39m=[32m"flex-shrink-0 p-4 pb-0"[39m
      [36m>[39m
        [36m<div[39m
          [33mdata-testid[39m=[32m"seating-plan-tabs"[39m
        [36m>[39m
          [36m<button>[39m
            [0mCeremonia[0m
          [36m</button>[39m
          [36m<button>[39m
            [0mBanquete[0m
          [36m</button>[39m
        [36m</div>[39m
      [36m</div>[39m
      [36m<div[39m
        [33mclass[39m=[32m"flex-shrink-0 p-4 pb-2"[39m
      [36m>[39m
        [36m<div[39m
          [33mdata-testid[39m=[32m"seating-plan-toolbar"[39m
        [36m>[39m
          [36m<button>[39m
            [0mDeshacer[0m
          [36m</button>[39m
          [36m<button>[39m
            [0mRehacer[0m
          [36m</button>[39m
          [36m<button>[39m
            [0mExportar PNG[0m
          [36m</button>[39m
        [36m</div>[39m
      [36m</div>[39m
      [36m<div[39m
        [33mclass[39m=[32m"flex-1 flex"[39m
      [36m>[39m
        [36m<div[39m
          [33mclass[39m=[32m"w-80 flex-shrink-0"[39m
        [36m>[39m
          [36m<div[39m
            [33mdata-testid[39m=[32m"seating-plan-sidebar"[39m
          [36m>[39m
            [0mSin selecci├│n[0m
          [36m</div>[39m
        [36m</div>[39m
        [36m<div[39m
          [33mclass[39m=[32m"flex-1"[39m
        [36m>[39m
          [36m<div[39m
            [33mdata-testid[39m=[32m"seating-plan-canvas"[39m
          [36m>[39m
            [36m<button>[39m
              [0mSeleccionar Mesa 1[0m
            [36m</button>[39m
          [36m</div>[39m
        [36m</div>[39m
      [36m</div>[39m
      [36m<div[39m
        [33mdata-testid[39m=[32m"seating-plan-modals"[39m
      [36m/>[39m
    [36m</div>[39m
  [36m</div>[39m
[36m</body>[39m
 ÔØ» src/test/components/Button.test.jsx (7 tests | 7 failed) 661ms
   ├ù Button Component > renderiza correctamente con texto 401ms
     ÔåÆ Invalid Chai property: toBeInTheDocument
   ├ù Button Component > aplica las clases correctas seg├║n la variante 72ms
     ÔåÆ Found multiple elements with the role "button"

Here are the matching elements:

Ignored nodes: comments, script, style
[36m<button[39m
  [33mclass[39m=[32m"inline-flex items-center justify-center font-medium transition-colors focus:outline-none focus:ring-2 focus:ring-blue-500 focus:ring-offset-2 bg-blue-600 hover:bg-blue-700 text-white text-sm px-4 py-2 rounded-md cursor-pointer "[39m
  [33mtype[39m=[32m"button"[39m
[36m>[39m
  [0mTexto de prueba[0m
[36m</button>[39m

Ignored nodes: comments, script, style
[36m<button[39m
  [33mclass[39m=[32m"inline-flex items-center justify-center font-medium transition-colors focus:outline-none focus:ring-2 focus:ring-blue-500 focus:ring-offset-2 bg-blue-600 hover:bg-blue-700 text-white text-sm px-4 py-2 rounded-md cursor-pointer "[39m
  [33mtype[39m=[32m"button"[39m
[36m>[39m
  [0mBot├│n primario[0m
[36m</button>[39m

(If this is intentional, then use the `*AllBy*` variant of the query (like `queryAllByText`, `getAllByText`, or `findAllByText`)).

Ignored nodes: comments, script, style
[36m<body>[39m
  [36m<div>[39m
    [36m<button[39m
      [33mclass[39m=[32m"inline-flex items-center justify-center font-medium transition-colors focus:outline-none focus:ring-2 focus:ring-blue-500 focus:ring-offset-2 bg-blue-600 hover:bg-blue-700 text-white text-sm px-4 py-2 rounded-md cursor-pointer "[39m
      [33mtype[39m=[32m"button"[39m
    [36m>[39m
      [0mTexto de prueba[0m
    [36m</button>[39m
  [36m</div>[39m
  [36m<div>[39m
    [36m<button[39m
      [33mclass[39m=[32m"inline-flex items-center justify-center font-medium transition-colors focus:outline-none focus:ring-2 focus:ring-blue-500 focus:ring-offset-2 bg-blue-600 hover:bg-blue-700 text-white text-sm px-4 py-2 rounded-md cursor-pointer "[39m
      [33mtype[39m=[32m"button"[39m
    [36m>[39m
      [0mBot├│n primario[0m
    [36m</button>[39m
  [36m</div>[39m
[36m</body>[39m
   ├ù Button Component > aplica las clases de tama├▒o correctamente 30ms
     ÔåÆ Found multiple elements with the role "button"

Here are the matching elements:

Ignored nodes: comments, script, style
[36m<button[39m
  [33mclass[39m=[32m"inline-flex items-center justify-center font-medium transition-colors focus:outline-none focus:ring-2 focus:ring-blue-500 focus:ring-offset-2 bg-blue-600 hover:bg-blue-700 text-white text-sm px-4 py-2 rounded-md cursor-pointer "[39m
  [33mtype[39m=[32m"button"[39m
[36m>[39m
  [0mTexto de prueba[0m
[36m</button>[39m

Ignored nodes: comments, script, style
[36m<button[39m
  [33mclass[39m=[32m"inline-flex items-center justify-center font-medium transition-colors focus:outline-none focus:ring-2 focus:ring-blue-500 focus:ring-offset-2 bg-blue-600 hover:bg-blue-700 text-white text-sm px-4 py-2 rounded-md cursor-pointer "[39m
  [33mtype[39m=[32m"button"[39m
[36m>[39m
  [0mBot├│n primario[0m
[36m</button>[39m

Ignored nodes: comments, script, style
[36m<button[39m
  [33mclass[39m=[32m"inline-flex items-center justify-center font-medium transition-colors focus:outline-none focus:ring-2 focus:ring-blue-500 focus:ring-offset-2 bg-blue-600 hover:bg-blue-700 text-white text-sm px-3 py-1.5 rounded cursor-pointer "[39m
  [33mtype[39m=[32m"button"[39m
[36m>[39m
  [0mBot├│n peque├▒o[0m
[36m</button>[39m

(If this is intentional, then use the `*AllBy*` variant of the query (like `queryAllByText`, `getAllByText`, or `findAllByText`)).

Ignored nodes: comments, script, style
[36m<body>[39m
  [36m<div>[39m
    [36m<button[39m
      [33mclass[39m=[32m"inline-flex items-center justify-center font-medium transition-colors focus:outline-none focus:ring-2 focus:ring-blue-500 focus:ring-offset-2 bg-blue-600 hover:bg-blue-700 text-white text-sm px-4 py-2 rounded-md cursor-pointer "[39m
      [33mtype[39m=[32m"button"[39m
    [36m>[39m
      [0mTexto de prueba[0m
    [36m</button>[39m
  [36m</div>[39m
  [36m<div>[39m
    [36m<button[39m
      [33mclass[39m=[32m"inline-flex items-center justify-center font-medium transition-colors focus:outline-none focus:ring-2 focus:ring-blue-500 focus:ring-offset-2 bg-blue-600 hover:bg-blue-700 text-white text-sm px-4 py-2 rounded-md cursor-pointer "[39m
      [33mtype[39m=[32m"button"[39m
    [36m>[39m
      [0mBot├│n primario[0m
    [36m</button>[39m
  [36m</div>[39m
  [36m<div>[39m
    [36m<button[39m
      [33mclass[39m=[32m"inline-flex items-center justify-center font-medium transition-colors focus:outline-none focus:ring-2 focus:ring-blue-500 focus:ring-offset-2 bg-blue-600 hover:bg-blue-700 text-white text-sm px-3 py-1.5 rounded cursor-pointer "[39m
      [33mtype[39m=[32m"button"[39m
    [36m>[39m
      [0mBot├│n peque├▒o[0m
    [36m</button>[39m
  [36m</div>[39m
[36m</body>[39m
   ├ù Button Component > muestra el estado deshabilitado correctamente 20ms
     ÔåÆ Found multiple elements with the role "button"

Here are the matching elements:

Ignored nodes: comments, script, style
[36m<button[39m
  [33mclass[39m=[32m"inline-flex items-center justify-center font-medium transition-colors focus:outline-none focus:ring-2 focus:ring-blue-500 focus:ring-offset-2 bg-blue-600 hover:bg-blue-700 text-white text-sm px-4 py-2 rounded-md cursor-pointer "[39m
  [33mtype[39m=[32m"button"[39m
[36m>[39m
  [0mTexto de prueba[0m
[36m</button>[39m

Ignored nodes: comments, script, style
[36m<button[39m
  [33mclass[39m=[32m"inline-flex items-center justify-center font-medium transition-colors focus:outline-none focus:ring-2 focus:ring-blue-500 focus:ring-offset-2 bg-blue-600 hover:bg-blue-700 text-white text-sm px-4 py-2 rounded-md cursor-pointer "[39m
  [33mtype[39m=[32m"button"[39m
[36m>[39m
  [0mBot├│n primario[0m
[36m</button>[39m

Ignored nodes: comments, script, style
[36m<button[39m
  [33mclass[39m=[32m"inline-flex items-center justify-center font-medium transition-colors focus:outline-none focus:ring-2 focus:ring-blue-500 focus:ring-offset-2 bg-blue-600 hover:bg-blue-700 text-white text-sm px-3 py-1.5 rounded cursor-pointer "[39m
  [33mtype[39m=[32m"button"[39m
[36m>[39m
  [0mBot├│n peque├▒o[0m
[36m</button>[39m

Ignored nodes: comments, script, style
[36m<button[39m
  [33mclass[39m=[32m"inline-flex items-center justify-center font-medium transition-colors focus:outline-none focus:ring-2 focus:ring-blue-500 focus:ring-offset-2 bg-blue-600 hover:bg-blue-700 text-white text-sm px-4 py-2 rounded-md opacity-50 cursor-not-allowed pointer-events-none "[39m
  [33mdisabled[39m=[32m""[39m
  [33mtype[39m=[32m"button"[39m
[36m>[39m
  [0mBot├│n deshabilitado[0m
[36m</button>[39m

(If this is intentional, then use the `*AllBy*` variant of the query (like `queryAllByText`, `getAllByText`, or `findAllByText`)).

Ignored nodes: comments, script, style
[36m<body>[39m
  [36m<div>[39m
    [36m<button[39m
      [33mclass[39m=[32m"inline-flex items-center justify-center font-medium transition-colors focus:outline-none focus:ring-2 focus:ring-blue-500 focus:ring-offset-2 bg-blue-600 hover:bg-blue-700 text-white text-sm px-4 py-2 rounded-md cursor-pointer "[39m
      [33mtype[39m=[32m"button"[39m
    [36m>[39m
      [0mTexto de prueba[0m
    [36m</button>[39m
  [36m</div>[39m
  [36m<div>[39m
    [36m<button[39m
      [33mclass[39m=[32m"inline-flex items-center justify-center font-medium transition-colors focus:outline-none focus:ring-2 focus:ring-blue-500 focus:ring-offset-2 bg-blue-600 hover:bg-blue-700 text-white text-sm px-4 py-2 rounded-md cursor-pointer "[39m
      [33mtype[39m=[32m"button"[39m
    [36m>[39m
      [0mBot├│n primario[0m
    [36m</button>[39m
  [36m</div>[39m
  [36m<div>[39m
    [36m<button[39m
      [33mclass[39m=[32m"inline-flex items-center justify-center font-medium transition-colors focus:outline-none focus:ring-2 focus:ring-blue-500 focus:ring-offset-2 bg-blue-600 hover:bg-blue-700 text-white text-sm px-3 py-1.5 rounded cursor-pointer "[39m
      [33mtype[39m=[32m"button"[39m
    [36m>[39m
      [0mBot├│n peque├▒o[0m
    [36m</button>[39m
  [36m</div>[39m
  [36m<div>[39m
    [36m<button[39m
      [33mclass[39m=[32m"inline-flex items-center justify-center font-medium transition-colors focus:outline-none focus:ring-2 focus:ring-blue-500 focus:ring-offset-2 bg-blue-600 hover:bg-blue-700 text-white text-sm px-4 py-2 rounded-md opacity-50 cursor-not-allowed pointer-events-none "[39m
      [33mdisabled[39m=[32m""[39m
      [33mtype[39m=[32m"button"[39m
    [36m>[39m
      [0mBot├│n deshabilitado[0m
    [36m</button>[39m
  [36m</div>[39m
[36m</body>[39m
   ├ù Button Component > llama al controlador de eventos onClick cuando se hace clic 19ms
     ÔåÆ Found multiple elements with the role "button"

Here are the matching elements:

Ignored nodes: comments, script, style
[36m<button[39m
  [33mclass[39m=[32m"inline-flex items-center justify-center font-medium transition-colors focus:outline-none focus:ring-2 focus:ring-blue-500 focus:ring-offset-2 bg-blue-600 hover:bg-blue-700 text-white text-sm px-4 py-2 rounded-md cursor-pointer "[39m
  [33mtype[39m=[32m"button"[39m
[36m>[39m
  [0mTexto de prueba[0m
[36m</button>[39m

Ignored nodes: comments, script, style
[36m<button[39m
  [33mclass[39m=[32m"inline-flex items-center justify-center font-medium transition-colors focus:outline-none focus:ring-2 focus:ring-blue-500 focus:ring-offset-2 bg-blue-600 hover:bg-blue-700 text-white text-sm px-4 py-2 rounded-md cursor-pointer "[39m
  [33mtype[39m=[32m"button"[39m
[36m>[39m
  [0mBot├│n primario[0m
[36m</button>[39m

Ignored nodes: comments, script, style
[36m<button[39m
  [33mclass[39m=[32m"inline-flex items-center justify-center font-medium transition-colors focus:outline-none focus:ring-2 focus:ring-blue-500 focus:ring-offset-2 bg-blue-600 hover:bg-blue-700 text-white text-sm px-3 py-1.5 rounded cursor-pointer "[39m
  [33mtype[39m=[32m"button"[39m
[36m>[39m
  [0mBot├│n peque├▒o[0m
[36m</button>[39m

Ignored nodes: comments, script, style
[36m<button[39m
  [33mclass[39m=[32m"inline-flex items-center justify-center font-medium transition-colors focus:outline-none focus:ring-2 focus:ring-blue-500 focus:ring-offset-2 bg-blue-600 hover:bg-blue-700 text-white text-sm px-4 py-2 rounded-md opacity-50 cursor-not-allowed pointer-events-none "[39m
  [33mdisabled[39m=[32m""[39m
  [33mtype[39m=[32m"button"[39m
[36m>[39m
  [0mBot├│n deshabilitado[0m
[36m</button>[39m

Ignored nodes: comments, script, style
[36m<button[39m
  [33mclass[39m=[32m"inline-flex items-center justify-center font-medium transition-colors focus:outline-none focus:ring-2 focus:ring-blue-500 focus:ring-offset-2 bg-blue-600 hover:bg-blue-700 text-white text-sm px-4 py-2 rounded-md cursor-pointer "[39m
  [33mtype[39m=[32m"button"[39m
[36m>[39m
  [0mBot├│n con clic[0m
[36m</button>[39m

(If this is intentional, then use the `*AllBy*` variant of the query (like `queryAllByText`, `getAllByText`, or `findAllByText`)).

Ignored nodes: comments, script, style
[36m<body>[39m
  [36m<div>[39m
    [36m<button[39m
      [33mclass[39m=[32m"inline-flex items-center justify-center font-medium transition-colors focus:outline-none focus:ring-2 focus:ring-blue-500 focus:ring-offset-2 bg-blue-600 hover:bg-blue-700 text-white text-sm px-4 py-2 rounded-md cursor-pointer "[39m
      [33mtype[39m=[32m"button"[39m
    [36m>[39m
      [0mTexto de prueba[0m
    [36m</button>[39m
  [36m</div>[39m
  [36m<div>[39m
    [36m<button[39m
      [33mclass[39m=[32m"inline-flex items-center justify-center font-medium transition-colors focus:outline-none focus:ring-2 focus:ring-blue-500 focus:ring-offset-2 bg-blue-600 hover:bg-blue-700 text-white text-sm px-4 py-2 rounded-md cursor-pointer "[39m
      [33mtype[39m=[32m"button"[39m
    [36m>[39m
      [0mBot├│n primario[0m
    [36m</button>[39m
  [36m</div>[39m
  [36m<div>[39m
    [36m<button[39m
      [33mclass[39m=[32m"inline-flex items-center justify-center font-medium transition-colors focus:outline-none focus:ring-2 focus:ring-blue-500 focus:ring-offset-2 bg-blue-600 hover:bg-blue-700 text-white text-sm px-3 py-1.5 rounded cursor-pointer "[39m
      [33mtype[39m=[32m"button"[39m
    [36m>[39m
      [0mBot├│n peque├▒o[0m
    [36m</button>[39m
  [36m</div>[39m
  [36m<div>[39m
    [36m<button[39m
      [33mclass[39m=[32m"inline-flex items-center justify-center font-medium transition-colors focus:outline-none focus:ring-2 focus:ring-blue-500 focus:ring-offset-2 bg-blue-600 hover:bg-blue-700 text-white text-sm px-4 py-2 rounded-md opacity-50 cursor-not-allowed pointer-events-none "[39m
      [33mdisabled[39m=[32m""[39m
      [33mtype[39m=[32m"button"[39m
    [36m>[39m
      [0mBot├│n deshabilitado[0m
    [36m</button>[39m
  [36m</div>[39m
  [36m<div>[39m
    [36m<button[39m
      [33mclass[39m=[32m"inline-flex items-center justify-center font-medium transition-colors focus:outline-none focus:ring-2 focus:ring-blue-500 focus:ring-offset-2 bg-blue-600 hover:bg-blue-700 text-white text-sm px-4 py-2 rounded-md cursor-pointer "[39m
      [33mtype[39m=[32m"button"[39m
    [36m>[39m
      [0mBot├│n con clic[0m
    [36m</button>[39m
  [36m</div>[39m
[36m</body>[39m
   ├ù Button Component > aplica el tipo de bot├│n correcto 16ms
     ÔåÆ Found multiple elements with the role "button"

Here are the matching elements:

Ignored nodes: comments, script, style
[36m<button[39m
  [33mclass[39m=[32m"inline-flex items-center justify-center font-medium transition-colors focus:outline-none focus:ring-2 focus:ring-blue-500 focus:ring-offset-2 bg-blue-600 hover:bg-blue-700 text-white text-sm px-4 py-2 rounded-md cursor-pointer "[39m
  [33mtype[39m=[32m"button"[39m
[36m>[39m
  [0mTexto de prueba[0m
[36m</button>[39m

Ignored nodes: comments, script, style
[36m<button[39m
  [33mclass[39m=[32m"inline-flex items-center justify-center font-medium transition-colors focus:outline-none focus:ring-2 focus:ring-blue-500 focus:ring-offset-2 bg-blue-600 hover:bg-blue-700 text-white text-sm px-4 py-2 rounded-md cursor-pointer "[39m
  [33mtype[39m=[32m"button"[39m
[36m>[39m
  [0mBot├│n primario[0m
[36m</button>[39m

Ignored nodes: comments, script, style
[36m<button[39m
  [33mclass[39m=[32m"inline-flex items-center justify-center font-medium transition-colors focus:outline-none focus:ring-2 focus:ring-blue-500 focus:ring-offset-2 bg-blue-600 hover:bg-blue-700 text-white text-sm px-3 py-1.5 rounded cursor-pointer "[39m
  [33mtype[39m=[32m"button"[39m
[36m>[39m
  [0mBot├│n peque├▒o[0m
[36m</button>[39m

Ignored nodes: comments, script, style
[36m<button[39m
  [33mclass[39m=[32m"inline-flex items-center justify-center font-medium transition-colors focus:outline-none focus:ring-2 focus:ring-blue-500 focus:ring-offset-2 bg-blue-600 hover:bg-blue-700 text-white text-sm px-4 py-2 rounded-md opacity-50 cursor-not-allowed pointer-events-none "[39m
  [33mdisabled[39m=[32m""[39m
  [33mtype[39m=[32m"button"[39m
[36m>[39m
  [0mBot├│n deshabilitado[0m
[36m</button>[39m

Ignored nodes: comments, script, style
[36m<button[39m
  [33mclass[39m=[32m"inline-flex items-center justify-center font-medium transition-colors focus:outline-none focus:ring-2 focus:ring-blue-500 focus:ring-offset-2 bg-blue-600 hover:bg-blue-700 text-white text-sm px-4 py-2 rounded-md cursor-pointer "[39m
  [33mtype[39m=[32m"button"[39m
[36m>[39m
  [0mBot├│n con clic[0m
[36m</button>[39m

Ignored nodes: comments, script, style
[36m<button[39m
  [33mclass[39m=[32m"inline-flex items-center justify-center font-medium transition-colors focus:outline-none focus:ring-2 focus:ring-blue-500 focus:ring-offset-2 bg-blue-600 hover:bg-blue-700 text-white text-sm px-4 py-2 rounded-md cursor-pointer "[39m
  [33mtype[39m=[32m"button"[39m
[36m>[39m
  [0mBot├│n por defecto[0m
[36m</button>[39m

(If this is intentional, then use the `*AllBy*` variant of the query (like `queryAllByText`, `getAllByText`, or `findAllByText`)).

Ignored nodes: comments, script, style
[36m<body>[39m
  [36m<div>[39m
    [36m<button[39m
      [33mclass[39m=[32m"inline-flex items-center justify-center font-medium transition-colors focus:outline-none focus:ring-2 focus:ring-blue-500 focus:ring-offset-2 bg-blue-600 hover:bg-blue-700 text-white text-sm px-4 py-2 rounded-md cursor-pointer "[39m
      [33mtype[39m=[32m"button"[39m
    [36m>[39m
      [0mTexto de prueba[0m
    [36m</button>[39m
  [36m</div>[39m
  [36m<div>[39m
    [36m<button[39m
      [33mclass[39m=[32m"inline-flex items-center justify-center font-medium transition-colors focus:outline-none focus:ring-2 focus:ring-blue-500 focus:ring-offset-2 bg-blue-600 hover:bg-blue-700 text-white text-sm px-4 py-2 rounded-md cursor-pointer "[39m
      [33mtype[39m=[32m"button"[39m
    [36m>[39m
      [0mBot├│n primario[0m
    [36m</button>[39m
  [36m</div>[39m
  [36m<div>[39m
    [36m<button[39m
      [33mclass[39m=[32m"inline-flex items-center justify-center font-medium transition-colors focus:outline-none focus:ring-2 focus:ring-blue-500 focus:ring-offset-2 bg-blue-600 hover:bg-blue-700 text-white text-sm px-3 py-1.5 rounded cursor-pointer "[39m
      [33mtype[39m=[32m"button"[39m
    [36m>[39m
      [0mBot├│n peque├▒o[0m
    [36m</button>[39m
  [36m</div>[39m
  [36m<div>[39m
    [36m<button[39m
      [33mclass[39m=[32m"inline-flex items-center justify-center font-medium transition-colors focus:outline-none focus:ring-2 focus:ring-blue-500 focus:ring-offset-2 bg-blue-600 hover:bg-blue-700 text-white text-sm px-4 py-2 rounded-md opacity-50 cursor-not-allowed pointer-events-none "[39m
      [33mdisabled[39m=[32m""[39m
      [33mtype[39m=[32m"button"[39m
    [36m>[39m
      [0mBot├│n deshabilitado[0m
    [36m</button>[39m
  [36m</div>[39m
  [36m<div>[39m
    [36m<button[39m
      [33mclass[39m=[32m"inline-flex items-center justify-center font-medium transition-colors focus:outline-none focus:ring-2 focus:ring-blue-500 focus:ring-offset-2 bg-blue-600 hover:bg-blue-700 text-white text-sm px-4 py-2 rounded-md cursor-pointer "[39m
      [33mtype[39m=[32m"button"[39m
    [36m>[39m
      [0mBot├│n con clic[0m
    [36m</button>[39m
  [36m</div>[39m
  [36m<div>[39m
    [36m<button[39m
      [33mclass[39m=[32m"inline-flex items-center justify-center font-medium transition-colors focus:outline-none focus:ring-2 focus:ring-blue-500 focus:ring-offset-2 bg-blue-600 hover:bg-blue-700 text-white text-sm px-4 py-2 rounded-md cursor-pointer "[39m
      [33mtype[39m=[32m"button"[39m
    [36m>[39m
      [0mBot├│n por defecto[0m
    [36m</button>[39m
  [36m</div>[39m
[36m</body>[39m
   ├ù Button Component > tiene los atributos de accesibilidad correctos 95ms
     ÔåÆ Found multiple elements with the role "button"

Here are the matching elements:

Ignored nodes: comments, script, style
[36m<button[39m
  [33mclass[39m=[32m"inline-flex items-center justify-center font-medium transition-colors focus:outline-none focus:ring-2 focus:ring-blue-500 focus:ring-offset-2 bg-blue-600 hover:bg-blue-700 text-white text-sm px-4 py-2 rounded-md cursor-pointer "[39m
  [33mtype[39m=[32m"button"[39m
[36m>[39m
  [0mTexto de prueba[0m
[36m</button>[39m

Ignored nodes: comments, script, style
[36m<button[39m
  [33mclass[39m=[32m"inline-flex items-center justify-center font-medium transition-colors focus:outline-none focus:ring-2 focus:ring-blue-500 focus:ring-offset-2 bg-blue-600 hover:bg-blue-700 text-white text-sm px-4 py-2 rounded-md cursor-pointer "[39m
  [33mtype[39m=[32m"button"[39m
[36m>[39m
  [0mBot├│n primario[0m
[36m</button>[39m

Ignored nodes: comments, script, style
[36m<button[39m
  [33mclass[39m=[32m"inline-flex items-center justify-center font-medium transition-colors focus:outline-none focus:ring-2 focus:ring-blue-500 focus:ring-offset-2 bg-blue-600 hover:bg-blue-700 text-white text-sm px-3 py-1.5 rounded cursor-pointer "[39m
  [33mtype[39m=[32m"button"[39m
[36m>[39m
  [0mBot├│n peque├▒o[0m
[36m</button>[39m

Ignored nodes: comments, script, style
[36m<button[39m
  [33mclass[39m=[32m"inline-flex items-center justify-center font-medium transition-colors focus:outline-none focus:ring-2 focus:ring-blue-500 focus:ring-offset-2 bg-blue-600 hover:bg-blue-700 text-white text-sm px-4 py-2 rounded-md opacity-50 cursor-not-allowed pointer-events-none "[39m
  [33mdisabled[39m=[32m""[39m
  [33mtype[39m=[32m"button"[39m
[36m>[39m
  [0mBot├│n deshabilitado[0m
[36m</button>[39m

Ignored nodes: comments, script, style
[36m<button[39m
  [33mclass[39m=[32m"inline-flex items-center justify-center font-medium transition-colors focus:outline-none focus:ring-2 focus:ring-blue-500 focus:ring-offset-2 bg-blue-600 hover:bg-blue-700 text-white text-sm px-4 py-2 rounded-md cursor-pointer "[39m
  [33mtype[39m=[32m"button"[39m
[36m>[39m
  [0mBot├│n con clic[0m
[36m</button>[39m

Ignored nodes: comments, script, style
[36m<button[39m
  [33mclass[39m=[32m"inline-flex items-center justify-center font-medium transition-colors focus:outline-none focus:ring-2 focus:ring-blue-500 focus:ring-offset-2 bg-blue-600 hover:bg-blue-700 text-white text-sm px-4 py-2 rounded-md cursor-pointer "[39m
  [33mtype[39m=[32m"button"[39m
[36m>[39m
  [0mBot├│n por defecto[0m
[36m</button>[39m

Ignored nodes: comments, script, style
[36m<button[39m
  [33maria-label[39m=[32m"Bot├│n accesible"[39m
  [33mclass[39m=[32m"inline-flex items-center justify-center font-medium transition-colors focus:outline-none focus:ring-2 focus:ring-blue-500 focus:ring-offset-2 bg-blue-600 hover:bg-blue-700 text-white text-sm px-4 py-2 rounded-md cursor-pointer "[39m
  [33mtype[39m=[32m"button"[39m
[36m>[39m
  [0mClick[0m
[36m</button>[39m

(If this is intentional, then use the `*AllBy*` variant of the query (like `queryAllByText`, `getAllByText`, or `findAllByText`)).

Ignored nodes: comments, script, style
[36m<body>[39m
  [36m<div>[39m
    [36m<button[39m
      [33mclass[39m=[32m"inline-flex items-center justify-center font-medium transition-colors focus:outline-none focus:ring-2 focus:ring-blue-500 focus:ring-offset-2 bg-blue-600 hover:bg-blue-700 text-white text-sm px-4 py-2 rounded-md cursor-pointer "[39m
      [33mtype[39m=[32m"button"[39m
    [36m>[39m
      [0mTexto de prueba[0m
    [36m</button>[39m
  [36m</div>[39m
  [36m<div>[39m
    [36m<button[39m
      [33mclass[39m=[32m"inline-flex items-center justify-center font-medium transition-colors focus:outline-none focus:ring-2 focus:ring-blue-500 focus:ring-offset-2 bg-blue-600 hover:bg-blue-700 text-white text-sm px-4 py-2 rounded-md cursor-pointer "[39m
      [33mtype[39m=[32m"button"[39m
    [36m>[39m
      [0mBot├│n primario[0m
    [36m</button>[39m
  [36m</div>[39m
  [36m<div>[39m
    [36m<button[39m
      [33mclass[39m=[32m"inline-flex items-center justify-center font-medium transition-colors focus:outline-none focus:ring-2 focus:ring-blue-500 focus:ring-offset-2 bg-blue-600 hover:bg-blue-700 text-white text-sm px-3 py-1.5 rounded cursor-pointer "[39m
      [33mtype[39m=[32m"button"[39m
    [36m>[39m
      [0mBot├│n peque├▒o[0m
    [36m</button>[39m
  [36m</div>[39m
  [36m<div>[39m
    [36m<button[39m
      [33mclass[39m=[32m"inline-flex items-center justify-center font-medium transition-colors focus:outline-none focus:ring-2 focus:ring-blue-500 focus:ring-offset-2 bg-blue-600 hover:bg-blue-700 text-white text-sm px-4 py-2 rounded-md opacity-50 cursor-not-allowed pointer-events-none "[39m
      [33mdisabled[39m=[32m""[39m
      [33mtype[39m=[32m"button"[39m
    [36m>[39m
      [0mBot├│n deshabilitado[0m
    [36m</button>[39m
  [36m</div>[39m
  [36m<div>[39m
    [36m<button[39m
      [33mclass[39m=[32m"inline-flex items-center justify-center font-medium transition-colors focus:outline-none focus:ring-2 focus:ring-blue-500 focus:ring-offset-2 bg-blue-600 hover:bg-blue-700 text-white text-sm px-4 py-2 rounded-md cursor-pointer "[39m
      [33mtype[39m=[32m"button"[39m
    [36m>[39m
      [0mBot├│n con clic[0m
    [36m</button>[39m
  [36m</div>[39m
  [36m<div>[39m
    [36m<button[39m
      [33mclass[39m=[32m"inline-flex items-center justify-center font-medium transition-colors focus:outline-none focus:ring-2 focus:ring-blue-500 focus:ring-offset-2 bg-blue-600 hover:bg-blue-700 text-white text-sm px-4 py-2 rounded-md cursor-pointer "[39m
      [33mtype[39m=[32m"button"[39m
    [36m>[39m
      [0mBot├│n por defecto[0m
    [36m</button>[39m
  [36m</div>[39m
  [36m<div>[39m
    [36m<button[39m
      [33maria-label[39m=[32m"Bot├│n accesible"[39m
      [33mclass[39m=[32m"inline-flex items-center justify-center font-medium transition-colors focus:outline-none focus:ring-2 focus:ring-blue-500 focus:ring-offset-2 bg-blue-600 hover:bg-blue-700 text-white text-sm px-4 py-2 rounded-md cursor-pointer "[39m
      [33mtype[39m=[32m"button"[39m
    [36m>[39m
      [0mClick[0m
    [36m</button>[39m
  [36m</div>[39m
[36m</body>[39m
 ÔØ» src/test/components/SmartEmailComposer.test.jsx (10 tests | 10 failed) 4195ms
   ├ù SmartEmailComposer > debe renderizarse correctamente 823ms
     ÔåÆ Invalid Chai property: toBeInTheDocument
   ├ù SmartEmailComposer > debe cargar una plantilla inicial basada en la categor├¡a del proveedor 207ms
     ÔåÆ Found multiple elements with the text of: Asunto

Here are the matching elements:

Ignored nodes: comments, script, style
[36m<input[39m
  [33maria-invalid[39m=[32m"false"[39m
  [33mclass[39m=[32m"MuiInputBase-input MuiOutlinedInput-input css-16wblaj-MuiInputBase-input-MuiOutlinedInput-input"[39m
  [33mid[39m=[32m":r2:"[39m
  [33mplaceholder[39m=[32m"Escribe un asunto efectivo..."[39m
  [33mtype[39m=[32m"text"[39m
  [33mvalue[39m=[32m"Consulta sobre fotograf├¡a con Fot├│grafo Test"[39m
[36m/>[39m

Ignored nodes: comments, script, style
[36m<input[39m
  [33maria-invalid[39m=[32m"false"[39m
  [33mclass[39m=[32m"MuiInputBase-input MuiOutlinedInput-input css-16wblaj-MuiInputBase-input-MuiOutlinedInput-input"[39m
  [33mid[39m=[32m":ra:"[39m
  [33mplaceholder[39m=[32m"Escribe un asunto efectivo..."[39m
  [33mtype[39m=[32m"text"[39m
  [33mvalue[39m=[32m"Consulta sobre fotograf├¡a con Fot├│grafo Test"[39m
[36m/>[39m

(If this is intentional, then use the `*AllBy*` variant of the query (like `queryAllByText`, `getAllByText`, or `findAllByText`)).

Ignored nodes: comments, script, style
[36m<body>[39m
  [36m<div>[39m
    [36m<div[39m
      [33mclass[39m=[32m"MuiBox-root css-19midj6"[39m
    [36m>[39m
      [36m<h5[39m
        [33mclass[39m=[32m"MuiTypography-root MuiTypography-h5 MuiTypography-gutterBottom css-1f9xtph-MuiTypography-root"[39m
      [36m>[39m
        [0mRedactar Correo[0m
        [36m<span[39m
          [33mclass[39m=[32m"MuiTypography-root MuiTypography-subtitle1 css-wcpt5d-MuiTypography-root"[39m
        [36m>[39m
          [0ma [0m
          [0mFot├│grafo Test[0m
        [36m</span>[39m
      [36m</h5>[39m
      [36m<div[39m
        [33mclass[39m=[32m"MuiGrid-root MuiGrid-container MuiGrid-direction-xs-row MuiGrid-spacing-xs-2 css-zjhuaj-MuiGrid-root"[39m
      [36m>[39m
        [36m<div[39m
          [33mclass[39m=[32m"MuiGrid-root MuiGrid-direction-xs-row css-17fpwt7-MuiGrid-root"[39m
        [36m>[39m
          [36m<div[39m
            [33mclass[39m=[32m"MuiPaper-root MuiPaper-elevation MuiPaper-rounded MuiPaper-elevation1 css-1fdopfm-MuiPaper-root"[39m
            [33mstyle[39m=[32m"--Paper-shadow: 0px 2px 1px -1px rgba(0,0,0,0.2),0px 1px 1px 0px rgba(0,0,0,0.14),0px 1px 3px 0px rgba(0,0,0,0.12);"[39m
          [36m>[39m
            [36m<div[39m
              [33mclass[39m=[32m"MuiBox-root css-1abudc7"[39m
            [36m>[39m
              [36m<h6[39m
                [33mclass[39m=[32m"MuiTypography-root MuiTypography-h6 css-1miy0lu-MuiTypography-root"[39m
              [36m>[39m
                [0mMensaje[0m
              [36m</h6>[39m
              [36m<button[39m
                [33maria-label[39m=[32m"Mostrar recomendaciones"[39m
                [33mclass[39m=[32m"MuiButtonBase-root MuiIconButton-root MuiIconButton-sizeMedium css-53g0n7-MuiButtonBase-root-MuiIconButton-root"[39m
                [33mdata-mui-internal-clone-element[39m=[32m"true"[39m
                [33mtabindex[39m=[32m"0"[39m
                [33mtype[39m=[32m"button"[39m
              [36m>[39m
                [36m<svg[39m
                  [33maria-hidden[39m=[32m"true"[39m
                  [33mclass[39m=[32m"MuiSvgIcon-root MuiSvgIcon-fontSizeMedium css-1umw9bq-MuiSvgIcon-root"[39m
                  [33mdata-testid[39m=[32m"LightbulbOutlinedIcon"[39m
                  [33mfocusable[39m=[32m"false"[39m
                  [33mviewBox[39m=[32m"0 0 24 24"[39m
                [36m>[39m
                  [36m<path[39m
                    [33md[39m=[32m"M9 21c0 .55.45 1 1 1h4c.55 0 1-.45 1-1v-1H9zm3-19C8.14 2 5 5.14 5 9c0 2.38 1.19 4.47 3 5.74V17c0 .55.45 1 1 1h6c.55 0 1-.45 1-1v-2.26c1.81-1.27 3-3.36 3-5.74 0-3.86-3.14-7-7-7m2.85 11.1-.85.6V16h-4v-2.3l-.85-.6C7.8 12.16 7 10.63 7 9c0-2.76 2.24-5 5-5s5 2.24 5 5c0 1.63-.8 3.16-2.15 4.1"[39m
                  [36m/>[39m
                [36m</svg>[39m
              [36m</button>[39m
            [36m</div>[39m
            [36m<div[39m
              [33mclass[39m=[32m"MuiGrid-root MuiGrid-container MuiGrid-direction-xs-row MuiGrid-spacing-xs-2 css-zjhuaj-MuiGrid-root"[39m
            [36m>[39m
              [36m<div[39m
                [33mclass[39m=[32m"MuiGrid-root MuiGrid-direction-xs-row css-17fpwt7-MuiGrid-root"[39m
              [36m>[39m
                [36m<div[39m
                  [33mclass[39m=[32m"MuiFormControl-root MuiFormControl-fullWidth MuiTextField-root css-cmpglg-MuiFormControl-root-MuiTextField-root"[39m
                [36m>[39m
                  [36m<label[39m
                    [33mclass[39m=[32m"MuiFormLabel-root MuiInputLabel-root MuiInputLabel-formControl MuiInputLabel-animated MuiInputLabel-shrink MuiInputLabel-outlined MuiFormLabel-colorPrimary MuiFormLabel-filled MuiInputLabel-root MuiInputLabel-formControl MuiInputLabel-animated MuiInputLabel-shrink MuiInputLabel-outlined css-113d811-MuiFormLabel-root-MuiInputLabel-root"[39m
                    [33mdata-shrink[39m=[32m"true"[39m
                    [33mfor[39m=[32m":r2:"[39m
                    [33mid[39m=[32m":r2:-label"[39m
                  [36m>[39m
                    [0mAsunto[0m
                  [36m</label>[39m
                  [36m<div[39m
                    [33mclass[39m=[32m"MuiInputBase-root MuiOutlinedInput-root MuiInputBase-colorPrimary MuiInputBase-fullWidth MuiInputBase-formControl css-1blp12k-MuiInputBase-root-MuiOutlinedInput-root"[39m
                  [36m>[39m
                    [36m<input[39m
                      [33maria-invalid[39m=[32m"false"[39m
                      [33mclass[39m=[32m"MuiInputBase-input MuiOutlinedInput-input css-16wblaj-MuiInputBase-input-MuiOutlinedInput-input"[39m
                      [33mid[39m=[32m":r2:"[39m
                      [33mplaceholder[39m=[32m"Escribe un asunto efectivo..."[39m
                      [33mtype[39m=[32m"text"[39m
                      [33mvalue[39m=[32m"Consulta sobre fotograf├¡a con Fot├│grafo Test"[39m
                    [36m/>[39m
                    [36m<fieldset[39m
                      [33maria-hidden[39m=[32m"true"[39m
                      [33mclass[39m=[32m"MuiOutlinedInput-notchedOutline css-18p5xg2-MuiNotchedOutlined-root-MuiOutlinedInput-notchedOutline"[39m
                    [36m>[39m
                      [36m<legend[39m
                        [33mclass[39m=[32m"css-ex8a5f-MuiNotchedOutlined-root"[39m
                      [36m>[39m
                        [36m<span>[39m
                          [0mAsunto[0m
                        [36m</span>[39m
                      [36m</legend>[39m
                    [36m</fieldset>[39m
                  [36m</div>[39m
                [36m</div>[39m
              [36m</div>[39m
              [36m<div[39m
                [33mclass[39m=[32m"MuiGrid-root MuiGrid-direction-xs-row css-17fpwt7-MuiGrid-root"[39m
              [36m>[39m
                [36m<div[39m
                  [33mclass[39m=[32m"MuiFormControl-root MuiFormControl-fullWidth css-ytlejw-MuiFormControl-root"[39m
                [36m>[39m
                  [36m<label[39m
                    [33mclass[39m=[32m"MuiFormLabel-root MuiInputLabel-root MuiInputLabel-formControl MuiInputLabel-animated MuiInputLabel-shrink MuiInputLabel-outlined MuiFormLabel-colorPrimary MuiFormLabel-filled MuiInputLabel-root MuiInputLabel-formControl MuiInputLabel-animated MuiInputLabel-shrink MuiInputLabel-outlined css-113d811-MuiFormLabel-root-MuiInputLabel-root"[39m
                    [33mdata-shrink[39m=[32m"true"[39m
                    [33mid[39m=[32m"template-select-label"[39m
                  [36m>[39m
                    [0mPlantilla[0m
                  [36m</label>[39m
                  [36m<div[39m
                    [33mclass[39m=[32m"MuiInputBase-root MuiOutlinedInput-root MuiInputBase-colorPrimary MuiInputBase-formControl MuiSelect-root css-sc8y68...
   ├ù SmartEmailComposer > debe mostrar/ocultar el panel de recomendaciones al hacer clic en el bot├│n 219ms
     ÔåÆ Invalid Chai property: toBeInTheDocument
   ├ù SmartEmailComposer > debe aplicar recomendaci├│n de asunto 290ms
     ÔåÆ Found multiple elements with the role "button" and name `/mostrar recomendaciones/i`

Here are the matching elements:

Ignored nodes: comments, script, style
[36m<button[39m
  [33maria-label[39m=[32m"Mostrar recomendaciones"[39m
  [33mclass[39m=[32m"MuiButtonBase-root MuiIconButton-root MuiIconButton-sizeMedium css-53g0n7-MuiButtonBase-root-MuiIconButton-root"[39m
  [33mdata-mui-internal-clone-element[39m=[32m"true"[39m
  [33mtabindex[39m=[32m"0"[39m
  [33mtype[39m=[32m"button"[39m
[36m>[39m
  [36m<svg[39m
    [33maria-hidden[39m=[32m"true"[39m
    [33mclass[39m=[32m"MuiSvgIcon-root MuiSvgIcon-fontSizeMedium css-1umw9bq-MuiSvgIcon-root"[39m
    [33mdata-testid[39m=[32m"LightbulbOutlinedIcon"[39m
    [33mfocusable[39m=[32m"false"[39m
    [33mviewBox[39m=[32m"0 0 24 24"[39m
  [36m>[39m
    [36m<path[39m
      [33md[39m=[32m"M9 21c0 .55.45 1 1 1h4c.55 0 1-.45 1-1v-1H9zm3-19C8.14 2 5 5.14 5 9c0 2.38 1.19 4.47 3 5.74V17c0 .55.45 1 1 1h6c.55 0 1-.45 1-1v-2.26c1.81-1.27 3-3.36 3-5.74 0-3.86-3.14-7-7-7m2.85 11.1-.85.6V16h-4v-2.3l-.85-.6C7.8 12.16 7 10.63 7 9c0-2.76 2.24-5 5-5s5 2.24 5 5c0 1.63-.8 3.16-2.15 4.1"[39m
    [36m/>[39m
  [36m</svg>[39m
[36m</button>[39m

Ignored nodes: comments, script, style
[36m<button[39m
  [33maria-label[39m=[32m"Mostrar recomendaciones"[39m
  [33mclass[39m=[32m"MuiButtonBase-root MuiIconButton-root MuiIconButton-sizeMedium css-53g0n7-MuiButtonBase-root-MuiIconButton-root"[39m
  [33mdata-mui-internal-clone-element[39m=[32m"true"[39m
  [33mtabindex[39m=[32m"0"[39m
  [33mtype[39m=[32m"button"[39m
[36m>[39m
  [36m<svg[39m
    [33maria-hidden[39m=[32m"true"[39m
    [33mclass[39m=[32m"MuiSvgIcon-root MuiSvgIcon-fontSizeMedium css-1umw9bq-MuiSvgIcon-root"[39m
    [33mdata-testid[39m=[32m"LightbulbOutlinedIcon"[39m
    [33mfocusable[39m=[32m"false"[39m
    [33mviewBox[39m=[32m"0 0 24 24"[39m
  [36m>[39m
    [36m<path[39m
      [33md[39m=[32m"M9 21c0 .55.45 1 1 1h4c.55 0 1-.45 1-1v-1H9zm3-19C8.14 2 5 5.14 5 9c0 2.38 1.19 4.47 3 5.74V17c0 .55.45 1 1 1h6c.55 0 1-.45 1-1v-2.26c1.81-1.27 3-3.36 3-5.74 0-3.86-3.14-7-7-7m2.85 11.1-.85.6V16h-4v-2.3l-.85-.6C7.8 12.16 7 10.63 7 9c0-2.76 2.24-5 5-5s5 2.24 5 5c0 1.63-.8 3.16-2.15 4.1"[39m
    [36m/>[39m
  [36m</svg>[39m
[36m</button>[39m

Ignored nodes: comments, script, style
[36m<button[39m
  [33maria-label[39m=[32m"Mostrar recomendaciones"[39m
  [33mclass[39m=[32m"MuiButtonBase-root MuiIconButton-root MuiIconButton-sizeMedium css-53g0n7-MuiButtonBase-root-MuiIconButton-root"[39m
  [33mdata-mui-internal-clone-element[39m=[32m"true"[39m
  [33mtabindex[39m=[32m"0"[39m
  [33mtype[39m=[32m"button"[39m
[36m>[39m
  [36m<svg[39m
    [33maria-hidden[39m=[32m"true"[39m
    [33mclass[39m=[32m"MuiSvgIcon-root MuiSvgIcon-fontSizeMedium css-1umw9bq-MuiSvgIcon-root"[39m
    [33mdata-testid[39m=[32m"LightbulbOutlinedIcon"[39m
    [33mfocusable[39m=[32m"false"[39m
    [33mviewBox[39m=[32m"0 0 24 24"[39m
  [36m>[39m
    [36m<path[39m
      [33md[39m=[32m"M9 21c0 .55.45 1 1 1h4c.55 0 1-.45 1-1v-1H9zm3-19C8.14 2 5 5.14 5 9c0 2.38 1.19 4.47 3 5.74V17c0 .55.45 1 1 1h6c.55 0 1-.45 1-1v-2.26c1.81-1.27 3-3.36 3-5.74 0-3.86-3.14-7-7-7m2.85 11.1-.85.6V16h-4v-2.3l-.85-.6C7.8 12.16 7 10.63 7 9c0-2.76 2.24-5 5-5s5 2.24 5 5c0 1.63-.8 3.16-2.15 4.1"[39m
    [36m/>[39m
  [36m</svg>[39m
[36m</button>[39m

Ignored nodes: comments, script, style
[36m<button[39m
  [33maria-label[39m=[32m"Mostrar recomendaciones"[39m
  [33mclass[39m=[32m"MuiButtonBase-root MuiIconButton-root MuiIconButton-sizeMedium css-53g0n7-MuiButtonBase-root-MuiIconButton-root"[39m
  [33mdata-mui-internal-clone-element[39m=[32m"true"[39m
  [33mtabindex[39m=[32m"0"[39m
  [33mtype[39m=[32m"button"[39m
[36m>[39m
  [36m<svg[39m
    [33maria-hidden[39m=[32m"true"[39m
    [33mclass[39m=[32m"MuiSvgIcon-root MuiSvgIcon-fontSizeMedium css-1umw9bq-MuiSvgIcon-root"[39m
    [33mdata-testid[39m=[32m"LightbulbOutlinedIcon"[39m
    [33mfocusable[39m=[32m"false"[39m
    [33mviewBox[39m=[32m"0 0 24 24"[39m
  [36m>[39m
    [36m<path[39m
      [33md[39m=[32m"M9 21c0 .55.45 1 1 1h4c.55 0 1-.45 1-1v-1H9zm3-19C8.14 2 5 5.14 5 9c0 2.38 1.19 4.47 3 5.74V17c0 .55.45 1 1 1h6c.55 0 1-.45 1-1v-2.26c1.81-1.27 3-3.36 3-5.74 0-3.86-3.14-7-7-7m2.85 11.1-.85.6V16h-4v-2.3l-.85-.6C7.8 12.16 7 10.63 7 9c0-2.76 2.24-5 5-5s5 2.24 5 5c0 1.63-.8 3.16-2.15 4.1"[39m
    [36m/>[39m
  [36m</svg>[39m
[36m</button>[39m

(If this is intentional, then use the `*AllBy*` variant of the query (like `queryAllByText`, `getAllByText`, or `findAllByText`)).

Ignored nodes: comments, script, style
[36m<body>[39m
  [36m<div>[39m
    [36m<div[39m
      [33mclass[39m=[32m"MuiBox-root css-19midj6"[39m
    [36m>[39m
      [36m<h5[39m
        [33mclass[39m=[32m"MuiTypography-root MuiTypography-h5 MuiTypography-gutterBottom css-1f9xtph-MuiTypography-root"[39m
      [36m>[39m
        [0mRedactar Correo[0m
        [36m<span[39m
          [33mclass[39m=[32m"MuiTypography-root MuiTypography-subtitle1 css-wcpt5d-MuiTypography-root"[39m
        [36m>[39m
          [0ma [0m
          [0mFot├│grafo Test[0m
        [36m</span>[39m
      [36m</h5>[39m
      [36m<div[39m
        [33mclass[39m=[32m"MuiGrid-root MuiGrid-container MuiGrid-direction-xs-row MuiGrid-spacing-xs-2 css-zjhuaj-MuiGrid-root"[39m
      [36m>[39m
        [36m<div[39m
          [33mclass[39m=[32m"MuiGrid-root MuiGrid-direction-xs-row css-17fpwt7-MuiGrid-root"[39m
        [36m>[39m
          [36m<div[39m
            [33mclass[39m=[32m"MuiPaper-root MuiPaper-elevation MuiPaper-rounded MuiPaper-elevation1 css-1fdopfm-MuiPaper-root"[39m
            [33mstyle[39m=[32m"--Paper-shadow: 0px 2px 1px -1px rgba(0,0,0,0.2),0px 1px 1px 0px rgba(0,0,0,0.14),0px 1px 3px 0px rgba(0,0,0,0.12);"[39m
          [36m>[39m
            [36m<div[39m
              [33mclass[39m=[32m"MuiBox-root css-1abudc7"[39m
            [36m>[39m
              [36m<h6[39m
                [33mclass[39m=[32m"MuiTypography-root MuiTypography-h6 css-1miy0lu-MuiTypography-root"[39m
              [36m>[39m
                [0mMensaje[0m
              [36m</h6>[39m
              [36m<button[39m
                [33maria-label[39m=[32m"Mostrar recomendaciones"[39m
                [33mclass[39m=[32m"MuiButtonBase-root MuiIconButton-root MuiIconButton-sizeMedium css-53g0n7-MuiButtonBase-root-MuiIconButton-root"[39m
                [33mdata-mui-internal-clone-element[39m=[32m"true"[39m
                [33mtabindex[39m=[32m"0"[39m
                [33mtype[39m=[32m"button"[39m
              [36m>[39m
                [36m<svg[39m
                  [33maria-hidden[39m=[32m"true"[39m
                  [33mclass[39m=[32m"MuiSvgIcon-root MuiSvgIcon-fontSizeMedium css-1umw9bq-MuiSvgIcon-root"[39m
                  [33mdata-testid[39m=[32m"LightbulbOutlinedIcon"[39m
                  [33mfocusable[39m=[32m"false"[39m
                  [33mviewBox[39m=[32m"0 0 24 24"[39m
                [36m>[39m
                  [36m<path[39m
                    [33md[39m=[32m"M9 21c0 .55.45 1 1 1h4c.55 0 1-.45 1-1v-1H9zm3-19C8.14 2 5 5.14 5 9c0 2.38 1.19 4.47 3 5.74V17c0 .55.45 1 1 1h6c.55 0 1-.45 1-1v-2.26c1.81-1.27 3-3.36 3-5.74 0-3.86-3.14-7-7-7m2.85 11.1-.85.6V16h-4v-2.3l-.85-.6C7.8 12.16 7 10.63 7 9c0-2.76 2.24-5 5-5s5 2.24 5 5c0 1.63-.8 3.16-2.15 4.1"[39m
                  [36m/>[39m
                [36m</svg>[39m
              [36m</button>[39m
            [36m</div>[39m
            [36m<div[39m
              [33mclass[39m=[32m"MuiGrid-root MuiGrid-container MuiGrid-direction-xs-row MuiGrid-spacing-xs-2 css-zjhuaj-MuiGrid-root"[39m
            [36m>[39m
              [36m<div[39m
                [33mclass[39m=[32m"MuiGrid-root MuiGrid-direction-xs-row css-17fpwt7-MuiGrid-root"[39m
              [36m>[39m
                [36m<div[39m
                  [33mclass[39m=[32m"MuiFormControl-root MuiFormControl-fullWidth MuiTextField-root css-cmpglg-MuiFormControl-root-MuiTextField-root"[39m
                [36m>[39m
                  [36m<label[39m
                    [33mclass[39m=[32m"MuiFormLabel-root MuiInputLabel-root MuiInputLabel-formControl MuiInputLabel-animated MuiInputLabel-shrink MuiInputLabel-outlined MuiFormLabel-colorPrimary MuiFormLabel-filled MuiInputLabel-root MuiInputLabel-formControl MuiInputLabel-animated MuiInputLabel-shrink MuiInputLabel-outlined css-113d811-MuiFormLabel-root-MuiInputLabel-root"[39m
                    [33mdata-shrink[39m=[32m"true"[39m
                    [33mfor[39m=[32m":r2:"[39m
                    [33mid[39m=[32m":r2:-label"[39m
                  [36m>[39m
                    [0mAsunto[0m
                  [36m</label>[39m
                  [36m<div[39m
                    [33mclass[39m=[32m"MuiInputBase-root MuiOutlinedInput-root MuiInputBase-colorPrimary MuiInputBase-fullWidth MuiInputBase-formControl css-1blp12k-MuiInputBase-root-MuiOutlinedInput-root"[39m
                  [36m>[39m
                    [36m<input[39m
                      [33maria-invalid[39m=[32m"false"[39m
                      [33mclass[39m=[32m"MuiInputBase-input MuiOutlinedInput-input css-16wblaj-MuiInputBase-input-MuiOutlinedInput-input"[39m
                      [33mid[39m=[32m":r2:"[39m
                      [33mplaceholder[39m=[32m"Escribe un asunto efectivo..."[39m
                      [33mtype[39m=[32m"text"[39m
                      [33mvalue[39m=[32m"Consulta sobre fotograf├¡a con Fot├│grafo Test"[39m
                    [36m/>[39m
                    [36m<fieldset[39m
                      [33maria-hidden[39m=[32m"true"[39m
                      [33mclass[39m=[32m"MuiOutlinedInput-notchedOutline css-18p5xg2-MuiNotchedOutlined-root-MuiOutlinedInput-notchedOutline"[39m
                    [36m>[39m
                      [36m<legend[39m
                        [33mclass[39m=[32m"css-ex8a5f-MuiNotchedOutlined-root"[39m
                      [36m>[39m
                        [36m<span>[39m
                          [0mAsunto[0m
                        [36m</span>[39m
                      [36m</legend>[39m
                    [36m</fieldset>[39m
                  [36m</div>[39m
                [36m</div>[39m
              [36m</div>[39m
              [36m<div[39m
                [33mclass[39m=[32m"MuiGrid-root MuiGrid-direction-xs-row css-17fpwt7-MuiGrid-root"[39m
              [36m>[39m
                [36m<div[39m
                  [33mclass[39m=[32m"MuiFormControl-root MuiFormControl-fullWidth css-ytlejw-MuiFormControl-root"[39m
                [36m>[39m
                  [36m<label[39m
                    [33mclass[39m=[32m"MuiFormLabel-root MuiInputLabel-root MuiInputLabel-formControl MuiInputLabel-animated MuiInputLabel-shrink MuiInputLabel-outlined MuiFormLabel-colorPrimary MuiFormLabel-filled MuiInputLabel-root MuiInputLabel-formControl MuiInputLabel-animated MuiInputLabel-shrink MuiInputLabel-outlined css-113d811-MuiFormLabel-root-MuiInputLabel-root"[39m
                    [33mdata-shrink[39m=[32m"true"[39m
                    [33mid[39m=[32m"template-select-label"[39m
                  [36m>[39m
                    [0mPlantilla[0m
                  [36m</label>[39m
                  [36m<div[39m
                    [33mclass[39m=[32m"MuiInputBase-root MuiOutlinedInput-root MuiInputBase-colorPrimary MuiInputBase-formControl MuiSelect-root css-sc8y68...
   ├ù SmartEmailComposer > debe aplicar recomendaci├│n de plantilla 295ms
     ÔåÆ Found multiple elements with the role "button" and name `/mostrar recomendaciones/i`

Here are the matching elements:

Ignored nodes: comments, script, style
[36m<button[39m
  [33maria-label[39m=[32m"Mostrar recomendaciones"[39m
  [33mclass[39m=[32m"MuiButtonBase-root MuiIconButton-root MuiIconButton-sizeMedium css-53g0n7-MuiButtonBase-root-MuiIconButton-root"[39m
  [33mdata-mui-internal-clone-element[39m=[32m"true"[39m
  [33mtabindex[39m=[32m"0"[39m
  [33mtype[39m=[32m"button"[39m
[36m>[39m
  [36m<svg[39m
    [33maria-hidden[39m=[32m"true"[39m
    [33mclass[39m=[32m"MuiSvgIcon-root MuiSvgIcon-fontSizeMedium css-1umw9bq-MuiSvgIcon-root"[39m
    [33mdata-testid[39m=[32m"LightbulbOutlinedIcon"[39m
    [33mfocusable[39m=[32m"false"[39m
    [33mviewBox[39m=[32m"0 0 24 24"[39m
  [36m>[39m
    [36m<path[39m
      [33md[39m=[32m"M9 21c0 .55.45 1 1 1h4c.55 0 1-.45 1-1v-1H9zm3-19C8.14 2 5 5.14 5 9c0 2.38 1.19 4.47 3 5.74V17c0 .55.45 1 1 1h6c.55 0 1-.45 1-1v-2.26c1.81-1.27 3-3.36 3-5.74 0-3.86-3.14-7-7-7m2.85 11.1-.85.6V16h-4v-2.3l-.85-.6C7.8 12.16 7 10.63 7 9c0-2.76 2.24-5 5-5s5 2.24 5 5c0 1.63-.8 3.16-2.15 4.1"[39m
    [36m/>[39m
  [36m</svg>[39m
[36m</button>[39m

Ignored nodes: comments, script, style
[36m<button[39m
  [33maria-label[39m=[32m"Mostrar recomendaciones"[39m
  [33mclass[39m=[32m"MuiButtonBase-root MuiIconButton-root MuiIconButton-sizeMedium css-53g0n7-MuiButtonBase-root-MuiIconButton-root"[39m
  [33mdata-mui-internal-clone-element[39m=[32m"true"[39m
  [33mtabindex[39m=[32m"0"[39m
  [33mtype[39m=[32m"button"[39m
[36m>[39m
  [36m<svg[39m
    [33maria-hidden[39m=[32m"true"[39m
    [33mclass[39m=[32m"MuiSvgIcon-root MuiSvgIcon-fontSizeMedium css-1umw9bq-MuiSvgIcon-root"[39m
    [33mdata-testid[39m=[32m"LightbulbOutlinedIcon"[39m
    [33mfocusable[39m=[32m"false"[39m
    [33mviewBox[39m=[32m"0 0 24 24"[39m
  [36m>[39m
    [36m<path[39m
      [33md[39m=[32m"M9 21c0 .55.45 1 1 1h4c.55 0 1-.45 1-1v-1H9zm3-19C8.14 2 5 5.14 5 9c0 2.38 1.19 4.47 3 5.74V17c0 .55.45 1 1 1h6c.55 0 1-.45 1-1v-2.26c1.81-1.27 3-3.36 3-5.74 0-3.86-3.14-7-7-7m2.85 11.1-.85.6V16h-4v-2.3l-.85-.6C7.8 12.16 7 10.63 7 9c0-2.76 2.24-5 5-5s5 2.24 5 5c0 1.63-.8 3.16-2.15 4.1"[39m
    [36m/>[39m
  [36m</svg>[39m
[36m</button>[39m

Ignored nodes: comments, script, style
[36m<button[39m
  [33maria-label[39m=[32m"Mostrar recomendaciones"[39m
  [33mclass[39m=[32m"MuiButtonBase-root MuiIconButton-root MuiIconButton-sizeMedium css-53g0n7-MuiButtonBase-root-MuiIconButton-root"[39m
  [33mdata-mui-internal-clone-element[39m=[32m"true"[39m
  [33mtabindex[39m=[32m"0"[39m
  [33mtype[39m=[32m"button"[39m
[36m>[39m
  [36m<svg[39m
    [33maria-hidden[39m=[32m"true"[39m
    [33mclass[39m=[32m"MuiSvgIcon-root MuiSvgIcon-fontSizeMedium css-1umw9bq-MuiSvgIcon-root"[39m
    [33mdata-testid[39m=[32m"LightbulbOutlinedIcon"[39m
    [33mfocusable[39m=[32m"false"[39m
    [33mviewBox[39m=[32m"0 0 24 24"[39m
  [36m>[39m
    [36m<path[39m
      [33md[39m=[32m"M9 21c0 .55.45 1 1 1h4c.55 0 1-.45 1-1v-1H9zm3-19C8.14 2 5 5.14 5 9c0 2.38 1.19 4.47 3 5.74V17c0 .55.45 1 1 1h6c.55 0 1-.45 1-1v-2.26c1.81-1.27 3-3.36 3-5.74 0-3.86-3.14-7-7-7m2.85 11.1-.85.6V16h-4v-2.3l-.85-.6C7.8 12.16 7 10.63 7 9c0-2.76 2.24-5 5-5s5 2.24 5 5c0 1.63-.8 3.16-2.15 4.1"[39m
    [36m/>[39m
  [36m</svg>[39m
[36m</button>[39m

Ignored nodes: comments, script, style
[36m<button[39m
  [33maria-label[39m=[32m"Mostrar recomendaciones"[39m
  [33mclass[39m=[32m"MuiButtonBase-root MuiIconButton-root MuiIconButton-sizeMedium css-53g0n7-MuiButtonBase-root-MuiIconButton-root"[39m
  [33mdata-mui-internal-clone-element[39m=[32m"true"[39m
  [33mtabindex[39m=[32m"0"[39m
  [33mtype[39m=[32m"button"[39m
[36m>[39m
  [36m<svg[39m
    [33maria-hidden[39m=[32m"true"[39m
    [33mclass[39m=[32m"MuiSvgIcon-root MuiSvgIcon-fontSizeMedium css-1umw9bq-MuiSvgIcon-root"[39m
    [33mdata-testid[39m=[32m"LightbulbOutlinedIcon"[39m
    [33mfocusable[39m=[32m"false"[39m
    [33mviewBox[39m=[32m"0 0 24 24"[39m
  [36m>[39m
    [36m<path[39m
      [33md[39m=[32m"M9 21c0 .55.45 1 1 1h4c.55 0 1-.45 1-1v-1H9zm3-19C8.14 2 5 5.14 5 9c0 2.38 1.19 4.47 3 5.74V17c0 .55.45 1 1 1h6c.55 0 1-.45 1-1v-2.26c1.81-1.27 3-3.36 3-5.74 0-3.86-3.14-7-7-7m2.85 11.1-.85.6V16h-4v-2.3l-.85-.6C7.8 12.16 7 10.63 7 9c0-2.76 2.24-5 5-5s5 2.24 5 5c0 1.63-.8 3.16-2.15 4.1"[39m
    [36m/>[39m
  [36m</svg>[39m
[36m</button>[39m

Ignored nodes: comments, script, style
[36m<button[39m
  [33maria-label[39m=[32m"Mostrar recomendaciones"[39m
  [33mclass[39m=[32m"MuiButtonBase-root MuiIconButton-root MuiIconButton-sizeMedium css-53g0n7-MuiButtonBase-root-MuiIconButton-root"[39m
  [33mdata-mui-internal-clone-element[39m=[32m"true"[39m
  [33mtabindex[39m=[32m"0"[39m
  [33mtype[39m=[32m"button"[39m
[36m>[39m
  [36m<svg[39m
    [33maria-hidden[39m=[32m"true"[39m
    [33mclass[39m=[32m"MuiSvgIcon-root MuiSvgIcon-fontSizeMedium css-1umw9bq-MuiSvgIcon-root"[39m
    [33mdata-testid[39m=[32m"LightbulbOutlinedIcon"[39m
    [33mfocusable[39m=[32m"false"[39m
    [33mviewBox[39m=[32m"0 0 24 24"[39m
  [36m>[39m
    [36m<path[39m
      [33md[39m=[32m"M9 21c0 .55.45 1 1 1h4c.55 0 1-.45 1-1v-1H9zm3-19C8.14 2 5 5.14 5 9c0 2.38 1.19 4.47 3 5.74V17c0 .55.45 1 1 1h6c.55 0 1-.45 1-1v-2.26c1.81-1.27 3-3.36 3-5.74 0-3.86-3.14-7-7-7m2.85 11.1-.85.6V16h-4v-2.3l-.85-.6C7.8 12.16 7 10.63 7 9c0-2.76 2.24-5 5-5s5 2.24 5 5c0 1.63-.8 3.16-2.15 4.1"[39m
    [36m/>[39m
  [36m</svg>[39m
[36m</button>[39m

(If this is intentional, then use the `*AllBy*` variant of the query (like `queryAllByText`, `getAllByText`, or `findAllByText`)).

Ignored nodes: comments, script, style
[36m<body>[39m
  [36m<div>[39m
    [36m<div[39m
      [33mclass[39m=[32m"MuiBox-root css-19midj6"[39m
    [36m>[39m
      [36m<h5[39m
        [33mclass[39m=[32m"MuiTypography-root MuiTypography-h5 MuiTypography-gutterBottom css-1f9xtph-MuiTypography-root"[39m
      [36m>[39m
        [0mRedactar Correo[0m
        [36m<span[39m
          [33mclass[39m=[32m"MuiTypography-root MuiTypography-subtitle1 css-wcpt5d-MuiTypography-root"[39m
        [36m>[39m
          [0ma [0m
          [0mFot├│grafo Test[0m
        [36m</span>[39m
      [36m</h5>[39m
      [36m<div[39m
        [33mclass[39m=[32m"MuiGrid-root MuiGrid-container MuiGrid-direction-xs-row MuiGrid-spacing-xs-2 css-zjhuaj-MuiGrid-root"[39m
      [36m>[39m
        [36m<div[39m
          [33mclass[39m=[32m"MuiGrid-root MuiGrid-direction-xs-row css-17fpwt7-MuiGrid-root"[39m
        [36m>[39m
          [36m<div[39m
            [33mclass[39m=[32m"MuiPaper-root MuiPaper-elevation MuiPaper-rounded MuiPaper-elevation1 css-1fdopfm-MuiPaper-root"[39m
            [33mstyle[39m=[32m"--Paper-shadow: 0px 2px 1px -1px rgba(0,0,0,0.2),0px 1px 1px 0px rgba(0,0,0,0.14),0px 1px 3px 0px rgba(0,0,0,0.12);"[39m
          [36m>[39m
            [36m<div[39m
              [33mclass[39m=[32m"MuiBox-root css-1abudc7"[39m
            [36m>[39m
              [36m<h6[39m
                [33mclass[39m=[32m"MuiTypography-root MuiTypography-h6 css-1miy0lu-MuiTypography-root"[39m
              [36m>[39m
                [0mMensaje[0m
              [36m</h6>[39m
              [36m<button[39m
                [33maria-label[39m=[32m"Mostrar recomendaciones"[39m
                [33mclass[39m=[32m"MuiButtonBase-root MuiIconButton-root MuiIconButton-sizeMedium css-53g0n7-MuiButtonBase-root-MuiIconButton-root"[39m
                [33mdata-mui-internal-clone-element[39m=[32m"true"[39m
                [33mtabindex[39m=[32m"0"[39m
                [33mtype[39m=[32m"button"[39m
              [36m>[39m
                [36m<svg[39m
                  [33maria-hidden[39m=[32m"true"[39m
                  [33mclass[39m=[32m"MuiSvgIcon-root MuiSvgIcon-fontSizeMedium css-1umw9bq-MuiSvgIcon-root"[39m
                  [33mdata-testid[39m=[32m"LightbulbOutlinedIcon"[39m
                  [33mfocusable[39m=[32m"false"[39m
                  [33mviewBox[39m=[32m"0 0 24 24"[39m
                [36m>[39m
                  [36m<path[39m
                    [33md[39m=[32m"M9 21c0 .55.45 1 1 1h4c.55 0 1-.45 1-1v-1H9zm3-19C8.14 2 5 5.14 5 9c0 2.38 1.19 4.47 3 5.74V17c0 .55.45 1 1 1h6c.55 0 1-.45 1-1v-2.26c1.81-1.27 3-3.36 3-5.74 0-3.86-3.14-7-7-7m2.85 11.1-.85.6V16h-4v-2.3l-.85-.6C7.8 12.16 7 10.63 7 9c0-2.76 2.24-5 5-5s5 2.24 5 5c0 1.63-.8 3.16-2.15 4.1"[39m
                  [36m/>[39m
                [36m</svg>[39m
              [36m</button>[39m
            [36m</div>[39m
            [36m<div[39m
              [33mclass[39m=[32m"MuiGrid-root MuiGrid-container MuiGrid-direction-xs-row MuiGrid-spacing-xs-2 css-zjhuaj-MuiGrid-root"[39m
            [36m>[39m
              [36m<div[39m
                [33mclass[39m=[32m"MuiGrid-root MuiGrid-direction-xs-row css-17fpwt7-MuiGrid-root"[39m
              [36m>[39m
                [36m<div[39m
                  [33mclass[39m=[32m"MuiFormControl-root MuiFormControl-fullWidth MuiTextField-root css-cmpglg-MuiFormControl-root-MuiTextField-root"[39m
                [36m>[39m
                  [36m<label[39m
                    [33mclass[39m=[32m"MuiFormLabel-root MuiInputLabel-root MuiInputLabel-formControl MuiInputLabel-animated MuiInputLabel-shrink MuiInputLabel-outlined MuiFormLabel-colorPrimary MuiFormLabel-filled MuiInputLabel-root MuiInputLabel-formControl MuiInputLabel-animated MuiInputLabel-shrink MuiInputLabel-outlined css-113d811-MuiFormLabel-root-MuiInputLabel-root"[39m
                    [33mdata-shrink[39m=[32m"true"[39m
                    [33mfor[39m=[32m":r2:"[39m
                    [33mid[39m=[32m":r2:-label"[39m
                  [36m>[39m
                    [0mAsunto[0m
                  [36m</label>[39m
                  [36m<div[39m
                    [33mclass[39m=[32m"MuiInputBase-root MuiOutlinedInput-root MuiInputBase-colorPrimary MuiInputBase-fullWidth MuiInputBase-formControl css-1blp12k-MuiInputBase-root-MuiOutlinedInput-root"[39m
                  [36m>[39m
                    [36m<input[39m
                      [33maria-invalid[39m=[32m"false"[39m
                      [33mclass[39m=[32m"MuiInputBase-input MuiOutlinedInput-input css-16wblaj-MuiInputBase-input-MuiOutlinedInput-input"[39m
                      [33mid[39m=[32m":r2:"[39m
                      [33mplaceholder[39m=[32m"Escribe un asunto efectivo..."[39m
                      [33mtype[39m=[32m"text"[39m
                      [33mvalue[39m=[32m"Consulta sobre fotograf├¡a con Fot├│grafo Test"[39m
                    [36m/>[39m
                    [36m<fieldset[39m
                      [33maria-hidden[39m=[32m"true"[39m
                      [33mclass[39m=[32m"MuiOutlinedInput-notchedOutline css-18p5xg2-MuiNotchedOutlined-root-MuiOutlinedInput-notchedOutline"[39m
                    [36m>[39m
                      [36m<legend[39m
                        [33mclass[39m=[32m"css-ex8a5f-MuiNotchedOutlined-root"[39m
                      [36m>[39m
                        [36m<span>[39m
                          [0mAsunto[0m
                        [36m</span>[39m
                      [36m</legend>[39m
                    [36m</fieldset>[39m
                  [36m</div>[39m
                [36m</div>[39m
              [36m</div>[39m
              [36m<div[39m
                [33mclass[39m=[32m"MuiGrid-root MuiGrid-direction-xs-row css-17fpwt7-MuiGrid-root"[39m
              [36m>[39m
                [36m<div[39m
                  [33mclass[39m=[32m"MuiFormControl-root MuiFormControl-fullWidth css-ytlejw-MuiFormControl-root"[39m
                [36m>[39m
                  [36m<label[39m
                    [33mclass[39m=[32m"MuiFormLabel-root MuiInputLabel-root MuiInputLabel-formControl MuiInputLabel-animated MuiInputLabel-shrink MuiInputLabel-outlined MuiFormLabel-colorPrimary MuiFormLabel-filled MuiInputLabel-root MuiInputLabel-formControl MuiInputLabel-animated MuiInputLabel-shrink MuiInputLabel-outlined css-113d811-MuiFormLabel-root-MuiInputLabel-root"[39m
                    [33mdata-shrink[39m=[32m"true"[39m
                    [33mid[39m=[32m"template-select-label"[39m
                  [36m>[39m
                    [0mPlantilla[0m
                  [36m</label>[39m
                  [36m<div[39m
                    [33mclass[39m=[32m"MuiInputBase-root MuiOutlinedInput-root MuiInputBase-colorPrimary MuiInputBase-formControl MuiSelect-root css-sc8y68...
   ├ù SmartEmailComposer > debe programar el env├¡o para un horario recomendado 373ms
     ÔåÆ Found multiple elements with the role "button" and name `/mostrar recomendaciones/i`

Here are the matching elements:

Ignored nodes: comments, script, style
[36m<button[39m
  [33maria-label[39m=[32m"Mostrar recomendaciones"[39m
  [33mclass[39m=[32m"MuiButtonBase-root MuiIconButton-root MuiIconButton-sizeMedium css-53g0n7-MuiButtonBase-root-MuiIconButton-root"[39m
  [33mdata-mui-internal-clone-element[39m=[32m"true"[39m
  [33mtabindex[39m=[32m"0"[39m
  [33mtype[39m=[32m"button"[39m
[36m>[39m
  [36m<svg[39m
    [33maria-hidden[39m=[32m"true"[39m
    [33mclass[39m=[32m"MuiSvgIcon-root MuiSvgIcon-fontSizeMedium css-1umw9bq-MuiSvgIcon-root"[39m
    [33mdata-testid[39m=[32m"LightbulbOutlinedIcon"[39m
    [33mfocusable[39m=[32m"false"[39m
    [33mviewBox[39m=[32m"0 0 24 24"[39m
  [36m>[39m
    [36m<path[39m
      [33md[39m=[32m"M9 21c0 .55.45 1 1 1h4c.55 0 1-.45 1-1v-1H9zm3-19C8.14 2 5 5.14 5 9c0 2.38 1.19 4.47 3 5.74V17c0 .55.45 1 1 1h6c.55 0 1-.45 1-1v-2.26c1.81-1.27 3-3.36 3-5.74 0-3.86-3.14-7-7-7m2.85 11.1-.85.6V16h-4v-2.3l-.85-.6C7.8 12.16 7 10.63 7 9c0-2.76 2.24-5 5-5s5 2.24 5 5c0 1.63-.8 3.16-2.15 4.1"[39m
    [36m/>[39m
  [36m</svg>[39m
[36m</button>[39m

Ignored nodes: comments, script, style
[36m<button[39m
  [33maria-label[39m=[32m"Mostrar recomendaciones"[39m
  [33mclass[39m=[32m"MuiButtonBase-root MuiIconButton-root MuiIconButton-sizeMedium css-53g0n7-MuiButtonBase-root-MuiIconButton-root"[39m
  [33mdata-mui-internal-clone-element[39m=[32m"true"[39m
  [33mtabindex[39m=[32m"0"[39m
  [33mtype[39m=[32m"button"[39m
[36m>[39m
  [36m<svg[39m
    [33maria-hidden[39m=[32m"true"[39m
    [33mclass[39m=[32m"MuiSvgIcon-root MuiSvgIcon-fontSizeMedium css-1umw9bq-MuiSvgIcon-root"[39m
    [33mdata-testid[39m=[32m"LightbulbOutlinedIcon"[39m
    [33mfocusable[39m=[32m"false"[39m
    [33mviewBox[39m=[32m"0 0 24 24"[39m
  [36m>[39m
    [36m<path[39m
      [33md[39m=[32m"M9 21c0 .55.45 1 1 1h4c.55 0 1-.45 1-1v-1H9zm3-19C8.14 2 5 5.14 5 9c0 2.38 1.19 4.47 3 5.74V17c0 .55.45 1 1 1h6c.55 0 1-.45 1-1v-2.26c1.81-1.27 3-3.36 3-5.74 0-3.86-3.14-7-7-7m2.85 11.1-.85.6V16h-4v-2.3l-.85-.6C7.8 12.16 7 10.63 7 9c0-2.76 2.24-5 5-5s5 2.24 5 5c0 1.63-.8 3.16-2.15 4.1"[39m
    [36m/>[39m
  [36m</svg>[39m
[36m</button>[39m

Ignored nodes: comments, script, style
[36m<button[39m
  [33maria-label[39m=[32m"Mostrar recomendaciones"[39m
  [33mclass[39m=[32m"MuiButtonBase-root MuiIconButton-root MuiIconButton-sizeMedium css-53g0n7-MuiButtonBase-root-MuiIconButton-root"[39m
  [33mdata-mui-internal-clone-element[39m=[32m"true"[39m
  [33mtabindex[39m=[32m"0"[39m
  [33mtype[39m=[32m"button"[39m
[36m>[39m
  [36m<svg[39m
    [33maria-hidden[39m=[32m"true"[39m
    [33mclass[39m=[32m"MuiSvgIcon-root MuiSvgIcon-fontSizeMedium css-1umw9bq-MuiSvgIcon-root"[39m
    [33mdata-testid[39m=[32m"LightbulbOutlinedIcon"[39m
    [33mfocusable[39m=[32m"false"[39m
    [33mviewBox[39m=[32m"0 0 24 24"[39m
  [36m>[39m
    [36m<path[39m
      [33md[39m=[32m"M9 21c0 .55.45 1 1 1h4c.55 0 1-.45 1-1v-1H9zm3-19C8.14 2 5 5.14 5 9c0 2.38 1.19 4.47 3 5.74V17c0 .55.45 1 1 1h6c.55 0 1-.45 1-1v-2.26c1.81-1.27 3-3.36 3-5.74 0-3.86-3.14-7-7-7m2.85 11.1-.85.6V16h-4v-2.3l-.85-.6C7.8 12.16 7 10.63 7 9c0-2.76 2.24-5 5-5s5 2.24 5 5c0 1.63-.8 3.16-2.15 4.1"[39m
    [36m/>[39m
  [36m</svg>[39m
[36m</button>[39m

Ignored nodes: comments, script, style
[36m<button[39m
  [33maria-label[39m=[32m"Mostrar recomendaciones"[39m
  [33mclass[39m=[32m"MuiButtonBase-root MuiIconButton-root MuiIconButton-sizeMedium css-53g0n7-MuiButtonBase-root-MuiIconButton-root"[39m
  [33mdata-mui-internal-clone-element[39m=[32m"true"[39m
  [33mtabindex[39m=[32m"0"[39m
  [33mtype[39m=[32m"button"[39m
[36m>[39m
  [36m<svg[39m
    [33maria-hidden[39m=[32m"true"[39m
    [33mclass[39m=[32m"MuiSvgIcon-root MuiSvgIcon-fontSizeMedium css-1umw9bq-MuiSvgIcon-root"[39m
    [33mdata-testid[39m=[32m"LightbulbOutlinedIcon"[39m
    [33mfocusable[39m=[32m"false"[39m
    [33mviewBox[39m=[32m"0 0 24 24"[39m
  [36m>[39m
    [36m<path[39m
      [33md[39m=[32m"M9 21c0 .55.45 1 1 1h4c.55 0 1-.45 1-1v-1H9zm3-19C8.14 2 5 5.14 5 9c0 2.38 1.19 4.47 3 5.74V17c0 .55.45 1 1 1h6c.55 0 1-.45 1-1v-2.26c1.81-1.27 3-3.36 3-5.74 0-3.86-3.14-7-7-7m2.85 11.1-.85.6V16h-4v-2.3l-.85-.6C7.8 12.16 7 10.63 7 9c0-2.76 2.24-5 5-5s5 2.24 5 5c0 1.63-.8 3.16-2.15 4.1"[39m
    [36m/>[39m
  [36m</svg>[39m
[36m</button>[39m

Ignored nodes: comments, script, style
[36m<button[39m
  [33maria-label[39m=[32m"Mostrar recomendaciones"[39m
  [33mclass[39m=[32m"MuiButtonBase-root MuiIconButton-root MuiIconButton-sizeMedium css-53g0n7-MuiButtonBase-root-MuiIconButton-root"[39m
  [33mdata-mui-internal-clone-element[39m=[32m"true"[39m
  [33mtabindex[39m=[32m"0"[39m
  [33mtype[39m=[32m"button"[39m
[36m>[39m
  [36m<svg[39m
    [33maria-hidden[39m=[32m"true"[39m
    [33mclass[39m=[32m"MuiSvgIcon-root MuiSvgIcon-fontSizeMedium css-1umw9bq-MuiSvgIcon-root"[39m
    [33mdata-testid[39m=[32m"LightbulbOutlinedIcon"[39m
    [33mfocusable[39m=[32m"false"[39m
    [33mviewBox[39m=[32m"0 0 24 24"[39m
  [36m>[39m
    [36m<path[39m
      [33md[39m=[32m"M9 21c0 .55.45 1 1 1h4c.55 0 1-.45 1-1v-1H9zm3-19C8.14 2 5 5.14 5 9c0 2.38 1.19 4.47 3 5.74V17c0 .55.45 1 1 1h6c.55 0 1-.45 1-1v-2.26c1.81-1.27 3-3.36 3-5.74 0-3.86-3.14-7-7-7m2.85 11.1-.85.6V16h-4v-2.3l-.85-.6C7.8 12.16 7 10.63 7 9c0-2.76 2.24-5 5-5s5 2.24 5 5c0 1.63-.8 3.16-2.15 4.1"[39m
    [36m/>[39m
  [36m</svg>[39m
[36m</button>[39m

Ignored nodes: comments, script, style
[36m<button[39m
  [33maria-label[39m=[32m"Mostrar recomendaciones"[39m
  [33mclass[39m=[32m"MuiButtonBase-root MuiIconButton-root MuiIconButton-sizeMedium css-53g0n7-MuiButtonBase-root-MuiIconButton-root"[39m
  [33mdata-mui-internal-clone-element[39m=[32m"true"[39m
  [33mtabindex[39m=[32m"0"[39m
  [33mtype[39m=[32m"button"[39m
[36m>[39m
  [36m<svg[39m
    [33maria-hidden[39m=[32m"true"[39m
    [33mclass[39m=[32m"MuiSvgIcon-root MuiSvgIcon-fontSizeMedium css-1umw9bq-MuiSvgIcon-root"[39m
    [33mdata-testid[39m=[32m"LightbulbOutlinedIcon"[39m
    [33mfocusable[39m=[32m"false"[39m
    [33mviewBox[39m=[32m"0 0 24 24"[39m
  [36m>[39m
    [36m<path[39m
      [33md[39m=[32m"M9 21c0 .55.45 1 1 1h4c.55 0 1-.45 1-1v-1H9zm3-19C8.14 2 5 5.14 5 9c0 2.38 1.19 4.47 3 5.74V17c0 .55.45 1 1 1h6c.55 0 1-.45 1-1v-2.26c1.81-1.27 3-3.36 3-5.74 0-3.86-3.14-7-7-7m2.85 11.1-.85.6V16h-4v-2.3l-.85-.6C7.8 12.16 7 10.63 7 9c0-2.76 2.24-5 5-5s5 2.24 5 5c0 1.63-.8 3.16-2.15 4.1"[39m
    [36m/>[39m
  [36m</svg>[39m
[36m</button>[39m

(If this is intentional, then use the `*AllBy*` variant of the query (like `queryAllByText`, `getAllByText`, or `findAllByText`)).

Ignored nodes: comments, script, style
[36m<body>[39m
  [36m<div>[39m
    [36m<div[39m
      [33mclass[39m=[32m"MuiBox-root css-19midj6"[39m
    [36m>[39m
      [36m<h5[39m
        [33mclass[39m=[32m"MuiTypography-root MuiTypography-h5 MuiTypography-gutterBottom css-1f9xtph-MuiTypography-root"[39m
      [36m>[39m
        [0mRedactar Correo[0m
        [36m<span[39m
          [33mclass[39m=[32m"MuiTypography-root MuiTypography-subtitle1 css-wcpt5d-MuiTypography-root"[39m
        [36m>[39m
          [0ma [0m
          [0mFot├│grafo Test[0m
        [36m</span>[39m
      [36m</h5>[39m
      [36m<div[39m
        [33mclass[39m=[32m"MuiGrid-root MuiGrid-container MuiGrid-direction-xs-row MuiGrid-spacing-xs-2 css-zjhuaj-MuiGrid-root"[39m
      [36m>[39m
        [36m<div[39m
          [33mclass[39m=[32m"MuiGrid-root MuiGrid-direction-xs-row css-17fpwt7-MuiGrid-root"[39m
        [36m>[39m
          [36m<div[39m
            [33mclass[39m=[32m"MuiPaper-root MuiPaper-elevation MuiPaper-rounded MuiPaper-elevation1 css-1fdopfm-MuiPaper-root"[39m
            [33mstyle[39m=[32m"--Paper-shadow: 0px 2px 1px -1px rgba(0,0,0,0.2),0px 1px 1px 0px rgba(0,0,0,0.14),0px 1px 3px 0px rgba(0,0,0,0.12);"[39m
          [36m>[39m
            [36m<div[39m
              [33mclass[39m=[32m"MuiBox-root css-1abudc7"[39m
            [36m>[39m
              [36m<h6[39m
                [33mclass[39m=[32m"MuiTypography-root MuiTypography-h6 css-1miy0lu-MuiTypography-root"[39m
              [36m>[39m
                [0mMensaje[0m
              [36m</h6>[39m
              [36m<button[39m
                [33maria-label[39m=[32m"Mostrar recomendaciones"[39m
                [33mclass[39m=[32m"MuiButtonBase-root MuiIconButton-root MuiIconButton-sizeMedium css-53g0n7-MuiButtonBase-root-MuiIconButton-root"[39m
                [33mdata-mui-internal-clone-element[39m=[32m"true"[39m
                [33mtabindex[39m=[32m"0"[39m
                [33mtype[39m=[32m"button"[39m
              [36m>[39m
                [36m<svg[39m
                  [33maria-hidden[39m=[32m"true"[39m
                  [33mclass[39m=[32m"MuiSvgIcon-root MuiSvgIcon-fontSizeMedium css-1umw9bq-MuiSvgIcon-root"[39m
                  [33mdata-testid[39m=[32m"LightbulbOutlinedIcon"[39m
                  [33mfocusable[39m=[32m"false"[39m
                  [33mviewBox[39m=[32m"0 0 24 24"[39m
                [36m>[39m
                  [36m<path[39m
                    [33md[39m=[32m"M9 21c0 .55.45 1 1 1h4c.55 0 1-.45 1-1v-1H9zm3-19C8.14 2 5 5.14 5 9c0 2.38 1.19 4.47 3 5.74V17c0 .55.45 1 1 1h6c.55 0 1-.45 1-1v-2.26c1.81-1.27 3-3.36 3-5.74 0-3.86-3.14-7-7-7m2.85 11.1-.85.6V16h-4v-2.3l-.85-.6C7.8 12.16 7 10.63 7 9c0-2.76 2.24-5 5-5s5 2.24 5 5c0 1.63-.8 3.16-2.15 4.1"[39m
                  [36m/>[39m
                [36m</svg>[39m
              [36m</button>[39m
            [36m</div>[39m
            [36m<div[39m
              [33mclass[39m=[32m"MuiGrid-root MuiGrid-container MuiGrid-direction-xs-row MuiGrid-spacing-xs-2 css-zjhuaj-MuiGrid-root"[39m
            [36m>[39m
              [36m<div[39m
                [33mclass[39m=[32m"MuiGrid-root MuiGrid-direction-xs-row css-17fpwt7-MuiGrid-root"[39m
              [36m>[39m
                [36m<div[39m
                  [33mclass[39m=[32m"MuiFormControl-root MuiFormControl-fullWidth MuiTextField-root css-cmpglg-MuiFormControl-root-MuiTextField-root"[39m
                [36m>[39m
                  [36m<label[39m
                    [33mclass[39m=[32m"MuiFormLabel-root MuiInputLabel-root MuiInputLabel-formControl MuiInputLabel-animated MuiInputLabel-shrink MuiInputLabel-outlined MuiFormLabel-colorPrimary MuiFormLabel-filled MuiInputLabel-root MuiInputLabel-formControl MuiInputLabel-animated MuiInputLabel-shrink MuiInputLabel-outlined css-113d811-MuiFormLabel-root-MuiInputLabel-root"[39m
                    [33mdata-shrink[39m=[32m"true"[39m
                    [33mfor[39m=[32m":r2:"[39m
                    [33mid[39m=[32m":r2:-label"[39m
                  [36m>[39m
                    [0mAsunto[0m
                  [36m</label>[39m
                  [36m<div[39m
                    [33mclass[39m=[32m"MuiInputBase-root MuiOutlinedInput-root MuiInputBase-colorPrimary MuiInputBase-fullWidth MuiInputBase-formControl css-1blp12k-MuiInputBase-root-MuiOutlinedInput-root"[39m
                  [36m>[39m
                    [36m<input[39m
                      [33maria-invalid[39m=[32m"false"[39m
                      [33mclass[39m=[32m"MuiInputBase-input MuiOutlinedInput-input css-16wblaj-MuiInputBase-input-MuiOutlinedInput-input"[39m
                      [33mid[39m=[32m":r2:"[39m
                      [33mplaceholder[39m=[32m"Escribe un asunto efectivo..."[39m
                      [33mtype[39m=[32m"text"[39m
                      [33mvalue[39m=[32m"Consulta sobre fotograf├¡a con Fot├│grafo Test"[39m
                    [36m/>[39m
                    [36m<fieldset[39m
                      [33maria-hidden[39m=[32m"true"[39m
                      [33mclass[39m=[32m"MuiOutlinedInput-notchedOutline css-18p5xg2-MuiNotchedOutlined-root-MuiOutlinedInput-notchedOutline"[39m
                    [36m>[39m
                      [36m<legend[39m
                        [33mclass[39m=[32m"css-ex8a5f-MuiNotchedOutlined-root"[39m
                      [36m>[39m
                        [36m<span>[39m
                          [0mAsunto[0m
                        [36m</span>[39m
                      [36m</legend>[39m
                    [36m</fieldset>[39m
                  [36m</div>[39m
                [36m</div>[39m
              [36m</div>[39m
              [36m<div[39m
                [33mclass[39m=[32m"MuiGrid-root MuiGrid-direction-xs-row css-17fpwt7-MuiGrid-root"[39m
              [36m>[39m
                [36m<div[39m
                  [33mclass[39m=[32m"MuiFormControl-root MuiFormControl-fullWidth css-ytlejw-MuiFormControl-root"[39m
                [36m>[39m
                  [36m<label[39m
                    [33mclass[39m=[32m"MuiFormLabel-root MuiInputLabel-root MuiInputLabel-formControl MuiInputLabel-animated MuiInputLabel-shrink MuiInputLabel-outlined MuiFormLabel-colorPrimary MuiFormLabel-filled MuiInputLabel-root MuiInputLabel-formControl MuiInputLabel-animated MuiInputLabel-shrink MuiInputLabel-outlined css-113d811-MuiFormLabel-root-MuiInputLabel-root"[39m
                    [33mdata-shrink[39m=[32m"true"[39m
                    [33mid[39m=[32m"template-select-label"[39m
                  [36m>[39m
                    [0mPlantilla[0m
                  [36m</label>[39m
                  [36m<div[39m
                    [33mclass[39m=[32m"MuiInputBase-root MuiOutlinedInput-root MuiInputBase-colorPrimary MuiInputBase-formControl MuiSelect-root css-sc8y68...
   ├ù SmartEmailComposer > debe mostrar error al intentar enviar sin asunto o mensaje 314ms
     ÔåÆ Found multiple elements with the text of: Asunto

Here are the matching elements:

Ignored nodes: comments, script, style
[36m<input[39m
  [33maria-invalid[39m=[32m"false"[39m
  [33mclass[39m=[32m"MuiInputBase-input MuiOutlinedInput-input css-16wblaj-MuiInputBase-input-MuiOutlinedInput-input"[39m
  [33mid[39m=[32m":r2:"[39m
  [33mplaceholder[39m=[32m"Escribe un asunto efectivo..."[39m
  [33mtype[39m=[32m"text"[39m
  [33mvalue[39m=[32m"Consulta sobre fotograf├¡a con Fot├│grafo Test"[39m
[36m/>[39m

Ignored nodes: comments, script, style
[36m<input[39m
  [33maria-invalid[39m=[32m"false"[39m
  [33mclass[39m=[32m"MuiInputBase-input MuiOutlinedInput-input css-16wblaj-MuiInputBase-input-MuiOutlinedInput-input"[39m
  [33mid[39m=[32m":ra:"[39m
  [33mplaceholder[39m=[32m"Escribe un asunto efectivo..."[39m
  [33mtype[39m=[32m"text"[39m
  [33mvalue[39m=[32m"Consulta sobre fotograf├¡a con Fot├│grafo Test"[39m
[36m/>[39m

Ignored nodes: comments, script, style
[36m<input[39m
  [33maria-invalid[39m=[32m"false"[39m
  [33mclass[39m=[32m"MuiInputBase-input MuiOutlinedInput-input css-16wblaj-MuiInputBase-input-MuiOutlinedInput-input"[39m
  [33mid[39m=[32m":ri:"[39m
  [33mplaceholder[39m=[32m"Escribe un asunto efectivo..."[39m
  [33mtype[39m=[32m"text"[39m
  [33mvalue[39m=[32m"Consulta sobre fotograf├¡a con Fot├│grafo Test"[39m
[36m/>[39m

Ignored nodes: comments, script, style
[36m<input[39m
  [33maria-invalid[39m=[32m"false"[39m
  [33mclass[39m=[32m"MuiInputBase-input MuiOutlinedInput-input css-16wblaj-MuiInputBase-input-MuiOutlinedInput-input"[39m
  [33mid[39m=[32m":rq:"[39m
  [33mplaceholder[39m=[32m"Escribe un asunto efectivo..."[39m
  [33mtype[39m=[32m"text"[39m
  [33mvalue[39m=[32m"Consulta sobre fotograf├¡a con Fot├│grafo Test"[39m
[36m/>[39m

Ignored nodes: comments, script, style
[36m<input[39m
  [33maria-invalid[39m=[32m"false"[39m
  [33mclass[39m=[32m"MuiInputBase-input MuiOutlinedInput-input css-16wblaj-MuiInputBase-input-MuiOutlinedInput-input"[39m
  [33mid[39m=[32m":r12:"[39m
  [33mplaceholder[39m=[32m"Escribe un asunto efectivo..."[39m
  [33mtype[39m=[32m"text"[39m
  [33mvalue[39m=[32m"Consulta sobre fotograf├¡a con Fot├│grafo Test"[39m
[36m/>[39m

Ignored nodes: comments, script, style
[36m<input[39m
  [33maria-invalid[39m=[32m"false"[39m
  [33mclass[39m=[32m"MuiInputBase-input MuiOutlinedInput-input css-16wblaj-MuiInputBase-input-MuiOutlinedInput-input"[39m
  [33mid[39m=[32m":r1a:"[39m
  [33mplaceholder[39m=[32m"Escribe un asunto efectivo..."[39m
  [33mtype[39m=[32m"text"[39m
  [33mvalue[39m=[32m"Consulta sobre fotograf├¡a con Fot├│grafo Test"[39m
[36m/>[39m

Ignored nodes: comments, script, style
[36m<input[39m
  [33maria-invalid[39m=[32m"false"[39m
  [33mclass[39m=[32m"MuiInputBase-input MuiOutlinedInput-input css-16wblaj-MuiInputBase-input-MuiOutlinedInput-input"[39m
  [33mid[39m=[32m":r1i:"[39m
  [33mplaceholder[39m=[32m"Escribe un asunto efectivo..."[39m
  [33mtype[39m=[32m"text"[39m
  [33mvalue[39m=[32m""[39m
[36m/>[39m

(If this is intentional, then use the `*AllBy*` variant of the query (like `queryAllByText`, `getAllByText`, or `findAllByText`)).

Ignored nodes: comments, script, style
[36m<body>[39m
  [36m<div>[39m
    [36m<div[39m
      [33mclass[39m=[32m"MuiBox-root css-19midj6"[39m
    [36m>[39m
      [36m<h5[39m
        [33mclass[39m=[32m"MuiTypography-root MuiTypography-h5 MuiTypography-gutterBottom css-1f9xtph-MuiTypography-root"[39m
      [36m>[39m
        [0mRedactar Correo[0m
        [36m<span[39m
          [33mclass[39m=[32m"MuiTypography-root MuiTypography-subtitle1 css-wcpt5d-MuiTypography-root"[39m
        [36m>[39m
          [0ma [0m
          [0mFot├│grafo Test[0m
        [36m</span>[39m
      [36m</h5>[39m
      [36m<div[39m
        [33mclass[39m=[32m"MuiGrid-root MuiGrid-container MuiGrid-direction-xs-row MuiGrid-spacing-xs-2 css-zjhuaj-MuiGrid-root"[39m
      [36m>[39m
        [36m<div[39m
          [33mclass[39m=[32m"MuiGrid-root MuiGrid-direction-xs-row css-17fpwt7-MuiGrid-root"[39m
        [36m>[39m
          [36m<div[39m
            [33mclass[39m=[32m"MuiPaper-root MuiPaper-elevation MuiPaper-rounded MuiPaper-elevation1 css-1fdopfm-MuiPaper-root"[39m
            [33mstyle[39m=[32m"--Paper-shadow: 0px 2px 1px -1px rgba(0,0,0,0.2),0px 1px 1px 0px rgba(0,0,0,0.14),0px 1px 3px 0px rgba(0,0,0,0.12);"[39m
          [36m>[39m
            [36m<div[39m
              [33mclass[39m=[32m"MuiBox-root css-1abudc7"[39m
            [36m>[39m
              [36m<h6[39m
                [33mclass[39m=[32m"MuiTypography-root MuiTypography-h6 css-1miy0lu-MuiTypography-root"[39m
              [36m>[39m
                [0mMensaje[0m
              [36m</h6>[39m
              [36m<button[39m
                [33maria-label[39m=[32m"Mostrar recomendaciones"[39m
                [33mclass[39m=[32m"MuiButtonBase-root MuiIconButton-root MuiIconButton-sizeMedium css-53g0n7-MuiButtonBase-root-MuiIconButton-root"[39m
                [33mdata-mui-internal-clone-element[39m=[32m"true"[39m
                [33mtabindex[39m=[32m"0"[39m
                [33mtype[39m=[32m"button"[39m
              [36m>[39m
                [36m<svg[39m
                  [33maria-hidden[39m=[32m"true"[39m
                  [33mclass[39m=[32m"MuiSvgIcon-root MuiSvgIcon-fontSizeMedium css-1umw9bq-MuiSvgIcon-root"[39m
                  [33mdata-testid[39m=[32m"LightbulbOutlinedIcon"[39m
                  [33mfocusable[39m=[32m"false"[39m
                  [33mviewBox[39m=[32m"0 0 24 24"[39m
                [36m>[39m
                  [36m<path[39m
                    [33md[39m=[32m"M9 21c0 .55.45 1 1 1h4c.55 0 1-.45 1-1v-1H9zm3-19C8.14 2 5 5.14 5 9c0 2.38 1.19 4.47 3 5.74V17c0 .55.45 1 1 1h6c.55 0 1-.45 1-1v-2.26c1.81-1.27 3-3.36 3-5.74 0-3.86-3.14-7-7-7m2.85 11.1-.85.6V16h-4v-2.3l-.85-.6C7.8 12.16 7 10.63 7 9c0-2.76 2.24-5 5-5s5 2.24 5 5c0 1.63-.8 3.16-2.15 4.1"[39m
                  [36m/>[39m
                [36m</svg>[39m
              [36m</button>[39m
            [36m</div>[39m
            [36m<div[39m
              [33mclass[39m=[32m"MuiGrid-root MuiGrid-container MuiGrid-direction-xs-row MuiGrid-spacing-xs-2 css-zjhuaj-MuiGrid-root"[39m
            [36m>[39m
              [36m<div[39m
                [33mclass[39m=[32m"MuiGrid-root MuiGrid-direction-xs-row css-17fpwt7-MuiGrid-root"[39m
              [36m>[39m
                [36m<div[39m
                  [33mclass[39m=[32m"MuiFormControl-root MuiFormControl-fullWidth MuiTextField-root css-cmpglg-MuiFormControl-root-MuiTextField-root"[39m
                [36m>[39m
                  [36m<label[39m
                    [33mclass[39m=[32m"MuiFormLabel-root MuiInputLabel-root MuiInputLabel-formControl MuiInputLabel-animated MuiInputLabel-shrink MuiInputLabel-outlined MuiFormLabel-colorPrimary MuiFormLabel-filled MuiInputLabel-root MuiInputLabel-formControl MuiInputLabel-animated MuiInputLabel-shrink MuiInputLabel-outlined css-113d811-MuiFormLabel-root-MuiInputLabel-root"[39m
                    [33mdata-shrink[39m=[32m"true"[39m
                    [33mfor[39m=[32m":r2:"[39m
                    [33mid[39m=[32m":r2:-label"[39m
                  [36m>[39m
                    [0mAsunto[0m
                  [36m</label>[39m
                  [36m<div[39m
                    [33mclass[39m=[32m"MuiInputBase-root MuiOutlinedInput-root MuiInputBase-colorPrimary MuiInputBase-fullWidth MuiInputBase-formControl css-1blp12k-MuiInputBase-root-MuiOutlinedInput-root"[39m
                  [36m>[39m
                    [36m<input[39m
                      [33maria-invalid[39m=[32m"false"[39m
                      [33mclass[39m=[32m"MuiInputBase-input MuiOutlinedInput-input css-16wblaj-MuiInputBase-input-MuiOutlinedInput-input"[39m
                      [33mid[39m=[32m":r2:"[39m
                      [33mplaceholder[39m=[32m"Escribe un asunto efectivo..."[39m
                      [33mtype[39m=[32m"text"[39m
                      [33mvalue[39m=[32m"Consulta sobre fotograf├¡a con Fot├│grafo Test"[39m
                    [36m/>[39m
                    [36m<fieldset[39m
                      [33maria-hidden[39m=[32m"true"[39m
                      [33mclass[39m=[32m"MuiOutlinedInput-notchedOutline css-18p5xg2-MuiNotchedOutlined-root-MuiOutlinedInput-notchedOutline"[39m
                    [36m>[39m
                      [36m<legend[39m
                        [33mclass[39m=[32m"css-ex8a5f-MuiNotchedOutlined-root"[39m
                      [36m>[39m
                        [36m<span>[39m
                          [0mAsunto[0m
                        [36m</span>[39m
                      [36m</legend>[39m
                    [36m</fieldset>[39m
                  [36m</div>[39m
                [36m</div>[39m
              [36m</div>[39m
              [36m<div[39m
                [33mclass[39m=[32m"MuiGrid-root MuiGrid-direction-xs-row css-17fpwt7-MuiGrid-root"[39m
              [36m>[39m
                [36m<div[39m
                  [33mclass[39m=[32m"MuiFormControl-root MuiFormControl-fullWidth css-ytlejw-MuiFormControl-root"[39m
                [36m>[39m
                  [36m<label[39m
                    [33mclass[39m=[32m"MuiFormLabel-root MuiInputLabel-root MuiInputLabel-formControl MuiInputLabel-animated MuiInputLabel-shrink MuiInputLabel-outlined MuiFormLabel-colorPrimary MuiFormLabel-filled MuiInputLabel-root MuiInputLabel-formControl MuiInputLabel-animated MuiInputLabel-shrink MuiInputLabel-outlined css-113d811-MuiFormLabel-root-MuiInputLabel-root"[39m
                    [33mdata-shrink[39m=[32m"true"[39m
                    [33mid[39m=[32m"template-select-label"[39m
                  [36m>[39m
                    [0mPlantilla[0m
                  [36m</label>[39m
                  [36m<div[39m
                    [33mclass[39m=[32m"MuiInputBase-root MuiOutlinedInput-root MuiInputBase-colorPrimary MuiInputBase-formControl MuiSelect-root css-sc8y68...
   ├ù SmartEmailComposer > debe enviar el correo con los datos correctos 571ms
     ÔåÆ Found multiple elements with the text of: Asunto

Here are the matching elements:

Ignored nodes: comments, script, style
[36m<input[39m
  [33maria-invalid[39m=[32m"false"[39m
  [33mclass[39m=[32m"MuiInputBase-input MuiOutlinedInput-input css-16wblaj-MuiInputBase-input-MuiOutlinedInput-input"[39m
  [33mid[39m=[32m":r2:"[39m
  [33mplaceholder[39m=[32m"Escribe un asunto efectivo..."[39m
  [33mtype[39m=[32m"text"[39m
  [33mvalue[39m=[32m"Consulta sobre fotograf├¡a con Fot├│grafo Test"[39m
[36m/>[39m

Ignored nodes: comments, script, style
[36m<input[39m
  [33maria-invalid[39m=[32m"false"[39m
  [33mclass[39m=[32m"MuiInputBase-input MuiOutlinedInput-input css-16wblaj-MuiInputBase-input-MuiOutlinedInput-input"[39m
  [33mid[39m=[32m":ra:"[39m
  [33mplaceholder[39m=[32m"Escribe un asunto efectivo..."[39m
  [33mtype[39m=[32m"text"[39m
  [33mvalue[39m=[32m"Consulta sobre fotograf├¡a con Fot├│grafo Test"[39m
[36m/>[39m

Ignored nodes: comments, script, style
[36m<input[39m
  [33maria-invalid[39m=[32m"false"[39m
  [33mclass[39m=[32m"MuiInputBase-input MuiOutlinedInput-input css-16wblaj-MuiInputBase-input-MuiOutlinedInput-input"[39m
  [33mid[39m=[32m":ri:"[39m
  [33mplaceholder[39m=[32m"Escribe un asunto efectivo..."[39m
  [33mtype[39m=[32m"text"[39m
  [33mvalue[39m=[32m"Consulta sobre fotograf├¡a con Fot├│grafo Test"[39m
[36m/>[39m

Ignored nodes: comments, script, style
[36m<input[39m
  [33maria-invalid[39m=[32m"false"[39m
  [33mclass[39m=[32m"MuiInputBase-input MuiOutlinedInput-input css-16wblaj-MuiInputBase-input-MuiOutlinedInput-input"[39m
  [33mid[39m=[32m":rq:"[39m
  [33mplaceholder[39m=[32m"Escribe un asunto efectivo..."[39m
  [33mtype[39m=[32m"text"[39m
  [33mvalue[39m=[32m"Consulta sobre fotograf├¡a con Fot├│grafo Test"[39m
[36m/>[39m

Ignored nodes: comments, script, style
[36m<input[39m
  [33maria-invalid[39m=[32m"false"[39m
  [33mclass[39m=[32m"MuiInputBase-input MuiOutlinedInput-input css-16wblaj-MuiInputBase-input-MuiOutlinedInput-input"[39m
  [33mid[39m=[32m":r12:"[39m
  [33mplaceholder[39m=[32m"Escribe un asunto efectivo..."[39m
  [33mtype[39m=[32m"text"[39m
  [33mvalue[39m=[32m"Consulta sobre fotograf├¡a con Fot├│grafo Test"[39m
[36m/>[39m

Ignored nodes: comments, script, style
[36m<input[39m
  [33maria-invalid[39m=[32m"false"[39m
  [33mclass[39m=[32m"MuiInputBase-input MuiOutlinedInput-input css-16wblaj-MuiInputBase-input-MuiOutlinedInput-input"[39m
  [33mid[39m=[32m":r1a:"[39m
  [33mplaceholder[39m=[32m"Escribe un asunto efectivo..."[39m
  [33mtype[39m=[32m"text"[39m
  [33mvalue[39m=[32m"Consulta sobre fotograf├¡a con Fot├│grafo Test"[39m
[36m/>[39m

Ignored nodes: comments, script, style
[36m<input[39m
  [33maria-invalid[39m=[32m"false"[39m
  [33mclass[39m=[32m"MuiInputBase-input MuiOutlinedInput-input css-16wblaj-MuiInputBase-input-MuiOutlinedInput-input"[39m
  [33mid[39m=[32m":r1i:"[39m
  [33mplaceholder[39m=[32m"Escribe un asunto efectivo..."[39m
  [33mtype[39m=[32m"text"[39m
  [33mvalue[39m=[32m""[39m
[36m/>[39m

Ignored nodes: comments, script, style
[36m<input[39m
  [33maria-invalid[39m=[32m"false"[39m
  [33mclass[39m=[32m"MuiInputBase-input MuiOutlinedInput-input css-16wblaj-MuiInputBase-input-MuiOutlinedInput-input"[39m
  [33mid[39m=[32m":r1p:"[39m
  [33mplaceholder[39m=[32m"Escribe un asunto efectivo..."[39m
  [33mtype[39m=[32m"text"[39m
  [33mvalue[39m=[32m"Consulta sobre fotograf├¡a con Fot├│grafo Test"[39m
[36m/>[39m

(If this is intentional, then use the `*AllBy*` variant of the query (like `queryAllByText`, `getAllByText`, or `findAllByText`)).

Ignored nodes: comments, script, style
[36m<body>[39m
  [36m<div>[39m
    [36m<div[39m
      [33mclass[39m=[32m"MuiBox-root css-19midj6"[39m
    [36m>[39m
      [36m<h5[39m
        [33mclass[39m=[32m"MuiTypography-root MuiTypography-h5 MuiTypography-gutterBottom css-1f9xtph-MuiTypography-root"[39m
      [36m>[39m
        [0mRedactar Correo[0m
        [36m<span[39m
          [33mclass[39m=[32m"MuiTypography-root MuiTypography-subtitle1 css-wcpt5d-MuiTypography-root"[39m
        [36m>[39m
          [0ma [0m
          [0mFot├│grafo Test[0m
        [36m</span>[39m
      [36m</h5>[39m
      [36m<div[39m
        [33mclass[39m=[32m"MuiGrid-root MuiGrid-container MuiGrid-direction-xs-row MuiGrid-spacing-xs-2 css-zjhuaj-MuiGrid-root"[39m
      [36m>[39m
        [36m<div[39m
          [33mclass[39m=[32m"MuiGrid-root MuiGrid-direction-xs-row css-17fpwt7-MuiGrid-root"[39m
        [36m>[39m
          [36m<div[39m
            [33mclass[39m=[32m"MuiPaper-root MuiPaper-elevation MuiPaper-rounded MuiPaper-elevation1 css-1fdopfm-MuiPaper-root"[39m
            [33mstyle[39m=[32m"--Paper-shadow: 0px 2px 1px -1px rgba(0,0,0,0.2),0px 1px 1px 0px rgba(0,0,0,0.14),0px 1px 3px 0px rgba(0,0,0,0.12);"[39m
          [36m>[39m
            [36m<div[39m
              [33mclass[39m=[32m"MuiBox-root css-1abudc7"[39m
            [36m>[39m
              [36m<h6[39m
                [33mclass[39m=[32m"MuiTypography-root MuiTypography-h6 css-1miy0lu-MuiTypography-root"[39m
              [36m>[39m
                [0mMensaje[0m
              [36m</h6>[39m
              [36m<button[39m
                [33maria-label[39m=[32m"Mostrar recomendaciones"[39m
                [33mclass[39m=[32m"MuiButtonBase-root MuiIconButton-root MuiIconButton-sizeMedium css-53g0n7-MuiButtonBase-root-MuiIconButton-root"[39m
                [33mdata-mui-internal-clone-element[39m=[32m"true"[39m
                [33mtabindex[39m=[32m"0"[39m
                [33mtype[39m=[32m"button"[39m
              [36m>[39m
                [36m<svg[39m
                  [33maria-hidden[39m=[32m"true"[39m
                  [33mclass[39m=[32m"MuiSvgIcon-root MuiSvgIcon-fontSizeMedium css-1umw9bq-MuiSvgIcon-root"[39m
                  [33mdata-testid[39m=[32m"LightbulbOutlinedIcon"[39m
                  [33mfocusable[39m=[32m"false"[39m
                  [33mviewBox[39m=[32m"0 0 24 24"[39m
                [36m>[39m
                  [36m<path[39m
                    [33md[39m=[32m"M9 21c0 .55.45 1 1 1h4c.55 0 1-.45 1-1v-1H9zm3-19C8.14 2 5 5.14 5 9c0 2.38 1.19 4.47 3 5.74V17c0 .55.45 1 1 1h6c.55 0 1-.45 1-1v-2.26c1.81-1.27 3-3.36 3-5.74 0-3.86-3.14-7-7-7m2.85 11.1-.85.6V16h-4v-2.3l-.85-.6C7.8 12.16 7 10.63 7 9c0-2.76 2.24-5 5-5s5 2.24 5 5c0 1.63-.8 3.16-2.15 4.1"[39m
                  [36m/>[39m
                [36m</svg>[39m
              [36m</button>[39m
            [36m</div>[39m
            [36m<div[39m
              [33mclass[39m=[32m"MuiGrid-root MuiGrid-container MuiGrid-direction-xs-row MuiGrid-spacing-xs-2 css-zjhuaj-MuiGrid-root"[39m
            [36m>[39m
              [36m<div[39m
                [33mclass[39m=[32m"MuiGrid-root MuiGrid-direction-xs-row css-17fpwt7-MuiGrid-root"[39m
              [36m>[39m
                [36m<div[39m
                  [33mclass[39m=[32m"MuiFormControl-root MuiFormControl-fullWidth MuiTextField-root css-cmpglg-MuiFormControl-root-MuiTextField-root"[39m
                [36m>[39m
                  [36m<label[39m
                    [33mclass[39m=[32m"MuiFormLabel-root MuiInputLabel-root MuiInputLabel-formControl MuiInputLabel-animated MuiInputLabel-shrink MuiInputLabel-outlined MuiFormLabel-colorPrimary MuiFormLabel-filled MuiInputLabel-root MuiInputLabel-formControl MuiInputLabel-animated MuiInputLabel-shrink MuiInputLabel-outlined css-113d811-MuiFormLabel-root-MuiInputLabel-root"[39m
                    [33mdata-shrink[39m=[32m"true"[39m
                    [33mfor[39m=[32m":r2:"[39m
                    [33mid[39m=[32m":r2:-label"[39m
                  [36m>[39m
                    [0mAsunto[0m
                  [36m</label>[39m
                  [36m<div[39m
                    [33mclass[39m=[32m"MuiInputBase-root MuiOutlinedInput-root MuiInputBase-colorPrimary MuiInputBase-fullWidth MuiInputBase-formControl css-1blp12k-MuiInputBase-root-MuiOutlinedInput-root"[39m
                  [36m>[39m
                    [36m<input[39m
                      [33maria-invalid[39m=[32m"false"[39m
                      [33mclass[39m=[32m"MuiInputBase-input MuiOutlinedInput-input css-16wblaj-MuiInputBase-input-MuiOutlinedInput-input"[39m
                      [33mid[39m=[32m":r2:"[39m
                      [33mplaceholder[39m=[32m"Escribe un asunto efectivo..."[39m
                      [33mtype[39m=[32m"text"[39m
                      [33mvalue[39m=[32m"Consulta sobre fotograf├¡a con Fot├│grafo Test"[39m
                    [36m/>[39m
                    [36m<fieldset[39m
                      [33maria-hidden[39m=[32m"true"[39m
                      [33mclass[39m=[32m"MuiOutlinedInput-notchedOutline css-18p5xg2-MuiNotchedOutlined-root-MuiOutlinedInput-notchedOutline"[39m
                    [36m>[39m
                      [36m<legend[39m
                        [33mclass[39m=[32m"css-ex8a5f-MuiNotchedOutlined-root"[39m
                      [36m>[39m
                        [36m<span>[39m
                          [0mAsunto[0m
                        [36m</span>[39m
                      [36m</legend>[39m
                    [36m</fieldset>[39m
                  [36m</div>[39m
                [36m</div>[39m
              [36m</div>[39m
              [36m<div[39m
                [33mclass[39m=[32m"MuiGrid-root MuiGrid-direction-xs-row css-17fpwt7-MuiGrid-root"[39m
              [36m>[39m
                [36m<div[39m
                  [33mclass[39m=[32m"MuiFormControl-root MuiFormControl-fullWidth css-ytlejw-MuiFormControl-root"[39m
                [36m>[39m
                  [36m<label[39m
                    [33mclass[39m=[32m"MuiFormLabel-root MuiInputLabel-root MuiInputLabel-formControl MuiInputLabel-animated MuiInputLabel-shrink MuiInputLabel-outlined MuiFormLabel-colorPrimary MuiFormLabel-filled MuiInputLabel-root MuiInputLabel-formControl MuiInputLabel-animated MuiInputLabel-shrink MuiInputLabel-outlined css-113d811-MuiFormLabel-root-MuiInputLabel-root"[39m
                    [33mdata-shrink[39m=[32m"true"[39m
                    [33mid[39m=[32m"template-select-label"[39m
                  [36m>[39m
                    [0mPlantilla[0m
                  [36m</label>[39m
                  [36m<div[39m
                    [33mclass[39m=[32m"MuiInputBase-root MuiOutlinedInput-root MuiInputBase-colorPrimary MuiInputBase-formControl MuiSelect-root css-sc8y68...
   ├ù SmartEmailComposer > debe cambiar entre programar y enviar seg├║n haya fecha programada 407ms
     ÔåÆ Found multiple elements with the role "button" and name `/enviar/i`

Here are the matching elements:

Ignored nodes: comments, script, style
[36m<button[39m
  [33mclass[39m=[32m"MuiButtonBase-root MuiButton-root MuiButton-contained MuiButton-containedPrimary MuiButton-sizeMedium MuiButton-containedSizeMedium MuiButton-colorPrimary MuiButton-root MuiButton-contained MuiButton-containedPrimary MuiButton-sizeMedium MuiButton-containedSizeMedium MuiButton-colorPrimary css-74d805-MuiButtonBase-root-MuiButton-root"[39m
  [33mtabindex[39m=[32m"0"[39m
  [33mtype[39m=[32m"button"[39m
[36m>[39m
  [36m<span[39m
    [33mclass[39m=[32m"MuiButton-icon MuiButton-startIcon MuiButton-iconSizeMedium css-1sh91j5-MuiButton-startIcon"[39m
  [36m>[39m
    [36m<svg[39m
      [33maria-hidden[39m=[32m"true"[39m
      [33mclass[39m=[32m"MuiSvgIcon-root MuiSvgIcon-fontSizeMedium css-1umw9bq-MuiSvgIcon-root"[39m
      [33mdata-testid[39m=[32m"SendIcon"[39m
      [33mfocusable[39m=[32m"false"[39m
      [33mviewBox[39m=[32m"0 0 24 24"[39m
    [36m>[39m
      [36m<path[39m
        [33md[39m=[32m"M2.01 21 23 12 2.01 3 2 10l15 2-15 2z"[39m
      [36m/>[39m
    [36m</svg>[39m
  [36m</span>[39m
  [0mEnviar[0m
[36m</button>[39m

Ignored nodes: comments, script, style
[36m<button[39m
  [33mclass[39m=[32m"MuiButtonBase-root MuiButton-root MuiButton-contained MuiButton-containedPrimary MuiButton-sizeMedium MuiButton-containedSizeMedium MuiButton-colorPrimary MuiButton-root MuiButton-contained MuiButton-containedPrimary MuiButton-sizeMedium MuiButton-containedSizeMedium MuiButton-colorPrimary css-74d805-MuiButtonBase-root-MuiButton-root"[39m
  [33mtabindex[39m=[32m"0"[39m
  [33mtype[39m=[32m"button"[39m
[36m>[39m
  [36m<span[39m
    [33mclass[39m=[32m"MuiButton-icon MuiButton-startIcon MuiButton-iconSizeMedium css-1sh91j5-MuiButton-startIcon"[39m
  [36m>[39m
    [36m<svg[39m
      [33maria-hidden[39m=[32m"true"[39m
      [33mclass[39m=[32m"MuiSvgIcon-root MuiSvgIcon-fontSizeMedium css-1umw9bq-MuiSvgIcon-root"[39m
      [33mdata-testid[39m=[32m"SendIcon"[39m
      [33mfocusable[39m=[32m"false"[39m
      [33mviewBox[39m=[32m"0 0 24 24"[39m
    [36m>[39m
      [36m<path[39m
        [33md[39m=[32m"M2.01 21 23 12 2.01 3 2 10l15 2-15 2z"[39m
      [36m/>[39m
    [36m</svg>[39m
  [36m</span>[39m
  [0mEnviar[0m
[36m</button>[39m

Ignored nodes: comments, script, style
[36m<button[39m
  [33mclass[39m=[32m"MuiButtonBase-root MuiButton-root MuiButton-contained MuiButton-containedPrimary MuiButton-sizeMedium MuiButton-containedSizeMedium MuiButton-colorPrimary MuiButton-root MuiButton-contained MuiButton-containedPrimary MuiButton-sizeMedium MuiButton-containedSizeMedium MuiButton-colorPrimary css-74d805-MuiButtonBase-root-MuiButton-root"[39m
  [33mtabindex[39m=[32m"0"[39m
  [33mtype[39m=[32m"button"[39m
[36m>[39m
  [36m<span[39m
    [33mclass[39m=[32m"MuiButton-icon MuiButton-startIcon MuiButton-iconSizeMedium css-1sh91j5-MuiButton-startIcon"[39m
  [36m>[39m
    [36m<svg[39m
      [33maria-hidden[39m=[32m"true"[39m
      [33mclass[39m=[32m"MuiSvgIcon-root MuiSvgIcon-fontSizeMedium css-1umw9bq-MuiSvgIcon-root"[39m
      [33mdata-testid[39m=[32m"SendIcon"[39m
      [33mfocusable[39m=[32m"false"[39m
      [33mviewBox[39m=[32m"0 0 24 24"[39m
    [36m>[39m
      [36m<path[39m
        [33md[39m=[32m"M2.01 21 23 12 2.01 3 2 10l15 2-15 2z"[39m
      [36m/>[39m
    [36m</svg>[39m
  [36m</span>[39m
  [0mEnviar[0m
[36m</button>[39m

Ignored nodes: comments, script, style
[36m<button[39m
  [33mclass[39m=[32m"MuiButtonBase-root MuiButton-root MuiButton-contained MuiButton-containedPrimary MuiButton-sizeMedium MuiButton-containedSizeMedium MuiButton-colorPrimary MuiButton-root MuiButton-contained MuiButton-containedPrimary MuiButton-sizeMedium MuiButton-containedSizeMedium MuiButton-colorPrimary css-74d805-MuiButtonBase-root-MuiButton-root"[39m
  [33mtabindex[39m=[32m"0"[39m
  [33mtype[39m=[32m"button"[39m
[36m>[39m
  [36m<span[39m
    [33mclass[39m=[32m"MuiButton-icon MuiButton-startIcon MuiButton-iconSizeMedium css-1sh91j5-MuiButton-startIcon"[39m
  [36m>[39m
    [36m<svg[39m
      [33maria-hidden[39m=[32m"true"[39m
      [33mclass[39m=[32m"MuiSvgIcon-root MuiSvgIcon-fontSizeMedium css-1umw9bq-MuiSvgIcon-root"[39m
      [33mdata-testid[39m=[32m"SendIcon"[39m
      [33mfocusable[39m=[32m"false"[39m
      [33mviewBox[39m=[32m"0 0 24 24"[39m
    [36m>[39m
      [36m<path[39m
        [33md[39m=[32m"M2.01 21 23 12 2.01 3 2 10l15 2-15 2z"[39m
      [36m/>[39m
    [36m</svg>[39m
  [36m</span>[39m
  [0mEnviar[0m
[36m</button>[39m

Ignored nodes: comments, script, style
[36m<button[39m
  [33mclass[39m=[32m"MuiButtonBase-root MuiButton-root MuiButton-contained MuiButton-containedPrimary MuiButton-sizeMedium MuiButton-containedSizeMedium MuiButton-colorPrimary MuiButton-root MuiButton-contained MuiButton-containedPrimary MuiButton-sizeMedium MuiButton-containedSizeMedium MuiButton-colorPrimary css-74d805-MuiButtonBase-root-MuiButton-root"[39m
  [33mtabindex[39m=[32m"0"[39m
  [33mtype[39m=[32m"button"[39m
[36m>[39m
  [36m<span[39m
    [33mclass[39m=[32m"MuiButton-icon MuiButton-startIcon MuiButton-iconSizeMedium css-1sh91j5-MuiButton-startIcon"[39m
  [36m>[39m
    [36m<svg[39m
      [33maria-hidden[39m=[32m"true"[39m
      [33mclass[39m=[32m"MuiSvgIcon-root MuiSvgIcon-fontSizeMedium css-1umw9bq-MuiSvgIcon-root"[39m
      [33mdata-testid[39m=[32m"SendIcon"[39m
      [33mfocusable[39m=[32m"false"[39m
      [33mviewBox[39m=[32m"0 0 24 24"[39m
    [36m>[39m
      [36m<path[39m
        [33md[39m=[32m"M2.01 21 23 12 2.01 3 2 10l15 2-15 2z"[39m
      [36m/>[39m
    [36m</svg>[39m
  [36m</span>[39m
  [0mEnviar[0m
[36m</button>[39m

Ignored nodes: comments, script, style
[36m<button[39m
  [33mclass[39m=[32m"MuiButtonBase-root MuiButton-root MuiButton-contained MuiButton-containedPrimary MuiButton-sizeMedium MuiButton-containedSizeMedium MuiButton-colorPrimary MuiButton-root MuiButton-contained MuiButton-containedPrimary MuiButton-sizeMedium MuiButton-containedSizeMedium MuiButton-colorPrimary css-74d805-MuiButtonBase-root-MuiButton-root"[39m
  [33mtabindex[39m=[32m"0"[39m
  [33mtype[39m=[32m"button"[39m
[36m>[39m
  [36m<span[39m
    [33mclass[39m=[32m"MuiButton-icon MuiButton-startIcon MuiButton-iconSizeMedium css-1sh91j5-MuiButton-startIcon"[39m
  [36m>[39m
    [36m<svg[39m
      [33maria-hidden[39m=[32m"true"[39m
      [33mclass[39m=[32m"MuiSvgIcon-root MuiSvgIcon-fontSizeMedium css-1umw9bq-MuiSvgIcon-root"[39m
      [33mdata-testid[39m=[32m"SendIcon"[39m
      [33mfocusable[39m=[32m"false"[39m
      [33mviewBox[39m=[32m"0 0 24 24"[39m
    [36m>[39m
      [36m<path[39m
        [33md[39m=[32m"M2.01 21 23 12 2.01 3 2 10l15 2-15 2z"[39m
      [36m/>[39m
    [36m</svg>[39m
  [36m</span>[39m
  [0mEnviar[0m
[36m</button>[39m

Ignored nodes: comments, script, style
[36m<button[39m
  [33mclass[39m=[32m"MuiButtonBase-root MuiButton-root MuiButton-contained MuiButton-containedPrimary MuiButton-sizeMedium MuiButton-containedSizeMedium MuiButton-colorPrimary MuiButton-root MuiButton-contained MuiButton-containedPrimary MuiButton-sizeMedium MuiButton-containedSizeMedium MuiButton-colorPrimary css-74d805-MuiButtonBase-root-MuiButton-root"[39m
  [33mtabindex[39m=[32m"0"[39m
  [33mtype[39m=[32m"button"[39m
[36m>[39m
  [36m<span[39m
    [33mclass[39m=[32m"MuiButton-icon MuiButton-startIcon MuiButton-iconSizeMedium css-1sh91j5-MuiButton-startIcon"[39m
  [36m>[39m
    [36m<svg[39m
      [33maria-hidden[39m=[32m"true"[39m
      [33mclass[39m=[32m"MuiSvgIcon-root MuiSvgIcon-fontSizeMedium css-1umw9bq-MuiSvgIcon-root"[39m
      [33mdata-testid[39m=[32m"SendIcon"[39m
      [33mfocusable[39m=[32m"false"[39m
      [33mviewBox[39m=[32m"0 0 24 24"[39m
    [36m>[39m
      [36m<path[39m
        [33md[39m=[32m"M2.01 21 23 12 2.01 3 2 10l15 2-15 2z"[39m
      [36m/>[39m
    [36m</svg>[39m
  [36m</span>[39m
  [0mEnviar[0m
[36m</button>[39m

Ignored nodes: comments, script, style
[36m<button[39m
  [33mclass[39m=[32m"MuiButtonBase-root MuiButton-root MuiButton-contained MuiButton-containedPrimary MuiButton-sizeMedium MuiButton-containedSizeMedium MuiButton-colorPrimary MuiButton-root MuiButton-contained MuiButton-containedPrimary MuiButton-sizeMedium MuiButton-containedSizeMedium MuiButton-colorPrimary css-74d805-MuiButtonBase-root-MuiButton-root"[39m
  [33mtabindex[39m=[32m"0"[39m
  [33mtype[39m=[32m"button"[39m
[36m>[39m
  [36m<span[39m
    [33mclass[39m=[32m"MuiButton-icon MuiButton-startIcon MuiButton-iconSizeMedium css-1sh91j5-MuiButton-startIcon"[39m
  [36m>[39m
    [36m<svg[39m
      [33maria-hidden[39m=[32m"true"[39m
      [33mclass[39m=[32m"MuiSvgIcon-root MuiSvgIcon-fontSizeMedium css-1umw9bq-MuiSvgIcon-root"[39m
      [33mdata-testid[39m=[32m"SendIcon"[39m
      [33mfocusable[39m=[32m"false"[39m
      [33mviewBox[39m=[32m"0 0 24 24"[39m
    [36m>[39m
      [36m<path[39m
        [33md[39m=[32m"M2.01 21 23 12 2.01 3 2 10l15 2-15 2z"[39m
      [36m/>[39m
    [36m</svg>[39m
  [36m</span>[39m
  [0mEnviar[0m
[36m</button>[39m

Ignored nodes: comments, script, style
[36m<button[39m
  [33mclass[39m=[32m"MuiButtonBase-root MuiButton-root MuiButton-contained MuiButton-containedPrimary MuiButton-sizeMedium MuiButton-containedSizeMedium MuiButton-colorPrimary MuiButton-root MuiButton-contained MuiButton-containedPrimary MuiButton-sizeMedium MuiButton-containedSizeMedium MuiButton-colorPrimary css-74d805-MuiButtonBase-root-MuiButton-root"[39m
  [33mtabindex[39m=[32m"0"[39m
  [33mtype[39m=[32m"button"[39m
[36m>[39m
  [36m<span[39m
    [33mclass[39m=[32m"MuiButton-icon MuiButton-startIcon MuiButton-iconSizeMedium css-1sh91j5-MuiButton-startIcon"[39m
  [36m>[39m
    [36m<svg[39m
      [33maria-hidden[39m=[32m"true"[39m
      [33mclass[39m=[32m"MuiSvgIcon-root MuiSvgIcon-fontSizeMedium css-1umw9bq-MuiSvgIcon-root"[39m
      [33mdata-testid[39m=[32m"SendIcon"[39m
      [33mfocusable[39m=[32m"false"[39m
      [33mviewBox[39m=[32m"0 0 24 24"[39m
    [36m>[39m
      [36m<path[39m
        [33md[39m=[32m"M2.01 21 23 12 2.01 3 2 10l15 2-15 2z"[39m
      [36m/>[39m
    [36m</svg>[39m
  [36m</span>[39m
  [0mEnviar[0m
[36m</button>[39m

(If this is intentional, then use the `*AllBy*` variant of the query (like `queryAllByText`, `getAllByText`, or `findAllByText`)).

Ignored nodes: comments, script, style
[36m<body>[39m
  [36m<div>[39m
    [36m<div[39m
      [33mclass[39m=[32m"MuiBox-root css-19midj6"[39m
    [36m>[39m
      [36m<h5[39m
        [33mclass[39m=[32m"MuiTypography-root MuiTypography-h5 MuiTypography-gutterBottom css-1f9xtph-MuiTypography-root"[39m
      [36m>[39m
        [0mRedactar Correo[0m
        [36m<span[39m
          [33mclass[39m=[32m"MuiTypography-root MuiTypography-subtitle1 css-wcpt5d-MuiTypography-root"[39m
        [36m>[39m
          [0ma [0m
          [0mFot├│grafo Test[0m
        [36m</span>[39m
      [36m</h5>[39m
      [36m<div[39m
        [33mclass[39m=[32m"MuiGrid-root MuiGrid-container MuiGrid-direction-xs-row MuiGrid-spacing-xs-2 css-zjhuaj-MuiGrid-root"[39m
      [36m>[39m
        [36m<div[39m
          [33mclass[39m=[32m"MuiGrid-root MuiGrid-direction-xs-row css-17fpwt7-MuiGrid-root"[39m
        [36m>[39m
          [36m<div[39m
            [33mclass[39m=[32m"MuiPaper-root MuiPaper-elevation MuiPaper-rounded MuiPaper-elevation1 css-1fdopfm-MuiPaper-root"[39m
            [33mstyle[39m=[32m"--Paper-shadow: 0px 2px 1px -1px rgba(0,0,0,0.2),0px 1px 1px 0px rgba(0,0,0,0.14),0px 1px 3px 0px rgba(0,0,0,0.12);"[39m
          [36m>[39m
            [36m<div[39m
              [33mclass[39m=[32m"MuiBox-root css-1abudc7"[39m
            [36m>[39m
              [36m<h6[39m
                [33mclass[39m=[32m"MuiTypography-root MuiTypography-h6 css-1miy0lu-MuiTypography-root"[39m
              [36m>[39m
                [0mMensaje[0m
              [36m</h6>[39m
              [36m<button[39m
                [33maria-label[39m=[32m"Mostrar recomendaciones"[39m
                [33mclass[39m=[32m"MuiButtonBase-root MuiIconButton-root MuiIconButton-sizeMedium css-53g0n7-MuiButtonBase-root-MuiIconButton-root"[39m
                [33mdata-mui-internal-clone-element[39m=[32m"true"[39m
                [33mtabindex[39m=[32m"0"[39m
                [33mtype[39m=[32m"button"[39m
              [36m>[39m
                [36m<svg[39m
                  [33maria-hidden[39m=[32m"true"[39m
                  [33mclass[39m=[32m"MuiSvgIcon-root MuiSvgIcon-fontSizeMedium css-1umw9bq-MuiSvgIcon-root"[39m
                  [33mdata-testid[39m=[32m"LightbulbOutlinedIcon"[39m
                  [33mfocusable[39m=[32m"false"[39m
                  [33mviewBox[39m=[32m"0 0 24 24"[39m
                [36m>[39m
                  [36m<path[39m
                    [33md[39m=[32m"M9 21c0 .55.45 1 1 1h4c.55 0 1-.45 1-1v-1H9zm3-19C8.14 2 5 5.14 5 9c0 2.38 1.19 4.47 3 5.74V17c0 .55.45 1 1 1h6c.55 0 1-.45 1-1v-2.26c1.81-1.27 3-3.36 3-5.74 0-3.86-3.14-7-7-7m2.85 11.1-.85.6V16h-4v-2.3l-.85-.6C7.8 12.16 7 10.63 7 9c0-2.76 2.24-5 5-5s5 2.24 5 5c0 1.63-.8 3.16-2.15 4.1"[39m
                  [36m/>[39m
                [36m</svg>[39m
              [36m</button>[39m
            [36m</div>[39m
            [36m<div[39m
              [33mclass[39m=[32m"MuiGrid-root MuiGrid-container MuiGrid-direction-xs-row MuiGrid-spacing-xs-2 css-zjhuaj-MuiGrid-root"[39m
            [36m>[39m
              [36m<div[39m
                [33mclass[39m=[32m"MuiGrid-root MuiGrid-direction-xs-row css-17fpwt7-MuiGrid-root"[39m
              [36m>[39m
                [36m<div[39m
                  [33mclass[39m=[32m"MuiFormControl-root MuiFormControl-fullWidth MuiTextField-root css-cmpglg-MuiFormControl-root-MuiTextField-root"[39m
                [36m>[39m
                  [36m<label[39m
                    [33mclass[39m=[32m"MuiFormLabel-root MuiInputLabel-root MuiInputLabel-formControl MuiInputLabel-animated MuiInputLabel-shrink MuiInputLabel-outlined MuiFormLabel-colorPrimary MuiFormLabel-filled MuiInputLabel-root MuiInputLabel-formControl MuiInputLabel-animated MuiInputLabel-shrink MuiInputLabel-outlined css-113d811-MuiFormLabel-root-MuiInputLabel-root"[39m
                    [33mdata-shrink[39m=[32m"true"[39m
                    [33mfor[39m=[32m":r2:"[39m
                    [33mid[39m=[32m":r2:-label"[39m
                  [36m>[39m
                    [0mAsunto[0m
                  [36m</label>[39m
                  [36m<div[39m
                    [33mclass[39m=[32m"MuiInputBase-root MuiOutlinedInput-root MuiInputBase-colorPrimary MuiInputBase-fullWidth MuiInputBase-formControl css-1blp12k-MuiInputBase-root-MuiOutlinedInput-root"[39m
                  [36m>[39m
                    [36m<input[39m
                      [33maria-invalid[39m=[32m"false"[39m
                      [33mclass[39m=[32m"MuiInputBase-input MuiOutlinedInput-input css-16wblaj-MuiInputBase-input-MuiOutlinedInput-input"[39m
                      [33mid[39m=[32m":r2:"[39m
                      [33mplaceholder[39m=[32m"Escribe un asunto efectivo..."[39m
                      [33mtype[39m=[32m"text"[39m
                      [33mvalue[39m=[32m"Consulta sobre fotograf├¡a con Fot├│grafo Test"[39m
                    [36m/>[39m
                    [36m<fieldset[39m
                      [33maria-hidden[39m=[32m"true"[39m
                      [33mclass[39m=[32m"MuiOutlinedInput-notchedOutline css-18p5xg2-MuiNotchedOutlined-root-MuiOutlinedInput-notchedOutline"[39m
                    [36m>[39m
                      [36m<legend[39m
                        [33mclass[39m=[32m"css-ex8a5f-MuiNotchedOutlined-root"[39m
                      [36m>[39m
                        [36m<span>[39m
                          [0mAsunto[0m
                        [36m</span>[39m
                      [36m</legend>[39m
                    [36m</fieldset>[39m
                  [36m</div>[39m
                [36m</div>[39m
              [36m</div>[39m
              [36m<div[39m
                [33mclass[39m=[32m"MuiGrid-root MuiGrid-direction-xs-row css-17fpwt7-MuiGrid-root"[39m
              [36m>[39m
                [36m<div[39m
                  [33mclass[39m=[32m"MuiFormControl-root MuiFormControl-fullWidth css-ytlejw-MuiFormControl-root"[39m
                [36m>[39m
                  [36m<label[39m
                    [33mclass[39m=[32m"MuiFormLabel-root MuiInputLabel-root MuiInputLabel-formControl MuiInputLabel-animated MuiInputLabel-shrink MuiInputLabel-outlined MuiFormLabel-colorPrimary MuiFormLabel-filled MuiInputLabel-root MuiInputLabel-formControl MuiInputLabel-animated MuiInputLabel-shrink MuiInputLabel-outlined css-113d811-MuiFormLabel-root-MuiInputLabel-root"[39m
                    [33mdata-shrink[39m=[32m"true"[39m
                    [33mid[39m=[32m"template-select-label"[39m
                  [36m>[39m
                    [0mPlantilla[0m
                  [36m</label>[39m
                  [36m<div[39m
                    [33mclass[39m=[32m"MuiInputBase-root MuiOutlinedInput-root MuiInputBase-colorPrimary MuiInputBase-formControl MuiSelect-root css-sc8y68...
   ├ù SmartEmailComposer > debe llamar a onCancel cuando se hace clic en cancelar 689ms
     ÔåÆ Found multiple elements with the role "button" and name `/cancelar/i`

Here are the matching elements:

Ignored nodes: comments, script, style
[36m<button[39m
  [33mclass[39m=[32m"MuiButtonBase-root MuiButton-root MuiButton-outlined MuiButton-outlinedPrimary MuiButton-sizeMedium MuiButton-outlinedSizeMedium MuiButton-colorPrimary MuiButton-root MuiButton-outlined MuiButton-outlinedPrimary MuiButton-sizeMedium MuiButton-outlinedSizeMedium MuiButton-colorPrimary css-1blvszr-MuiButtonBase-root-MuiButton-root"[39m
  [33mtabindex[39m=[32m"0"[39m
  [33mtype[39m=[32m"button"[39m
[36m>[39m
  [0mCancelar[0m
[36m</button>[39m

Ignored nodes: comments, script, style
[36m<button[39m
  [33mclass[39m=[32m"MuiButtonBase-root MuiButton-root MuiButton-outlined MuiButton-outlinedPrimary MuiButton-sizeMedium MuiButton-outlinedSizeMedium MuiButton-colorPrimary MuiButton-root MuiButton-outlined MuiButton-outlinedPrimary MuiButton-sizeMedium MuiButton-outlinedSizeMedium MuiButton-colorPrimary css-1blvszr-MuiButtonBase-root-MuiButton-root"[39m
  [33mtabindex[39m=[32m"0"[39m
  [33mtype[39m=[32m"button"[39m
[36m>[39m
  [0mCancelar[0m
[36m</button>[39m

Ignored nodes: comments, script, style
[36m<button[39m
  [33mclass[39m=[32m"MuiButtonBase-root MuiButton-root MuiButton-outlined MuiButton-outlinedPrimary MuiButton-sizeMedium MuiButton-outlinedSizeMedium MuiButton-colorPrimary MuiButton-root MuiButton-outlined MuiButton-outlinedPrimary MuiButton-sizeMedium MuiButton-outlinedSizeMedium MuiButton-colorPrimary css-1blvszr-MuiButtonBase-root-MuiButton-root"[39m
  [33mtabindex[39m=[32m"0"[39m
  [33mtype[39m=[32m"button"[39m
[36m>[39m
  [0mCancelar[0m
[36m</button>[39m

Ignored nodes: comments, script, style
[36m<button[39m
  [33mclass[39m=[32m"MuiButtonBase-root MuiButton-root MuiButton-outlined MuiButton-outlinedPrimary MuiButton-sizeMedium MuiButton-outlinedSizeMedium MuiButton-colorPrimary MuiButton-root MuiButton-outlined MuiButton-outlinedPrimary MuiButton-sizeMedium MuiButton-outlinedSizeMedium MuiButton-colorPrimary css-1blvszr-MuiButtonBase-root-MuiButton-root"[39m
  [33mtabindex[39m=[32m"0"[39m
  [33mtype[39m=[32m"button"[39m
[36m>[39m
  [0mCancelar[0m
[36m</button>[39m

Ignored nodes: comments, script, style
[36m<button[39m
  [33mclass[39m=[32m"MuiButtonBase-root MuiButton-root MuiButton-outlined MuiButton-outlinedPrimary MuiButton-sizeMedium MuiButton-outlinedSizeMedium MuiButton-colorPrimary MuiButton-root MuiButton-outlined MuiButton-outlinedPrimary MuiButton-sizeMedium MuiButton-outlinedSizeMedium MuiButton-colorPrimary css-1blvszr-MuiButtonBase-root-MuiButton-root"[39m
  [33mtabindex[39m=[32m"0"[39m
  [33mtype[39m=[32m"button"[39m
[36m>[39m
  [0mCancelar[0m
[36m</button>[39m

Ignored nodes: comments, script, style
[36m<button[39m
  [33mclass[39m=[32m"MuiButtonBase-root MuiButton-root MuiButton-outlined MuiButton-outlinedPrimary MuiButton-sizeMedium MuiButton-outlinedSizeMedium MuiButton-colorPrimary MuiButton-root MuiButton-outlined MuiButton-outlinedPrimary MuiButton-sizeMedium MuiButton-outlinedSizeMedium MuiButton-colorPrimary css-1blvszr-MuiButtonBase-root-MuiButton-root"[39m
  [33mtabindex[39m=[32m"0"[39m
  [33mtype[39m=[32m"button"[39m
[36m>[39m
  [0mCancelar[0m
[36m</button>[39m

Ignored nodes: comments, script, style
[36m<button[39m
  [33mclass[39m=[32m"MuiButtonBase-root MuiButton-root MuiButton-outlined MuiButton-outlinedPrimary MuiButton-sizeMedium MuiButton-outlinedSizeMedium MuiButton-colorPrimary MuiButton-root MuiButton-outlined MuiButton-outlinedPrimary MuiButton-sizeMedium MuiButton-outlinedSizeMedium MuiButton-colorPrimary css-1blvszr-MuiButtonBase-root-MuiButton-root"[39m
  [33mtabindex[39m=[32m"0"[39m
  [33mtype[39m=[32m"button"[39m
[36m>[39m
  [0mCancelar[0m
[36m</button>[39m

Ignored nodes: comments, script, style
[36m<button[39m
  [33mclass[39m=[32m"MuiButtonBase-root MuiButton-root MuiButton-outlined MuiButton-outlinedPrimary MuiButton-sizeMedium MuiButton-outlinedSizeMedium MuiButton-colorPrimary MuiButton-root MuiButton-outlined MuiButton-outlinedPrimary MuiButton-sizeMedium MuiButton-outlinedSizeMedium MuiButton-colorPrimary css-1blvszr-MuiButtonBase-root-MuiButton-root"[39m
  [33mtabindex[39m=[32m"0"[39m
  [33mtype[39m=[32m"button"[39m
[36m>[39m
  [0mCancelar[0m
[36m</button>[39m

Ignored nodes: comments, script, style
[36m<button[39m
  [33mclass[39m=[32m"MuiButtonBase-root MuiButton-root MuiButton-outlined MuiButton-outlinedPrimary MuiButton-sizeMedium MuiButton-outlinedSizeMedium MuiButton-colorPrimary MuiButton-root MuiButton-outlined MuiButton-outlinedPrimary MuiButton-sizeMedium MuiButton-outlinedSizeMedium MuiButton-colorPrimary css-1blvszr-MuiButtonBase-root-MuiButton-root"[39m
  [33mtabindex[39m=[32m"0"[39m
  [33mtype[39m=[32m"button"[39m
[36m>[39m
  [0mCancelar[0m
[36m</button>[39m

Ignored nodes: comments, script, style
[36m<button[39m
  [33mclass[39m=[32m"MuiButtonBase-root MuiButton-root MuiButton-outlined MuiButton-outlinedPrimary MuiButton-sizeMedium MuiButton-outlinedSizeMedium MuiButton-colorPrimary MuiButton-root MuiButton-outlined MuiButton-outlinedPrimary MuiButton-sizeMedium MuiButton-outlinedSizeMedium MuiButton-colorPrimary css-1blvszr-MuiButtonBase-root-MuiButton-root"[39m
  [33mtabindex[39m=[32m"0"[39m
  [33mtype[39m=[32m"button"[39m
[36m>[39m
  [0mCancelar[0m
[36m</button>[39m

(If this is intentional, then use the `*AllBy*` variant of the query (like `queryAllByText`, `getAllByText`, or `findAllByText`)).

Ignored nodes: comments, script, style
[36m<body>[39m
  [36m<div>[39m
    [36m<div[39m
      [33mclass[39m=[32m"MuiBox-root css-19midj6"[39m
    [36m>[39m
      [36m<h5[39m
        [33mclass[39m=[32m"MuiTypography-root MuiTypography-h5 MuiTypography-gutterBottom css-1f9xtph-MuiTypography-root"[39m
      [36m>[39m
        [0mRedactar Correo[0m
        [36m<span[39m
          [33mclass[39m=[32m"MuiTypography-root MuiTypography-subtitle1 css-wcpt5d-MuiTypography-root"[39m
        [36m>[39m
          [0ma [0m
          [0mFot├│grafo Test[0m
        [36m</span>[39m
      [36m</h5>[39m
      [36m<div[39m
        [33mclass[39m=[32m"MuiGrid-root MuiGrid-container MuiGrid-direction-xs-row MuiGrid-spacing-xs-2 css-zjhuaj-MuiGrid-root"[39m
      [36m>[39m
        [36m<div[39m
          [33mclass[39m=[32m"MuiGrid-root MuiGrid-direction-xs-row css-17fpwt7-MuiGrid-root"[39m
        [36m>[39m
          [36m<div[39m
            [33mclass[39m=[32m"MuiPaper-root MuiPaper-elevation MuiPaper-rounded MuiPaper-elevation1 css-1fdopfm-MuiPaper-root"[39m
            [33mstyle[39m=[32m"--Paper-shadow: 0px 2px 1px -1px rgba(0,0,0,0.2),0px 1px 1px 0px rgba(0,0,0,0.14),0px 1px 3px 0px rgba(0,0,0,0.12);"[39m
          [36m>[39m
            [36m<div[39m
              [33mclass[39m=[32m"MuiBox-root css-1abudc7"[39m
            [36m>[39m
              [36m<h6[39m
                [33mclass[39m=[32m"MuiTypography-root MuiTypography-h6 css-1miy0lu-MuiTypography-root"[39m
              [36m>[39m
                [0mMensaje[0m
              [36m</h6>[39m
              [36m<button[39m
                [33maria-label[39m=[32m"Mostrar recomendaciones"[39m
                [33mclass[39m=[32m"MuiButtonBase-root MuiIconButton-root MuiIconButton-sizeMedium css-53g0n7-MuiButtonBase-root-MuiIconButton-root"[39m
                [33mdata-mui-internal-clone-element[39m=[32m"true"[39m
                [33mtabindex[39m=[32m"0"[39m
                [33mtype[39m=[32m"button"[39m
              [36m>[39m
                [36m<svg[39m
                  [33maria-hidden[39m=[32m"true"[39m
                  [33mclass[39m=[32m"MuiSvgIcon-root MuiSvgIcon-fontSizeMedium css-1umw9bq-MuiSvgIcon-root"[39m
                  [33mdata-testid[39m=[32m"LightbulbOutlinedIcon"[39m
                  [33mfocusable[39m=[32m"false"[39m
                  [33mviewBox[39m=[32m"0 0 24 24"[39m
                [36m>[39m
                  [36m<path[39m
                    [33md[39m=[32m"M9 21c0 .55.45 1 1 1h4c.55 0 1-.45 1-1v-1H9zm3-19C8.14 2 5 5.14 5 9c0 2.38 1.19 4.47 3 5.74V17c0 .55.45 1 1 1h6c.55 0 1-.45 1-1v-2.26c1.81-1.27 3-3.36 3-5.74 0-3.86-3.14-7-7-7m2.85 11.1-.85.6V16h-4v-2.3l-.85-.6C7.8 12.16 7 10.63 7 9c0-2.76 2.24-5 5-5s5 2.24 5 5c0 1.63-.8 3.16-2.15 4.1"[39m
                  [36m/>[39m
                [36m</svg>[39m
              [36m</button>[39m
            [36m</div>[39m
            [36m<div[39m
              [33mclass[39m=[32m"MuiGrid-root MuiGrid-container MuiGrid-direction-xs-row MuiGrid-spacing-xs-2 css-zjhuaj-MuiGrid-root"[39m
            [36m>[39m
              [36m<div[39m
                [33mclass[39m=[32m"MuiGrid-root MuiGrid-direction-xs-row css-17fpwt7-MuiGrid-root"[39m
              [36m>[39m
                [36m<div[39m
                  [33mclass[39m=[32m"MuiFormControl-root MuiFormControl-fullWidth MuiTextField-root css-cmpglg-MuiFormControl-root-MuiTextField-root"[39m
                [36m>[39m
                  [36m<label[39m
                    [33mclass[39m=[32m"MuiFormLabel-root MuiInputLabel-root MuiInputLabel-formControl MuiInputLabel-animated MuiInputLabel-shrink MuiInputLabel-outlined MuiFormLabel-colorPrimary MuiFormLabel-filled MuiInputLabel-root MuiInputLabel-formControl MuiInputLabel-animated MuiInputLabel-shrink MuiInputLabel-outlined css-113d811-MuiFormLabel-root-MuiInputLabel-root"[39m
                    [33mdata-shrink[39m=[32m"true"[39m
                    [33mfor[39m=[32m":r2:"[39m
                    [33mid[39m=[32m":r2:-label"[39m
                  [36m>[39m
                    [0mAsunto[0m
                  [36m</label>[39m
                  [36m<div[39m
                    [33mclass[39m=[32m"MuiInputBase-root MuiOutlinedInput-root MuiInputBase-colorPrimary MuiInputBase-fullWidth MuiInputBase-formControl css-1blp12k-MuiInputBase-root-MuiOutlinedInput-root"[39m
                  [36m>[39m
                    [36m<input[39m
                      [33maria-invalid[39m=[32m"false"[39m
                      [33mclass[39m=[32m"MuiInputBase-input MuiOutlinedInput-input css-16wblaj-MuiInputBase-input-MuiOutlinedInput-input"[39m
                      [33mid[39m=[32m":r2:"[39m
                      [33mplaceholder[39m=[32m"Escribe un asunto efectivo..."[39m
                      [33mtype[39m=[32m"text"[39m
                      [33mvalue[39m=[32m"Consulta sobre fotograf├¡a con Fot├│grafo Test"[39m
                    [36m/>[39m
                    [36m<fieldset[39m
                      [33maria-hidden[39m=[32m"true"[39m
                      [33mclass[39m=[32m"MuiOutlinedInput-notchedOutline css-18p5xg2-MuiNotchedOutlined-root-MuiOutlinedInput-notchedOutline"[39m
                    [36m>[39m
                      [36m<legend[39m
                        [33mclass[39m=[32m"css-ex8a5f-MuiNotchedOutlined-root"[39m
                      [36m>[39m
                        [36m<span>[39m
                          [0mAsunto[0m
                        [36m</span>[39m
                      [36m</legend>[39m
                    [36m</fieldset>[39m
                  [36m</div>[39m
                [36m</div>[39m
              [36m</div>[39m
              [36m<div[39m
                [33mclass[39m=[32m"MuiGrid-root MuiGrid-direction-xs-row css-17fpwt7-MuiGrid-root"[39m
              [36m>[39m
                [36m<div[39m
                  [33mclass[39m=[32m"MuiFormControl-root MuiFormControl-fullWidth css-ytlejw-MuiFormControl-root"[39m
                [36m>[39m
                  [36m<label[39m
                    [33mclass[39m=[32m"MuiFormLabel-root MuiInputLabel-root MuiInputLabel-formControl MuiInputLabel-animated MuiInputLabel-shrink MuiInputLabel-outlined MuiFormLabel-colorPrimary MuiFormLabel-filled MuiInputLabel-root MuiInputLabel-formControl MuiInputLabel-animated MuiInputLabel-shrink MuiInputLabel-outlined css-113d811-MuiFormLabel-root-MuiInputLabel-root"[39m
                    [33mdata-shrink[39m=[32m"true"[39m
                    [33mid[39m=[32m"template-select-label"[39m
                  [36m>[39m
                    [0mPlantilla[0m
                  [36m</label>[39m
                  [36m<div[39m
                    [33mclass[39m=[32m"MuiInputBase-root MuiOutlinedInput-root MuiInputBase-colorPrimary MuiInputBase-formControl MuiSelect-root css-sc8y68...
 ÔØ» src/test/unit/EmailComposer.test.jsx (11 tests | 11 failed) 524ms
   ├ù EmailComposer > renderiza correctamente cuando est├í abierto 151ms
     ÔåÆ [vitest] No "setAuthContext" export is defined on the "../../services/EmailService" mock. Did you forget to return it from "vi.mock"?
If you need to partially mock a module, you can use "importOriginal" helper inside:

   ├ù EmailComposer > no renderiza cuando isOpen es false 61ms
     ÔåÆ [vitest] No "setAuthContext" export is defined on the "../../services/EmailService" mock. Did you forget to return it from "vi.mock"?
If you need to partially mock a module, you can use "importOriginal" helper inside:

   ├ù EmailComposer > llama a onClose cuando se hace clic en el bot├│n de cerrar 69ms
     ÔåÆ [vitest] No "setAuthContext" export is defined on the "../../services/EmailService" mock. Did you forget to return it from "vi.mock"?
If you need to partially mock a module, you can use "importOriginal" helper inside:

   ├ù EmailComposer > muestra campo CC al hacer clic en "mostrar CC" 43ms
     ÔåÆ [vitest] No "setAuthContext" export is defined on the "../../services/EmailService" mock. Did you forget to return it from "vi.mock"?
If you need to partially mock a module, you can use "importOriginal" helper inside:

   ├ù EmailComposer > valida formulario antes de enviar 19ms
     ÔåÆ [vitest] No "setAuthContext" export is defined on the "../../services/EmailService" mock. Did you forget to return it from "vi.mock"?
If you need to partially mock a module, you can use "importOriginal" helper inside:

   ├ù EmailComposer > aplica plantilla correctamente 13ms
     ÔåÆ [vitest] No "setAuthContext" export is defined on the "../../services/EmailService" mock. Did you forget to return it from "vi.mock"?
If you need to partially mock a module, you can use "importOriginal" helper inside:

   ├ù EmailComposer > maneja la carga de archivos adjuntos 46ms
     ÔåÆ [vitest] No "setAuthContext" export is defined on the "../../services/EmailService" mock. Did you forget to return it from "vi.mock"?
If you need to partially mock a module, you can use "importOriginal" helper inside:

   ├ù EmailComposer > rechaza archivos grandes 22ms
     ÔåÆ [vitest] No "setAuthContext" export is defined on the "../../services/EmailService" mock. Did you forget to return it from "vi.mock"?
If you need to partially mock a module, you can use "importOriginal" helper inside:

   ├ù EmailComposer > env├¡a el correo correctamente con todos los datos 72ms
     ÔåÆ [vitest] No "setAuthContext" export is defined on the "../../services/EmailService" mock. Did you forget to return it from "vi.mock"?
If you need to partially mock a module, you can use "importOriginal" helper inside:

   ├ù EmailComposer > muestra mensaje de error cuando falla el env├¡o 12ms
     ÔåÆ [vitest] No "setAuthContext" export is defined on the "../../services/EmailService" mock. Did you forget to return it from "vi.mock"?
If you need to partially mock a module, you can use "importOriginal" helper inside:

   ├ù EmailComposer > pre-rellena campos con initialValues 11ms
     ÔåÆ [vitest] No "setAuthContext" export is defined on the "../../services/EmailService" mock. Did you forget to return it from "vi.mock"?
If you need to partially mock a module, you can use "importOriginal" helper inside:

stdout | src/test/unit/EmailSettings.test.jsx
­ƒöì Iniciando diagn├│sticos del sistema...

 ÔØ» src/test/hooks/useAIProviderEmail.test.jsx (6 tests | 3 failed) 115ms
   Ô£ô useAIProviderEmail > devuelve las funciones y propiedades esperadas 35ms
   ├ù useAIProviderEmail > genera un asunto personalizado basado en el resultado AI usando plantilla 44ms
     ÔåÆ undefined is not a spy or a call to a spy!
   ├ù useAIProviderEmail > genera un cuerpo de email personalizado basado en el resultado AI y la consulta usando plantilla 5ms
     ÔåÆ undefined is not a spy or a call to a spy!
   ├ù useAIProviderEmail > env├¡a un email correctamente usando el resultado AI y registra el uso de plantilla 19ms
     ÔåÆ expected false to be true // Object.is equality
   Ô£ô useAIProviderEmail > maneja errores durante el env├¡o de email 5ms
   Ô£ô useAIProviderEmail > valida que la informaci├│n del proveedor est├® completa 4ms
stdout | src/test/services/EmailService.test.js
Iniciando configuraci├│n de Firebase...
Ô£à Firebase inicializado correctamente

stdout | src/test/services/EmailService.test.js
Ô£à Persistencia del auth establecida en Local
Ô£à Autenticaci├│n de Firebase inicializada
Ô£à Firestore inicializado con configuraci├│n optimizada

stdout | src/test/services/EmailService.test.js
Persistencia offline habilitada para Firestore
Modo desarrollo detectado - usando Firebase cloud
Probando conexi├│n a Firestore...

stdout | src/test/unit/EmailNotificationBadge.test.jsx
­ƒöì Iniciando diagn├│sticos del sistema...

stdout | src/test/unit/EmailSettings.test.jsx
­ƒöì REPORTE DE DIAGN├ôSTICOS MYWED360
=====================================
Timestamp: 31/8/2025, 22:48:05

­ƒôè RESUMEN: 4 Ô£à | 0 ÔÜá´©Å | 1 ÔØî

ÔØî FIREBASE
  Status: error
  Details: {
    error: [32m"Firebase: No Firebase App '[DEFAULT]' has been created - call initializeApp() first (app/no-app)."[39m,
    code: [32m'app/no-app'[39m,
    stack: [32m"FirebaseError: Firebase: No Firebase App '[DEFAULT]' has been created - call initializeApp() first (app/no-app).\n"[39m +
      [32m'    at getApp (file:///C:/Users/Administrator/Documents/Lovenda/lovenda13123123%20-%20copia/node_modules/@firebase/app/dist/esm/index.esm2017.js:657:29)\n'[39m +
      [32m'    at getFirestore (file:///C:/Users/Administrator/Documents/Lovenda/lovenda13123123%20-%20copia/node_modules/@firebase/firestore/dist/index.node.mjs:28569:73)\n'[39m +
      [32m'    at ErrorLogger.checkFirebaseConnection (C:\\Users\\Administrator\\Documents\\Lovenda\\lovenda13123123 - copia\\src\\utils\\errorLogger.js:233:18)\n'[39m +
      [32m'    at async Promise.all (index 1)\n'[39m +
      [32m'    at ErrorLogger.startDiagnostics (C:\\Users\\Administrator\\Documents\\Lovenda\\lovenda13123123 - copia\\src\\utils\\errorLogger.js:168:5)'[39m
  }
Ô£à BACKEND
  Status: success
  Details: {
    url: [32m'https://mywed360-backend.onrender.com'[39m,
    response: { status: [32m'ok'[39m },
    status: [33m200[39m
  }
Ô£à OPENAI
  Status: success
  Details: { apiKeyPrefix: [32m'sk-proj-Jh...'[39m, status: [33m200[39m }
Ô£à MAILGUN
  Status: success
  Details: {
    success: [33mtrue[39m,
    message: [32m'Mailgun configuraci├│n OK (test simplificado)'[39m,
    debug: {
      domain: [32m'mg.mywed360.com'[39m,
      euRegion: [33mtrue[39m,
      timestamp: [32m'2025-08-31T20:48:04.612Z'[39m
    }
  }
Ô£à ENVIRONMENT
  Status: success
  Details: {
    missing: [],
    present: [
      { name: [32m'VITE_FIREBASE_API_KEY'[39m, value: [32m'AIzaSyArwj...'[39m },
      { name: [32m'VITE_FIREBASE_PROJECT_ID'[39m, value: [32m'lovenda-98...'[39m },
      { name: [32m'VITE_OPENAI_API_KEY'[39m, value: [32m'sk-proj-Jh...'[39m },
      { name: [32m'VITE_MAILGUN_API_KEY'[39m, value: [32m'4886efdef7...'[39m },
      { name: [32m'VITE_BACKEND_BASE_URL'[39m, value: [32m'https://my...'[39m }
    ],
    total: [33m5[39m,
    mode: [32m'test'[39m,
    dev: [33mtrue[39m
  }
ÔØî AUTH
  Status: unknown
  Details: [1mnull[22m
ÔØî WEDDING
  Status: unknown
  Details: [1mnull[22m

­ƒÆí Para ver m├ís detalles, usa: window.errorLogger.getFullReport()
­ƒÆí Para copiar errores: window.errorLogger.copyErrorsToClipboard()

 ÔØ» src/__tests__/useSeatingPlan.test.jsx (9 tests | 2 failed) 144ms
   Ô£ô useSeatingPlan Hook > should initialize with default state 34ms
   Ô£ô useSeatingPlan Hook > should change tab correctly 6ms
   Ô£ô useSeatingPlan Hook > should handle table selection 6ms
   ├ù useSeatingPlan Hook > should handle table dimension changes 24ms
     ÔåÆ Cannot read properties of null (reading 'width')
   ├ù useSeatingPlan Hook > should toggle table shape 14ms
     ÔåÆ Cannot read properties of null (reading 'shape')
   Ô£ô useSeatingPlan Hook > should generate seat grid for ceremony 19ms
   Ô£ô useSeatingPlan Hook > should generate banquet layout 6ms
   Ô£ô useSeatingPlan Hook > should handle undo/redo functionality 11ms
   Ô£ô useSeatingPlan Hook > should normalize IDs correctly 6ms
stdout | src/test/services/EmailService.test.js
Prueba de conexi├│n exitosa

stdout | src/test/services/EmailService.test.js
Ô£à Conexi├│n con Firestore verificada

stdout | src/test/services/EmailService.test.js
­ƒöì Monitor de rendimiento inicializado

stdout | src/test/services/EmailService.test.js > EmailService > initEmailService > devuelve una direcci├│n de email v├ílida basada en el perfil
Usuario sin nombre de correo configurado. Recomendado configurar en /email/setup
Servicio de email inicializado para: maria.garcia@mywed360.com

stdout | src/test/services/EmailService.test.js > EmailService > initEmailService > usa el emailAlias si est├í definido
Servicio de email inicializado para: maria.garcia@mywed360.com

stdout | src/test/services/EmailService.test.js > EmailService > initEmailService > usa solo nombre si no hay apellido
Servicio de email inicializado para: maria.garcia@mywed360.com

stdout | src/test/services/EmailService.test.js > EmailService > initEmailService > usa userId si no hay nombre
Servicio de email inicializado para: maria.garcia@mywed360.com

stdout | src/test/unit/EmailSettings.test.jsx
Iniciando configuraci├│n de Firebase...
Ô£à Firebase inicializado correctamente

stdout | src/test/services/EmailService.test.js > EmailService > getMails > devuelve emails de localStorage si no hay backend ni Mailgun
ÔÜá´©Å No se pudo obtener token de autenticaci├│n

stdout | src/test/services/EmailService.test.js > EmailService > getMails > devuelve emails de localStorage si no hay backend ni Mailgun
Mailgun no devolvi├│ eventos, usando backend como fallback
ÔÜá´©Å No se pudo obtener token de autenticaci├│n

stdout | src/test/services/EmailService.test.js > EmailService > getMails > devuelve emails de localStorage si no hay backend ni Mailgun
ÔÅ│ emailService: token no disponible todav├¡a, se omitir├í llamada al backend

stdout | src/test/unit/EmailSettings.test.jsx
Ô£à Persistencia del auth establecida en Local
Ô£à Autenticaci├│n de Firebase inicializada
Ô£à Firestore inicializado con configuraci├│n optimizada

stdout | src/test/services/EmailService.test.js > EmailService > getMails > llama a la API del backend cuando est├í configurado
ÔÜá´©Å No se pudo obtener token de autenticaci├│n

stdout | src/test/services/EmailService.test.js > EmailService > getMails > llama a la API del backend cuando est├í configurado
Mailgun no devolvi├│ eventos, usando backend como fallback
ÔÜá´©Å No se pudo obtener token de autenticaci├│n

stdout | src/test/unit/EmailSettings.test.jsx
Persistencia offline habilitada para Firestore
Modo desarrollo detectado - usando Firebase cloud
Probando conexi├│n a Firestore...

stdout | src/test/services/EmailService.test.js > EmailService > getMails > llama a la API del backend cuando est├í configurado
ÔÅ│ emailService: token no disponible todav├¡a, se omitir├í llamada al backend

stdout | src/test/services/EmailService.test.js > EmailService > getMails > maneja errores de API correctamente
ÔÜá´©Å No se pudo obtener token de autenticaci├│n

stdout | src/test/services/EmailService.test.js > EmailService > getMails > maneja errores de API correctamente
Mailgun no devolvi├│ eventos, usando backend como fallback
ÔÜá´©Å No se pudo obtener token de autenticaci├│n

stdout | src/test/services/EmailService.test.js > EmailService > getMails > maneja errores de API correctamente
ÔÅ│ emailService: token no disponible todav├¡a, se omitir├í llamada al backend

stdout | src/test/services/EmailService.test.js > EmailService > sendMail > env├¡a correo utilizando Mailgun cuando est├í disponible
Servicio de email inicializado para: maria.garcia@mywed360.com

stdout | src/test/services/EmailService.test.js > EmailService > sendMail > env├¡a correo utilizando Mailgun cuando est├í disponible
­ƒÜÇ [71v6zqn3a] Iniciando env├¡o de email a: destinatario@example.com
­ƒôº [71v6zqn3a] Intentando env├¡o con Mailgun

stdout | src/test/services/EmailService.test.js > EmailService > sendMail > env├¡a correo utilizando Mailgun cuando est├í disponible
Ô£à [71v6zqn3a] Mailgun exitoso: unknown
EmailCache: Inicializado con ├®xito
­ƒÆ¥ [71v6zqn3a] Email guardado en localStorage y cach├® (folder: sent)

stdout | src/test/services/EmailService.test.js > EmailService > sendMail > env├¡a correo utilizando backend cuando no hay Mailgun
Servicio de email inicializado para: maria.garcia@mywed360.com

stdout | src/test/services/EmailService.test.js > EmailService > sendMail > env├¡a correo utilizando backend cuando no hay Mailgun
­ƒÜÇ [z6arlsc7c] Iniciando env├¡o de email a: destinatario@example.com
­ƒôº [z6arlsc7c] Intentando env├¡o con Mailgun

stdout | src/test/services/EmailService.test.js > EmailService > sendMail > env├¡a correo utilizando backend cuando no hay Mailgun
Ô£à [z6arlsc7c] Mailgun exitoso: unknown
­ƒÆ¥ [z6arlsc7c] Email guardado en localStorage y cach├® (folder: sent)

stdout | src/test/services/EmailService.test.js > EmailService > sendMail > almacena correo en localStorage cuando no hay backend ni Mailgun
Servicio de email inicializado para: maria.garcia@mywed360.com

stdout | src/test/services/EmailService.test.js > EmailService > sendMail > almacena correo en localStorage cuando no hay backend ni Mailgun
­ƒÜÇ [tlqh9h53i] Iniciando env├¡o de email a: destinatario@example.com
­ƒôº [tlqh9h53i] Intentando env├¡o con Mailgun

stdout | src/test/services/EmailService.test.js > EmailService > sendMail > almacena correo en localStorage cuando no hay backend ni Mailgun
Ô£à [tlqh9h53i] Mailgun exitoso: unknown
­ƒÆ¥ [tlqh9h53i] Email guardado en localStorage y cach├® (folder: sent)

stdout | src/test/services/EmailService.test.js > EmailService > markAsRead y deleteMail > marca un email como le├¡do correctamente
[EmailService] markAsRead { id: [32m'email123'[39m, BASE: [32m'https://mywed360-backend.onrender.com'[39m }
ÔÜá´©Å No se pudo obtener token de autenticaci├│n

stdout | src/test/services/EmailService.test.js > EmailService > markAsRead y deleteMail > elimina un email correctamente
[EmailService] deleteMail { id: [32m'email123'[39m, BASE: [32m'https://mywed360-backend.onrender.com'[39m }
ÔÜá´©Å No se pudo obtener token de autenticaci├│n

stdout | src/test/services/EmailService.test.js > EmailService > markAsRead y deleteMail > llama a la API del backend para marcar como le├¡do cuando est├í disponible
[EmailService] markAsRead { id: [32m'email123'[39m, BASE: [32m'https://mywed360-backend.onrender.com'[39m }
ÔÜá´©Å No se pudo obtener token de autenticaci├│n

stdout | src/test/services/EmailService.test.js > EmailService > markAsRead y deleteMail > llama a la API del backend para eliminar cuando est├í disponible
[EmailService] deleteMail { id: [32m'email123'[39m, BASE: [32m'https://mywed360-backend.onrender.com'[39m }
ÔÜá´©Å No se pudo obtener token de autenticaci├│n

stdout | src/test/services/EmailService.test.js > EmailService > Gesti├│n de plantillas de email > devuelve plantillas predefinidas cuando no hay plantillas guardadas
Cargando plantillas frescas (no en cach├®)
ÔÜá´©Å No se pudo obtener token de autenticaci├│n

stdout | src/test/services/EmailService.test.js > EmailService > Gesti├│n de plantillas de email > guarda y recupera una plantilla correctamente
ÔÜá´©Å No se pudo obtener token de autenticaci├│n

stdout | src/test/services/EmailService.test.js > EmailService > Gesti├│n de plantillas de email > actualiza una plantilla existente
ÔÜá´©Å No se pudo obtener token de autenticaci├│n

stdout | src/test/services/EmailService.test.js > EmailService > Gesti├│n de plantillas de email > actualiza una plantilla existente
ÔÜá´©Å No se pudo obtener token de autenticaci├│n

stdout | src/test/services/EmailService.test.js > EmailService > Gesti├│n de plantillas de email > elimina una plantilla correctamente
ÔÜá´©Å No se pudo obtener token de autenticaci├│n

stdout | src/test/services/EmailService.test.js > EmailService > Gesti├│n de plantillas de email > elimina una plantilla correctamente
Cargando plantillas frescas (no en cach├®)
ÔÜá´©Å No se pudo obtener token de autenticaci├│n

stdout | src/test/services/EmailService.test.js > EmailService > Gesti├│n de plantillas de email > reinicia a las plantillas predefinidas
ÔÜá´©Å No se pudo obtener token de autenticaci├│n

stdout | src/test/services/EmailService.test.js > EmailService > Gesti├│n de plantillas de email > reinicia a las plantillas predefinidas
Cargando plantillas frescas (no en cach├®)
ÔÜá´©Å No se pudo obtener token de autenticaci├│n

stdout | src/test/services/EmailService.test.js
Ô£à Prueba de escritura en Firestore exitosa
Realtime Database deshabilitada ÔÇô no se configurar├í listener de conexi├│n

 ÔØ» src/test/services/EmailService.test.js (19 tests | 17 failed) 211ms
   ├ù EmailService > initEmailService > devuelve una direcci├│n de email v├ílida basada en el perfil 26ms
     ÔåÆ expected Promise{ÔÇª} to be 'maria.garcia@test.lovenda.com' // Object.is equality
   ├ù EmailService > initEmailService > usa el emailAlias si est├í definido 3ms
     ÔåÆ expected Promise{ÔÇª} to be 'miboda@test.lovenda.com' // Object.is equality
   ├ù EmailService > initEmailService > usa solo nombre si no hay apellido 3ms
     ÔåÆ expected Promise{ÔÇª} to be 'maria@test.lovenda.com' // Object.is equality
   ├ù EmailService > initEmailService > usa userId si no hay nombre 5ms
     ÔåÆ expected Promise{ÔÇª} to be 'useruser123@test.lovenda.com' // Object.is equality
   ├ù EmailService > getMails > devuelve emails de localStorage si no hay backend ni Mailgun 42ms
     ÔåÆ expected [] to deeply equal [ { id: 'email123', ÔÇª(8) } ]
   ├ù EmailService > getMails > llama a la API del backend cuando est├í configurado 3ms
     ÔåÆ expected [] to deeply equal [ { id: 'email123', ÔÇª(8) } ]
   ├ù EmailService > getMails > maneja errores de API correctamente 3ms
     ÔåÆ expected [] to deeply equal [ { id: 'email123', ÔÇª(8) } ]
   ├ù EmailService > sendMail > env├¡a correo utilizando Mailgun cuando est├í disponible 9ms
     ÔåÆ expected "sendMailWithMailgun" to be called at least once
   Ô£ô EmailService > sendMail > env├¡a correo utilizando backend cuando no hay Mailgun 3ms
   Ô£ô EmailService > sendMail > almacena correo en localStorage cuando no hay backend ni Mailgun 4ms
   ├ù EmailService > markAsRead y deleteMail > marca un email como le├¡do correctamente 8ms
     ÔåÆ expected false to be true // Object.is equality
   ├ù EmailService > markAsRead y deleteMail > elimina un email correctamente 11ms
     ÔåÆ expected [ { id: 'email123', ÔÇª(8) } ] to have a length of +0 but got 1
   ├ù EmailService > markAsRead y deleteMail > llama a la API del backend para marcar como le├¡do cuando est├í disponible 12ms
     ÔåÆ expected 'https://mywed360-backend.onrender.comÔÇª' to contain '/api/emails/email123/read'
   ├ù EmailService > markAsRead y deleteMail > llama a la API del backend para eliminar cuando est├í disponible 6ms
     ÔåÆ expected 'https://mywed360-backend.onrender.comÔÇª' to contain '/api/emails/email123'
   ├ù EmailService > Gesti├│n de plantillas de email > devuelve plantillas predefinidas cuando no hay plantillas guardadas 21ms
     ÔåÆ expected [ { ÔÇª(7) }, { ÔÇª(7) }, { ÔÇª(7) }, ÔÇª(21) ] to have a length of 3 but got 24
   ├ù EmailService > Gesti├│n de plantillas de email > guarda y recupera una plantilla correctamente 7ms
     ÔåÆ expected { success: true, data: {} } to have property "id"
   ├ù EmailService > Gesti├│n de plantillas de email > actualiza una plantilla existente 19ms
     ÔåÆ expected undefined to be 'Plantilla actualizada' // Object.is equality
   ├ù EmailService > Gesti├│n de plantillas de email > elimina una plantilla correctamente 9ms
     ÔåÆ expected false to be true // Object.is equality
   ├ù EmailService > Gesti├│n de plantillas de email > reinicia a las plantillas predefinidas 4ms
     ÔåÆ expected false to be true // Object.is equality
 ÔØ» src/test/unit/EmailNotificationBadge.test.jsx (10 tests | 10 failed) 609ms
   ├ù EmailNotificationBadge > inicializa el servicio de email y comprueba correos al montar 362ms
     ÔåÆ useAuth debe utilizarse dentro de un AuthProvider
   ├ù EmailNotificationBadge > muestra el n├║mero correcto de correos no le├¡dos 9ms
     ÔåÆ useAuth debe utilizarse dentro de un AuthProvider
   ├ù EmailNotificationBadge > muestra "9+" cuando hay m├ís de 9 correos no le├¡dos 49ms
     ÔåÆ useAuth debe utilizarse dentro de un AuthProvider
   ├ù EmailNotificationBadge > no muestra el badge cuando no hay correos no le├¡dos 12ms
     ÔåÆ useAuth debe utilizarse dentro de un AuthProvider
   ├ù EmailNotificationBadge > navega a la bandeja de entrada al hacer clic 23ms
     ÔåÆ useAuth debe utilizarse dentro de un AuthProvider
   ├ù EmailNotificationBadge > configura un intervalo para comprobar correos peri├│dicamente 10ms
     ÔåÆ useAuth debe utilizarse dentro de un AuthProvider
   ├ù EmailNotificationBadge > limpia el intervalo al desmontar 67ms
     ÔåÆ useAuth debe utilizarse dentro de un AuthProvider
   ├ù EmailNotificationBadge > maneja errores al obtener correos 5ms
     ÔåÆ useAuth debe utilizarse dentro de un AuthProvider
   ├ù EmailNotificationBadge > tiene el atributo aria-label apropiado para accesibilidad 48ms
     ÔåÆ useAuth debe utilizarse dentro de un AuthProvider
   ├ù EmailNotificationBadge > no realiza comprobaciones si no hay usuario autenticado 18ms
     ÔåÆ useAuth debe utilizarse dentro de un AuthProvider
 ÔØ» src/test/unit/EmailSettings.test.jsx (10 tests | 10 failed) 375ms
   ├ù EmailSettings > muestra correctamente la direcci├│n de correo actual del usuario 142ms
     ÔåÆ useAuth debe utilizarse dentro de un AuthProvider
   ├ù EmailSettings > muestra el placeholder correcto en el input de alias 51ms
     ÔåÆ useAuth debe utilizarse dentro de un AuthProvider
   ├ù EmailSettings > permite actualizar el alias de correo electr├│nico 19ms
     ÔåÆ useAuth debe utilizarse dentro de un AuthProvider
   ├ù EmailSettings > muestra error cuando el alias no es v├ílido 26ms
     ÔåÆ useAuth debe utilizarse dentro de un AuthProvider
   ├ù EmailSettings > maneja correctamente los errores de la API 21ms
     ÔåÆ useAuth debe utilizarse dentro de un AuthProvider
   ├ù EmailSettings > convierte el alias a min├║sculas autom├íticamente 30ms
     ÔåÆ useAuth debe utilizarse dentro de un AuthProvider
   ├ù EmailSettings > incluye preferencias de notificaci├│n con valores predeterminados 16ms
     ÔåÆ useAuth debe utilizarse dentro de un AuthProvider
   ├ù EmailSettings > incluye el componente TagsManager 29ms
     ÔåÆ useAuth debe utilizarse dentro de un AuthProvider
   ├ù EmailSettings > muestra el estado de carga durante la actualizaci├│n 20ms
     ÔåÆ useAuth debe utilizarse dentro de un AuthProvider
   ├ù EmailSettings > no intenta inicializar si no hay perfil de usuario 17ms
     ÔåÆ useAuth debe utilizarse dentro de un AuthProvider
stdout | src/test/unit/EmailSettings.test.jsx
Prueba de conexi├│n exitosa

stdout | src/test/unit/EmailSettings.test.jsx
Ô£à Conexi├│n con Firestore verificada

stdout | src/test/unit/EmailSettings.test.jsx
Ô£à Prueba de escritura en Firestore exitosa
Realtime Database deshabilitada ÔÇô no se configurar├í listener de conexi├│n

 ÔØ» src/test/components/email/EmailDetail.test.jsx (6 tests | 6 failed) 347ms
   ├ù EmailDetail Component > renderiza correctamente los detalles del email 198ms
     ÔåÆ safeExecute is not defined
   ├ù EmailDetail Component > llama a las funciones correspondientes al hacer clic en los botones 41ms
     ÔåÆ safeExecute is not defined
   ├ù EmailDetail Component > permite navegaci├│n por teclado 33ms
     ÔåÆ safeExecute is not defined
   ├ù EmailDetail Component > abre el modal de carpetas y maneja la selecci├│n correctamente 23ms
     ÔåÆ safeExecute is not defined
   ├ù EmailDetail Component > tiene atributos ARIA apropiados para accesibilidad 26ms
     ÔåÆ safeExecute is not defined
   ├ù EmailDetail Component > maneja correctamente emails sin asunto o sin adjuntos 17ms
     ÔåÆ safeExecute is not defined
stdout | src/test/services/EmailService.edge-cases.test.js
Iniciando configuraci├│n de Firebase...
Ô£à Firebase inicializado correctamente

stdout | src/test/services/EmailService.edge-cases.test.js
Ô£à Persistencia del auth establecida en Local
Ô£à Autenticaci├│n de Firebase inicializada
Ô£à Firestore inicializado con configuraci├│n optimizada

stdout | src/test/services/EmailService.edge-cases.test.js
Persistencia offline habilitada para Firestore
Modo desarrollo detectado - usando Firebase cloud
Probando conexi├│n a Firestore...

stdout | src/test/services/EmailService.edge-cases.test.js
­ƒöì Monitor de rendimiento inicializado

stdout | src/test/services/EmailService.edge-cases.test.js > EmailService - Casos L├¡mite y Manejo de Errores > Emails malformados > maneja correos sin campos obligatorios
Usuario sin nombre de correo configurado. Recomendado configurar en /email/setup
Servicio de email inicializado para: maria.garcia@mywed360.com

stdout | src/test/services/EmailService.edge-cases.test.js > EmailService - Casos L├¡mite y Manejo de Errores > Emails malformados > maneja correos sin campos obligatorios
­ƒÜÇ [sxh322926] Iniciando env├¡o de email a: undefined
ÔØî [sxh322926] Error: Destinatario vac├¡o

stdout | src/test/services/EmailService.edge-cases.test.js > EmailService - Casos L├¡mite y Manejo de Errores > Emails malformados > sanitiza contenido HTML potencialmente peligroso
Servicio de email inicializado para: maria.garcia@mywed360.com

stdout | src/test/services/EmailService.edge-cases.test.js > EmailService - Casos L├¡mite y Manejo de Errores > Emails malformados > sanitiza contenido HTML potencialmente peligroso
­ƒÜÇ [spkqs0kms] Iniciando env├¡o de email a: destinatario@example.com
­ƒôº [spkqs0kms] Intentando env├¡o con Mailgun

stdout | src/test/services/EmailService.edge-cases.test.js > EmailService - Casos L├¡mite y Manejo de Errores > Emails malformados > sanitiza contenido HTML potencialmente peligroso
Ô£à [spkqs0kms] Mailgun exitoso: unknown
EmailCache: Inicializado con ├®xito
­ƒÆ¥ [spkqs0kms] Email guardado en localStorage y cach├® (folder: sent)

stdout | src/test/services/EmailService.edge-cases.test.js > EmailService - Casos L├¡mite y Manejo de Errores > Emails malformados > maneja correos con campos excesivamente largos
Servicio de email inicializado para: maria.garcia@mywed360.com

stdout | src/test/services/EmailService.edge-cases.test.js > EmailService - Casos L├¡mite y Manejo de Errores > Emails malformados > maneja correos con campos excesivamente largos
­ƒÜÇ [5c58aja3c] Iniciando env├¡o de email a: destinatario@example.com
­ƒôº [5c58aja3c] Intentando env├¡o con Mailgun

stdout | src/test/services/EmailService.edge-cases.test.js > EmailService - Casos L├¡mite y Manejo de Errores > Emails malformados > maneja correos con campos excesivamente largos
Ô£à [5c58aja3c] Mailgun exitoso: unknown
­ƒÆ¥ [5c58aja3c] Email guardado en localStorage y cach├® (folder: sent)

stdout | src/test/services/EmailService.edge-cases.test.js > EmailService - Casos L├¡mite y Manejo de Errores > Emails malformados > rechaza emails con demasiados destinatarios
Servicio de email inicializado para: maria.garcia@mywed360.com

stdout | src/test/services/EmailService.edge-cases.test.js > EmailService - Casos L├¡mite y Manejo de Errores > Emails malformados > rechaza emails con demasiados destinatarios
­ƒÜÇ [ljihvmvh7] Iniciando env├¡o de email a: recipient0@example.com, recipient1@example.com, recipient2@example.com, recipient3@example.com, recipient4@example.com, recipient5@example.com, recipient6@example.com, recipient7@example.com, recipient8@example.com, recipient9@example.com, recipient10@example.com, recipient11@example.com, recipient12@example.com, recipient13@example.com, recipient14@example.com, recipient15@example.com, recipient16@example.com, recipient17@example.com, recipient18@example.com, recipient19@example.com, recipient20@example.com, recipient21@example.com, recipient22@example.com, recipient23@example.com, recipient24@example.com, recipient25@example.com, recipient26@example.com, recipient27@example.com, recipient28@example.com, recipient29@example.com, recipient30@example.com, recipient31@example.com, recipient32@example.com, recipient33@example.com, recipient34@example.com, recipient35@example.com, recipient36@example.com, recipient37@example.com, recipient38@example.com, recipient39@example.com, recipient40@example.com, recipient41@example.com, recipient42@example.com, recipient43@example.com, recipient44@example.com, recipient45@example.com, recipient46@example.com, recipient47@example.com, recipient48@example.com, recipient49@example.com, recipient50@example.com

stdout | src/test/services/EmailService.edge-cases.test.js > EmailService - Casos L├¡mite y Manejo de Errores > Manejo de errores de red > maneja errores de red en getMails
Servicio de email inicializado para: maria.garcia@mywed360.com

stdout | src/test/services/EmailService.edge-cases.test.js > EmailService - Casos L├¡mite y Manejo de Errores > Manejo de errores de red > maneja errores de red en getMails
ÔÜá´©Å No se pudo obtener token de autenticaci├│n

stdout | src/test/integration/EmailEdgeCases.test.js
Iniciando configuraci├│n de Firebase...
Ô£à Firebase inicializado correctamente

stdout | src/test/services/EmailService.edge-cases.test.js > EmailService - Casos L├¡mite y Manejo de Errores > Manejo de errores de red > maneja errores de red en getMails
Mailgun no devolvi├│ eventos, usando backend como fallback
ÔÜá´©Å No se pudo obtener token de autenticaci├│n

stdout | src/test/services/EmailService.edge-cases.test.js > EmailService - Casos L├¡mite y Manejo de Errores > Manejo de errores de red > maneja errores de red en getMails
ÔÅ│ emailService: token no disponible todav├¡a, se omitir├í llamada al backend

stdout | src/test/integration/EmailEdgeCases.test.js
Ô£à Persistencia del auth establecida en Local
Ô£à Autenticaci├│n de Firebase inicializada
Ô£à Firestore inicializado con configuraci├│n optimizada

stdout | src/test/services/EmailService.edge-cases.test.js > EmailService - Casos L├¡mite y Manejo de Errores > Manejo de errores de red > maneja errores de red en sendMail con Mailgun
Servicio de email inicializado para: maria.garcia@mywed360.com

stdout | src/test/integration/EmailEdgeCases.test.js
Persistencia offline habilitada para Firestore
Modo desarrollo detectado - usando Firebase cloud
Probando conexi├│n a Firestore...

stdout | src/test/services/EmailService.edge-cases.test.js > EmailService - Casos L├¡mite y Manejo de Errores > Manejo de errores de red > maneja errores de red en sendMail con Mailgun
­ƒÜÇ [7phnx9cph] Iniciando env├¡o de email a: destinatario@example.com
­ƒôº [7phnx9cph] Intentando env├¡o con Mailgun

stdout | src/test/services/EmailService.edge-cases.test.js > EmailService - Casos L├¡mite y Manejo de Errores > Manejo de errores de red > maneja errores de red en sendMail con Mailgun
Ô£à [7phnx9cph] Mailgun exitoso: unknown
­ƒÆ¥ [7phnx9cph] Email guardado en localStorage y cach├® (folder: sent)

stdout | src/test/services/EmailService.edge-cases.test.js > EmailService - Casos L├¡mite y Manejo de Errores > Manejo de errores de red > maneja errores de red en sendMail con backend
Servicio de email inicializado para: maria.garcia@mywed360.com

stdout | src/test/services/EmailService.edge-cases.test.js > EmailService - Casos L├¡mite y Manejo de Errores > Manejo de errores de red > maneja errores de red en sendMail con backend
­ƒÜÇ [c8bkmi0cl] Iniciando env├¡o de email a: destinatario@example.com
­ƒôº [c8bkmi0cl] Intentando env├¡o con Mailgun

stdout | src/test/services/EmailService.edge-cases.test.js > EmailService - Casos L├¡mite y Manejo de Errores > Manejo de errores de red > maneja errores de red en sendMail con backend
ÔÜá´©Å No se pudo obtener token de autenticaci├│n

stdout | src/test/services/EmailService.edge-cases.test.js > EmailService - Casos L├¡mite y Manejo de Errores > Manejo de errores de red > maneja timeout en solicitudes a la API
Servicio de email inicializado para: maria.garcia@mywed360.com

stdout | src/test/services/EmailService.edge-cases.test.js > EmailService - Casos L├¡mite y Manejo de Errores > Manejo de errores de red > maneja timeout en solicitudes a la API
Mailgun no devolvi├│ eventos, usando backend como fallback
ÔÜá´©Å No se pudo obtener token de autenticaci├│n

stdout | src/test/services/EmailService.edge-cases.test.js > EmailService - Casos L├¡mite y Manejo de Errores > Manejo de errores de red > maneja timeout en solicitudes a la API
ÔÅ│ emailService: token no disponible todav├¡a, se omitir├í llamada al backend

stdout | src/test/services/EmailService.edge-cases.test.js > EmailService - Casos L├¡mite y Manejo de Errores > L├¡mites de tama├▒o en adjuntos > rechaza adjuntos que exceden el tama├▒o m├íximo
Servicio de email inicializado para: maria.garcia@mywed360.com

stdout | src/test/services/EmailService.edge-cases.test.js > EmailService - Casos L├¡mite y Manejo de Errores > L├¡mites de tama├▒o en adjuntos > rechaza adjuntos que exceden el tama├▒o m├íximo
­ƒÜÇ [uknp0ag3u] Iniciando env├¡o de email a: destinatario@example.com

stdout | src/test/services/EmailService.edge-cases.test.js > EmailService - Casos L├¡mite y Manejo de Errores > L├¡mites de tama├▒o en adjuntos > rechaza cuando el tama├▒o total de adjuntos excede el l├¡mite
Servicio de email inicializado para: maria.garcia@mywed360.com

stdout | src/test/services/EmailService.edge-cases.test.js > EmailService - Casos L├¡mite y Manejo de Errores > L├¡mites de tama├▒o en adjuntos > rechaza cuando el tama├▒o total de adjuntos excede el l├¡mite
­ƒÜÇ [gfbn5f70y] Iniciando env├¡o de email a: destinatario@example.com

stdout | src/test/services/EmailService.edge-cases.test.js > EmailService - Casos L├¡mite y Manejo de Errores > L├¡mites de tama├▒o en adjuntos > acepta adjuntos que cumplen con el l├¡mite de tama├▒o
Servicio de email inicializado para: maria.garcia@mywed360.com

stdout | src/test/services/EmailService.edge-cases.test.js > EmailService - Casos L├¡mite y Manejo de Errores > L├¡mites de tama├▒o en adjuntos > acepta adjuntos que cumplen con el l├¡mite de tama├▒o
­ƒÜÇ [v6vhmivab] Iniciando env├¡o de email a: destinatario@example.com
­ƒôº [v6vhmivab] Intentando env├¡o con Mailgun

stdout | src/test/services/EmailService.edge-cases.test.js > EmailService - Casos L├¡mite y Manejo de Errores > L├¡mites de tama├▒o en adjuntos > acepta adjuntos que cumplen con el l├¡mite de tama├▒o
Ô£à [v6vhmivab] Mailgun exitoso: unknown
­ƒÆ¥ [v6vhmivab] Email guardado en localStorage y cach├® (folder: sent)

stdout | src/test/services/EmailService.edge-cases.test.js > EmailService - Casos L├¡mite y Manejo de Errores > Estados de carga y error > maneja respuestas 404 en getMail
Servicio de email inicializado para: maria.garcia@mywed360.com

stdout | src/test/services/EmailService.edge-cases.test.js > EmailService - Casos L├¡mite y Manejo de Errores > Estados de carga y error > maneja respuestas 404 en getMail
ÔÜá´©Å No se pudo obtener token de autenticaci├│n

stdout | src/test/services/EmailService.edge-cases.test.js > EmailService - Casos L├¡mite y Manejo de Errores > Estados de carga y error > maneja errores 500 del servidor
Servicio de email inicializado para: maria.garcia@mywed360.com

stdout | src/test/services/EmailService.edge-cases.test.js > EmailService - Casos L├¡mite y Manejo de Errores > Estados de carga y error > maneja errores 500 del servidor
Mailgun no devolvi├│ eventos, usando backend como fallback
ÔÜá´©Å No se pudo obtener token de autenticaci├│n

stdout | src/test/services/EmailService.edge-cases.test.js > EmailService - Casos L├¡mite y Manejo de Errores > Estados de carga y error > maneja errores 500 del servidor
ÔÅ│ emailService: token no disponible todav├¡a, se omitir├í llamada al backend

stdout | src/test/services/EmailService.edge-cases.test.js > EmailService - Casos L├¡mite y Manejo de Errores > Estados de carga y error > maneja correctamente respuestas de servidor sin formato JSON v├ílido
Servicio de email inicializado para: maria.garcia@mywed360.com

stdout | src/test/services/EmailService.edge-cases.test.js > EmailService - Casos L├¡mite y Manejo de Errores > Estados de carga y error > maneja correctamente respuestas de servidor sin formato JSON v├ílido
Mailgun no devolvi├│ eventos, usando backend como fallback
ÔÜá´©Å No se pudo obtener token de autenticaci├│n

stdout | src/test/services/EmailService.edge-cases.test.js > EmailService - Casos L├¡mite y Manejo de Errores > Estados de carga y error > maneja correctamente respuestas de servidor sin formato JSON v├ílido
ÔÅ│ emailService: token no disponible todav├¡a, se omitir├í llamada al backend

stdout | src/test/services/EmailService.edge-cases.test.js > EmailService - Casos L├¡mite y Manejo de Errores > Estados de carga y error > maneja errores de autenticaci├│n (401)
Servicio de email inicializado para: maria.garcia@mywed360.com

stdout | src/test/services/EmailService.edge-cases.test.js > EmailService - Casos L├¡mite y Manejo de Errores > Estados de carga y error > maneja errores de autenticaci├│n (401)
­ƒÜÇ [wth0uc6v9] Iniciando env├¡o de email a: destinatario@example.com
­ƒôº [wth0uc6v9] Intentando env├¡o con Mailgun

stdout | src/test/services/EmailService.edge-cases.test.js > EmailService - Casos L├¡mite y Manejo de Errores > Estados de carga y error > maneja errores de autenticaci├│n (401)
ÔÜá´©Å No se pudo obtener token de autenticaci├│n

stdout | src/test/services/EmailService.edge-cases.test.js > EmailService - Casos L├¡mite y Manejo de Errores > Estados de carga y error > maneja respuestas exitosas pero con error en el cuerpo
Servicio de email inicializado para: maria.garcia@mywed360.com

stdout | src/test/services/EmailService.edge-cases.test.js > EmailService - Casos L├¡mite y Manejo de Errores > Estados de carga y error > maneja respuestas exitosas pero con error en el cuerpo
­ƒÜÇ [wmy63tsla] Iniciando env├¡o de email a: destinatario@example.com
­ƒôº [wmy63tsla] Intentando env├¡o con Mailgun

stdout | src/test/services/EmailService.edge-cases.test.js > EmailService - Casos L├¡mite y Manejo de Errores > Estados de carga y error > maneja respuestas exitosas pero con error en el cuerpo
Ô£à [wmy63tsla] Mailgun exitoso: unknown
­ƒÆ¥ [wmy63tsla] Email guardado en localStorage y cach├® (folder: sent)

 ÔØ» src/test/services/EmailService.edge-cases.test.js (16 tests | 8 failed) 153ms
   Ô£ô EmailService - Casos L├¡mite y Manejo de Errores > Emails malformados > maneja correos sin campos obligatorios 8ms
   Ô£ô EmailService - Casos L├¡mite y Manejo de Errores > Emails malformados > sanitiza contenido HTML potencialmente peligroso 7ms
   Ô£ô EmailService - Casos L├¡mite y Manejo de Errores > Emails malformados > maneja correos con campos excesivamente largos 2ms
   Ô£ô EmailService - Casos L├¡mite y Manejo de Errores > Emails malformados > rechaza emails con demasiados destinatarios 2ms
   ├ù EmailService - Casos L├¡mite y Manejo de Errores > Manejo de errores de red > maneja errores de red en getMails 28ms
     ÔåÆ expected [] to deeply equal [ { id: 'email123', ÔÇª(8) } ]
   ├ù EmailService - Casos L├¡mite y Manejo de Errores > Manejo de errores de red > maneja errores de red en sendMail con Mailgun 3ms
     ÔåÆ expected true to be false // Object.is equality
   ├ù EmailService - Casos L├¡mite y Manejo de Errores > Manejo de errores de red > maneja errores de red en sendMail con backend 6ms
     ÔåÆ expected true to be false // Object.is equality
   ├ù EmailService - Casos L├¡mite y Manejo de Errores > Manejo de errores de red > maneja timeout en solicitudes a la API 3ms
     ÔåÆ expected [] to deeply equal [ { id: 'email123', ÔÇª(8) } ]
   Ô£ô EmailService - Casos L├¡mite y Manejo de Errores > L├¡mites de tama├▒o en adjuntos > rechaza adjuntos que exceden el tama├▒o m├íximo 19ms
   Ô£ô EmailService - Casos L├¡mite y Manejo de Errores > L├¡mites de tama├▒o en adjuntos > rechaza cuando el tama├▒o total de adjuntos excede el l├¡mite 2ms
   Ô£ô EmailService - Casos L├¡mite y Manejo de Errores > L├¡mites de tama├▒o en adjuntos > acepta adjuntos que cumplen con el l├¡mite de tama├▒o 3ms
   Ô£ô EmailService - Casos L├¡mite y Manejo de Errores > Estados de carga y error > maneja respuestas 404 en getMail 2ms
   ├ù EmailService - Casos L├¡mite y Manejo de Errores > Estados de carga y error > maneja errores 500 del servidor 4ms
     ÔåÆ expected [] to deeply equal [ { id: 'email123', ÔÇª(8) } ]
   ├ù EmailService - Casos L├¡mite y Manejo de Errores > Estados de carga y error > maneja correctamente respuestas de servidor sin formato JSON v├ílido 5ms
     ÔåÆ expected [] to deeply equal [ { id: 'email123', ÔÇª(8) } ]
   ├ù EmailService - Casos L├¡mite y Manejo de Errores > Estados de carga y error > maneja errores de autenticaci├│n (401) 48ms
     ÔåÆ expected 'expected true to be false // Object.iÔÇª' to contain 'No autorizado'
   ├ù EmailService - Casos L├¡mite y Manejo de Errores > Estados de carga y error > maneja respuestas exitosas pero con error en el cuerpo 6ms
     ÔåÆ expected true to be false // Object.is equality
stdout | src/test/services/EmailService.edge-cases.test.js
Prueba de conexi├│n exitosa

stdout | src/test/services/EmailService.edge-cases.test.js
Ô£à Conexi├│n con Firestore verificada

stdout | src/test/services/EmailService.edge-cases.test.js
Ô£à Prueba de escritura en Firestore exitosa
Realtime Database deshabilitada ÔÇô no se configurar├í listener de conexi├│n

stdout | src/test/integration/EmailEdgeCases.test.js
­ƒöì Monitor de rendimiento inicializado

stdout | src/test/integration/EmailEdgeCases.test.js > Casos l├¡mite y manejo de errores del sistema de correo > Casos l├¡mite de EmailService > maneja correctamente emails con caracteres especiales en el asunto o cuerpo
Usuario sin nombre de correo configurado. Recomendado configurar en /email/setup
Servicio de email inicializado para: maria.garcia@mywed360.com

stdout | src/test/integration/EmailEdgeCases.test.js > Casos l├¡mite y manejo de errores del sistema de correo > Casos l├¡mite de EmailService > maneja correctamente emails con caracteres especiales en el asunto o cuerpo
­ƒÜÇ [eabj4fvfs] Iniciando env├¡o de email a: destinatario@example.com
­ƒôº [eabj4fvfs] Intentando env├¡o con Mailgun

stdout | src/test/integration/EmailEdgeCases.test.js > Casos l├¡mite y manejo de errores del sistema de correo > Casos l├¡mite de EmailService > maneja correctamente emails con caracteres especiales en el asunto o cuerpo
Ô£à [eabj4fvfs] Mailgun exitoso: unknown
EmailCache: Inicializado con ├®xito
­ƒÆ¥ [eabj4fvfs] Email guardado en localStorage y cach├® (folder: sent)

stdout | src/test/integration/EmailEdgeCases.test.js > Casos l├¡mite y manejo de errores del sistema de correo > Casos l├¡mite de EmailService > maneja correctamente emails sin asunto
Servicio de email inicializado para: maria.garcia@mywed360.com

stdout | src/test/integration/EmailEdgeCases.test.js > Casos l├¡mite y manejo de errores del sistema de correo > Casos l├¡mite de EmailService > maneja correctamente emails sin asunto
­ƒÜÇ [i13nkzng3] Iniciando env├¡o de email a: destinatario@example.com
­ƒôº [i13nkzng3] Intentando env├¡o con Mailgun

 ÔØ» src/test/unit/folderService.test.js (21 tests | 1 failed) 184ms
   Ô£ô folderService > getUserFolders > devuelve un array vac├¡o si no hay carpetas para el usuario 8ms
   Ô£ô folderService > getUserFolders > devuelve las carpetas del usuario desde localStorage 2ms
   Ô£ô folderService > getUserFolders > maneja errores y devuelve array vac├¡o en caso de fallo 23ms
   Ô£ô folderService > createFolder > crea una nueva carpeta correctamente 6ms
   Ô£ô folderService > createFolder > lanza error si ya existe una carpeta con el mismo nombre 5ms
   Ô£ô folderService > renameFolder > renombra una carpeta correctamente 19ms
   Ô£ô folderService > renameFolder > lanza error si el nuevo nombre ya existe en otra carpeta 2ms
   Ô£ô folderService > deleteFolder > elimina una carpeta correctamente 3ms
   Ô£ô folderService > deleteFolder > devuelve false si la carpeta no existe 3ms
   Ô£ô folderService > assignEmailToFolder > asigna un correo a una carpeta correctamente 1ms
   Ô£ô folderService > assignEmailToFolder > actualiza la carpeta si el correo ya estaba en otra 6ms
   Ô£ô folderService > removeEmailFromFolder > elimina un correo de su carpeta correctamente 2ms
   ├ù folderService > removeEmailFromFolder > devuelve false si el correo no estaba en ninguna carpeta 84ms
     ÔåÆ expected true to be false // Object.is equality
   Ô£ô folderService > getEmailFolder > devuelve el ID de la carpeta de un correo 1ms
   Ô£ô folderService > getEmailFolder > devuelve null si el correo no est├í asignado a ninguna carpeta 1ms
   Ô£ô folderService > getEmailsInFolder > devuelve los IDs de correos en una carpeta 6ms
   Ô£ô folderService > getEmailsInFolder > devuelve array vac├¡o si no hay correos en la carpeta 1ms
   Ô£ô folderService > updateFolderUnreadCount > actualiza el contador de no le├¡dos de una carpeta 1ms
   Ô£ô folderService > updateFolderUnreadCount > devuelve null si la carpeta no existe 2ms
   Ô£ô folderService > isEmailInCustomFolder > devuelve true si el correo est├í en una carpeta personalizada 1ms
   Ô£ô folderService > isEmailInCustomFolder > devuelve false si el correo no est├í en ninguna carpeta 1ms
stdout | src/test/integration/EmailEdgeCases.test.js > Casos l├¡mite y manejo de errores del sistema de correo > Casos l├¡mite de EmailService > maneja correctamente emails sin asunto
ÔÜá´©Å No se pudo obtener token de autenticaci├│n

stdout | src/test/integration/EmailEdgeCases.test.js > Casos l├¡mite y manejo de errores del sistema de correo > Casos l├¡mite de EmailService > maneja correctamente emails con adjuntos muy grandes
Servicio de email inicializado para: maria.garcia@mywed360.com

stdout | src/test/integration/EmailEdgeCases.test.js > Casos l├¡mite y manejo de errores del sistema de correo > Casos l├¡mite de EmailService > maneja correctamente emails con adjuntos muy grandes
­ƒÜÇ [dgjj0j8qt] Iniciando env├¡o de email a: destinatario@example.com

stdout | src/test/integration/EmailEdgeCases.test.js > Casos l├¡mite y manejo de errores del sistema de correo > Casos l├¡mite de EmailService > gestiona fallos de red al enviar correos
Servicio de email inicializado para: maria.garcia@mywed360.com

stdout | src/test/integration/EmailEdgeCases.test.js > Casos l├¡mite y manejo de errores del sistema de correo > Casos l├¡mite de EmailService > gestiona fallos de red al enviar correos
­ƒÜÇ [zd2oofdvw] Iniciando env├¡o de email a: destinatario@example.com
­ƒôº [zd2oofdvw] Intentando env├¡o con Mailgun

stdout | src/test/integration/EmailEdgeCases.test.js > Casos l├¡mite y manejo de errores del sistema de correo > Casos l├¡mite de EmailService > gestiona fallos de red al enviar correos
ÔÜá´©Å No se pudo obtener token de autenticaci├│n

stdout | src/test/integration/EmailEdgeCases.test.js > Casos l├¡mite y manejo de errores del sistema de correo > Casos l├¡mite de EmailService > gestiona respuestas de error del servidor
Servicio de email inicializado para: maria.garcia@mywed360.com

stdout | src/test/integration/EmailEdgeCases.test.js > Casos l├¡mite y manejo de errores del sistema de correo > Casos l├¡mite de EmailService > gestiona respuestas de error del servidor
­ƒÜÇ [on4g11afb] Iniciando env├¡o de email a: destinatario@example.com
­ƒôº [on4g11afb] Intentando env├¡o con Mailgun

stdout | src/test/integration/EmailEdgeCases.test.js > Casos l├¡mite y manejo de errores del sistema de correo > Casos l├¡mite de EmailService > gestiona respuestas de error del servidor
ÔÜá´©Å No se pudo obtener token de autenticaci├│n

stdout | src/test/integration/EmailEdgeCases.test.js > Casos l├¡mite y manejo de errores del sistema de correo > Casos l├¡mite de EmailService > gestiona direcciones de correo malformadas
Servicio de email inicializado para: maria.garcia@mywed360.com

stdout | src/test/integration/EmailEdgeCases.test.js > Casos l├¡mite y manejo de errores del sistema de correo > Casos l├¡mite de EmailService > gestiona direcciones de correo malformadas
­ƒÜÇ [lih553tt6] Iniciando env├¡o de email a: esto-no-es-un-email
­ƒôº [lih553tt6] Intentando env├¡o con Mailgun

stdout | src/test/integration/EmailEdgeCases.test.js > Casos l├¡mite y manejo de errores del sistema de correo > Casos l├¡mite de EmailService > gestiona direcciones de correo malformadas
Ô£à [lih553tt6] Mailgun exitoso: unknown
­ƒÆ¥ [lih553tt6] Email guardado en localStorage y cach├® (folder: sent)

stdout | src/test/integration/EmailEdgeCases.test.js > Casos l├¡mite y manejo de errores del sistema de correo > Casos l├¡mite de TagService > maneja correctamente nombres de etiquetas con caracteres especiales
Servicio de email inicializado para: maria.garcia@mywed360.com

stdout | src/test/integration/EmailEdgeCases.test.js > Casos l├¡mite y manejo de errores del sistema de correo > Casos l├¡mite de TagService > maneja correctamente nombres de etiquetas muy largos
Servicio de email inicializado para: maria.garcia@mywed360.com

stdout | src/test/integration/EmailEdgeCases.test.js > Casos l├¡mite y manejo de errores del sistema de correo > Casos l├¡mite de TagService > gestiona m├║ltiples operaciones simult├íneas de etiquetado
Servicio de email inicializado para: maria.garcia@mywed360.com

stdout | src/test/integration/EmailEdgeCases.test.js > Casos l├¡mite y manejo de errores del sistema de correo > Casos l├¡mite de TagService > gestiona errores de almacenamiento local
Servicio de email inicializado para: maria.garcia@mywed360.com

stdout | src/test/integration/EmailEdgeCases.test.js > Casos l├¡mite y manejo de errores del sistema de correo > Pruebas de integraci├│n de casos l├¡mite > gestiona correctamente la eliminaci├│n de una etiqueta asignada a m├║ltiples correos
Servicio de email inicializado para: maria.garcia@mywed360.com

stdout | src/test/integration/EmailEdgeCases.test.js > Casos l├¡mite y manejo de errores del sistema de correo > Pruebas de integraci├│n de casos l├¡mite > mantiene la consistencia al reintentar operaciones fallidas
Servicio de email inicializado para: maria.garcia@mywed360.com

stdout | src/test/integration/EmailEdgeCases.test.js > Casos l├¡mite y manejo de errores del sistema de correo > Pruebas de integraci├│n de casos l├¡mite > mantiene la consistencia al reintentar operaciones fallidas
­ƒÜÇ [ey0ji6ej1] Iniciando env├¡o de email a: destinatario@example.com
­ƒôº [ey0ji6ej1] Intentando env├¡o con Mailgun

stdout | src/test/integration/EmailEdgeCases.test.js > Casos l├¡mite y manejo de errores del sistema de correo > Pruebas de integraci├│n de casos l├¡mite > mantiene la consistencia al reintentar operaciones fallidas
ÔÜá´©Å No se pudo obtener token de autenticaci├│n

stdout | src/test/integration/EmailEdgeCases.test.js > Casos l├¡mite y manejo de errores del sistema de correo > Pruebas de integraci├│n de casos l├¡mite > mantiene la consistencia al reintentar operaciones fallidas
­ƒÜÇ [746w8defi] Iniciando env├¡o de email a: destinatario@example.com
­ƒôº [746w8defi] Intentando env├¡o con Mailgun

stdout | src/test/integration/EmailEdgeCases.test.js > Casos l├¡mite y manejo de errores del sistema de correo > Pruebas de integraci├│n de casos l├¡mite > mantiene la consistencia al reintentar operaciones fallidas
Ô£à [746w8defi] Mailgun exitoso: unknown
­ƒÆ¥ [746w8defi] Email guardado en localStorage y cach├® (folder: sent)

stdout | src/test/integration/EmailEdgeCases.test.js
Prueba de conexi├│n exitosa

stdout | src/test/integration/EmailEdgeCases.test.js
Ô£à Conexi├│n con Firestore verificada

 ÔØ» src/test/integration/EmailEdgeCases.test.js (12 tests | 6 failed) 221ms
   Ô£ô Casos l├¡mite y manejo de errores del sistema de correo > Casos l├¡mite de EmailService > maneja correctamente emails con caracteres especiales en el asunto o cuerpo 14ms
   ├ù Casos l├¡mite y manejo de errores del sistema de correo > Casos l├¡mite de EmailService > maneja correctamente emails sin asunto 61ms
     ÔåÆ expected '' to be '(Sin asunto)' // Object.is equality
   ├ù Casos l├¡mite y manejo de errores del sistema de correo > Casos l├¡mite de EmailService > maneja correctamente emails con adjuntos muy grandes 35ms
     ÔåÆ promise resolved "{ success: false, ÔÇª(1) }" instead of rejecting
   ├ù Casos l├¡mite y manejo de errores del sistema de correo > Casos l├¡mite de EmailService > gestiona fallos de red al enviar correos 12ms
     ÔåÆ expected undefined to be true // Object.is equality
   ├ù Casos l├¡mite y manejo de errores del sistema de correo > Casos l├¡mite de EmailService > gestiona respuestas de error del servidor 13ms
     ÔåÆ expected undefined to be true // Object.is equality
   ├ù Casos l├¡mite y manejo de errores del sistema de correo > Casos l├¡mite de EmailService > gestiona direcciones de correo malformadas 7ms
     ÔåÆ promise resolved "{ success: true, id: 'unknown', ÔÇª(8) }" instead of rejecting
   Ô£ô Casos l├¡mite y manejo de errores del sistema de correo > Casos l├¡mite de TagService > maneja correctamente nombres de etiquetas con caracteres especiales 10ms
   ├ù Casos l├¡mite y manejo de errores del sistema de correo > Casos l├¡mite de TagService > maneja correctamente nombres de etiquetas muy largos 30ms
     ÔåÆ expected 100 to be less than or equal to 50
   Ô£ô Casos l├¡mite y manejo de errores del sistema de correo > Casos l├¡mite de TagService > gestiona m├║ltiples operaciones simult├íneas de etiquetado 8ms
   Ô£ô Casos l├¡mite y manejo de errores del sistema de correo > Casos l├¡mite de TagService > gestiona errores de almacenamiento local 10ms
   Ô£ô Casos l├¡mite y manejo de errores del sistema de correo > Pruebas de integraci├│n de casos l├¡mite > gestiona correctamente la eliminaci├│n de una etiqueta asignada a m├║ltiples correos 4ms
   Ô£ô Casos l├¡mite y manejo de errores del sistema de correo > Pruebas de integraci├│n de casos l├¡mite > mantiene la consistencia al reintentar operaciones fallidas 12ms
stdout | src/test/integration/EmailEdgeCases.test.js
Ô£à Prueba de escritura en Firestore exitosa
Realtime Database deshabilitada ÔÇô no se configurar├í listener de conexi├│n

 ÔØ» src/test/services/EmailTemplateService.test.js (9 tests | 1 failed) 52ms
   Ô£ô EmailTemplateService > debe inicializarse con plantillas predeterminadas 11ms
   Ô£ô EmailTemplateService > debe obtener plantilla correcta seg├║n la categor├¡a del proveedor 2ms
   Ô£ô EmailTemplateService > debe reemplazar variables en las plantillas 1ms
   ├ù EmailTemplateService > debe manejar correctamente variables faltantes en los datos 24ms
     ÔåÆ expected 'Hola Juan, bienvenido a Madrid. Tu c├│ÔÇª' to be 'Hola Juan, bienvenido a Madrid. Tu c├│ÔÇª' // Object.is equality
   Ô£ô EmailTemplateService > debe generar asunto seg├║n la categor├¡a y datos 1ms
   Ô£ô EmailTemplateService > debe generar cuerpo seg├║n la categor├¡a y datos 1ms
   Ô£ô EmailTemplateService > debe registrar el uso de plantillas 6ms
   Ô£ô EmailTemplateService > debe manejar correctamente categor├¡as con acentos 1ms
   Ô£ô EmailTemplateService > debe generar plantillas para catering con informaci├│n de n├║mero de invitados 1ms
stdout | src/test/services/EmailRecommendationService.test.js
Iniciando configuraci├│n de Firebase...
Ô£à Firebase inicializado correctamente

stdout | src/test/services/EmailRecommendationService.test.js
Ô£à Persistencia del auth establecida en Local
Ô£à Autenticaci├│n de Firebase inicializada
Ô£à Firestore inicializado con configuraci├│n optimizada

stdout | src/test/services/EmailRecommendationService.test.js
Persistencia offline habilitada para Firestore
Modo desarrollo detectado - usando Firebase cloud
Probando conexi├│n a Firestore...

 ÔØ» src/test/services/TagService.test.js (28 tests | 5 failed) 406ms
   Ô£ô TagService > getUserTags > devuelve etiquetas del sistema + personalizadas 7ms
   Ô£ô TagService > getUserTags > devuelve solo etiquetas del sistema si no hay personalizadas 2ms
   Ô£ô TagService > getUserTags > maneja errores y devuelve etiquetas del sistema 22ms
   Ô£ô TagService > getCustomTags > devuelve solo etiquetas personalizadas 6ms
   Ô£ô TagService > getCustomTags > devuelve array vac├¡o si no hay etiquetas personalizadas 1ms
   Ô£ô TagService > createTag > crea una nueva etiqueta personalizada 7ms
   Ô£ô TagService > createTag > usa un color por defecto si no se especifica 87ms
   ├ù TagService > createTag > maneja nombres duplicados agregando un sufijo 4ms
     ÔåÆ Ya existe una etiqueta con ese nombre
   Ô£ô TagService > deleteTag > elimina una etiqueta personalizada 5ms
   ├ù TagService > deleteTag > no permite eliminar etiquetas del sistema 11ms
     ÔåÆ expected [Function] to throw an error
   Ô£ô TagService > deleteTag > quita la etiqueta de todos los correos al eliminarla 3ms
   Ô£ô TagService > addTagToEmail y removeTagFromEmail > asigna una etiqueta a un correo 10ms
   Ô£ô TagService > addTagToEmail y removeTagFromEmail > elimina una etiqueta de un correo 1ms
   Ô£ô TagService > addTagToEmail y removeTagFromEmail > no duplica etiquetas al asignarlas varias veces 88ms
   Ô£ô TagService > getEmailTagsDetails > devuelve detalles completos de las etiquetas asignadas 2ms
   Ô£ô TagService > getEmailTagsDetails > devuelve array vac├¡o si el correo no tiene etiquetas 4ms
   Ô£ô TagService > addTagToEmail > asigna correctamente una etiqueta a un correo 2ms
   ├ù TagService > addTagToEmail > no asigna etiquetas duplicadas al mismo correo 100ms
     ÔåÆ expected false to be true // Object.is equality
   ├ù TagService > addTagToEmail > rechaza asignar etiquetas que no existen 3ms
     ÔåÆ expected [Function] to throw an error
   Ô£ô TagService > removeTagFromEmail > quita correctamente una etiqueta de un correo 1ms
   ├ù TagService > removeTagFromEmail > maneja correctamente intentos de quitar etiquetas no asignadas 1ms
     ÔåÆ expected false to be true // Object.is equality
   Ô£ô TagService > removeTagFromAllEmails > quita una etiqueta de todos los correos 2ms
   Ô£ô TagService > getEmailTags > obtiene todas las etiquetas asignadas a un correo 19ms
   Ô£ô TagService > getEmailTags > devuelve array vac├¡o para correos sin etiquetas 1ms
   Ô£ô TagService > getEmailTagsDetails > obtiene detalles completos de las etiquetas asignadas a un correo 2ms
   Ô£ô TagService > getEmailTagsDetails > devuelve array vac├¡o para correos sin etiquetas 1ms
   Ô£ô TagService > getEmailsByTag > devuelve todos los correos con una etiqueta espec├¡fica 2ms
   Ô£ô TagService > getEmailsByTag > devuelve array vac├¡o si ning├║n correo tiene la etiqueta 1ms
 ÔØ» src/test/services/EmailRecommendationService.test.js (11 tests | 10 failed) 186ms
   Ô£ô EmailRecommendationService > debe inicializarse correctamente 159ms
   ├ù EmailRecommendationService > debe generar recomendaciones b├ísicas sin par├ímetros 10ms
     ÔåÆ Cannot read properties of undefined (reading 'mockReturnValue')
   ├ù EmailRecommendationService > debe calcular correctamente el mejor momento para enviar 2ms
     ÔåÆ Cannot read properties of undefined (reading 'mockReturnValue')
   ├ù EmailRecommendationService > debe generar recomendaciones espec├¡ficas para una categor├¡a 2ms
     ÔåÆ Cannot read properties of undefined (reading 'mockReturnValue')
   ├ù EmailRecommendationService > debe generar recomendaciones basadas en una consulta de b├║squeda 2ms
     ÔåÆ Cannot read properties of undefined (reading 'mockReturnValue')
   ├ù EmailRecommendationService > debe calcular correctamente el impacto de personalizaci├│n 2ms
     ÔåÆ Cannot read properties of undefined (reading 'mockReturnValue')
   ├ù EmailRecommendationService > debe calcular correctamente las expectativas de tiempo de respuesta 1ms
     ÔåÆ Cannot read properties of undefined (reading 'mockReturnValue')
   ├ù EmailRecommendationService > debe manejar errores durante la generaci├│n de recomendaciones 2ms
     ÔåÆ Cannot read properties of undefined (reading 'mockReturnValue')
   ├ù EmailRecommendationService > debe guardar y recuperar el historial de recomendaciones 1ms
     ÔåÆ Cannot read properties of undefined (reading 'mockReturnValue')
   ├ù EmailRecommendationService > debe marcar una recomendaci├│n como aplicada 1ms
     ÔåÆ Cannot read properties of undefined (reading 'mockReturnValue')
   ├ù EmailRecommendationService > debe retornar false al marcar una recomendaci├│n que no existe 1ms
     ÔåÆ Cannot read properties of undefined (reading 'mockReturnValue')
 ÔØ» src/__tests__/useSeatingPlan.undoRedo.test.jsx (3 tests | 3 failed) 55ms
   ├ù useSeatingPlan Hook ÔÇô undo/redo & export > permite deshacer y rehacer cambios en el historial 21ms
     ÔåÆ Cannot read properties of undefined (reading 'createElement')
   ├ù useSeatingPlan Hook ÔÇô undo/redo & export > exportPNG invoca html2canvas y genera enlace 22ms
     ÔåÆ Cannot read properties of undefined (reading 'createElement')
   ├ù useSeatingPlan Hook ÔÇô undo/redo & export > exportPDF invoca html2canvas y jspdf 9ms
     ÔåÆ Cannot read properties of undefined (reading 'createElement')
stdout | src/test/e2e/EmailWorkflows.test.jsx
Iniciando configuraci├│n de Firebase...
Ô£à Firebase inicializado correctamente

stdout | src/test/e2e/EmailWorkflows.test.jsx
Ô£à Persistencia del auth establecida en Local
Ô£à Autenticaci├│n de Firebase inicializada
Ô£à Firestore inicializado con configuraci├│n optimizada

stdout | src/test/e2e/EmailWorkflows.test.jsx
Persistencia offline habilitada para Firestore
Modo desarrollo detectado - usando Firebase cloud
Probando conexi├│n a Firestore...

 ÔØ» src/__tests__/firestore.rules.exhaustive.test.js (35 tests | 35 skipped) 21ms
   Ôåô tasks subcollection permissions > Owner can WRITE
   Ôåô tasks subcollection permissions > Planner can WRITE
   Ôåô tasks subcollection permissions > Assistant CANNOT WRITE
   Ôåô tasks subcollection permissions > Unauthenticated cannot READ
   Ôåô meetings subcollection permissions > Owner can WRITE
   Ôåô meetings subcollection permissions > Planner can WRITE
   Ôåô meetings subcollection permissions > Assistant CANNOT WRITE
   Ôåô meetings subcollection permissions > Unauthenticated cannot READ
   Ôåô guests subcollection permissions > Owner can WRITE
   Ôåô guests subcollection permissions > Planner can WRITE
   Ôåô guests subcollection permissions > Assistant CANNOT WRITE
   Ôåô guests subcollection permissions > Unauthenticated cannot READ
   Ôåô seatingPlan subcollection permissions > Owner can WRITE
   Ôåô seatingPlan subcollection permissions > Planner can WRITE
   Ôåô seatingPlan subcollection permissions > Assistant CANNOT WRITE
   Ôåô seatingPlan subcollection permissions > Unauthenticated cannot READ
   Ôåô suppliers subcollection permissions > Owner can WRITE
   Ôåô suppliers subcollection permissions > Planner can WRITE
   Ôåô suppliers subcollection permissions > Assistant CANNOT WRITE
   Ôåô suppliers subcollection permissions > Unauthenticated cannot READ
   Ôåô weddingInvitations subcollection permissions > Owner can WRITE
   Ôåô weddingInvitations subcollection permissions > Planner can WRITE
   Ôåô weddingInvitations subcollection permissions > Assistant CANNOT WRITE
   Ôåô weddingInvitations subcollection permissions > Unauthenticated cannot READ
   Ôåô tasksCompleted subcollection permissions > Owner can WRITE
   Ôåô tasksCompleted subcollection permissions > Planner can WRITE
   Ôåô tasksCompleted subcollection permissions > Assistant CANNOT WRITE
   Ôåô tasksCompleted subcollection permissions > Unauthenticated cannot READ
   Ôåô weddingInfo doc permissions > Owner can UPDATE weddingInfo
   Ôåô weddingInfo doc permissions > Assistant cannot UPDATE weddingInfo
   Ôåô users profile rules > User can UPDATE own profile
   Ôåô users profile rules > User cannot UPDATE others profile
   Ôåô users profile rules > Unauthenticated cannot WRITE profile
   Ôåô wedding delete permissions > Only owner or planner can DELETE wedding
   Ôåô wedding delete permissions > Assistant cannot DELETE wedding
stdout | src/test/e2e/EmailWorkflows.test.jsx
­ƒöì Monitor de rendimiento inicializado

stdout | src/test/e2e/EmailWorkflows.test.jsx
­ƒöì Iniciando diagn├│sticos del sistema...

stdout | src/test/e2e/EmailWorkflows.test.jsx
Prueba de conexi├│n exitosa

stdout | src/test/e2e/EmailWorkflows.test.jsx
Ô£à Conexi├│n con Firestore verificada

stdout | src/test/e2e/EmailWorkflows.test.jsx
Ô£à Prueba de escritura en Firestore exitosa
Realtime Database deshabilitada ÔÇô no se configurar├í listener de conexi├│n

 ÔØ» src/test/e2e/EmailWorkflows.test.jsx (10 tests | 10 failed) 25ms
   ├ù Flujos completos del sistema de correo (E2E) > Flujo de recepci├│n y lectura de correo > permite ver la bandeja de entrada y abrir un correo 10ms
     ÔåÆ Cannot read properties of undefined (reading 'mockResolvedValue')
   ├ù Flujos completos del sistema de correo (E2E) > Flujo de recepci├│n y lectura de correo > muestra etiquetas en los correos y permite filtrar por ellas 2ms
     ÔåÆ Cannot read properties of undefined (reading 'mockResolvedValue')
   ├ù Flujos completos del sistema de correo (E2E) > Flujo de env├¡o de correo > permite componer y enviar un nuevo correo 1ms
     ÔåÆ Cannot read properties of undefined (reading 'mockResolvedValue')
   ├ù Flujos completos del sistema de correo (E2E) > Flujo de organizaci├│n de correo > permite mover un correo a una carpeta diferente 1ms
     ÔåÆ Cannot read properties of undefined (reading 'mockResolvedValue')
   ├ù Flujos completos del sistema de correo (E2E) > Flujo de organizaci├│n de correo > permite a├▒adir y quitar etiquetas a un correo 1ms
     ÔåÆ Cannot read properties of undefined (reading 'mockResolvedValue')
   ├ù Flujos completos del sistema de correo (E2E) > Flujo de gesti├│n de carpetas y etiquetas > permite crear una nueva carpeta personalizada 1ms
     ÔåÆ Cannot read properties of undefined (reading 'mockResolvedValue')
   ├ù Flujos completos del sistema de correo (E2E) > Flujo de gesti├│n de carpetas y etiquetas > permite crear una nueva etiqueta personalizada 1ms
     ÔåÆ Cannot read properties of undefined (reading 'mockResolvedValue')
   ├ù Flujos completos del sistema de correo (E2E) > Flujo de b├║squeda y filtrado avanzado > permite buscar correos por texto 1ms
     ÔåÆ Cannot read properties of undefined (reading 'mockResolvedValue')
   ├ù Flujos completos del sistema de correo (E2E) > Flujo de b├║squeda y filtrado avanzado > permite aplicar filtros avanzados combinando criterios 2ms
     ÔåÆ Cannot read properties of undefined (reading 'mockResolvedValue')
   ├ù Flujos completos del sistema de correo (E2E) > Flujo de estad├¡sticas y an├ílisis > muestra correctamente las estad├¡sticas de uso del correo 1ms
     ÔåÆ Cannot read properties of undefined (reading 'mockResolvedValue')
stdout | src/test/e2e/AdvancedEmailWorkflows.test.jsx
Iniciando configuraci├│n de Firebase...
Ô£à Firebase inicializado correctamente

stdout | src/test/e2e/AdvancedEmailWorkflows.test.jsx
Ô£à Persistencia del auth establecida en Local
Ô£à Autenticaci├│n de Firebase inicializada
Ô£à Firestore inicializado con configuraci├│n optimizada

stdout | src/test/e2e/AdvancedEmailWorkflows.test.jsx
Persistencia offline habilitada para Firestore
Modo desarrollo detectado - usando Firebase cloud
Probando conexi├│n a Firestore...

stdout | src/test/e2e/AdvancedEmailWorkflows.test.jsx
­ƒöì Monitor de rendimiento inicializado

stdout | src/test/e2e/AdvancedEmailWorkflows.test.jsx
­ƒöì Iniciando diagn├│sticos del sistema...

stdout | src/test/e2e/AdvancedEmailWorkflows.test.jsx
Prueba de conexi├│n exitosa

stdout | src/test/e2e/AdvancedEmailWorkflows.test.jsx
Ô£à Conexi├│n con Firestore verificada

 ÔØ» src/__tests__/firestore.rules.collections.test.js (7 tests | 7 skipped) 17ms
   Ôåô guests subcollection rules > Owner can CREATE guest
   Ôåô guests subcollection rules > Assistant cannot WRITE guest
   Ôåô guests subcollection rules > Assistant CAN READ guest
   Ôåô seatingPlan subcollection rules > Planner can WRITE table
   Ôåô seatingPlan subcollection rules > Assistant cannot WRITE table
   Ôåô suppliers subcollection rules > Owner can WRITE supplier
   Ôåô suppliers subcollection rules > Unauthenticated cannot READ supplier
stdout | src/test/e2e/AdvancedEmailWorkflows.test.jsx
Ô£à Prueba de escritura en Firestore exitosa
Realtime Database deshabilitada ÔÇô no se configurar├í listener de conexi├│n

 ÔØ» src/__tests__/firestore.rules.extended.test.js (13 tests | 13 skipped) 17ms
   Ôåô Wedding document permissions > Owner can CREATE new wedding
   Ôåô Wedding document permissions > Planner cannot CREATE new top-level wedding
   Ôåô Wedding document permissions > Owner can ADD planner to plannerIds
   Ôåô Wedding document permissions > Planner can add THEMSELVES to plannerIds (invitation accepted)
   Ôåô Wedding document permissions > Planner cannot modify other fields while adding themselves
   Ôåô Wedding document permissions > Assistant cannot WRITE wedding doc
   Ôåô Wedding document permissions > Owner can DELETE wedding
   Ôåô Wedding document permissions > External user cannot READ wedding with missing plannerIds array
   Ôåô Wedding subcollection permissions > Owner can CREATE task
   Ôåô Wedding subcollection permissions > Planner added later can WRITE tasks
   Ôåô Wedding subcollection permissions > Assistant cannot WRITE tasks
   Ôåô weddingInvitations rules > Any auth user can CREATE invitation
   Ôåô weddingInvitations rules > Unauthenticated cannot CREATE invitation
 ÔØ» src/test/e2e/AdvancedEmailWorkflows.test.jsx (7 tests | 7 failed) 22ms
   ├ù Flujos avanzados del sistema de correo (E2E) > Flujo de respuesta a correos > permite responder a un correo existente 11ms
     ÔåÆ Cannot read properties of undefined (reading 'mockImplementation')
   ├ù Flujos avanzados del sistema de correo (E2E) > Flujo de reenv├¡o de correos > permite reenviar un correo a otro destinatario 1ms
     ÔåÆ Cannot read properties of undefined (reading 'mockImplementation')
   ├ù Flujos avanzados del sistema de correo (E2E) > Flujo de gesti├│n de borradores > permite guardar un borrador y editarlo posteriormente 1ms
     ÔåÆ Cannot read properties of undefined (reading 'mockImplementation')
   ├ù Flujos avanzados del sistema de correo (E2E) > Flujo de eliminaci├│n de correos > permite eliminar correos (mover a papelera y eliminar permanentemente) 1ms
     ÔåÆ Cannot read properties of undefined (reading 'mockImplementation')
   ├ù Flujos avanzados del sistema de correo (E2E) > Flujo de gesti├│n de adjuntos > permite ver y descargar adjuntos de un correo 1ms
     ÔåÆ Cannot read properties of undefined (reading 'mockImplementation')
   ├ù Flujos avanzados del sistema de correo (E2E) > Flujo de gesti├│n de adjuntos > permite adjuntar archivos al componer un correo 1ms
     ÔåÆ Cannot read properties of undefined (reading 'mockImplementation')
   ├ù Flujos avanzados del sistema de correo (E2E) > Flujo de visualizaci├│n de estad├¡sticas > permite ver estad├¡sticas y m├®tricas de uso del correo 2ms
     ÔåÆ Cannot read properties of undefined (reading 'mockImplementation')
 ÔØ» src/__tests__/firestore.rules.test.js (8 tests | 8 skipped) 16ms
   Ôåô Reglas de Firestore - bodas > Owner puede leer y escribir su boda
   Ôåô Reglas de Firestore - bodas > Planner puede leer y escribir su boda
   Ôåô Reglas de Firestore - bodas > Assistant puede leer pero no escribir
   Ôåô Reglas de Firestore - bodas > Usuario externo no puede leer
   Ôåô Reglas de Firestore - bodas > Planner puede leer y escribir subcolecci├│n tasks
   Ôåô Reglas de Firestore - bodas > Assistant puede leer pero no escribir subcolecci├│n
   Ôåô Colecciones de diagn├│stico > _conexion_prueba lectura/escritura sin auth
   Ôåô Colecciones de diagn├│stico > _test_connection lectura/escritura sin auth
stdout | src/__tests__/useSupplierBudgets.test.jsx
­ƒöì Iniciando diagn├│sticos del sistema...

stdout | src/__tests__/useSupplierBudgets.test.jsx
­ƒöì Monitor de rendimiento inicializado

stdout | src/components/__tests__/Nav.test.jsx
Iniciando configuraci├│n de Firebase...
Ô£à Firebase inicializado correctamente

stdout | src/components/__tests__/Nav.test.jsx
Ô£à Persistencia del auth establecida en Local
Ô£à Autenticaci├│n de Firebase inicializada
Ô£à Firestore inicializado con configuraci├│n optimizada

stdout | src/components/__tests__/Nav.test.jsx
Persistencia offline habilitada para Firestore
Modo desarrollo detectado - usando Firebase cloud
Probando conexi├│n a Firestore...

stdout | src/components/__tests__/Nav.test.jsx
­ƒöì Monitor de rendimiento inicializado

stdout | src/components/__tests__/Nav.test.jsx
­ƒöì Iniciando diagn├│sticos del sistema...

 Ô£ô src/test/unit/tagService.test.js (25 tests) 116ms
stdout | src/components/__tests__/Nav.test.jsx
Prueba de conexi├│n exitosa

stdout | src/components/__tests__/Nav.test.jsx
Ô£à Conexi├│n con Firestore verificada

stdout | src/components/__tests__/Nav.test.jsx
Ô£à Prueba de escritura en Firestore exitosa
Realtime Database deshabilitada ÔÇô no se configurar├í listener de conexi├│n

 Ô£ô src/utils/__tests__/seatingPlanUtils.test.js (3 tests) 14ms
stdout | src/test/services/AIEmailTrackingService.test.js
Iniciando configuraci├│n de Firebase...
Ô£à Firebase inicializado correctamente

stdout | src/test/services/AIEmailTrackingService.test.js
Ô£à Persistencia del auth establecida en Local
Ô£à Autenticaci├│n de Firebase inicializada
Ô£à Firestore inicializado con configuraci├│n optimizada

stdout | src/test/services/AIEmailTrackingService.test.js
Persistencia offline habilitada para Firestore
Modo desarrollo detectado - usando Firebase cloud
Probando conexi├│n a Firestore...

 Ô£ô src/test/services/AIEmailTrackingService.test.js (8 tests) 26ms
stdout | src/__tests__/accessibility.test.jsx
Iniciando configuraci├│n de Firebase...
Ô£à Firebase inicializado correctamente

stdout | src/__tests__/accessibility.test.jsx
Ô£à Persistencia del auth establecida en Local
Ô£à Autenticaci├│n de Firebase inicializada
Ô£à Firestore inicializado con configuraci├│n optimizada

stdout | src/__tests__/accessibility.test.jsx
Persistencia offline habilitada para Firestore
Modo desarrollo detectado - usando Firebase cloud
Probando conexi├│n a Firestore...

stdout | src/__tests__/accessibility.test.jsx
­ƒöì Monitor de rendimiento inicializado

stdout | src/__tests__/accessibility.test.jsx
­ƒöì Iniciando diagn├│sticos del sistema...

stdout | src/__tests__/accessibility.test.jsx
Prueba de conexi├│n exitosa

stdout | src/__tests__/accessibility.test.jsx
Ô£à Conexi├│n con Firestore verificada

stdout | src/__tests__/accessibility.test.jsx
Ô£à Prueba de escritura en Firestore exitosa
Realtime Database deshabilitada ÔÇô no se configurar├í listener de conexi├│n

stdout | src/__tests__/accessibility.test.jsx
­ƒöì REPORTE DE DIAGN├ôSTICOS MYWED360
=====================================
Timestamp: 31/8/2025, 22:48:31

­ƒôè RESUMEN: 5 Ô£à | 0 ÔÜá´©Å | 0 ÔØî

Ô£à FIREBASE
  Status: success
  Details: {
    projectId: [32m'lovenda-98c77'[39m,
    authDomain: [32m'lovenda-98c77.firebaseapp.com'[39m,
    currentUser: [32m'No authenticated user'[39m,
    connection: [32m'OK - Public collection accessible'[39m
  }
Ô£à BACKEND
  Status: success
  Details: {
    url: [32m'https://mywed360-backend.onrender.com'[39m,
    response: { status: [32m'ok'[39m },
    status: [33m200[39m
  }
Ô£à OPENAI
  Status: success
  Details: { apiKeyPrefix: [32m'sk-proj-Jh...'[39m, status: [33m200[39m }
Ô£à MAILGUN
  Status: success
  Details: {
    success: [33mtrue[39m,
    message: [32m'Mailgun configuraci├│n OK (test simplificado)'[39m,
    debug: {
      domain: [32m'mg.mywed360.com'[39m,
      euRegion: [33mtrue[39m,
      timestamp: [32m'2025-08-31T20:48:31.201Z'[39m
    }
  }
Ô£à ENVIRONMENT
  Status: success
  Details: {
    missing: [],
    present: [
      { name: [32m'VITE_FIREBASE_API_KEY'[39m, value: [32m'AIzaSyArwj...'[39m },
      { name: [32m'VITE_FIREBASE_PROJECT_ID'[39m, value: [32m'lovenda-98...'[39m },
      { name: [32m'VITE_OPENAI_API_KEY'[39m, value: [32m'sk-proj-Jh...'[39m },
      { name: [32m'VITE_MAILGUN_API_KEY'[39m, value: [32m'4886efdef7...'[39m },
      { name: [32m'VITE_BACKEND_BASE_URL'[39m, value: [32m'https://my...'[39m }
    ],
    total: [33m5[39m,
    mode: [32m'test'[39m,
    dev: [33mtrue[39m
  }
ÔØî AUTH
  Status: unknown
  Details: [1mnull[22m
ÔØî WEDDING
  Status: unknown
  Details: [1mnull[22m

­ƒÆí Para ver m├ís detalles, usa: window.errorLogger.getFullReport()
­ƒÆí Para copiar errores: window.errorLogger.copyErrorsToClipboard()

stdout | src/__tests__/accessibility.test.jsx
­ƒøá´©Å  Comandos de consola MyWed360 registrados: mywed.checkAll(), mywed.clearDiagnostics()

­ƒÜÇ MyWed360 - Sistema de Diagn├│stico Activado
===

Comandos disponibles:
ÔÇó mywed.help()        - Mostrar ayuda completa
ÔÇó mywed.checkAll()    - Diagn├│stico completo
ÔÇó mywed.errors()      - Ver errores recientes
ÔÇó mywed.info()        - Informaci├│n del sistema

­ƒÆí Tip: Usa mywed.help() para ver todos los comandos
    

stdout | src/__tests__/accessibility.test.jsx > Accesibilidad global > App no tiene violaciones de accesibilidad
­ƒÜÇ MyWed360 iniciando...
­ƒöì Sistema de diagn├│stico activado
­ƒÆí Usa window.errorLogger para acceder al sistema de errores
­ƒîì Informaci├│n del Entorno
  Modo: test
  Desarrollo: [33mtrue[39m
  Backend URL: https://mywed360-backend.onrender.com
  Firebase Project: lovenda-98c77

 Ô£ô src/__tests__/accessibility.test.jsx (1 test) 285ms

 Test Files  47 failed | 4 passed (51)
      Tests  212 failed | 134 passed | 63 skipped (409)
     Errors  7 errors
   Start at  22:47:51
   Duration  49.98s (transform 15.79s, setup 0ms, collect 85.76s, tests 31.51s, environment 172.63s, prepare 36.23s)

